[initramfs] Building initramfs for rv64 (release)...
[initramfs] installed /init from /app/build/rv64/release/normal/user/riscv64gc-unknown-none-elf/release/init
[initramfs] installed T7 PID1, compatibility shims, and test runner
[initramfs] installed /rescue/sh from ../user/tools/riscv64/bin/busybox
[initramfs] installed /regression from /app/build/rv64/release/normal/user/riscv64gc-unknown-none-elf/release/regression
[initramfs] generated /app/build/rv64/release/normal/initramfs-t8-rv.cpio (2.5M)
4946 blocks
dev/shm
dev/shm/.gitkeep
proc
proc/.gitkeep
run
run/.gitkeep
sys
sys/.gitkeep
tmp
tmp/.gitkeep
[initramfs] Building initramfs for la64 (release)...
[initramfs] installed /init from /app/build/la64/release/normal/user/loongarch64-unknown-linux-gnu/release/init
[initramfs] installed T7 PID1, compatibility shims, and test runner
[initramfs] installed /rescue/sh from ../user/tools/loongarch64/bin/busybox
[initramfs] installed /regression from /app/build/la64/release/normal/user/loongarch64-unknown-linux-gnu/release/regression
[initramfs] generated /app/build/la64/release/normal/initramfs-t8-la.cpio (6.8M)
13822 blocks
dev/shm
dev/shm/.gitkeep
proc
proc/.gitkeep
run
run/.gitkeep
sys
sys/.gitkeep
tmp
tmp/.gitkeep
