2026-07-17T14:02:42.830964Z __PERF_BEGIN_p4_python_default_verify_b7_final-1-89f02744__
2026-07-17T14:02:44.032884Z [1m[33mMangoCore[0m:[1m[34m/[0m# __PERF_ACK_p4_python_default_verify_b7_final-1-89f02744_TRACE_OFF__
2026-07-17T14:02:46.059249Z [1m[33mMangoCore[0m:[1m[34m/[0m# __PERF_WORK_BEGIN_p4_python_default_verify_b7_final-1-89f02744__
2026-07-17T14:02:47.568480Z [persist-python-verify] interpreter=/persist/python-runtime/releases/b7f361382399/usr/bin/python3
2026-07-17T14:02:47.572811Z [persist-python-verify] root=/persist/python-runtime/releases/b7f361382399
2026-07-17T14:02:49.886759Z [persist-python-verify] normal_site=pass
2026-07-17T14:02:53.152443Z [persist-python-verify] self_exec=/persist/python-runtime/releases/b7f361382399/usr/bin/python3
2026-07-17T14:03:19.422845Z pip 26.1.1 from /persist/python/user/lib/python3.14/site-packages/pip (python 3.14)
2026-07-17T14:03:26.293769Z Traceback (most recent call last):
2026-07-17T14:03:26.321757Z   File [35m"<string>"[0m, line [35m1[0m, in [35m<module>[0m
2026-07-17T14:03:26.330082Z     [1;31mimport smolagents[0m; print("[persist-python-verify] smolagents=" + smolagents.__file__)
2026-07-17T14:03:26.331253Z     [1;31m^^^^^^^^^^^^^^^^^[0m
2026-07-17T14:03:26.345241Z   File [35m"/persist/python/user/lib/python3.14/site-packages/smolagents/__init__.py"[0m, line [35m19[0m, in [35m<module>[0m
2026-07-17T14:03:26.348034Z     [1;31mfrom .agent_types import *[0m  # noqa: I001
2026-07-17T14:03:26.351717Z     [1;31m^^^^^^^^^^^^^^^^^^^^^^^^^^[0m
2026-07-17T14:03:26.365706Z   File [35m"/persist/python/user/lib/python3.14/site-packages/smolagents/agent_types.py"[0m, line [35m23[0m, in [35m<module>[0m
2026-07-17T14:03:26.365730Z     import PIL.Image
2026-07-17T14:03:26.371561Z [1;35mModuleNotFoundError[0m: [35mNo module named 'PIL'[0m
2026-07-17T14:03:26.700228Z [persist-python-verify] smolagents_import=failed-exposed
2026-07-17T14:03:26.710912Z [persist-python-verify] PASS policy=p4-strict-align-v1 release=/persist/python-runtime/releases/b7f361382399
2026-07-17T14:03:26.723275Z __PERF_WORK_END_p4_python_default_verify_b7_final-1-89f02744__
2026-07-17T14:03:26.729181Z __PERF_ACK_p4_python_default_verify_b7_final-1-89f02744_WORK__
2026-07-17T14:03:27.374207Z [1m[33mMangoCore[0m:[1m[34m/[0m# __PERF_END_p4_python_default_verify_b7_final-1-89f02744__ rc=0
