2026-07-17T12:51:22.640453Z __PERF_BEGIN_p4_python_default_verify_final-1-b1b5ded7__
2026-07-17T12:51:23.630405Z [1m[33mMangoCore[0m:[1m[34m/[0m# __PERF_ACK_p4_python_default_verify_final-1-b1b5ded7_TRACE_OFF__
2026-07-17T12:51:25.277002Z [1m[33mMangoCore[0m:[1m[34m/[0m# __PERF_WORK_BEGIN_p4_python_default_verify_final-1-b1b5ded7__
2026-07-17T12:51:26.759563Z [persist-python-verify] interpreter=/persist/python-runtime/releases/a420d79ddb07/usr/bin/python3
2026-07-17T12:51:26.763695Z [persist-python-verify] root=/persist/python-runtime/releases/a420d79ddb07
2026-07-17T12:51:29.099563Z [persist-python-verify] normal_site=pass
2026-07-17T12:51:32.327562Z [persist-python-verify] self_exec=/persist/python-runtime/releases/a420d79ddb07/usr/bin/python3
2026-07-17T12:52:12.667106Z pip 26.1.1 from /persist/python/user/lib/python3.14/site-packages/pip (python 3.14)
2026-07-17T12:52:19.670596Z Traceback (most recent call last):
2026-07-17T12:52:19.698931Z   File [35m"<string>"[0m, line [35m1[0m, in [35m<module>[0m
2026-07-17T12:52:19.707179Z     [1;31mimport smolagents[0m; print("[persist-python-verify] smolagents=" + smolagents.__file__)
2026-07-17T12:52:19.708360Z     [1;31m^^^^^^^^^^^^^^^^^[0m
2026-07-17T12:52:19.722317Z   File [35m"/persist/python/user/lib/python3.14/site-packages/smolagents/__init__.py"[0m, line [35m19[0m, in [35m<module>[0m
2026-07-17T12:52:19.725100Z     [1;31mfrom .agent_types import *[0m  # noqa: I001
2026-07-17T12:52:19.728846Z     [1;31m^^^^^^^^^^^^^^^^^^^^^^^^^^[0m
2026-07-17T12:52:19.742638Z   File [35m"/persist/python/user/lib/python3.14/site-packages/smolagents/agent_types.py"[0m, line [35m23[0m, in [35m<module>[0m
2026-07-17T12:52:19.742685Z     import PIL.Image
2026-07-17T12:52:19.748703Z [1;35mModuleNotFoundError[0m: [35mNo module named 'PIL'[0m
2026-07-17T12:52:20.078314Z [persist-python-verify] smolagents_import=failed-exposed
2026-07-17T12:52:20.088976Z [persist-python-verify] PASS policy=p4-strict-align-v1 release=/persist/python-runtime/releases/a420d79ddb07
2026-07-17T12:52:20.096816Z __PERF_WORK_END_p4_python_default_verify_final-1-b1b5ded7__
2026-07-17T12:52:20.102307Z __PERF_ACK_p4_python_default_verify_final-1-b1b5ded7_WORK__
2026-07-17T12:52:20.640002Z [1m[33mMangoCore[0m:[1m[34m/[0m# __PERF_END_p4_python_default_verify_final-1-b1b5ded7__ rc=0
