2026-07-17T12:56:52.912796Z __PERF_BEGIN_p4_strict_functional_72_final-1-9479d11e__
2026-07-17T12:56:53.902172Z [1m[33mMangoCore[0m:[1m[34m/[0m# __PERF_ACK_p4_strict_functional_72_final-1-9479d11e_TRACE_OFF__
2026-07-17T12:56:55.824706Z [1m[33mMangoCore[0m:[1m[34m/[0m# __PERF_WORK_BEGIN_p4_strict_functional_72_final-1-9479d11e__
2026-07-17T12:56:56.165488Z #### OS COMP TEST GROUP START cpython-isolated ####
2026-07-17T12:56:56.225349Z [CPYTHON ENV] tmpdir=/persist/pyperf/f-p4-default-final
2026-07-17T12:56:56.231091Z [CPYTHON L3 START] L3_check_files.sh
2026-07-17T12:56:56.284211Z [CPYTHON L3] check: python3 binary OK
2026-07-17T12:56:56.291570Z [CPYTHON L3] check: musl loader OK
2026-07-17T12:56:56.296553Z [CPYTHON L3] check: usr/lib OK
2026-07-17T12:56:56.405516Z [CPYTHON L3] check: encodings OK
2026-07-17T12:56:56.412763Z [CPYTHON L3] check: CA certs OK
2026-07-17T12:56:56.460891Z [CPYTHON L3] check: lib libpython3.14.so OK
2026-07-17T12:56:56.504889Z [CPYTHON L3] check: lib libpython3.14.so.1.0 OK
2026-07-17T12:56:56.554877Z [CPYTHON L3] check: lib libc.musl-loongarch64.so.1 OK
2026-07-17T12:56:56.599342Z [CPYTHON L3] check: lib ld-musl-loongarch64.so.1 OK
2026-07-17T12:56:56.647434Z [CPYTHON L3] check: lib libcrypto.so OK
2026-07-17T12:56:56.691042Z [CPYTHON L3] check: lib libcrypto.so.3 OK
2026-07-17T12:56:56.737967Z [CPYTHON L3] check: lib libssl.so OK
2026-07-17T12:56:56.781304Z [CPYTHON L3] check: lib libssl.so.3 OK
2026-07-17T12:56:56.784791Z [CPYTHON L3] files OK
2026-07-17T12:56:56.790326Z [CPYTHON L3 PASS] L3_check_files.sh
2026-07-17T12:56:56.795539Z [CPYTHON L4 START] L4_startup.sh
2026-07-17T12:56:56.846616Z [CPYTHON GLOBAL] test: python3/python commands
2026-07-17T12:56:57.482217Z Python 3.14.5
2026-07-17T12:56:58.498221Z global-python-command-ok
2026-07-17T12:56:58.567954Z [CPYTHON GLOBAL] python3/python commands PASS
2026-07-17T12:56:58.572289Z [CPYTHON L4] test: python3 --version
2026-07-17T12:56:58.690149Z Python 3.14.5
2026-07-17T12:56:58.697543Z [CPYTHON L4] test: python3 --version PASS
2026-07-17T12:56:58.700887Z [CPYTHON L4] test: exit code 37
2026-07-17T12:56:59.524973Z [CPYTHON L4] test: exit code 37 PASS
2026-07-17T12:56:59.529895Z [CPYTHON L4] test: import sys, encodings
2026-07-17T12:56:59.987729Z 3.14.5 (main, Jul 17 2026, 04:01:01) [GCC 15.2.0]
2026-07-17T12:57:00.058286Z [CPYTHON L4] test: import sys, encodings PASS
2026-07-17T12:57:00.063962Z [CPYTHON L4] test: sys.prefix discovery
2026-07-17T12:57:00.508351Z /persist/python-runtime/releases/a420d79ddb07/usr
2026-07-17T12:57:00.579585Z [CPYTHON L4] test: sys.prefix discovery PASS
2026-07-17T12:57:00.582727Z [CPYTHON L4] startup OK
2026-07-17T12:57:00.589454Z [CPYTHON L4 PASS] L4_startup.sh
2026-07-17T12:57:00.594019Z [CPYTHON L5 START] L5_language.py
2026-07-17T12:57:02.866317Z [CPYTHON L5] test: arithmetic
2026-07-17T12:57:02.869613Z [CPYTHON L5] test: arithmetic PASS
2026-07-17T12:57:02.872831Z [CPYTHON L5] test: strings
2026-07-17T12:57:02.875736Z [CPYTHON L5] test: strings PASS
2026-07-17T12:57:02.878285Z [CPYTHON L5] test: lists
2026-07-17T12:57:02.881386Z [CPYTHON L5] test: lists PASS
2026-07-17T12:57:02.884099Z [CPYTHON L5] test: dicts
2026-07-17T12:57:02.886849Z [CPYTHON L5] test: dicts PASS
2026-07-17T12:57:02.890172Z [CPYTHON L5] test: comprehensions
2026-07-17T12:57:02.894271Z [CPYTHON L5] test: comprehensions PASS
2026-07-17T12:57:02.897486Z [CPYTHON L5] test: exceptions
2026-07-17T12:57:02.900737Z [CPYTHON L5] test: exceptions PASS
2026-07-17T12:57:02.903688Z [CPYTHON L5] test: functions
2026-07-17T12:57:02.907547Z [CPYTHON L5] test: functions PASS
2026-07-17T12:57:02.910267Z [CPYTHON L5] test: loops
2026-07-17T12:57:02.913120Z [CPYTHON L5] test: loops PASS
2026-07-17T12:57:02.916112Z [CPYTHON L5] test: booleans
2026-07-17T12:57:02.919185Z [CPYTHON L5] test: booleans PASS
2026-07-17T12:57:02.921542Z [CPYTHON L5] test: sets
2026-07-17T12:57:02.924483Z [CPYTHON L5] test: sets PASS
2026-07-17T12:57:02.927547Z [CPYTHON L5] language core OK
2026-07-17T12:57:03.064902Z [CPYTHON L5 PASS] L5_language.py
2026-07-17T12:57:03.069871Z [CPYTHON L6 START] L6_stdlib.py
2026-07-17T12:57:05.294278Z [CPYTHON L6] test: os.getcwd
2026-07-17T12:57:05.298736Z [CPYTHON L6] test: os.getcwd PASS
2026-07-17T12:57:05.302069Z [CPYTHON L6] test: os.environ
2026-07-17T12:57:05.305622Z [CPYTHON L6] test: os.environ PASS
2026-07-17T12:57:05.308694Z [CPYTHON L6] test: os.listdir
2026-07-17T12:57:05.313413Z [CPYTHON L6] test: os.listdir PASS
2026-07-17T12:57:05.316410Z [CPYTHON L6] test: time.time
2026-07-17T12:57:05.319920Z [CPYTHON L6] test: time.time PASS
2026-07-17T12:57:05.323394Z [CPYTHON L6] test: time.monotonic
2026-07-17T12:57:05.327214Z [CPYTHON L6] test: time.monotonic PASS
2026-07-17T12:57:05.329909Z [CPYTHON L6] test: math
2026-07-17T12:57:05.340962Z [CPYTHON L6] test: math PASS
2026-07-17T12:57:05.343214Z [CPYTHON L6] test: json
2026-07-17T12:57:07.304830Z [CPYTHON L6] test: json PASS
2026-07-17T12:57:07.307284Z [CPYTHON L6] test: re.match
2026-07-17T12:57:07.313075Z [CPYTHON L6] test: re.match PASS
2026-07-17T12:57:07.316532Z [CPYTHON L6] test: random.randint
2026-07-17T12:57:07.631122Z [CPYTHON L6] test: random.randint PASS
2026-07-17T12:57:07.634579Z [CPYTHON L6] test: hashlib.sha256
2026-07-17T12:57:07.839496Z [CPYTHON L6] test: hashlib.sha256 PASS
2026-07-17T12:57:07.842154Z [CPYTHON L6] test: zlib
2026-07-17T12:57:07.857057Z [CPYTHON L6] test: zlib PASS
2026-07-17T12:57:07.860251Z [CPYTHON L6] test: select.select
2026-07-17T12:57:07.874898Z [CPYTHON L6] test: select.select PASS
2026-07-17T12:57:07.879326Z [CPYTHON L6] test: signal handler roundtrip
2026-07-17T12:57:07.949466Z [CPYTHON L6] test: signal handler roundtrip PASS
2026-07-17T12:57:07.952287Z [CPYTHON L6] test: tempfile
2026-07-17T12:57:09.626786Z [CPYTHON L6] test: tempfile PASS
2026-07-17T12:57:09.629663Z [CPYTHON L6] test: pathlib
2026-07-17T12:57:10.456875Z [CPYTHON L6] test: pathlib PASS
2026-07-17T12:57:10.459657Z [CPYTHON L6] test: struct
2026-07-17T12:57:10.486990Z [CPYTHON L6] test: struct PASS
2026-07-17T12:57:10.489776Z [CPYTHON L6] test: sqlite3
2026-07-17T12:57:10.631592Z [CPYTHON L6] test: sqlite3 PASS
2026-07-17T12:57:10.635835Z [CPYTHON L6] stdlib core OK
2026-07-17T12:57:10.875911Z [CPYTHON L6 PASS] L6_stdlib.py
2026-07-17T12:57:10.880981Z [CPYTHON L7 START] L7_filesystem.py
2026-07-17T12:57:16.749079Z [CPYTHON L7] base: /persist/pyperf/f-p4-default-final/cpython_l7_fs_560
2026-07-17T12:57:16.762103Z [CPYTHON L7] posix base: /persist/pyperf/f-p4-default-final/cpython_l7_fs_560/cpython_l7_posix_560
2026-07-17T12:57:16.766150Z [CPYTHON L7] test: open write read close
2026-07-17T12:57:16.776993Z [CPYTHON L7] test: open write read close PASS
2026-07-17T12:57:16.782373Z [CPYTHON L7] test: O_CREAT O_TRUNC O_APPEND semantics
2026-07-17T12:57:16.796726Z [CPYTHON L7] test: O_CREAT O_TRUNC O_APPEND semantics PASS
2026-07-17T12:57:16.800903Z [CPYTHON L7] test: relative path resolution
2026-07-17T12:57:16.813231Z [CPYTHON L7] test: relative path resolution PASS
2026-07-17T12:57:16.817351Z [CPYTHON L7] test: mkdir file inside rmdir
2026-07-17T12:57:16.833499Z [CPYTHON L7] test: mkdir file inside rmdir PASS
2026-07-17T12:57:16.837701Z [CPYTHON L7] test: rename over existing file
2026-07-17T12:57:17.167251Z [CPYTHON L7] test: rename over existing file PASS
2026-07-17T12:57:17.170237Z [CPYTHON L7] test: unlink file
2026-07-17T12:57:17.180152Z [CPYTHON L7] test: unlink file PASS
2026-07-17T12:57:17.185941Z [CPYTHON L7] test: symlink readlink and read through symlink
2026-07-17T12:57:17.200534Z [CPYTHON L7] test: symlink readlink and read through symlink PASS
2026-07-17T12:57:17.203897Z [CPYTHON L7] test: stat and lstat
2026-07-17T12:57:17.208724Z [CPYTHON L7] test: stat and lstat PASS
2026-07-17T12:57:17.213992Z [CPYTHON L7] test: directory iteration listdir scandir
2026-07-17T12:57:17.237794Z [CPYTHON L7] test: directory iteration listdir scandir PASS
2026-07-17T12:57:17.240675Z [CPYTHON L7] test: ftruncate
2026-07-17T12:57:17.250352Z [CPYTHON L7] test: ftruncate PASS
2026-07-17T12:57:17.253741Z [CPYTHON L7] test: flush and fsync
2026-07-17T12:57:17.376292Z [CPYTHON L7] test: flush and fsync PASS
2026-07-17T12:57:17.381013Z [CPYTHON L7] test: tempfile creation and cleanup
2026-07-17T12:57:17.405144Z [CPYTHON L7] test: tempfile creation and cleanup PASS
2026-07-17T12:57:17.410221Z [CPYTHON L7] test: open file unlink remains readable
2026-07-17T12:57:17.436028Z [CPYTHON L7] test: open file unlink remains readable PASS
2026-07-17T12:57:17.470664Z [CPYTHON L7] RESULT PASS
2026-07-17T12:57:17.679366Z [CPYTHON L7 PASS] L7_filesystem.py
2026-07-17T12:57:17.684148Z [CPYTHON L8 START] L8_thread.py
2026-07-17T12:57:20.681196Z [CPYTHON L8] test: thread start join
2026-07-17T12:57:20.690453Z [CPYTHON L8] test: thread start join PASS
2026-07-17T12:57:20.695696Z [CPYTHON L8] test: contended lock acquire release
2026-07-17T12:57:20.705122Z [CPYTHON L8] test: contended lock acquire release PASS
2026-07-17T12:57:20.708271Z [CPYTHON L8] test: queue put get
2026-07-17T12:57:20.719070Z [CPYTHON L8] test: queue put get PASS
2026-07-17T12:57:20.723945Z [CPYTHON L8] test: four threads increment counter
2026-07-17T12:57:20.749468Z [CPYTHON L8] test: four threads increment counter PASS
2026-07-17T12:57:20.753307Z [CPYTHON L8] test: daemon thread starts
2026-07-17T12:57:20.770265Z [CPYTHON L8] test: daemon thread starts PASS
2026-07-17T12:57:20.772757Z [CPYTHON L8] RESULT PASS
2026-07-17T12:57:20.936240Z [CPYTHON L8 PASS] L8_thread.py
2026-07-17T12:57:20.941998Z [CPYTHON L8-SUBPROC START] L8_subprocess.py
2026-07-17T12:57:25.745810Z [CPYTHON L8-SUBPROC] test: helper locates python subprocess command
2026-07-17T12:57:25.792813Z [CPYTHON L8-SUBPROC] python command: /persist/python-runtime/releases/a420d79ddb07/lib/ld-musl-loongarch64.so.1 --library-path /persist/python-runtime/releases/a420d79ddb07/usr/lib:/persist/python-runtime/releases/a420d79ddb07/lib /persist/python-runtime/releases/a420d79ddb07/usr/bin/python3 ...
2026-07-17T12:57:25.799432Z [CPYTHON L8-SUBPROC] test: helper locates python subprocess command PASS
2026-07-17T12:57:25.805696Z [CPYTHON L8-SUBPROC] test: subprocess.run capture_output python
2026-07-17T12:57:26.333837Z [CPYTHON L8-SUBPROC] test: subprocess.run capture_output python PASS
2026-07-17T12:57:26.339864Z [CPYTHON L8-SUBPROC] test: subprocess.Popen pipe communication
2026-07-17T12:57:26.858411Z [CPYTHON L8-SUBPROC] test: subprocess.Popen pipe communication PASS
2026-07-17T12:57:26.863504Z [CPYTHON L8-SUBPROC] test: exit code propagation
2026-07-17T12:57:27.368849Z [CPYTHON L8-SUBPROC] test: exit code propagation PASS
2026-07-17T12:57:27.373146Z [CPYTHON L8-SUBPROC] test: stderr capture
2026-07-17T12:57:27.882984Z [CPYTHON L8-SUBPROC] test: stderr capture PASS
2026-07-17T12:57:27.887962Z [CPYTHON L8-SUBPROC] test: busybox echo subprocess
2026-07-17T12:57:27.948172Z [CPYTHON L8-SUBPROC] test: busybox echo subprocess PASS
2026-07-17T12:57:27.951376Z [CPYTHON L8-SUBPROC] RESULT PASS
2026-07-17T12:57:28.182155Z [CPYTHON L8-SUBPROC PASS] L8_subprocess.py
2026-07-17T12:57:28.186778Z [CPYTHON L9 START] L9_socket.py
2026-07-17T12:57:38.975977Z [CPYTHON L9] test: layer1 socket create close
2026-07-17T12:57:38.983096Z [CPYTHON L9] test: layer1 socket create close PASS
2026-07-17T12:57:38.988855Z [CPYTHON L9] test: layer2 socketpair local communication
2026-07-17T12:57:38.997749Z [CPYTHON L9] test: layer2 socketpair local communication PASS
2026-07-17T12:57:39.002928Z [CPYTHON L9] test: layer3 DNS getaddrinfo cloudflare.com
2026-07-17T12:57:39.336941Z [CPYTHON L9] DNS addr: ('104.16.133.229', 80)
2026-07-17T12:57:39.342601Z [CPYTHON L9] test: layer3 DNS getaddrinfo cloudflare.com PASS
2026-07-17T12:57:39.347357Z [CPYTHON L9] test: layer4 TCP HTTP cloudflare.com
2026-07-17T12:57:39.688703Z [CPYTHON L9] HTTP head: b'HTTP/1.1 200 OK\r\nDate: Fri, 17 Jul 2026 12:57:39 GMT\r\nConten'
2026-07-17T12:57:39.693942Z [CPYTHON L9] test: layer4 TCP HTTP cloudflare.com PASS
2026-07-17T12:57:39.698573Z [CPYTHON L9] test: layer5 HTTPS cloudflare.com
2026-07-17T12:57:40.706629Z [CPYTHON L9] HTTPS status: 200
2026-07-17T12:57:40.711710Z [CPYTHON L9] test: layer5 HTTPS cloudflare.com PASS
2026-07-17T12:57:40.713988Z [CPYTHON L9] RESULT PASS
2026-07-17T12:57:41.086620Z [CPYTHON L9 PASS] L9_socket.py
2026-07-17T12:57:41.093049Z #### OS COMP TEST GROUP END cpython-isolated ####
2026-07-17T12:57:41.107016Z __PERF_WORK_END_p4_strict_functional_72_final-1-9479d11e__
2026-07-17T12:57:41.112691Z __PERF_ACK_p4_strict_functional_72_final-1-9479d11e_WORK__
2026-07-17T12:57:41.633969Z [1m[33mMangoCore[0m:[1m[34m/[0m# __PERF_END_p4_strict_functional_72_final-1-9479d11e__ rc=0
