make: Entering directory '/app/os'
Rust toolchain preflight passed: nightly-2026-05-10

OpenSBI v1.5.1
   ____                    _____ ____ _____
  / __ \                  / ____|  _ \_   _|
 | |  | |_ __   ___ _ __ | (___ | |_) || |
 | |  | | '_ \ / _ \ '_ \ \___ \|  _ < | |
 | |__| | |_) |  __/ | | |____) | |_) || |_
  \____/| .__/ \___|_| |_|_____/|____/_____|
        | |
        |_|

Platform Name             : riscv-virtio,qemu
Platform Features         : medeleg
Platform HART Count       : 1
Platform IPI Device       : aclint-mswi
Platform Timer Device     : aclint-mtimer @ 10000000Hz
Platform Console Device   : uart8250
Platform HSM Device       : ---
Platform PMU Device       : ---
Platform Reboot Device    : syscon-reboot
Platform Shutdown Device  : syscon-poweroff
Platform Suspend Device   : ---
Platform CPPC Device      : ---
Firmware Base             : 0x80000000
Firmware Size             : 327 KB
Firmware RW Offset        : 0x40000
Firmware RW Size          : 71 KB
Firmware Heap Offset      : 0x49000
Firmware Heap Size        : 35 KB (total), 2 KB (reserved), 11 KB (used), 21 KB (free)
Firmware Scratch Size     : 4096 B (total), 416 B (used), 3680 B (free)
Runtime SBI Version       : 2.0

Domain0 Name              : root
Domain0 Boot HART         : 0
Domain0 HARTs             : 0*
Domain0 Region00          : 0x0000000000100000-0x0000000000100fff M: (I,R,W) S/U: (R,W)
Domain0 Region01          : 0x0000000010000000-0x0000000010000fff M: (I,R,W) S/U: (R,W)
Domain0 Region02          : 0x0000000002000000-0x000000000200ffff M: (I,R,W) S/U: ()
Domain0 Region03          : 0x0000000080040000-0x000000008005ffff M: (R,W) S/U: ()
Domain0 Region04          : 0x0000000080000000-0x000000008003ffff M: (R,X) S/U: ()
Domain0 Region05          : 0x000000000c400000-0x000000000c5fffff M: (I,R,W) S/U: (R,W)
Domain0 Region06          : 0x000000000c000000-0x000000000c3fffff M: (I,R,W) S/U: (R,W)
Domain0 Region07          : 0x0000000000000000-0xffffffffffffffff M: () S/U: (R,W,X)
Domain0 Next Address      : 0x0000000080200000
Domain0 Next Arg1         : 0x00000000bfe00000
Domain0 Next Mode         : S-mode
Domain0 SysReset          : yes
Domain0 SysSuspend        : yes

Boot HART ID              : 0
Boot HART Domain          : root
Boot HART Priv Version    : v1.12
Boot HART Base ISA        : rv64imafdch
Boot HART ISA Extensions  : sstc,zicntr,zihpm,zicboz,zicbom,sdtrig,svadu
Boot HART PMP Count       : 16
Boot HART PMP Granularity : 2 bits
Boot HART PMP Address Bits: 54
Boot HART MHPM Info       : 16 (0x0007fff8)
Boot HART Debug Triggers  : 2 triggers
Boot HART MIDELEG         : 0x0000000000001666
Boot HART MEDELEG         : 0x0000000000f0b509
[kernel] logger inited, level= Off
[kernel] Boot protocol: RiscvFdt, hart_id=0, dtb_paddr=0xbfe00000
[kernel] Console initialized.
[memory] 194420 usable physical frames across 2 region(s)
[memory] region0: [0x9088a000, 0xbfe00000) frames=193910
[memory] region1: [0xbfe02000, 0xc0000000) frames=510
.text [0x80200000, 0x8042b000)
.rodata [0x8042b000, 0x80463000)
.data [0x80463000, 0x80828000)
.bss [0x80828000, 0x9088a000)
mapping .text section
mapping .rodata section
mapping .data section
mapping .bss section
mapping physical memory region
mapping physical memory region
mapping memory-mapped registers
[kernel] Hello, world!
[kernel] PRNG init warning: Entropy(DeviceUnavailable)
[memory] reclaimed linker frames: [0x80463000, 0x80826000) frames=963
[initramfs] unpacked: files=39 dirs=23 symlinks=1 bytes=3939152
[initramfs] VFS_ROOT initialized (ramfs + cpio unpack + dev/proc/tmp)
[kernel] block device 0: official fs (MMIO 0x10001000)
[kernel] block device 1: tools disk (MMIO 0x10002000)
[mbr] registered /dev/vdb1 (type=0x83, size=2048M)
[mbr] registered /dev/vdb2 (type=0xc, size=1280M)
[ext4] backend: another_ext4
[kernel] root device mounted at sdcard
[mbr] registered /dev/vdb1 (type=0x83, size=2048M)
[mbr] registered /dev/vdb2 (type=0xc, size=1280M)
[ext4] backend: another_ext4
[kernel] tools disk (vdb1) mounted at tools
[kernel] net interface initialized (RoutingDevice: lo + eth)
[init] pseudo-fs mount framework ready
[init] /tmp is bind-mounted from ext4 /sdcard/tmp
[init] /etc is bind-mounted from tools disk
[init] bind mount /tools/bin -> /bin
[init] bind mount /tools/sbin -> /sbin
[init] bind mount /tools/lib -> /lib
[init] bind mount /tools/usr -> /usr
[init] bind mount /tools/root -> /root: skipped (errno=2)
[init] PID1 profile=normal runner=/test-runner
[test-runner] synchronizing clock
[initproc] config source=/sdcard/os_test.conf mode=run mask=0x110 timer_smoke=false skip_apk=true
[initproc] ensuring base directories...
[initproc] runtime layout ready
[initproc] linking musl/glibc libs to /lib ...
[initproc] lib linking done, exit=0
[initproc] prepare lmbench compatibility ...
[initproc] lmbench compatibility done, exit=0
[initproc] install libgcc_s: already exists, skipping
[initproc] skip_apk=true: skipping install_apk_packages
[initproc] run_selected_groups start mask=0x110
[initproc] skip basic (mask bit0 not set)
[initproc] skip busybox (mask bit1 not set)
[initproc] skip lua (mask bit2 not set)
#### OS COMP TEST GROUP START lmbench-musl ####
#### OS COMP TEST GROUP START lmbench-musl ####
latency measurements
Simple syscall: 37.8844 microseconds
Simple read: 85.8088 microseconds
Simple write: 44.5656 microseconds
Simple stat: 182.6296 microseconds
Simple fstat: 90.9206 microseconds
Simple open/close: 228.6667 microseconds
Select on 100 fd's: 198.8667 microseconds
Signal handler installation: 95.8919 microseconds
Signal handler overhead: 140.7000 microseconds
Protection fault: 48.6129 microseconds
Pipe latency: 590.5775 microseconds
Process fork+exit: 5531.0000 microseconds
Process fork+execve: 6239.0000 microseconds
Process fork+/bin/sh -c: 279466.0000 microseconds
File /var/tmp/XXX write bandwidth:19855 KB/sec
Pagefaults on /var/tmp/XXX: 109.1836 microseconds
0.524288 604
file system latency
0k	14	2571	2786
1k	12	2178	2736
4k	11	1946	2711
10k	11	1863	2732
Bandwidth measurements
Pipe bandwidth: 42.22 MB/sec
0.524288 93.66
0.524288 90.88
0.524288 4393.21
0.524288 37.71
context switch overhead

"size=32k ovr=207.17
2 100.98
4 108.78
8 105.54
16 111.08
24 112.37
32 109.33
64 114.12
96 108.62
#### OS COMP TEST GROUP END lmbench-musl ####
#### OS COMP TEST GROUP END lmbench-musl ####
[initproc] done lmbench_testcode.sh in /musl exit_code=0
#### OS COMP TEST GROUP START lmbench-glibc ####
#### OS COMP TEST GROUP START lmbench-glibc ####
latency measurements
Simple syscall: 38.6027 microseconds
Simple read: 83.0580 microseconds
Simple write: 43.1387 microseconds
Simple stat: 183.9454 microseconds
Simple fstat: 99.0847 microseconds
Simple open/close: 231.5000 microseconds
Select on 100 fd's: 188.0645 microseconds
Signal handler installation: 97.1667 microseconds
Signal handler overhead: 122.8438 microseconds
Protection fault: 49.8125 microseconds
Pipe latency: 581.3242 microseconds
Process fork+exit: 6820.0000 microseconds
Process fork+execve: 12666.0000 microseconds
Process fork+/bin/sh -c: 292837.0000 microseconds
File /var/tmp/XXX write bandwidth:64433 KB/sec
Pagefaults on /var/tmp/XXX: 110.2812 microseconds
0.524288 633
file system latency
0k	14	2773	2900
1k	12	2055	3059
4k	12	2052	2843
10k	11	1909	2910
Bandwidth measurements
Pipe bandwidth: 41.86 MB/sec
0.524288 95.33
0.524288 92.87
0.524288 2542.80
0.524288 36.25
context switch overhead

"size=32k ovr=210.82
2 104.51
4 111.58
8 109.72
16 105.49
24 113.60
32 109.08
64 105.07
96 111.37
#### OS COMP TEST GROUP END lmbench-glibc ####
#### OS COMP TEST GROUP END lmbench-glibc ####
[initproc] done lmbench_testcode.sh in /glibc exit_code=0
#### OS COMP TEST GROUP START iozone-musl ####
#### OS COMP TEST GROUP START iozone-musl ####
iozone automatic measurements
	Iozone: Performance Test of File I/O
	        Version $Revision: 3.506 $
		Compiled for 64 bit mode.
		Build: linux 

	Contributors:William Norcott, Don Capps, Isom Crawford, Kirby Collins
	             Al Slater, Scott Rhine, Mike Wisner, Ken Goss
	             Steve Landherr, Brad Smith, Mark Kelly, Dr. Alain CYR,
	             Randy Dunlap, Mark Montague, Dan Million, Gavin Brebner,
	             Jean-Marc Zucconi, Jeff Blomberg, Benny Halevy, Dave Boone,
	             Erik Habbinga, Kris Strecker, Walter Wong, Joshua Root,
	             Fabrice Bacchella, Zhenghua Xue, Qin Li, Darren Sawyer,
	             Vangel Bojaxhi, Ben England, Vikentsi Lapa,
	             Alexey Skidanov, Sudhir Kumar.

	Run began: Fri Jan  1 00:02:45 2027

	Auto Mode
	Record Size 1 kB
	File size set to 4096 kB
	Command line used: ./iozone -a -r 1k -s 4m
	Output is in kBytes/sec
	Time Resolution = 0.000076 seconds.
	Processor cache size set to 1024 kBytes.
	Processor cache line size set to 32 bytes.
	File stride size set to 17 * record size.
                                                                    random    random      bkwd     record     stride                                        
              kB  reclen    write    rewrite      read    reread      read     write      read    rewrite       read    fwrite  frewrite     fread   freread
            4096       1      2642      2670      7797      7811      5788      2317      5718       2459       5776      2556      2423      5387      5404

iozone test complete.
iozone throughput write/read measurements
	Iozone: Performance Test of File I/O
	        Version $Revision: 3.506 $
		Compiled for 64 bit mode.
		Build: linux 

	Contributors:William Norcott, Don Capps, Isom Crawford, Kirby Collins
	             Al Slater, Scott Rhine, Mike Wisner, Ken Goss
	             Steve Landherr, Brad Smith, Mark Kelly, Dr. Alain CYR,
	             Randy Dunlap, Mark Montague, Dan Million, Gavin Brebner,
	             Jean-Marc Zucconi, Jeff Blomberg, Benny Halevy, Dave Boone,
	             Erik Habbinga, Kris Strecker, Walter Wong, Joshua Root,
	             Fabrice Bacchella, Zhenghua Xue, Qin Li, Darren Sawyer,
	             Vangel Bojaxhi, Ben England, Vikentsi Lapa,
	             Alexey Skidanov, Sudhir Kumar.

	Run began: Fri Jan  1 00:03:05 2027

	Record Size 1 kB
	File size set to 1024 kB
	Command line used: ./iozone -t 4 -i 0 -i 1 -r 1k -s 1m
	Output is in kBytes/sec
	Time Resolution = 0.000077 seconds.
	Processor cache size set to 1024 kBytes.
	Processor cache line size set to 32 bytes.
	File stride size set to 17 * record size.
	Throughput test with 4 processes
	Each process writes a 1024 kByte file in 1 kByte records

	Children see throughput for  4 initial writers 	=    2350.50 kB/sec
	Parent sees throughput for  4 initial writers 	=    1845.11 kB/sec
	Min throughput per process 			=     500.40 kB/sec 
	Max throughput per process 			=     672.84 kB/sec
	Avg throughput per process 			=     587.63 kB/sec
	Min xfer 					=    1006.00 kB

	Children see throughput for  4 rewriters 	=    2386.57 kB/sec
	Parent sees throughput for  4 rewriters 	=    2122.22 kB/sec
	Min throughput per process 			=     540.98 kB/sec 
	Max throughput per process 			=     670.87 kB/sec
	Avg throughput per process 			=     596.64 kB/sec
	Min xfer 					=     985.00 kB

	Children see throughput for  4 readers 		=    8161.92 kB/sec
	Parent sees throughput for  4 readers 		=    7177.32 kB/sec
	Min throughput per process 			=    1939.81 kB/sec 
	Max throughput per process 			=    2121.43 kB/sec
	Avg throughput per process 			=    2040.48 kB/sec
	Min xfer 					=     997.00 kB

	Children see throughput for 4 re-readers 	=    8189.78 kB/sec
	Parent sees throughput for 4 re-readers 	=    7172.07 kB/sec
	Min throughput per process 			=    1938.09 kB/sec 
	Max throughput per process 			=    2123.08 kB/sec
	Avg throughput per process 			=    2047.45 kB/sec
	Min xfer 					=     998.00 kB



iozone test complete.
iozone throughput random-read measurements
	Iozone: Performance Test of File I/O
	        Version $Revision: 3.506 $
		Compiled for 64 bit mode.
		Build: linux 

	Contributors:William Norcott, Don Capps, Isom Crawford, Kirby Collins
	             Al Slater, Scott Rhine, Mike Wisner, Ken Goss
	             Steve Landherr, Brad Smith, Mark Kelly, Dr. Alain CYR,
	             Randy Dunlap, Mark Montague, Dan Million, Gavin Brebner,
	             Jean-Marc Zucconi, Jeff Blomberg, Benny Halevy, Dave Boone,
	             Erik Habbinga, Kris Strecker, Walter Wong, Joshua Root,
	             Fabrice Bacchella, Zhenghua Xue, Qin Li, Darren Sawyer,
	             Vangel Bojaxhi, Ben England, Vikentsi Lapa,
	             Alexey Skidanov, Sudhir Kumar.

	Run began: Fri Jan  1 00:03:26 2027

	Record Size 1 kB
	File size set to 1024 kB
	Command line used: ./iozone -t 4 -i 0 -i 2 -r 1k -s 1m
	Output is in kBytes/sec
	Time Resolution = 0.000077 seconds.
	Processor cache size set to 1024 kBytes.
	Processor cache line size set to 32 bytes.
	File stride size set to 17 * record size.
	Throughput test with 4 processes
	Each process writes a 1024 kByte file in 1 kByte records

	Children see throughput for  4 initial writers 	=    2454.41 kB/sec
	Parent sees throughput for  4 initial writers 	=    1908.92 kB/sec
	Min throughput per process 			=     576.41 kB/sec 
	Max throughput per process 			=     688.42 kB/sec
	Avg throughput per process 			=     613.60 kB/sec
	Min xfer 					=     978.00 kB

	Children see throughput for  4 rewriters 	=    2554.39 kB/sec
	Parent sees throughput for  4 rewriters 	=    2323.26 kB/sec
	Min throughput per process 			=     602.59 kB/sec 
	Max throughput per process 			=     688.17 kB/sec
	Avg throughput per process 			=     638.60 kB/sec
	Min xfer 					=     974.00 kB

	Children see throughput for 4 random readers 	=    5840.63 kB/sec
	Parent sees throughput for 4 random readers 	=    5320.68 kB/sec
	Min throughput per process 			=    1397.88 kB/sec 
	Max throughput per process 			=    1497.70 kB/sec
	Avg throughput per process 			=    1460.16 kB/sec
	Min xfer 					=    1004.00 kB

	Children see throughput for 4 random writers 	=    2308.61 kB/sec
	Parent sees throughput for 4 random writers 	=    2041.94 kB/sec
	Min throughput per process 			=     539.65 kB/sec 
	Max throughput per process 			=     608.11 kB/sec
	Avg throughput per process 			=     577.15 kB/sec
	Min xfer 					=     981.00 kB



iozone test complete.
iozone throughput read-backwards measurements
	Iozone: Performance Test of File I/O
	        Version $Revision: 3.506 $
		Compiled for 64 bit mode.
		Build: linux 

	Contributors:William Norcott, Don Capps, Isom Crawford, Kirby Collins
	             Al Slater, Scott Rhine, Mike Wisner, Ken Goss
	             Steve Landherr, Brad Smith, Mark Kelly, Dr. Alain CYR,
	             Randy Dunlap, Mark Montague, Dan Million, Gavin Brebner,
	             Jean-Marc Zucconi, Jeff Blomberg, Benny Halevy, Dave Boone,
	             Erik Habbinga, Kris Strecker, Walter Wong, Joshua Root,
	             Fabrice Bacchella, Zhenghua Xue, Qin Li, Darren Sawyer,
	             Vangel Bojaxhi, Ben England, Vikentsi Lapa,
	             Alexey Skidanov, Sudhir Kumar.

	Run began: Fri Jan  1 00:03:53 2027

	Record Size 1 kB
	File size set to 1024 kB
	Command line used: ./iozone -t 4 -i 0 -i 3 -r 1k -s 1m
	Output is in kBytes/sec
	Time Resolution = 0.000077 seconds.
	Processor cache size set to 1024 kBytes.
	Processor cache line size set to 32 bytes.
	File stride size set to 17 * record size.
	Throughput test with 4 processes
	Each process writes a 1024 kByte file in 1 kByte records

	Children see throughput for  4 initial writers 	=    2625.32 kB/sec
	Parent sees throughput for  4 initial writers 	=    1928.44 kB/sec
	Min throughput per process 			=     624.51 kB/sec 
	Max throughput per process 			=     687.54 kB/sec
	Avg throughput per process 			=     656.33 kB/sec
	Min xfer 					=     981.00 kB

	Children see throughput for  4 rewriters 	=    2522.58 kB/sec
	Parent sees throughput for  4 rewriters 	=    2326.27 kB/sec
	Min throughput per process 			=     590.43 kB/sec 
	Max throughput per process 			=     670.61 kB/sec
	Avg throughput per process 			=     630.64 kB/sec
	Min xfer 					=     978.00 kB

	Children see throughput for 4 reverse readers 	=    5984.08 kB/sec
	Parent sees throughput for 4 reverse readers 	=    3781.94 kB/sec
	Min throughput per process 			=    1410.57 kB/sec 
	Max throughput per process 			=    1580.39 kB/sec
	Avg throughput per process 			=    1496.02 kB/sec
	Min xfer 					=     961.00 kB



iozone test complete.
iozone throughput stride-read measurements
	Iozone: Performance Test of File I/O
	        Version $Revision: 3.506 $
		Compiled for 64 bit mode.
		Build: linux 

	Contributors:William Norcott, Don Capps, Isom Crawford, Kirby Collins
	             Al Slater, Scott Rhine, Mike Wisner, Ken Goss
	             Steve Landherr, Brad Smith, Mark Kelly, Dr. Alain CYR,
	             Randy Dunlap, Mark Montague, Dan Million, Gavin Brebner,
	             Jean-Marc Zucconi, Jeff Blomberg, Benny Halevy, Dave Boone,
	             Erik Habbinga, Kris Strecker, Walter Wong, Joshua Root,
	             Fabrice Bacchella, Zhenghua Xue, Qin Li, Darren Sawyer,
	             Vangel Bojaxhi, Ben England, Vikentsi Lapa,
	             Alexey Skidanov, Sudhir Kumar.

	Run began: Fri Jan  1 00:04:13 2027

	Record Size 1 kB
	File size set to 1024 kB
	Command line used: ./iozone -t 4 -i 0 -i 5 -r 1k -s 1m
	Output is in kBytes/sec
	Time Resolution = 0.000077 seconds.
	Processor cache size set to 1024 kBytes.
	Processor cache line size set to 32 bytes.
	File stride size set to 17 * record size.
	Throughput test with 4 processes
	Each process writes a 1024 kByte file in 1 kByte records

	Children see throughput for  4 initial writers 	=    2444.28 kB/sec
	Parent sees throughput for  4 initial writers 	=    2007.76 kB/sec
	Min throughput per process 			=     531.59 kB/sec 
	Max throughput per process 			=     690.42 kB/sec
	Avg throughput per process 			=     611.07 kB/sec
	Min xfer 					=     989.00 kB

	Children see throughput for  4 rewriters 	=    2592.80 kB/sec
	Parent sees throughput for  4 rewriters 	=    2369.48 kB/sec
	Min throughput per process 			=     598.79 kB/sec 
	Max throughput per process 			=     688.26 kB/sec
	Avg throughput per process 			=     648.20 kB/sec
	Min xfer 					=     972.00 kB

	Children see throughput for 4 stride readers 	=    5944.63 kB/sec
	Parent sees throughput for 4 stride readers 	=    5427.62 kB/sec
	Min throughput per process 			=    1370.52 kB/sec 
	Max throughput per process 			=    1580.13 kB/sec
	Avg throughput per process 			=    1486.16 kB/sec
	Min xfer 					=     957.00 kB



iozone test complete.
iozone throughput fwrite/fread measurements
	Iozone: Performance Test of File I/O
	        Version $Revision: 3.506 $
		Compiled for 64 bit mode.
		Build: linux 

	Contributors:William Norcott, Don Capps, Isom Crawford, Kirby Collins
	             Al Slater, Scott Rhine, Mike Wisner, Ken Goss
	             Steve Landherr, Brad Smith, Mark Kelly, Dr. Alain CYR,
	             Randy Dunlap, Mark Montague, Dan Million, Gavin Brebner,
	             Jean-Marc Zucconi, Jeff Blomberg, Benny Halevy, Dave Boone,
	             Erik Habbinga, Kris Strecker, Walter Wong, Joshua Root,
	             Fabrice Bacchella, Zhenghua Xue, Qin Li, Darren Sawyer,
	             Vangel Bojaxhi, Ben England, Vikentsi Lapa,
	             Alexey Skidanov, Sudhir Kumar.

	Run began: Fri Jan  1 00:04:34 2027

	Record Size 1 kB
	File size set to 1024 kB
	Command line used: ./iozone -t 4 -i 6 -i 7 -r 1k -s 1m
	Output is in kBytes/sec
	Time Resolution = 0.000077 seconds.
	Processor cache size set to 1024 kBytes.
	Processor cache line size set to 32 bytes.
	File stride size set to 17 * record size.
	Throughput test with 4 processes
	Each process writes a 1024 kByte file in 1 kByte records

	Children see throughput for  4 fwriters 	=    2430.40 kB/sec
	Parent sees throughput for  4 fwriters 		=    2017.91 kB/sec
	Min throughput per process 			=     534.20 kB/sec 
	Max throughput per process 			=     688.57 kB/sec
	Avg throughput per process 			=     607.60 kB/sec
	Min xfer 					=    1024.00 kB

	Children see throughput for  4 freaders 	=    5798.29 kB/sec
	Parent sees throughput for  4 freaders 		=    5374.78 kB/sec
	Min throughput per process 			=    1363.57 kB/sec 
	Max throughput per process 			=    1492.46 kB/sec
	Avg throughput per process 			=    1449.57 kB/sec
	Min xfer 					=    1024.00 kB



iozone test complete.
iozone throughput pwrite/pread measurements
	Iozone: Performance Test of File I/O
	        Version $Revision: 3.506 $
		Compiled for 64 bit mode.
		Build: linux 

	Contributors:William Norcott, Don Capps, Isom Crawford, Kirby Collins
	             Al Slater, Scott Rhine, Mike Wisner, Ken Goss
	             Steve Landherr, Brad Smith, Mark Kelly, Dr. Alain CYR,
	             Randy Dunlap, Mark Montague, Dan Million, Gavin Brebner,
	             Jean-Marc Zucconi, Jeff Blomberg, Benny Halevy, Dave Boone,
	             Erik Habbinga, Kris Strecker, Walter Wong, Joshua Root,
	             Fabrice Bacchella, Zhenghua Xue, Qin Li, Darren Sawyer,
	             Vangel Bojaxhi, Ben England, Vikentsi Lapa,
	             Alexey Skidanov, Sudhir Kumar.

	Run began: Fri Jan  1 00:04:48 2027

	Record Size 1 kB
	File size set to 1024 kB
	Command line used: ./iozone -t 4 -i 9 -i 10 -r 1k -s 1m
	Output is in kBytes/sec
	Time Resolution = 0.000078 seconds.
	Processor cache size set to 1024 kBytes.
	Processor cache line size set to 32 bytes.
	File stride size set to 17 * record size.
	Throughput test with 4 processes
	Each process writes a 1024 kByte file in 1 kByte records

	Children see throughput for 4 pwrite writers 	=    2385.78 kB/sec
	Parent sees throughput for 4 pwrite writers 	=    1764.47 kB/sec
	Min throughput per process 			=     476.78 kB/sec 
	Max throughput per process 			=     708.34 kB/sec
	Avg throughput per process 			=     596.45 kB/sec
	Min xfer 					=     963.00 kB

	Children see throughput for 4 pread readers 	=    8770.90 kB/sec
	Parent sees throughput for 4 pread readers 	=    7637.81 kB/sec
	Min throughput per process 			=    2062.67 kB/sec 
	Max throughput per process 			=    2298.06 kB/sec
	Avg throughput per process 			=    2192.73 kB/sec
	Min xfer 					=     980.00 kB



iozone test complete.
iozone throughtput pwritev/preadv measurements
	Iozone: Performance Test of File I/O
	        Version $Revision: 3.506 $
		Compiled for 64 bit mode.
		Build: linux 

	Contributors:William Norcott, Don Capps, Isom Crawford, Kirby Collins
	             Al Slater, Scott Rhine, Mike Wisner, Ken Goss
	             Steve Landherr, Brad Smith, Mark Kelly, Dr. Alain CYR,
	             Randy Dunlap, Mark Montague, Dan Million, Gavin Brebner,
	             Jean-Marc Zucconi, Jeff Blomberg, Benny Halevy, Dave Boone,
	             Erik Habbinga, Kris Strecker, Walter Wong, Joshua Root,
	             Fabrice Bacchella, Zhenghua Xue, Qin Li, Darren Sawyer,
	             Vangel Bojaxhi, Ben England, Vikentsi Lapa,
	             Alexey Skidanov, Sudhir Kumar.

	Run began: Fri Jan  1 00:05:07 2027

	Selected test not available on the version.
	Record Size 1 kB
	File size set to 1024 kB
	Command line used: ./iozone -t 4 -i 11 -i 12 -r 1k -s 1m
	Output is in kBytes/sec
	Time Resolution = 0.000078 seconds.
	Processor cache size set to 1024 kBytes.
	Processor cache line size set to 32 bytes.
	File stride size set to 17 * record size.
	Throughput test with 4 processes
	Each process writes a 1024 kByte file in 1 kByte records

	Children see throughput for  4 initial writers 	=    2385.82 kB/sec
	Parent sees throughput for  4 initial writers 	=    1811.99 kB/sec
	Min throughput per process 			=     500.36 kB/sec 
	Max throughput per process 			=     690.70 kB/sec
	Avg throughput per process 			=     596.46 kB/sec
	Min xfer 					=     981.00 kB

	Children see throughput for  4 rewriters 	=    2590.95 kB/sec
	Parent sees throughput for  4 rewriters 	=    2366.03 kB/sec
	Min throughput per process 			=     609.48 kB/sec 
	Max throughput per process 			=     688.55 kB/sec
	Avg throughput per process 			=     647.74 kB/sec
	Min xfer 					=     985.00 kB



iozone test complete.
#### OS COMP TEST GROUP END iozone-musl ####
#### OS COMP TEST GROUP END iozone-musl ####
[initproc] done iozone_testcode.sh in /musl exit_code=0
#### OS COMP TEST GROUP START iozone-glibc ####
#### OS COMP TEST GROUP START iozone-glibc ####
iozone automatic measurements
	Iozone: Performance Test of File I/O
	        Version $Revision: 3.506 $
		Compiled for 64 bit mode.
		Build: linux 

	Contributors:William Norcott, Don Capps, Isom Crawford, Kirby Collins
	             Al Slater, Scott Rhine, Mike Wisner, Ken Goss
	             Steve Landherr, Brad Smith, Mark Kelly, Dr. Alain CYR,
	             Randy Dunlap, Mark Montague, Dan Million, Gavin Brebner,
	             Jean-Marc Zucconi, Jeff Blomberg, Benny Halevy, Dave Boone,
	             Erik Habbinga, Kris Strecker, Walter Wong, Joshua Root,
	             Fabrice Bacchella, Zhenghua Xue, Qin Li, Darren Sawyer,
	             Vangel Bojaxhi, Ben England, Vikentsi Lapa,
	             Alexey Skidanov, Sudhir Kumar.

	Run began: Fri Jan  1 00:05:24 2027

	Auto Mode
	Record Size 1 kB
	File size set to 4096 kB
	Command line used: ./iozone -a -r 1k -s 4m
	Output is in kBytes/sec
	Time Resolution = 0.000079 seconds.
	Processor cache size set to 1024 kBytes.
	Processor cache line size set to 32 bytes.
	File stride size set to 17 * record size.
                                                                    random    random      bkwd     record     stride                                        
              kB  reclen    write    rewrite      read    reread      read     write      read    rewrite       read    fwrite  frewrite     fread   freread
            4096       1      2673      2670      8041      8037      5880      2456      5829       2284       5915      2578      2634      7691      7659

iozone test complete.
iozone throughput write/read measurements
	Iozone: Performance Test of File I/O
	        Version $Revision: 3.506 $
		Compiled for 64 bit mode.
		Build: linux 

	Contributors:William Norcott, Don Capps, Isom Crawford, Kirby Collins
	             Al Slater, Scott Rhine, Mike Wisner, Ken Goss
	             Steve Landherr, Brad Smith, Mark Kelly, Dr. Alain CYR,
	             Randy Dunlap, Mark Montague, Dan Million, Gavin Brebner,
	             Jean-Marc Zucconi, Jeff Blomberg, Benny Halevy, Dave Boone,
	             Erik Habbinga, Kris Strecker, Walter Wong, Joshua Root,
	             Fabrice Bacchella, Zhenghua Xue, Qin Li, Darren Sawyer,
	             Vangel Bojaxhi, Ben England, Vikentsi Lapa,
	             Alexey Skidanov, Sudhir Kumar.

	Run began: Fri Jan  1 00:05:43 2027

	Record Size 1 kB
	File size set to 1024 kB
	Command line used: ./iozone -t 4 -i 0 -i 1 -r 1k -s 1m
	Output is in kBytes/sec
	Time Resolution = 0.000080 seconds.
	Processor cache size set to 1024 kBytes.
	Processor cache line size set to 32 bytes.
	File stride size set to 17 * record size.
	Throughput test with 4 processes
	Each process writes a 1024 kByte file in 1 kByte records

	Children see throughput for  4 initial writers 	=    2354.80 kB/sec
	Parent sees throughput for  4 initial writers 	=    1785.47 kB/sec
	Min throughput per process 			=     494.88 kB/sec 
	Max throughput per process 			=     690.47 kB/sec
	Avg throughput per process 			=     588.70 kB/sec
	Min xfer 					=     994.00 kB

	Children see throughput for  4 rewriters 	=    2581.39 kB/sec
	Parent sees throughput for  4 rewriters 	=    2305.88 kB/sec
	Min throughput per process 			=     602.71 kB/sec 
	Max throughput per process 			=     687.86 kB/sec
	Avg throughput per process 			=     645.35 kB/sec
	Min xfer 					=     976.00 kB

	Children see throughput for  4 readers 		=    8240.23 kB/sec
	Parent sees throughput for  4 readers 		=    7243.00 kB/sec
	Min throughput per process 			=    2035.17 kB/sec 
	Max throughput per process 			=    2102.23 kB/sec
	Avg throughput per process 			=    2060.06 kB/sec
	Min xfer 					=    1007.00 kB

	Children see throughput for 4 re-readers 	=    8207.82 kB/sec
	Parent sees throughput for 4 re-readers 	=    7214.10 kB/sec
	Min throughput per process 			=    2029.22 kB/sec 
	Max throughput per process 			=    2099.61 kB/sec
	Avg throughput per process 			=    2051.96 kB/sec
	Min xfer 					=    1002.00 kB



iozone test complete.
iozone throughput random-read measurements
	Iozone: Performance Test of File I/O
	        Version $Revision: 3.506 $
		Compiled for 64 bit mode.
		Build: linux 

	Contributors:William Norcott, Don Capps, Isom Crawford, Kirby Collins
	             Al Slater, Scott Rhine, Mike Wisner, Ken Goss
	             Steve Landherr, Brad Smith, Mark Kelly, Dr. Alain CYR,
	             Randy Dunlap, Mark Montague, Dan Million, Gavin Brebner,
	             Jean-Marc Zucconi, Jeff Blomberg, Benny Halevy, Dave Boone,
	             Erik Habbinga, Kris Strecker, Walter Wong, Joshua Root,
	             Fabrice Bacchella, Zhenghua Xue, Qin Li, Darren Sawyer,
	             Vangel Bojaxhi, Ben England, Vikentsi Lapa,
	             Alexey Skidanov, Sudhir Kumar.

	Run began: Fri Jan  1 00:06:07 2027

	Record Size 1 kB
	File size set to 1024 kB
	Command line used: ./iozone -t 4 -i 0 -i 2 -r 1k -s 1m
	Output is in kBytes/sec
	Time Resolution = 0.000080 seconds.
	Processor cache size set to 1024 kBytes.
	Processor cache line size set to 32 bytes.
	File stride size set to 17 * record size.
	Throughput test with 4 processes
	Each process writes a 1024 kByte file in 1 kByte records

	Children see throughput for  4 initial writers 	=    2397.92 kB/sec
	Parent sees throughput for  4 initial writers 	=    1746.37 kB/sec
	Min throughput per process 			=     542.25 kB/sec 
	Max throughput per process 			=     688.69 kB/sec
	Avg throughput per process 			=     599.48 kB/sec
	Min xfer 					=     951.00 kB

	Children see throughput for  4 rewriters 	=    2573.84 kB/sec
	Parent sees throughput for  4 rewriters 	=    2356.79 kB/sec
	Min throughput per process 			=     618.43 kB/sec 
	Max throughput per process 			=     689.20 kB/sec
	Avg throughput per process 			=     643.46 kB/sec
	Min xfer 					=     973.00 kB

	Children see throughput for 4 random readers 	=    6113.71 kB/sec
	Parent sees throughput for 4 random readers 	=    5516.41 kB/sec
	Min throughput per process 			=    1453.69 kB/sec 
	Max throughput per process 			=    1589.11 kB/sec
	Avg throughput per process 			=    1528.43 kB/sec
	Min xfer 					=     980.00 kB

	Children see throughput for 4 random writers 	=    2337.67 kB/sec
	Parent sees throughput for 4 random writers 	=    2087.75 kB/sec
	Min throughput per process 			=     546.11 kB/sec 
	Max throughput per process 			=     621.81 kB/sec
	Avg throughput per process 			=     584.42 kB/sec
	Min xfer 					=     972.00 kB



iozone test complete.
iozone throughput read-backwards measurements
	Iozone: Performance Test of File I/O
	        Version $Revision: 3.506 $
		Compiled for 64 bit mode.
		Build: linux 

	Contributors:William Norcott, Don Capps, Isom Crawford, Kirby Collins
	             Al Slater, Scott Rhine, Mike Wisner, Ken Goss
	             Steve Landherr, Brad Smith, Mark Kelly, Dr. Alain CYR,
	             Randy Dunlap, Mark Montague, Dan Million, Gavin Brebner,
	             Jean-Marc Zucconi, Jeff Blomberg, Benny Halevy, Dave Boone,
	             Erik Habbinga, Kris Strecker, Walter Wong, Joshua Root,
	             Fabrice Bacchella, Zhenghua Xue, Qin Li, Darren Sawyer,
	             Vangel Bojaxhi, Ben England, Vikentsi Lapa,
	             Alexey Skidanov, Sudhir Kumar.

	Run began: Fri Jan  1 00:06:35 2027

	Record Size 1 kB
	File size set to 1024 kB
	Command line used: ./iozone -t 4 -i 0 -i 3 -r 1k -s 1m
	Output is in kBytes/sec
	Time Resolution = 0.000079 seconds.
	Processor cache size set to 1024 kBytes.
	Processor cache line size set to 32 bytes.
	File stride size set to 17 * record size.
	Throughput test with 4 processes
	Each process writes a 1024 kByte file in 1 kByte records

	Children see throughput for  4 initial writers 	=    2359.98 kB/sec
	Parent sees throughput for  4 initial writers 	=    1789.72 kB/sec
	Min throughput per process 			=     481.97 kB/sec 
	Max throughput per process 			=     689.27 kB/sec
	Avg throughput per process 			=     589.99 kB/sec
	Min xfer 					=     974.00 kB

	Children see throughput for  4 rewriters 	=    2696.22 kB/sec
	Parent sees throughput for  4 rewriters 	=    2459.86 kB/sec
	Min throughput per process 			=     639.32 kB/sec 
	Max throughput per process 			=     726.89 kB/sec
	Avg throughput per process 			=     674.06 kB/sec
	Min xfer 					=     981.00 kB

	Children see throughput for 4 reverse readers 	=    6112.03 kB/sec
	Parent sees throughput for 4 reverse readers 	=    5517.74 kB/sec
	Min throughput per process 			=    1439.94 kB/sec 
	Max throughput per process 			=    1585.85 kB/sec
	Avg throughput per process 			=    1528.01 kB/sec
	Min xfer 					=     984.00 kB



iozone test complete.
iozone throughput stride-read measurements
	Iozone: Performance Test of File I/O
	        Version $Revision: 3.506 $
		Compiled for 64 bit mode.
		Build: linux 

	Contributors:William Norcott, Don Capps, Isom Crawford, Kirby Collins
	             Al Slater, Scott Rhine, Mike Wisner, Ken Goss
	             Steve Landherr, Brad Smith, Mark Kelly, Dr. Alain CYR,
	             Randy Dunlap, Mark Montague, Dan Million, Gavin Brebner,
	             Jean-Marc Zucconi, Jeff Blomberg, Benny Halevy, Dave Boone,
	             Erik Habbinga, Kris Strecker, Walter Wong, Joshua Root,
	             Fabrice Bacchella, Zhenghua Xue, Qin Li, Darren Sawyer,
	             Vangel Bojaxhi, Ben England, Vikentsi Lapa,
	             Alexey Skidanov, Sudhir Kumar.

	Run began: Fri Jan  1 00:06:58 2027

	Record Size 1 kB
	File size set to 1024 kB
	Command line used: ./iozone -t 4 -i 0 -i 5 -r 1k -s 1m
	Output is in kBytes/sec
	Time Resolution = 0.000079 seconds.
	Processor cache size set to 1024 kBytes.
	Processor cache line size set to 32 bytes.
	File stride size set to 17 * record size.
	Throughput test with 4 processes
	Each process writes a 1024 kByte file in 1 kByte records

	Children see throughput for  4 initial writers 	=    2347.55 kB/sec
	Parent sees throughput for  4 initial writers 	=    1765.81 kB/sec
	Min throughput per process 			=     524.78 kB/sec 
	Max throughput per process 			=     688.21 kB/sec
	Avg throughput per process 			=     586.89 kB/sec
	Min xfer 					=     988.00 kB

	Children see throughput for  4 rewriters 	=    2639.14 kB/sec
	Parent sees throughput for  4 rewriters 	=    2384.88 kB/sec
	Min throughput per process 			=     628.59 kB/sec 
	Max throughput per process 			=     691.47 kB/sec
	Avg throughput per process 			=     659.78 kB/sec
	Min xfer 					=    1007.00 kB

	Children see throughput for 4 stride readers 	=    6116.49 kB/sec
	Parent sees throughput for 4 stride readers 	=    5497.44 kB/sec
	Min throughput per process 			=    1446.78 kB/sec 
	Max throughput per process 			=    1591.38 kB/sec
	Avg throughput per process 			=    1529.12 kB/sec
	Min xfer 					=     991.00 kB



iozone test complete.
iozone throughput fwrite/fread measurements
	Iozone: Performance Test of File I/O
	        Version $Revision: 3.506 $
		Compiled for 64 bit mode.
		Build: linux 

	Contributors:William Norcott, Don Capps, Isom Crawford, Kirby Collins
	             Al Slater, Scott Rhine, Mike Wisner, Ken Goss
	             Steve Landherr, Brad Smith, Mark Kelly, Dr. Alain CYR,
	             Randy Dunlap, Mark Montague, Dan Million, Gavin Brebner,
	             Jean-Marc Zucconi, Jeff Blomberg, Benny Halevy, Dave Boone,
	             Erik Habbinga, Kris Strecker, Walter Wong, Joshua Root,
	             Fabrice Bacchella, Zhenghua Xue, Qin Li, Darren Sawyer,
	             Vangel Bojaxhi, Ben England, Vikentsi Lapa,
	             Alexey Skidanov, Sudhir Kumar.

	Run began: Fri Jan  1 00:07:21 2027

	Record Size 1 kB
	File size set to 1024 kB
	Command line used: ./iozone -t 4 -i 6 -i 7 -r 1k -s 1m
	Output is in kBytes/sec
	Time Resolution = 0.000079 seconds.
	Processor cache size set to 1024 kBytes.
	Processor cache line size set to 32 bytes.
	File stride size set to 17 * record size.
	Throughput test with 4 processes
	Each process writes a 1024 kByte file in 1 kByte records

	Children see throughput for  4 fwriters 	=    2406.83 kB/sec
	Parent sees throughput for  4 fwriters 		=    1868.12 kB/sec
	Min throughput per process 			=     504.93 kB/sec 
	Max throughput per process 			=     726.80 kB/sec
	Avg throughput per process 			=     601.71 kB/sec
	Min xfer 					=    1024.00 kB

	Children see throughput for  4 freaders 	=    7135.74 kB/sec
	Parent sees throughput for  4 freaders 		=    6574.02 kB/sec
	Min throughput per process 			=    1694.91 kB/sec 
	Max throughput per process 			=    1822.51 kB/sec
	Avg throughput per process 			=    1783.94 kB/sec
	Min xfer 					=    1024.00 kB



iozone test complete.
iozone throughput pwrite/pread measurements
	Iozone: Performance Test of File I/O
	        Version $Revision: 3.506 $
		Compiled for 64 bit mode.
		Build: linux 

	Contributors:William Norcott, Don Capps, Isom Crawford, Kirby Collins
	             Al Slater, Scott Rhine, Mike Wisner, Ken Goss
	             Steve Landherr, Brad Smith, Mark Kelly, Dr. Alain CYR,
	             Randy Dunlap, Mark Montague, Dan Million, Gavin Brebner,
	             Jean-Marc Zucconi, Jeff Blomberg, Benny Halevy, Dave Boone,
	             Erik Habbinga, Kris Strecker, Walter Wong, Joshua Root,
	             Fabrice Bacchella, Zhenghua Xue, Qin Li, Darren Sawyer,
	             Vangel Bojaxhi, Ben England, Vikentsi Lapa,
	             Alexey Skidanov, Sudhir Kumar.

	Run began: Fri Jan  1 00:07:38 2027

	Record Size 1 kB
	File size set to 1024 kB
	Command line used: ./iozone -t 4 -i 9 -i 10 -r 1k -s 1m
	Output is in kBytes/sec
	Time Resolution = 0.000080 seconds.
	Processor cache size set to 1024 kBytes.
	Processor cache line size set to 32 bytes.
	File stride size set to 17 * record size.
	Throughput test with 4 processes
	Each process writes a 1024 kByte file in 1 kByte records

	Children see throughput for 4 pwrite writers 	=    2300.64 kB/sec
	Parent sees throughput for 4 pwrite writers 	=    1687.09 kB/sec
	Min throughput per process 			=     502.38 kB/sec 
	Max throughput per process 			=     708.35 kB/sec
	Avg throughput per process 			=     575.16 kB/sec
	Min xfer 					=     986.00 kB

	Children see throughput for 4 pread readers 	=    8607.67 kB/sec
	Parent sees throughput for 4 pread readers 	=    7268.50 kB/sec
	Min throughput per process 			=    1994.21 kB/sec 
	Max throughput per process 			=    2294.10 kB/sec
	Avg throughput per process 			=    2151.92 kB/sec
	Min xfer 					=     969.00 kB



iozone test complete.
iozone throughtput pwritev/preadv measurements
	Iozone: Performance Test of File I/O
	        Version $Revision: 3.506 $
		Compiled for 64 bit mode.
		Build: linux 

	Contributors:William Norcott, Don Capps, Isom Crawford, Kirby Collins
	             Al Slater, Scott Rhine, Mike Wisner, Ken Goss
	             Steve Landherr, Brad Smith, Mark Kelly, Dr. Alain CYR,
	             Randy Dunlap, Mark Montague, Dan Million, Gavin Brebner,
	             Jean-Marc Zucconi, Jeff Blomberg, Benny Halevy, Dave Boone,
	             Erik Habbinga, Kris Strecker, Walter Wong, Joshua Root,
	             Fabrice Bacchella, Zhenghua Xue, Qin Li, Darren Sawyer,
	             Vangel Bojaxhi, Ben England, Vikentsi Lapa,
	             Alexey Skidanov, Sudhir Kumar.

	Run began: Fri Jan  1 00:07:59 2027

	Selected test not available on the version.
	Record Size 1 kB
	File size set to 1024 kB
	Command line used: ./iozone -t 4 -i 11 -i 12 -r 1k -s 1m
	Output is in kBytes/sec
	Time Resolution = 0.000079 seconds.
	Processor cache size set to 1024 kBytes.
	Processor cache line size set to 32 bytes.
	File stride size set to 17 * record size.
	Throughput test with 4 processes
	Each process writes a 1024 kByte file in 1 kByte records

	Children see throughput for  4 initial writers 	=    2384.41 kB/sec
	Parent sees throughput for  4 initial writers 	=    1850.69 kB/sec
	Min throughput per process 			=     493.77 kB/sec 
	Max throughput per process 			=     689.43 kB/sec
	Avg throughput per process 			=     596.10 kB/sec
	Min xfer 					=     962.00 kB

	Children see throughput for  4 rewriters 	=    2698.35 kB/sec
	Parent sees throughput for  4 rewriters 	=    2381.49 kB/sec
	Min throughput per process 			=     618.20 kB/sec 
	Max throughput per process 			=     706.45 kB/sec
	Avg throughput per process 			=     674.59 kB/sec
	Min xfer 					=     967.00 kB



iozone test complete.
#### OS COMP TEST GROUP END iozone-glibc ####
#### OS COMP TEST GROUP END iozone-glibc ####
[initproc] done iozone_testcode.sh in /glibc exit_code=0
[initproc] skip libcbench (mask bit7 not set)
[initproc] skip netperf (mask bit9 not set)
[initproc] skip iperf (mask bit6 not set)
[initproc] skip libctest (mask bit3 not set)
[initproc] skip cyclictest (mask bit10 not set)
[initproc] skip ltp (mask bit11 not set)
[initproc] skip cpython (mask bit12 not set)
[initproc] skip unixbench (mask bit5 not set)
[initproc] run_selected_groups done
make: Leaving directory '/app/os'
