make: Entering directory '/app/os'
Rust toolchain preflight passed: nightly-2026-05-10

OpenSBI v1.5.1
   ____                    _____ ____ _____
  / __ \                  / ____|  _ \_   _|
 | |  | |_ __   ___ _ __ | (___ | |_) || |
 | |  | | '_ \ / _ \ '_ \ \___ \|  _ < | |
 | |__| | |_) |  __/ | | |____) | |_) || |_
  \____/| .__/ \___|_| |_|_____/|____/_____|
        | |
        |_|

Platform Name             : riscv-virtio,qemu
Platform Features         : medeleg
Platform HART Count       : 1
Platform IPI Device       : aclint-mswi
Platform Timer Device     : aclint-mtimer @ 10000000Hz
Platform Console Device   : uart8250
Platform HSM Device       : ---
Platform PMU Device       : ---
Platform Reboot Device    : syscon-reboot
Platform Shutdown Device  : syscon-poweroff
Platform Suspend Device   : ---
Platform CPPC Device      : ---
Firmware Base             : 0x80000000
Firmware Size             : 327 KB
Firmware RW Offset        : 0x40000
Firmware RW Size          : 71 KB
Firmware Heap Offset      : 0x49000
Firmware Heap Size        : 35 KB (total), 2 KB (reserved), 11 KB (used), 21 KB (free)
Firmware Scratch Size     : 4096 B (total), 416 B (used), 3680 B (free)
Runtime SBI Version       : 2.0

Domain0 Name              : root
Domain0 Boot HART         : 0
Domain0 HARTs             : 0*
Domain0 Region00          : 0x0000000000100000-0x0000000000100fff M: (I,R,W) S/U: (R,W)
Domain0 Region01          : 0x0000000010000000-0x0000000010000fff M: (I,R,W) S/U: (R,W)
Domain0 Region02          : 0x0000000002000000-0x000000000200ffff M: (I,R,W) S/U: ()
Domain0 Region03          : 0x0000000080040000-0x000000008005ffff M: (R,W) S/U: ()
Domain0 Region04          : 0x0000000080000000-0x000000008003ffff M: (R,X) S/U: ()
Domain0 Region05          : 0x000000000c400000-0x000000000c5fffff M: (I,R,W) S/U: (R,W)
Domain0 Region06          : 0x000000000c000000-0x000000000c3fffff M: (I,R,W) S/U: (R,W)
Domain0 Region07          : 0x0000000000000000-0xffffffffffffffff M: () S/U: (R,W,X)
Domain0 Next Address      : 0x0000000080200000
Domain0 Next Arg1         : 0x00000000bfe00000
Domain0 Next Mode         : S-mode
Domain0 SysReset          : yes
Domain0 SysSuspend        : yes

Boot HART ID              : 0
Boot HART Domain          : root
Boot HART Priv Version    : v1.12
Boot HART Base ISA        : rv64imafdch
Boot HART ISA Extensions  : sstc,zicntr,zihpm,zicboz,zicbom,sdtrig,svadu
Boot HART PMP Count       : 16
Boot HART PMP Granularity : 2 bits
Boot HART PMP Address Bits: 54
Boot HART MHPM Info       : 16 (0x0007fff8)
Boot HART Debug Triggers  : 2 triggers
Boot HART MIDELEG         : 0x0000000000001666
Boot HART MEDELEG         : 0x0000000000f0b509
[kernel] logger inited, level= Off
[kernel] Boot protocol: RiscvFdt, hart_id=0, dtb_paddr=0xbfe00000
[kernel] Console initialized.
[memory] 194420 usable physical frames across 2 region(s)
[memory] region0: [0x9088a000, 0xbfe00000) frames=193910
[memory] region1: [0xbfe02000, 0xc0000000) frames=510
.text [0x80200000, 0x8042b000)
.rodata [0x8042b000, 0x80463000)
.data [0x80463000, 0x80828000)
.bss [0x80828000, 0x9088a000)
mapping .text section
mapping .rodata section
mapping .data section
mapping .bss section
mapping physical memory region
mapping physical memory region
mapping memory-mapped registers
[kernel] Hello, world!
[kernel] PRNG init warning: Entropy(DeviceUnavailable)
[memory] reclaimed linker frames: [0x80463000, 0x80826000) frames=963
[initramfs] unpacked: files=39 dirs=23 symlinks=1 bytes=3939152
[initramfs] VFS_ROOT initialized (ramfs + cpio unpack + dev/proc/tmp)
[kernel] block device 0: official fs (MMIO 0x10001000)
[kernel] block device 1: tools disk (MMIO 0x10002000)
[mbr] registered /dev/vdb1 (type=0x83, size=2048M)
[mbr] registered /dev/vdb2 (type=0xc, size=1280M)
[ext4] backend: another_ext4
[kernel] root device mounted at sdcard
[mbr] registered /dev/vdb1 (type=0x83, size=2048M)
[mbr] registered /dev/vdb2 (type=0xc, size=1280M)
[ext4] backend: another_ext4
[kernel] tools disk (vdb1) mounted at tools
[kernel] net interface initialized (RoutingDevice: lo + eth)
[init] pseudo-fs mount framework ready
[init] /tmp is bind-mounted from ext4 /sdcard/tmp
[init] /etc is bind-mounted from tools disk
[init] bind mount /tools/bin -> /bin
[init] bind mount /tools/sbin -> /sbin
[init] bind mount /tools/lib -> /lib
[init] bind mount /tools/usr -> /usr
[init] bind mount /tools/root -> /root: skipped (errno=2)
[init] PID1 profile=normal runner=/test-runner
[test-runner] synchronizing clock
[initproc] config source=/sdcard/os_test.conf mode=run mask=0x110 timer_smoke=false skip_apk=true
[initproc] ensuring base directories...
[initproc] runtime layout ready
[initproc] linking musl/glibc libs to /lib ...
[initproc] lib linking done, exit=0
[initproc] prepare lmbench compatibility ...
[initproc] lmbench compatibility done, exit=0
[initproc] install libgcc_s: already exists, skipping
[initproc] skip_apk=true: skipping install_apk_packages
[initproc] run_selected_groups start mask=0x110
[initproc] skip basic (mask bit0 not set)
[initproc] skip busybox (mask bit1 not set)
[initproc] skip lua (mask bit2 not set)
#### OS COMP TEST GROUP START lmbench-musl ####
#### OS COMP TEST GROUP START lmbench-musl ####
latency measurements
Simple syscall: 38.2581 microseconds
Simple read: 80.2581 microseconds
Simple write: 42.0410 microseconds
Simple stat: 175.9655 microseconds
Simple fstat: 89.3175 microseconds
Simple open/close: 223.2308 microseconds
Select on 100 fd's: 195.2333 microseconds
Signal handler installation: 96.1429 microseconds
Signal handler overhead: 126.4667 microseconds
Protection fault: 38.3302 microseconds
Pipe latency: 595.9683 microseconds
Process fork+exit: 5598.0000 microseconds
Process fork+execve: 6097.0000 microseconds
Process fork+/bin/sh -c: 292838.0000 microseconds
File /var/tmp/XXX write bandwidth:19957 KB/sec
Pagefaults on /var/tmp/XXX: 109.0195 microseconds
0.524288 593
file system latency
0k	16	2770	2904
1k	12	2114	3064
4k	11	2046	2809
10k	10	1929	2812
Bandwidth measurements
Pipe bandwidth: 40.72 MB/sec
0.524288 95.57
0.524288 92.01
0.524288 4197.04
0.524288 38.26
context switch overhead

"size=32k ovr=209.04
2 109.41
4 92.36
8 102.29
16 105.71
24 106.25
32 106.40
64 109.81
96 111.28
#### OS COMP TEST GROUP END lmbench-musl ####
#### OS COMP TEST GROUP END lmbench-musl ####
[initproc] done lmbench_testcode.sh in /musl exit_code=0
#### OS COMP TEST GROUP START lmbench-glibc ####
#### OS COMP TEST GROUP START lmbench-glibc ####
latency measurements
Simple syscall: 36.7465 microseconds
Simple read: 81.4964 microseconds
Simple write: 40.1439 microseconds
Simple stat: 191.0323 microseconds
Simple fstat: 101.2241 microseconds
Simple open/close: 223.6538 microseconds
Select on 100 fd's: 192.2581 microseconds
Signal handler installation: 90.6949 microseconds
Signal handler overhead: 132.5161 microseconds
Protection fault: 28.0938 microseconds
Pipe latency: 592.5283 microseconds
Process fork+exit: 6554.0000 microseconds
Process fork+execve: 12483.0000 microseconds
Process fork+/bin/sh -c: 306048.0000 microseconds
File /var/tmp/XXX write bandwidth:64863 KB/sec
Pagefaults on /var/tmp/XXX: 109.9922 microseconds
0.524288 617
file system latency
0k	15	2554	2910
1k	12	2102	2847
4k	11	2009	2847
10k	11	1911	2820
Bandwidth measurements
Pipe bandwidth: 41.22 MB/sec
0.524288 95.30
0.524288 92.98
0.524288 2665.30
0.524288 36.36
context switch overhead

"size=32k ovr=211.86
2 108.42
4 108.89
8 106.10
16 108.14
24 123.18
32 170.36
64 115.81
96 109.50
#### OS COMP TEST GROUP END lmbench-glibc ####
#### OS COMP TEST GROUP END lmbench-glibc ####
[initproc] done lmbench_testcode.sh in /glibc exit_code=0
#### OS COMP TEST GROUP START iozone-musl ####
#### OS COMP TEST GROUP START iozone-musl ####
iozone automatic measurements
	Iozone: Performance Test of File I/O
	        Version $Revision: 3.506 $
		Compiled for 64 bit mode.
		Build: linux 

	Contributors:William Norcott, Don Capps, Isom Crawford, Kirby Collins
	             Al Slater, Scott Rhine, Mike Wisner, Ken Goss
	             Steve Landherr, Brad Smith, Mark Kelly, Dr. Alain CYR,
	             Randy Dunlap, Mark Montague, Dan Million, Gavin Brebner,
	             Jean-Marc Zucconi, Jeff Blomberg, Benny Halevy, Dave Boone,
	             Erik Habbinga, Kris Strecker, Walter Wong, Joshua Root,
	             Fabrice Bacchella, Zhenghua Xue, Qin Li, Darren Sawyer,
	             Vangel Bojaxhi, Ben England, Vikentsi Lapa,
	             Alexey Skidanov, Sudhir Kumar.

	Run began: Fri Jan  1 00:03:06 2027

	Auto Mode
	Record Size 1 kB
	File size set to 4096 kB
	Command line used: ./iozone -a -r 1k -s 4m
	Output is in kBytes/sec
	Time Resolution = 0.000078 seconds.
	Processor cache size set to 1024 kBytes.
	Processor cache line size set to 32 bytes.
	File stride size set to 17 * record size.
                                                                    random    random      bkwd     record     stride                                        
              kB  reclen    write    rewrite      read    reread      read     write      read    rewrite       read    fwrite  frewrite     fread   freread
            4096       1      2618      2644      7647      7681      5690      2308      5664       2328       5704      2525      2553      5399      5407

iozone test complete.
iozone throughput write/read measurements
	Iozone: Performance Test of File I/O
	        Version $Revision: 3.506 $
		Compiled for 64 bit mode.
		Build: linux 

	Contributors:William Norcott, Don Capps, Isom Crawford, Kirby Collins
	             Al Slater, Scott Rhine, Mike Wisner, Ken Goss
	             Steve Landherr, Brad Smith, Mark Kelly, Dr. Alain CYR,
	             Randy Dunlap, Mark Montague, Dan Million, Gavin Brebner,
	             Jean-Marc Zucconi, Jeff Blomberg, Benny Halevy, Dave Boone,
	             Erik Habbinga, Kris Strecker, Walter Wong, Joshua Root,
	             Fabrice Bacchella, Zhenghua Xue, Qin Li, Darren Sawyer,
	             Vangel Bojaxhi, Ben England, Vikentsi Lapa,
	             Alexey Skidanov, Sudhir Kumar.

	Run began: Fri Jan  1 00:03:25 2027

	Record Size 1 kB
	File size set to 1024 kB
	Command line used: ./iozone -t 4 -i 0 -i 1 -r 1k -s 1m
	Output is in kBytes/sec
	Time Resolution = 0.000078 seconds.
	Processor cache size set to 1024 kBytes.
	Processor cache line size set to 32 bytes.
	File stride size set to 17 * record size.
	Throughput test with 4 processes
	Each process writes a 1024 kByte file in 1 kByte records

	Children see throughput for  4 initial writers 	=    2407.40 kB/sec
	Parent sees throughput for  4 initial writers 	=    1877.44 kB/sec
	Min throughput per process 			=     513.09 kB/sec 
	Max throughput per process 			=     690.97 kB/sec
	Avg throughput per process 			=     601.85 kB/sec
	Min xfer 					=     990.00 kB

	Children see throughput for  4 rewriters 	=    2174.33 kB/sec
	Parent sees throughput for  4 rewriters 	=    1805.31 kB/sec
	Min throughput per process 			=     471.87 kB/sec 
	Max throughput per process 			=     690.31 kB/sec
	Avg throughput per process 			=     543.58 kB/sec
	Min xfer 					=    1002.00 kB

	Children see throughput for  4 readers 		=    8054.11 kB/sec
	Parent sees throughput for  4 readers 		=    7090.07 kB/sec
	Min throughput per process 			=    1918.15 kB/sec 
	Max throughput per process 			=    2111.04 kB/sec
	Avg throughput per process 			=    2013.53 kB/sec
	Min xfer 					=     968.00 kB

	Children see throughput for 4 re-readers 	=    8037.93 kB/sec
	Parent sees throughput for 4 re-readers 	=    7080.44 kB/sec
	Min throughput per process 			=    1863.25 kB/sec 
	Max throughput per process 			=    2112.62 kB/sec
	Avg throughput per process 			=    2009.48 kB/sec
	Min xfer 					=     996.00 kB



iozone test complete.
iozone throughput random-read measurements
	Iozone: Performance Test of File I/O
	        Version $Revision: 3.506 $
		Compiled for 64 bit mode.
		Build: linux 

	Contributors:William Norcott, Don Capps, Isom Crawford, Kirby Collins
	             Al Slater, Scott Rhine, Mike Wisner, Ken Goss
	             Steve Landherr, Brad Smith, Mark Kelly, Dr. Alain CYR,
	             Randy Dunlap, Mark Montague, Dan Million, Gavin Brebner,
	             Jean-Marc Zucconi, Jeff Blomberg, Benny Halevy, Dave Boone,
	             Erik Habbinga, Kris Strecker, Walter Wong, Joshua Root,
	             Fabrice Bacchella, Zhenghua Xue, Qin Li, Darren Sawyer,
	             Vangel Bojaxhi, Ben England, Vikentsi Lapa,
	             Alexey Skidanov, Sudhir Kumar.

	Run began: Fri Jan  1 00:03:46 2027

	Record Size 1 kB
	File size set to 1024 kB
	Command line used: ./iozone -t 4 -i 0 -i 2 -r 1k -s 1m
	Output is in kBytes/sec
	Time Resolution = 0.000078 seconds.
	Processor cache size set to 1024 kBytes.
	Processor cache line size set to 32 bytes.
	File stride size set to 17 * record size.
	Throughput test with 4 processes
	Each process writes a 1024 kByte file in 1 kByte records

	Children see throughput for  4 initial writers 	=    2528.20 kB/sec
	Parent sees throughput for  4 initial writers 	=    1980.45 kB/sec
	Min throughput per process 			=     600.39 kB/sec 
	Max throughput per process 			=     687.63 kB/sec
	Avg throughput per process 			=     632.05 kB/sec
	Min xfer 					=     980.00 kB

	Children see throughput for  4 rewriters 	=    2617.06 kB/sec
	Parent sees throughput for  4 rewriters 	=    2400.56 kB/sec
	Min throughput per process 			=     612.38 kB/sec 
	Max throughput per process 			=     688.93 kB/sec
	Avg throughput per process 			=     654.27 kB/sec
	Min xfer 					=     992.00 kB

	Children see throughput for 4 random readers 	=    5777.67 kB/sec
	Parent sees throughput for 4 random readers 	=    5254.35 kB/sec
	Min throughput per process 			=    1360.74 kB/sec 
	Max throughput per process 			=    1496.53 kB/sec
	Avg throughput per process 			=    1444.42 kB/sec
	Min xfer 					=    1003.00 kB

	Children see throughput for 4 random writers 	=    2302.77 kB/sec
	Parent sees throughput for 4 random writers 	=    1706.55 kB/sec
	Min throughput per process 			=     541.90 kB/sec 
	Max throughput per process 			=     607.25 kB/sec
	Avg throughput per process 			=     575.69 kB/sec
	Min xfer 					=     988.00 kB



iozone test complete.
iozone throughput read-backwards measurements
	Iozone: Performance Test of File I/O
	        Version $Revision: 3.506 $
		Compiled for 64 bit mode.
		Build: linux 

	Contributors:William Norcott, Don Capps, Isom Crawford, Kirby Collins
	             Al Slater, Scott Rhine, Mike Wisner, Ken Goss
	             Steve Landherr, Brad Smith, Mark Kelly, Dr. Alain CYR,
	             Randy Dunlap, Mark Montague, Dan Million, Gavin Brebner,
	             Jean-Marc Zucconi, Jeff Blomberg, Benny Halevy, Dave Boone,
	             Erik Habbinga, Kris Strecker, Walter Wong, Joshua Root,
	             Fabrice Bacchella, Zhenghua Xue, Qin Li, Darren Sawyer,
	             Vangel Bojaxhi, Ben England, Vikentsi Lapa,
	             Alexey Skidanov, Sudhir Kumar.

	Run began: Fri Jan  1 00:04:13 2027

	Record Size 1 kB
	File size set to 1024 kB
	Command line used: ./iozone -t 4 -i 0 -i 3 -r 1k -s 1m
	Output is in kBytes/sec
	Time Resolution = 0.000078 seconds.
	Processor cache size set to 1024 kBytes.
	Processor cache line size set to 32 bytes.
	File stride size set to 17 * record size.
	Throughput test with 4 processes
	Each process writes a 1024 kByte file in 1 kByte records

	Children see throughput for  4 initial writers 	=    2416.38 kB/sec
	Parent sees throughput for  4 initial writers 	=    1912.30 kB/sec
	Min throughput per process 			=     570.53 kB/sec 
	Max throughput per process 			=     672.45 kB/sec
	Avg throughput per process 			=     604.10 kB/sec
	Min xfer 					=     976.00 kB

	Children see throughput for  4 rewriters 	=    2645.69 kB/sec
	Parent sees throughput for  4 rewriters 	=    2287.51 kB/sec
	Min throughput per process 			=     626.38 kB/sec 
	Max throughput per process 			=     707.13 kB/sec
	Avg throughput per process 			=     661.42 kB/sec
	Min xfer 					=     974.00 kB

	Children see throughput for 4 reverse readers 	=    5684.19 kB/sec
	Parent sees throughput for 4 reverse readers 	=    5045.60 kB/sec
	Min throughput per process 			=    1336.45 kB/sec 
	Max throughput per process 			=    1579.56 kB/sec
	Avg throughput per process 			=    1421.05 kB/sec
	Min xfer 					=     967.00 kB



iozone test complete.
iozone throughput stride-read measurements
	Iozone: Performance Test of File I/O
	        Version $Revision: 3.506 $
		Compiled for 64 bit mode.
		Build: linux 

	Contributors:William Norcott, Don Capps, Isom Crawford, Kirby Collins
	             Al Slater, Scott Rhine, Mike Wisner, Ken Goss
	             Steve Landherr, Brad Smith, Mark Kelly, Dr. Alain CYR,
	             Randy Dunlap, Mark Montague, Dan Million, Gavin Brebner,
	             Jean-Marc Zucconi, Jeff Blomberg, Benny Halevy, Dave Boone,
	             Erik Habbinga, Kris Strecker, Walter Wong, Joshua Root,
	             Fabrice Bacchella, Zhenghua Xue, Qin Li, Darren Sawyer,
	             Vangel Bojaxhi, Ben England, Vikentsi Lapa,
	             Alexey Skidanov, Sudhir Kumar.

	Run began: Fri Jan  1 00:04:34 2027

	Record Size 1 kB
	File size set to 1024 kB
	Command line used: ./iozone -t 4 -i 0 -i 5 -r 1k -s 1m
	Output is in kBytes/sec
	Time Resolution = 0.000078 seconds.
	Processor cache size set to 1024 kBytes.
	Processor cache line size set to 32 bytes.
	File stride size set to 17 * record size.
	Throughput test with 4 processes
	Each process writes a 1024 kByte file in 1 kByte records

	Children see throughput for  4 initial writers 	=    2152.48 kB/sec
	Parent sees throughput for  4 initial writers 	=    1743.25 kB/sec
	Min throughput per process 			=     457.23 kB/sec 
	Max throughput per process 			=     653.18 kB/sec
	Avg throughput per process 			=     538.12 kB/sec
	Min xfer 					=     976.00 kB

	Children see throughput for  4 rewriters 	=    2611.76 kB/sec
	Parent sees throughput for  4 rewriters 	=    2394.95 kB/sec
	Min throughput per process 			=     607.27 kB/sec 
	Max throughput per process 			=     689.62 kB/sec
	Avg throughput per process 			=     652.94 kB/sec
	Min xfer 					=     983.00 kB

	Children see throughput for 4 stride readers 	=    5200.19 kB/sec
	Parent sees throughput for 4 stride readers 	=    4456.32 kB/sec
	Min throughput per process 			=    1143.86 kB/sec 
	Max throughput per process 			=    1578.49 kB/sec
	Avg throughput per process 			=    1300.05 kB/sec
	Min xfer 					=     966.00 kB



iozone test complete.
iozone throughput fwrite/fread measurements
	Iozone: Performance Test of File I/O
	        Version $Revision: 3.506 $
		Compiled for 64 bit mode.
		Build: linux 

	Contributors:William Norcott, Don Capps, Isom Crawford, Kirby Collins
	             Al Slater, Scott Rhine, Mike Wisner, Ken Goss
	             Steve Landherr, Brad Smith, Mark Kelly, Dr. Alain CYR,
	             Randy Dunlap, Mark Montague, Dan Million, Gavin Brebner,
	             Jean-Marc Zucconi, Jeff Blomberg, Benny Halevy, Dave Boone,
	             Erik Habbinga, Kris Strecker, Walter Wong, Joshua Root,
	             Fabrice Bacchella, Zhenghua Xue, Qin Li, Darren Sawyer,
	             Vangel Bojaxhi, Ben England, Vikentsi Lapa,
	             Alexey Skidanov, Sudhir Kumar.

	Run began: Fri Jan  1 00:04:54 2027

	Record Size 1 kB
	File size set to 1024 kB
	Command line used: ./iozone -t 4 -i 6 -i 7 -r 1k -s 1m
	Output is in kBytes/sec
	Time Resolution = 0.000078 seconds.
	Processor cache size set to 1024 kBytes.
	Processor cache line size set to 32 bytes.
	File stride size set to 17 * record size.
	Throughput test with 4 processes
	Each process writes a 1024 kByte file in 1 kByte records

	Children see throughput for  4 fwriters 	=    2433.35 kB/sec
	Parent sees throughput for  4 fwriters 		=    1937.34 kB/sec
	Min throughput per process 			=     527.68 kB/sec 
	Max throughput per process 			=     687.87 kB/sec
	Avg throughput per process 			=     608.34 kB/sec
	Min xfer 					=    1024.00 kB

	Children see throughput for  4 freaders 	=    5561.62 kB/sec
	Parent sees throughput for  4 freaders 		=    5197.96 kB/sec
	Min throughput per process 			=    1311.03 kB/sec 
	Max throughput per process 			=    1421.20 kB/sec
	Avg throughput per process 			=    1390.41 kB/sec
	Min xfer 					=    1024.00 kB



iozone test complete.
iozone throughput pwrite/pread measurements
	Iozone: Performance Test of File I/O
	        Version $Revision: 3.506 $
		Compiled for 64 bit mode.
		Build: linux 

	Contributors:William Norcott, Don Capps, Isom Crawford, Kirby Collins
	             Al Slater, Scott Rhine, Mike Wisner, Ken Goss
	             Steve Landherr, Brad Smith, Mark Kelly, Dr. Alain CYR,
	             Randy Dunlap, Mark Montague, Dan Million, Gavin Brebner,
	             Jean-Marc Zucconi, Jeff Blomberg, Benny Halevy, Dave Boone,
	             Erik Habbinga, Kris Strecker, Walter Wong, Joshua Root,
	             Fabrice Bacchella, Zhenghua Xue, Qin Li, Darren Sawyer,
	             Vangel Bojaxhi, Ben England, Vikentsi Lapa,
	             Alexey Skidanov, Sudhir Kumar.

	Run began: Fri Jan  1 00:05:09 2027

	Record Size 1 kB
	File size set to 1024 kB
	Command line used: ./iozone -t 4 -i 9 -i 10 -r 1k -s 1m
	Output is in kBytes/sec
	Time Resolution = 0.000077 seconds.
	Processor cache size set to 1024 kBytes.
	Processor cache line size set to 32 bytes.
	File stride size set to 17 * record size.
	Throughput test with 4 processes
	Each process writes a 1024 kByte file in 1 kByte records

	Children see throughput for 4 pwrite writers 	=    2537.28 kB/sec
	Parent sees throughput for 4 pwrite writers 	=    1875.88 kB/sec
	Min throughput per process 			=     525.80 kB/sec 
	Max throughput per process 			=     749.62 kB/sec
	Avg throughput per process 			=     634.32 kB/sec
	Min xfer 					=     983.00 kB

	Children see throughput for 4 pread readers 	=    6538.02 kB/sec
	Parent sees throughput for 4 pread readers 	=    5068.48 kB/sec
	Min throughput per process 			=    1330.38 kB/sec 
	Max throughput per process 			=    2291.46 kB/sec
	Avg throughput per process 			=    1634.51 kB/sec
	Min xfer 					=     967.00 kB



iozone test complete.
iozone throughtput pwritev/preadv measurements
	Iozone: Performance Test of File I/O
	        Version $Revision: 3.506 $
		Compiled for 64 bit mode.
		Build: linux 

	Contributors:William Norcott, Don Capps, Isom Crawford, Kirby Collins
	             Al Slater, Scott Rhine, Mike Wisner, Ken Goss
	             Steve Landherr, Brad Smith, Mark Kelly, Dr. Alain CYR,
	             Randy Dunlap, Mark Montague, Dan Million, Gavin Brebner,
	             Jean-Marc Zucconi, Jeff Blomberg, Benny Halevy, Dave Boone,
	             Erik Habbinga, Kris Strecker, Walter Wong, Joshua Root,
	             Fabrice Bacchella, Zhenghua Xue, Qin Li, Darren Sawyer,
	             Vangel Bojaxhi, Ben England, Vikentsi Lapa,
	             Alexey Skidanov, Sudhir Kumar.

	Run began: Fri Jan  1 00:05:28 2027

	Selected test not available on the version.
	Record Size 1 kB
	File size set to 1024 kB
	Command line used: ./iozone -t 4 -i 11 -i 12 -r 1k -s 1m
	Output is in kBytes/sec
	Time Resolution = 0.000077 seconds.
	Processor cache size set to 1024 kBytes.
	Processor cache line size set to 32 bytes.
	File stride size set to 17 * record size.
	Throughput test with 4 processes
	Each process writes a 1024 kByte file in 1 kByte records

	Children see throughput for  4 initial writers 	=    2481.47 kB/sec
	Parent sees throughput for  4 initial writers 	=    1505.26 kB/sec
	Min throughput per process 			=     583.66 kB/sec 
	Max throughput per process 			=     688.21 kB/sec
	Avg throughput per process 			=     620.37 kB/sec
	Min xfer 					=     981.00 kB

	Children see throughput for  4 rewriters 	=    2426.28 kB/sec
	Parent sees throughput for  4 rewriters 	=    2107.61 kB/sec
	Min throughput per process 			=     565.01 kB/sec 
	Max throughput per process 			=     687.83 kB/sec
	Avg throughput per process 			=     606.57 kB/sec
	Min xfer 					=     984.00 kB



iozone test complete.
#### OS COMP TEST GROUP END iozone-musl ####
#### OS COMP TEST GROUP END iozone-musl ####
[initproc] done iozone_testcode.sh in /musl exit_code=0
#### OS COMP TEST GROUP START iozone-glibc ####
#### OS COMP TEST GROUP START iozone-glibc ####
iozone automatic measurements
	Iozone: Performance Test of File I/O
	        Version $Revision: 3.506 $
		Compiled for 64 bit mode.
		Build: linux 

	Contributors:William Norcott, Don Capps, Isom Crawford, Kirby Collins
	             Al Slater, Scott Rhine, Mike Wisner, Ken Goss
	             Steve Landherr, Brad Smith, Mark Kelly, Dr. Alain CYR,
	             Randy Dunlap, Mark Montague, Dan Million, Gavin Brebner,
	             Jean-Marc Zucconi, Jeff Blomberg, Benny Halevy, Dave Boone,
	             Erik Habbinga, Kris Strecker, Walter Wong, Joshua Root,
	             Fabrice Bacchella, Zhenghua Xue, Qin Li, Darren Sawyer,
	             Vangel Bojaxhi, Ben England, Vikentsi Lapa,
	             Alexey Skidanov, Sudhir Kumar.

	Run began: Fri Jan  1 00:05:45 2027

	Auto Mode
	Record Size 1 kB
	File size set to 4096 kB
	Command line used: ./iozone -a -r 1k -s 4m
	Output is in kBytes/sec
	Time Resolution = 0.000080 seconds.
	Processor cache size set to 1024 kBytes.
	Processor cache line size set to 32 bytes.
	File stride size set to 17 * record size.
                                                                    random    random      bkwd     record     stride                                        
              kB  reclen    write    rewrite      read    reread      read     write      read    rewrite       read    fwrite  frewrite     fread   freread
            4096       1      2718      2675      7778      7477      5828      2396      5826       2319       5924      2591      2634      7732      7729

iozone test complete.
iozone throughput write/read measurements
	Iozone: Performance Test of File I/O
	        Version $Revision: 3.506 $
		Compiled for 64 bit mode.
		Build: linux 

	Contributors:William Norcott, Don Capps, Isom Crawford, Kirby Collins
	             Al Slater, Scott Rhine, Mike Wisner, Ken Goss
	             Steve Landherr, Brad Smith, Mark Kelly, Dr. Alain CYR,
	             Randy Dunlap, Mark Montague, Dan Million, Gavin Brebner,
	             Jean-Marc Zucconi, Jeff Blomberg, Benny Halevy, Dave Boone,
	             Erik Habbinga, Kris Strecker, Walter Wong, Joshua Root,
	             Fabrice Bacchella, Zhenghua Xue, Qin Li, Darren Sawyer,
	             Vangel Bojaxhi, Ben England, Vikentsi Lapa,
	             Alexey Skidanov, Sudhir Kumar.

	Run began: Fri Jan  1 00:06:05 2027

	Record Size 1 kB
	File size set to 1024 kB
	Command line used: ./iozone -t 4 -i 0 -i 1 -r 1k -s 1m
	Output is in kBytes/sec
	Time Resolution = 0.000080 seconds.
	Processor cache size set to 1024 kBytes.
	Processor cache line size set to 32 bytes.
	File stride size set to 17 * record size.
	Throughput test with 4 processes
	Each process writes a 1024 kByte file in 1 kByte records

	Children see throughput for  4 initial writers 	=    2383.44 kB/sec
	Parent sees throughput for  4 initial writers 	=    1686.97 kB/sec
	Min throughput per process 			=     522.62 kB/sec 
	Max throughput per process 			=     688.84 kB/sec
	Avg throughput per process 			=     595.86 kB/sec
	Min xfer 					=     975.00 kB

	Children see throughput for  4 rewriters 	=    2565.68 kB/sec
	Parent sees throughput for  4 rewriters 	=    2319.74 kB/sec
	Min throughput per process 			=     595.25 kB/sec 
	Max throughput per process 			=     688.15 kB/sec
	Avg throughput per process 			=     641.42 kB/sec
	Min xfer 					=     990.00 kB

	Children see throughput for  4 readers 		=    8119.32 kB/sec
	Parent sees throughput for  4 readers 		=    7137.69 kB/sec
	Min throughput per process 			=    1901.63 kB/sec 
	Max throughput per process 			=    2117.97 kB/sec
	Avg throughput per process 			=    2029.83 kB/sec
	Min xfer 					=     997.00 kB

	Children see throughput for 4 re-readers 	=    8360.10 kB/sec
	Parent sees throughput for 4 re-readers 	=    7216.49 kB/sec
	Min throughput per process 			=    2058.73 kB/sec 
	Max throughput per process 			=    2115.10 kB/sec
	Avg throughput per process 			=    2090.02 kB/sec
	Min xfer 					=    1005.00 kB



iozone test complete.
iozone throughput random-read measurements
	Iozone: Performance Test of File I/O
	        Version $Revision: 3.506 $
		Compiled for 64 bit mode.
		Build: linux 

	Contributors:William Norcott, Don Capps, Isom Crawford, Kirby Collins
	             Al Slater, Scott Rhine, Mike Wisner, Ken Goss
	             Steve Landherr, Brad Smith, Mark Kelly, Dr. Alain CYR,
	             Randy Dunlap, Mark Montague, Dan Million, Gavin Brebner,
	             Jean-Marc Zucconi, Jeff Blomberg, Benny Halevy, Dave Boone,
	             Erik Habbinga, Kris Strecker, Walter Wong, Joshua Root,
	             Fabrice Bacchella, Zhenghua Xue, Qin Li, Darren Sawyer,
	             Vangel Bojaxhi, Ben England, Vikentsi Lapa,
	             Alexey Skidanov, Sudhir Kumar.

	Run began: Fri Jan  1 00:06:30 2027

	Record Size 1 kB
	File size set to 1024 kB
	Command line used: ./iozone -t 4 -i 0 -i 2 -r 1k -s 1m
	Output is in kBytes/sec
	Time Resolution = 0.000080 seconds.
	Processor cache size set to 1024 kBytes.
	Processor cache line size set to 32 bytes.
	File stride size set to 17 * record size.
	Throughput test with 4 processes
	Each process writes a 1024 kByte file in 1 kByte records

	Children see throughput for  4 initial writers 	=    2153.72 kB/sec
	Parent sees throughput for  4 initial writers 	=    1616.36 kB/sec
	Min throughput per process 			=     431.62 kB/sec 
	Max throughput per process 			=     709.08 kB/sec
	Avg throughput per process 			=     538.43 kB/sec
	Min xfer 					=     981.00 kB

	Children see throughput for  4 rewriters 	=    2710.95 kB/sec
	Parent sees throughput for  4 rewriters 	=    2389.51 kB/sec
	Min throughput per process 			=     621.62 kB/sec 
	Max throughput per process 			=     729.29 kB/sec
	Avg throughput per process 			=     677.74 kB/sec
	Min xfer 					=     983.00 kB

	Children see throughput for 4 random readers 	=    6077.35 kB/sec
	Parent sees throughput for 4 random readers 	=    5513.64 kB/sec
	Min throughput per process 			=    1441.96 kB/sec 
	Max throughput per process 			=    1585.39 kB/sec
	Avg throughput per process 			=    1519.34 kB/sec
	Min xfer 					=     974.00 kB

	Children see throughput for 4 random writers 	=    2290.00 kB/sec
	Parent sees throughput for 4 random writers 	=    2020.23 kB/sec
	Min throughput per process 			=     538.30 kB/sec 
	Max throughput per process 			=     607.38 kB/sec
	Avg throughput per process 			=     572.50 kB/sec
	Min xfer 					=     981.00 kB



iozone test complete.
iozone throughput read-backwards measurements
	Iozone: Performance Test of File I/O
	        Version $Revision: 3.506 $
		Compiled for 64 bit mode.
		Build: linux 

	Contributors:William Norcott, Don Capps, Isom Crawford, Kirby Collins
	             Al Slater, Scott Rhine, Mike Wisner, Ken Goss
	             Steve Landherr, Brad Smith, Mark Kelly, Dr. Alain CYR,
	             Randy Dunlap, Mark Montague, Dan Million, Gavin Brebner,
	             Jean-Marc Zucconi, Jeff Blomberg, Benny Halevy, Dave Boone,
	             Erik Habbinga, Kris Strecker, Walter Wong, Joshua Root,
	             Fabrice Bacchella, Zhenghua Xue, Qin Li, Darren Sawyer,
	             Vangel Bojaxhi, Ben England, Vikentsi Lapa,
	             Alexey Skidanov, Sudhir Kumar.

	Run began: Fri Jan  1 00:07:00 2027

	Record Size 1 kB
	File size set to 1024 kB
	Command line used: ./iozone -t 4 -i 0 -i 3 -r 1k -s 1m
	Output is in kBytes/sec
	Time Resolution = 0.000080 seconds.
	Processor cache size set to 1024 kBytes.
	Processor cache line size set to 32 bytes.
	File stride size set to 17 * record size.
	Throughput test with 4 processes
	Each process writes a 1024 kByte file in 1 kByte records

	Children see throughput for  4 initial writers 	=    2303.12 kB/sec
	Parent sees throughput for  4 initial writers 	=    1784.56 kB/sec
	Min throughput per process 			=     486.74 kB/sec 
	Max throughput per process 			=     673.71 kB/sec
	Avg throughput per process 			=     575.78 kB/sec
	Min xfer 					=     997.00 kB

	Children see throughput for  4 rewriters 	=    2509.03 kB/sec
	Parent sees throughput for  4 rewriters 	=    2273.00 kB/sec
	Min throughput per process 			=     595.24 kB/sec 
	Max throughput per process 			=     671.35 kB/sec
	Avg throughput per process 			=     627.26 kB/sec
	Min xfer 					=     981.00 kB

	Children see throughput for 4 reverse readers 	=    6049.93 kB/sec
	Parent sees throughput for 4 reverse readers 	=    5188.45 kB/sec
	Min throughput per process 			=    1434.81 kB/sec 
	Max throughput per process 			=    1582.14 kB/sec
	Avg throughput per process 			=    1512.48 kB/sec
	Min xfer 					=     990.00 kB



iozone test complete.
iozone throughput stride-read measurements
	Iozone: Performance Test of File I/O
	        Version $Revision: 3.506 $
		Compiled for 64 bit mode.
		Build: linux 

	Contributors:William Norcott, Don Capps, Isom Crawford, Kirby Collins
	             Al Slater, Scott Rhine, Mike Wisner, Ken Goss
	             Steve Landherr, Brad Smith, Mark Kelly, Dr. Alain CYR,
	             Randy Dunlap, Mark Montague, Dan Million, Gavin Brebner,
	             Jean-Marc Zucconi, Jeff Blomberg, Benny Halevy, Dave Boone,
	             Erik Habbinga, Kris Strecker, Walter Wong, Joshua Root,
	             Fabrice Bacchella, Zhenghua Xue, Qin Li, Darren Sawyer,
	             Vangel Bojaxhi, Ben England, Vikentsi Lapa,
	             Alexey Skidanov, Sudhir Kumar.

	Run began: Fri Jan  1 00:07:23 2027

	Record Size 1 kB
	File size set to 1024 kB
	Command line used: ./iozone -t 4 -i 0 -i 5 -r 1k -s 1m
	Output is in kBytes/sec
	Time Resolution = 0.000080 seconds.
	Processor cache size set to 1024 kBytes.
	Processor cache line size set to 32 bytes.
	File stride size set to 17 * record size.
	Throughput test with 4 processes
	Each process writes a 1024 kByte file in 1 kByte records

	Children see throughput for  4 initial writers 	=    2331.71 kB/sec
	Parent sees throughput for  4 initial writers 	=    1701.53 kB/sec
	Min throughput per process 			=     522.49 kB/sec 
	Max throughput per process 			=     669.97 kB/sec
	Avg throughput per process 			=     582.93 kB/sec
	Min xfer 					=     965.00 kB

	Children see throughput for  4 rewriters 	=    2415.21 kB/sec
	Parent sees throughput for  4 rewriters 	=    2142.23 kB/sec
	Min throughput per process 			=     552.41 kB/sec 
	Max throughput per process 			=     672.88 kB/sec
	Avg throughput per process 			=     603.80 kB/sec
	Min xfer 					=     991.00 kB

	Children see throughput for 4 stride readers 	=    5988.74 kB/sec
	Parent sees throughput for 4 stride readers 	=    5415.44 kB/sec
	Min throughput per process 			=    1393.50 kB/sec 
	Max throughput per process 			=    1581.42 kB/sec
	Avg throughput per process 			=    1497.18 kB/sec
	Min xfer 					=     970.00 kB



iozone test complete.
iozone throughput fwrite/fread measurements
	Iozone: Performance Test of File I/O
	        Version $Revision: 3.506 $
		Compiled for 64 bit mode.
		Build: linux 

	Contributors:William Norcott, Don Capps, Isom Crawford, Kirby Collins
	             Al Slater, Scott Rhine, Mike Wisner, Ken Goss
	             Steve Landherr, Brad Smith, Mark Kelly, Dr. Alain CYR,
	             Randy Dunlap, Mark Montague, Dan Million, Gavin Brebner,
	             Jean-Marc Zucconi, Jeff Blomberg, Benny Halevy, Dave Boone,
	             Erik Habbinga, Kris Strecker, Walter Wong, Joshua Root,
	             Fabrice Bacchella, Zhenghua Xue, Qin Li, Darren Sawyer,
	             Vangel Bojaxhi, Ben England, Vikentsi Lapa,
	             Alexey Skidanov, Sudhir Kumar.

	Run began: Fri Jan  1 00:07:46 2027

	Record Size 1 kB
	File size set to 1024 kB
	Command line used: ./iozone -t 4 -i 6 -i 7 -r 1k -s 1m
	Output is in kBytes/sec
	Time Resolution = 0.000080 seconds.
	Processor cache size set to 1024 kBytes.
	Processor cache line size set to 32 bytes.
	File stride size set to 17 * record size.
	Throughput test with 4 processes
	Each process writes a 1024 kByte file in 1 kByte records

	Children see throughput for  4 fwriters 	=    2335.56 kB/sec
	Parent sees throughput for  4 fwriters 		=    1784.30 kB/sec
	Min throughput per process 			=     489.16 kB/sec 
	Max throughput per process 			=     689.23 kB/sec
	Avg throughput per process 			=     583.89 kB/sec
	Min xfer 					=    1024.00 kB

	Children see throughput for  4 freaders 	=    7983.23 kB/sec
	Parent sees throughput for  4 freaders 		=    7214.57 kB/sec
	Min throughput per process 			=    1838.08 kB/sec 
	Max throughput per process 			=    2094.15 kB/sec
	Avg throughput per process 			=    1995.81 kB/sec
	Min xfer 					=    1024.00 kB



iozone test complete.
iozone throughput pwrite/pread measurements
	Iozone: Performance Test of File I/O
	        Version $Revision: 3.506 $
		Compiled for 64 bit mode.
		Build: linux 

	Contributors:William Norcott, Don Capps, Isom Crawford, Kirby Collins
	             Al Slater, Scott Rhine, Mike Wisner, Ken Goss
	             Steve Landherr, Brad Smith, Mark Kelly, Dr. Alain CYR,
	             Randy Dunlap, Mark Montague, Dan Million, Gavin Brebner,
	             Jean-Marc Zucconi, Jeff Blomberg, Benny Halevy, Dave Boone,
	             Erik Habbinga, Kris Strecker, Walter Wong, Joshua Root,
	             Fabrice Bacchella, Zhenghua Xue, Qin Li, Darren Sawyer,
	             Vangel Bojaxhi, Ben England, Vikentsi Lapa,
	             Alexey Skidanov, Sudhir Kumar.

	Run began: Fri Jan  1 00:08:03 2027

	Record Size 1 kB
	File size set to 1024 kB
	Command line used: ./iozone -t 4 -i 9 -i 10 -r 1k -s 1m
	Output is in kBytes/sec
	Time Resolution = 0.000080 seconds.
	Processor cache size set to 1024 kBytes.
	Processor cache line size set to 32 bytes.
	File stride size set to 17 * record size.
	Throughput test with 4 processes
	Each process writes a 1024 kByte file in 1 kByte records

	Children see throughput for 4 pwrite writers 	=    2297.37 kB/sec
	Parent sees throughput for 4 pwrite writers 	=    1782.98 kB/sec
	Min throughput per process 			=     476.60 kB/sec 
	Max throughput per process 			=     689.91 kB/sec
	Avg throughput per process 			=     574.34 kB/sec
	Min xfer 					=     983.00 kB

	Children see throughput for 4 pread readers 	=    8686.34 kB/sec
	Parent sees throughput for 4 pread readers 	=    7502.89 kB/sec
	Min throughput per process 			=    2017.19 kB/sec 
	Max throughput per process 			=    2296.14 kB/sec
	Avg throughput per process 			=    2171.59 kB/sec
	Min xfer 					=     958.00 kB



iozone test complete.
iozone throughtput pwritev/preadv measurements
	Iozone: Performance Test of File I/O
	        Version $Revision: 3.506 $
		Compiled for 64 bit mode.
		Build: linux 

	Contributors:William Norcott, Don Capps, Isom Crawford, Kirby Collins
	             Al Slater, Scott Rhine, Mike Wisner, Ken Goss
	             Steve Landherr, Brad Smith, Mark Kelly, Dr. Alain CYR,
	             Randy Dunlap, Mark Montague, Dan Million, Gavin Brebner,
	             Jean-Marc Zucconi, Jeff Blomberg, Benny Halevy, Dave Boone,
	             Erik Habbinga, Kris Strecker, Walter Wong, Joshua Root,
	             Fabrice Bacchella, Zhenghua Xue, Qin Li, Darren Sawyer,
	             Vangel Bojaxhi, Ben England, Vikentsi Lapa,
	             Alexey Skidanov, Sudhir Kumar.

	Run began: Fri Jan  1 00:08:24 2027

	Selected test not available on the version.
	Record Size 1 kB
	File size set to 1024 kB
	Command line used: ./iozone -t 4 -i 11 -i 12 -r 1k -s 1m
	Output is in kBytes/sec
	Time Resolution = 0.000080 seconds.
	Processor cache size set to 1024 kBytes.
	Processor cache line size set to 32 bytes.
	File stride size set to 17 * record size.
	Throughput test with 4 processes
	Each process writes a 1024 kByte file in 1 kByte records

	Children see throughput for  4 initial writers 	=    2330.80 kB/sec
	Parent sees throughput for  4 initial writers 	=    1655.36 kB/sec
	Min throughput per process 			=     500.66 kB/sec 
	Max throughput per process 			=     689.18 kB/sec
	Avg throughput per process 			=     582.70 kB/sec
	Min xfer 					=     951.00 kB

	Children see throughput for  4 rewriters 	=    2639.71 kB/sec
	Parent sees throughput for  4 rewriters 	=    2397.41 kB/sec
	Min throughput per process 			=     638.11 kB/sec 
	Max throughput per process 			=     707.23 kB/sec
	Avg throughput per process 			=     659.93 kB/sec
	Min xfer 					=     978.00 kB



iozone test complete.
#### OS COMP TEST GROUP END iozone-glibc ####
#### OS COMP TEST GROUP END iozone-glibc ####
[initproc] done iozone_testcode.sh in /glibc exit_code=0
[initproc] skip libcbench (mask bit7 not set)
[initproc] skip netperf (mask bit9 not set)
[initproc] skip iperf (mask bit6 not set)
[initproc] skip libctest (mask bit3 not set)
[initproc] skip cyclictest (mask bit10 not set)
[initproc] skip ltp (mask bit11 not set)
[initproc] skip cpython (mask bit12 not set)
[initproc] skip unixbench (mask bit5 not set)
[initproc] run_selected_groups done
make: Leaving directory '/app/os'
