make: Entering directory '/app/os'
Rust toolchain preflight passed: nightly-2026-05-10

OpenSBI v1.5.1
   ____                    _____ ____ _____
  / __ \                  / ____|  _ \_   _|
 | |  | |_ __   ___ _ __ | (___ | |_) || |
 | |  | | '_ \ / _ \ '_ \ \___ \|  _ < | |
 | |__| | |_) |  __/ | | |____) | |_) || |_
  \____/| .__/ \___|_| |_|_____/|____/_____|
        | |
        |_|

Platform Name             : riscv-virtio,qemu
Platform Features         : medeleg
Platform HART Count       : 1
Platform IPI Device       : aclint-mswi
Platform Timer Device     : aclint-mtimer @ 10000000Hz
Platform Console Device   : uart8250
Platform HSM Device       : ---
Platform PMU Device       : ---
Platform Reboot Device    : syscon-reboot
Platform Shutdown Device  : syscon-poweroff
Platform Suspend Device   : ---
Platform CPPC Device      : ---
Firmware Base             : 0x80000000
Firmware Size             : 327 KB
Firmware RW Offset        : 0x40000
Firmware RW Size          : 71 KB
Firmware Heap Offset      : 0x49000
Firmware Heap Size        : 35 KB (total), 2 KB (reserved), 11 KB (used), 21 KB (free)
Firmware Scratch Size     : 4096 B (total), 416 B (used), 3680 B (free)
Runtime SBI Version       : 2.0

Domain0 Name              : root
Domain0 Boot HART         : 0
Domain0 HARTs             : 0*
Domain0 Region00          : 0x0000000000100000-0x0000000000100fff M: (I,R,W) S/U: (R,W)
Domain0 Region01          : 0x0000000010000000-0x0000000010000fff M: (I,R,W) S/U: (R,W)
Domain0 Region02          : 0x0000000002000000-0x000000000200ffff M: (I,R,W) S/U: ()
Domain0 Region03          : 0x0000000080040000-0x000000008005ffff M: (R,W) S/U: ()
Domain0 Region04          : 0x0000000080000000-0x000000008003ffff M: (R,X) S/U: ()
Domain0 Region05          : 0x000000000c400000-0x000000000c5fffff M: (I,R,W) S/U: (R,W)
Domain0 Region06          : 0x000000000c000000-0x000000000c3fffff M: (I,R,W) S/U: (R,W)
Domain0 Region07          : 0x0000000000000000-0xffffffffffffffff M: () S/U: (R,W,X)
Domain0 Next Address      : 0x0000000080200000
Domain0 Next Arg1         : 0x00000000bfe00000
Domain0 Next Mode         : S-mode
Domain0 SysReset          : yes
Domain0 SysSuspend        : yes

Boot HART ID              : 0
Boot HART Domain          : root
Boot HART Priv Version    : v1.12
Boot HART Base ISA        : rv64imafdch
Boot HART ISA Extensions  : sstc,zicntr,zihpm,zicboz,zicbom,sdtrig,svadu
Boot HART PMP Count       : 16
Boot HART PMP Granularity : 2 bits
Boot HART PMP Address Bits: 54
Boot HART MHPM Info       : 16 (0x0007fff8)
Boot HART Debug Triggers  : 2 triggers
Boot HART MIDELEG         : 0x0000000000001666
Boot HART MEDELEG         : 0x0000000000f0b509
[kernel] logger inited, level= Off
[kernel] Boot protocol: RiscvFdt, hart_id=0, dtb_paddr=0xbfe00000
[kernel] Console initialized.
[memory] 194420 usable physical frames across 2 region(s)
[memory] region0: [0x9088a000, 0xbfe00000) frames=193910
[memory] region1: [0xbfe02000, 0xc0000000) frames=510
.text [0x80200000, 0x8042b000)
.rodata [0x8042b000, 0x80463000)
.data [0x80463000, 0x80828000)
.bss [0x80828000, 0x9088a000)
mapping .text section
mapping .rodata section
mapping .data section
mapping .bss section
mapping physical memory region
mapping physical memory region
mapping memory-mapped registers
[kernel] Hello, world!
[kernel] PRNG init warning: Entropy(DeviceUnavailable)
[memory] reclaimed linker frames: [0x80463000, 0x80826000) frames=963
[initramfs] unpacked: files=39 dirs=23 symlinks=1 bytes=3939152
[initramfs] VFS_ROOT initialized (ramfs + cpio unpack + dev/proc/tmp)
[kernel] block device 0: official fs (MMIO 0x10001000)
[kernel] block device 1: tools disk (MMIO 0x10002000)
[mbr] registered /dev/vdb1 (type=0x83, size=2048M)
[mbr] registered /dev/vdb2 (type=0xc, size=1280M)
[ext4] backend: another_ext4
[kernel] root device mounted at sdcard
[mbr] registered /dev/vdb1 (type=0x83, size=2048M)
[mbr] registered /dev/vdb2 (type=0xc, size=1280M)
[ext4] backend: another_ext4
[kernel] tools disk (vdb1) mounted at tools
[kernel] net interface initialized (RoutingDevice: lo + eth)
[init] pseudo-fs mount framework ready
[init] /tmp is bind-mounted from ext4 /sdcard/tmp
[init] /etc is bind-mounted from tools disk
[init] bind mount /tools/bin -> /bin
[init] bind mount /tools/sbin -> /sbin
[init] bind mount /tools/lib -> /lib
[init] bind mount /tools/usr -> /usr
[init] bind mount /tools/root -> /root: skipped (errno=2)
[init] PID1 profile=normal runner=/test-runner
[test-runner] synchronizing clock
[initproc] config source=/sdcard/os_test.conf mode=run mask=0x110 timer_smoke=false skip_apk=true
[initproc] ensuring base directories...
[initproc] runtime layout ready
[initproc] linking musl/glibc libs to /lib ...
[initproc] lib linking done, exit=0
[initproc] prepare lmbench compatibility ...
[initproc] lmbench compatibility done, exit=0
[initproc] install libgcc_s: already exists, skipping
[initproc] skip_apk=true: skipping install_apk_packages
[initproc] run_selected_groups start mask=0x110
[initproc] skip basic (mask bit0 not set)
[initproc] skip busybox (mask bit1 not set)
[initproc] skip lua (mask bit2 not set)
#### OS COMP TEST GROUP START lmbench-musl ####
#### OS COMP TEST GROUP START lmbench-musl ####
latency measurements
Simple syscall: 38.4545 microseconds
Simple read: 86.1176 microseconds
Simple write: 43.4545 microseconds
Simple stat: 186.6875 microseconds
Simple fstat: 90.8906 microseconds
Simple open/close: 229.0000 microseconds
Select on 100 fd's: 201.1852 microseconds
Signal handler installation: 92.2069 microseconds
Signal handler overhead: 135.9688 microseconds
Protection fault: 38.4483 microseconds
Pipe latency: 587.5599 microseconds
Process fork+exit: 5672.0000 microseconds
Process fork+execve: 6234.0000 microseconds
Process fork+/bin/sh -c: 298866.0000 microseconds
File /var/tmp/XXX write bandwidth:19832 KB/sec
Pagefaults on /var/tmp/XXX: 108.4961 microseconds
0.524288 610
file system latency
0k	16	2676	2818
1k	12	2065	2769
4k	11	2135	2772
10k	11	1908	2923
Bandwidth measurements
Pipe bandwidth: 42.22 MB/sec
0.524288 93.71
0.524288 90.29
0.524288 4187.89
0.524288 37.43
context switch overhead

"size=32k ovr=212.81
2 95.79
4 99.29
8 101.57
16 104.35
24 95.90
32 103.85
64 109.19
96 106.99
#### OS COMP TEST GROUP END lmbench-musl ####
#### OS COMP TEST GROUP END lmbench-musl ####
[initproc] done lmbench_testcode.sh in /musl exit_code=0
#### OS COMP TEST GROUP START lmbench-glibc ####
#### OS COMP TEST GROUP START lmbench-glibc ####
latency measurements
Simple syscall: 37.4315 microseconds
Simple read: 81.6190 microseconds
Simple write: 43.1752 microseconds
Simple stat: 193.3214 microseconds
Simple fstat: 99.6379 microseconds
Simple open/close: 231.8333 microseconds
Select on 100 fd's: 206.3448 microseconds
Signal handler installation: 97.2373 microseconds
Signal handler overhead: 139.1290 microseconds
Protection fault: 35.5938 microseconds
Pipe latency: 591.0877 microseconds
Process fork+exit: 6787.0000 microseconds
Process fork+execve: 12636.0000 microseconds
Process fork+/bin/sh -c: 299412.0000 microseconds
File /var/tmp/XXX write bandwidth:64715 KB/sec
Pagefaults on /var/tmp/XXX: 110.4531 microseconds
0.524288 586
file system latency
0k	14	2582	2904
1k	11	2021	2713
4k	11	1978	2712
10k	11	1841	2637
Bandwidth measurements
Pipe bandwidth: 43.19 MB/sec
0.524288 94.23
0.524288 91.88
0.524288 2526.90
0.524288 37.25
context switch overhead

"size=32k ovr=211.25
2 101.58
4 103.85
8 106.17
16 106.78
24 111.92
32 105.66
64 107.83
96 112.03
#### OS COMP TEST GROUP END lmbench-glibc ####
#### OS COMP TEST GROUP END lmbench-glibc ####
[initproc] done lmbench_testcode.sh in /glibc exit_code=0
#### OS COMP TEST GROUP START iozone-musl ####
#### OS COMP TEST GROUP START iozone-musl ####
iozone automatic measurements
	Iozone: Performance Test of File I/O
	        Version $Revision: 3.506 $
		Compiled for 64 bit mode.
		Build: linux 

	Contributors:William Norcott, Don Capps, Isom Crawford, Kirby Collins
	             Al Slater, Scott Rhine, Mike Wisner, Ken Goss
	             Steve Landherr, Brad Smith, Mark Kelly, Dr. Alain CYR,
	             Randy Dunlap, Mark Montague, Dan Million, Gavin Brebner,
	             Jean-Marc Zucconi, Jeff Blomberg, Benny Halevy, Dave Boone,
	             Erik Habbinga, Kris Strecker, Walter Wong, Joshua Root,
	             Fabrice Bacchella, Zhenghua Xue, Qin Li, Darren Sawyer,
	             Vangel Bojaxhi, Ben England, Vikentsi Lapa,
	             Alexey Skidanov, Sudhir Kumar.

	Run began: Fri Jan  1 00:02:24 2027

	Auto Mode
	Record Size 1 kB
	File size set to 4096 kB
	Command line used: ./iozone -a -r 1k -s 4m
	Output is in kBytes/sec
	Time Resolution = 0.000077 seconds.
	Processor cache size set to 1024 kBytes.
	Processor cache line size set to 32 bytes.
	File stride size set to 17 * record size.
                                                                    random    random      bkwd     record     stride                                        
              kB  reclen    write    rewrite      read    reread      read     write      read    rewrite       read    fwrite  frewrite     fread   freread
            4096       1      2656      2647      7664      7719      5728      2314      5641       2320       5760      2514      2568      5352      5271

iozone test complete.
iozone throughput write/read measurements
	Iozone: Performance Test of File I/O
	        Version $Revision: 3.506 $
		Compiled for 64 bit mode.
		Build: linux 

	Contributors:William Norcott, Don Capps, Isom Crawford, Kirby Collins
	             Al Slater, Scott Rhine, Mike Wisner, Ken Goss
	             Steve Landherr, Brad Smith, Mark Kelly, Dr. Alain CYR,
	             Randy Dunlap, Mark Montague, Dan Million, Gavin Brebner,
	             Jean-Marc Zucconi, Jeff Blomberg, Benny Halevy, Dave Boone,
	             Erik Habbinga, Kris Strecker, Walter Wong, Joshua Root,
	             Fabrice Bacchella, Zhenghua Xue, Qin Li, Darren Sawyer,
	             Vangel Bojaxhi, Ben England, Vikentsi Lapa,
	             Alexey Skidanov, Sudhir Kumar.

	Run began: Fri Jan  1 00:02:44 2027

	Record Size 1 kB
	File size set to 1024 kB
	Command line used: ./iozone -t 4 -i 0 -i 1 -r 1k -s 1m
	Output is in kBytes/sec
	Time Resolution = 0.000078 seconds.
	Processor cache size set to 1024 kBytes.
	Processor cache line size set to 32 bytes.
	File stride size set to 17 * record size.
	Throughput test with 4 processes
	Each process writes a 1024 kByte file in 1 kByte records

	Children see throughput for  4 initial writers 	=    2190.17 kB/sec
	Parent sees throughput for  4 initial writers 	=    1763.57 kB/sec
	Min throughput per process 			=     468.72 kB/sec 
	Max throughput per process 			=     671.87 kB/sec
	Avg throughput per process 			=     547.54 kB/sec
	Min xfer 					=    1001.00 kB

	Children see throughput for  4 rewriters 	=    2547.35 kB/sec
	Parent sees throughput for  4 rewriters 	=    2278.61 kB/sec
	Min throughput per process 			=     604.40 kB/sec 
	Max throughput per process 			=     687.95 kB/sec
	Avg throughput per process 			=     636.84 kB/sec
	Min xfer 					=     974.00 kB

	Children see throughput for  4 readers 		=    8145.98 kB/sec
	Parent sees throughput for  4 readers 		=    7165.99 kB/sec
	Min throughput per process 			=    1912.32 kB/sec 
	Max throughput per process 			=    2116.23 kB/sec
	Avg throughput per process 			=    2036.50 kB/sec
	Min xfer 					=     994.00 kB

	Children see throughput for 4 re-readers 	=    8197.42 kB/sec
	Parent sees throughput for 4 re-readers 	=    7222.41 kB/sec
	Min throughput per process 			=    2023.14 kB/sec 
	Max throughput per process 			=    2097.67 kB/sec
	Avg throughput per process 			=    2049.35 kB/sec
	Min xfer 					=    1012.00 kB



iozone test complete.
iozone throughput random-read measurements
	Iozone: Performance Test of File I/O
	        Version $Revision: 3.506 $
		Compiled for 64 bit mode.
		Build: linux 

	Contributors:William Norcott, Don Capps, Isom Crawford, Kirby Collins
	             Al Slater, Scott Rhine, Mike Wisner, Ken Goss
	             Steve Landherr, Brad Smith, Mark Kelly, Dr. Alain CYR,
	             Randy Dunlap, Mark Montague, Dan Million, Gavin Brebner,
	             Jean-Marc Zucconi, Jeff Blomberg, Benny Halevy, Dave Boone,
	             Erik Habbinga, Kris Strecker, Walter Wong, Joshua Root,
	             Fabrice Bacchella, Zhenghua Xue, Qin Li, Darren Sawyer,
	             Vangel Bojaxhi, Ben England, Vikentsi Lapa,
	             Alexey Skidanov, Sudhir Kumar.

	Run began: Fri Jan  1 00:03:05 2027

	Record Size 1 kB
	File size set to 1024 kB
	Command line used: ./iozone -t 4 -i 0 -i 2 -r 1k -s 1m
	Output is in kBytes/sec
	Time Resolution = 0.000077 seconds.
	Processor cache size set to 1024 kBytes.
	Processor cache line size set to 32 bytes.
	File stride size set to 17 * record size.
	Throughput test with 4 processes
	Each process writes a 1024 kByte file in 1 kByte records

	Children see throughput for  4 initial writers 	=    2565.65 kB/sec
	Parent sees throughput for  4 initial writers 	=    2012.04 kB/sec
	Min throughput per process 			=     572.55 kB/sec 
	Max throughput per process 			=     726.91 kB/sec
	Avg throughput per process 			=     641.41 kB/sec
	Min xfer 					=     964.00 kB

	Children see throughput for  4 rewriters 	=    2563.92 kB/sec
	Parent sees throughput for  4 rewriters 	=    2299.11 kB/sec
	Min throughput per process 			=     601.83 kB/sec 
	Max throughput per process 			=     687.95 kB/sec
	Avg throughput per process 			=     640.98 kB/sec
	Min xfer 					=     977.00 kB

	Children see throughput for 4 random readers 	=    5885.47 kB/sec
	Parent sees throughput for 4 random readers 	=    5364.80 kB/sec
	Min throughput per process 			=    1389.36 kB/sec 
	Max throughput per process 			=    1577.02 kB/sec
	Avg throughput per process 			=    1471.37 kB/sec
	Min xfer 					=     960.00 kB

	Children see throughput for 4 random writers 	=    2240.61 kB/sec
	Parent sees throughput for 4 random writers 	=    1954.53 kB/sec
	Min throughput per process 			=     511.05 kB/sec 
	Max throughput per process 			=     607.86 kB/sec
	Avg throughput per process 			=     560.15 kB/sec
	Min xfer 					=     976.00 kB



iozone test complete.
iozone throughput read-backwards measurements
	Iozone: Performance Test of File I/O
	        Version $Revision: 3.506 $
		Compiled for 64 bit mode.
		Build: linux 

	Contributors:William Norcott, Don Capps, Isom Crawford, Kirby Collins
	             Al Slater, Scott Rhine, Mike Wisner, Ken Goss
	             Steve Landherr, Brad Smith, Mark Kelly, Dr. Alain CYR,
	             Randy Dunlap, Mark Montague, Dan Million, Gavin Brebner,
	             Jean-Marc Zucconi, Jeff Blomberg, Benny Halevy, Dave Boone,
	             Erik Habbinga, Kris Strecker, Walter Wong, Joshua Root,
	             Fabrice Bacchella, Zhenghua Xue, Qin Li, Darren Sawyer,
	             Vangel Bojaxhi, Ben England, Vikentsi Lapa,
	             Alexey Skidanov, Sudhir Kumar.

	Run began: Fri Jan  1 00:03:31 2027

	Record Size 1 kB
	File size set to 1024 kB
	Command line used: ./iozone -t 4 -i 0 -i 3 -r 1k -s 1m
	Output is in kBytes/sec
	Time Resolution = 0.000078 seconds.
	Processor cache size set to 1024 kBytes.
	Processor cache line size set to 32 bytes.
	File stride size set to 17 * record size.
	Throughput test with 4 processes
	Each process writes a 1024 kByte file in 1 kByte records

	Children see throughput for  4 initial writers 	=    2504.80 kB/sec
	Parent sees throughput for  4 initial writers 	=    1961.50 kB/sec
	Min throughput per process 			=     596.21 kB/sec 
	Max throughput per process 			=     690.30 kB/sec
	Avg throughput per process 			=     626.20 kB/sec
	Min xfer 					=     984.00 kB

	Children see throughput for  4 rewriters 	=    2630.69 kB/sec
	Parent sees throughput for  4 rewriters 	=    2392.46 kB/sec
	Min throughput per process 			=     597.55 kB/sec 
	Max throughput per process 			=     707.17 kB/sec
	Avg throughput per process 			=     657.67 kB/sec
	Min xfer 					=     947.00 kB

	Children see throughput for 4 reverse readers 	=    5902.14 kB/sec
	Parent sees throughput for 4 reverse readers 	=    5373.49 kB/sec
	Min throughput per process 			=    1400.30 kB/sec 
	Max throughput per process 			=    1585.59 kB/sec
	Avg throughput per process 			=    1475.54 kB/sec
	Min xfer 					=     967.00 kB



iozone test complete.
iozone throughput stride-read measurements
	Iozone: Performance Test of File I/O
	        Version $Revision: 3.506 $
		Compiled for 64 bit mode.
		Build: linux 

	Contributors:William Norcott, Don Capps, Isom Crawford, Kirby Collins
	             Al Slater, Scott Rhine, Mike Wisner, Ken Goss
	             Steve Landherr, Brad Smith, Mark Kelly, Dr. Alain CYR,
	             Randy Dunlap, Mark Montague, Dan Million, Gavin Brebner,
	             Jean-Marc Zucconi, Jeff Blomberg, Benny Halevy, Dave Boone,
	             Erik Habbinga, Kris Strecker, Walter Wong, Joshua Root,
	             Fabrice Bacchella, Zhenghua Xue, Qin Li, Darren Sawyer,
	             Vangel Bojaxhi, Ben England, Vikentsi Lapa,
	             Alexey Skidanov, Sudhir Kumar.

	Run began: Fri Jan  1 00:03:52 2027

	Record Size 1 kB
	File size set to 1024 kB
	Command line used: ./iozone -t 4 -i 0 -i 5 -r 1k -s 1m
	Output is in kBytes/sec
	Time Resolution = 0.000078 seconds.
	Processor cache size set to 1024 kBytes.
	Processor cache line size set to 32 bytes.
	File stride size set to 17 * record size.
	Throughput test with 4 processes
	Each process writes a 1024 kByte file in 1 kByte records

	Children see throughput for  4 initial writers 	=    2434.08 kB/sec
	Parent sees throughput for  4 initial writers 	=    2010.39 kB/sec
	Min throughput per process 			=     525.89 kB/sec 
	Max throughput per process 			=     690.66 kB/sec
	Avg throughput per process 			=     608.52 kB/sec
	Min xfer 					=     975.00 kB

	Children see throughput for  4 rewriters 	=    2542.53 kB/sec
	Parent sees throughput for  4 rewriters 	=    2320.79 kB/sec
	Min throughput per process 			=     588.23 kB/sec 
	Max throughput per process 			=     687.47 kB/sec
	Avg throughput per process 			=     635.63 kB/sec
	Min xfer 					=     977.00 kB

	Children see throughput for 4 stride readers 	=    5865.82 kB/sec
	Parent sees throughput for 4 stride readers 	=    5309.16 kB/sec
	Min throughput per process 			=    1354.02 kB/sec 
	Max throughput per process 			=    1578.15 kB/sec
	Avg throughput per process 			=    1466.45 kB/sec
	Min xfer 					=     952.00 kB



iozone test complete.
iozone throughput fwrite/fread measurements
	Iozone: Performance Test of File I/O
	        Version $Revision: 3.506 $
		Compiled for 64 bit mode.
		Build: linux 

	Contributors:William Norcott, Don Capps, Isom Crawford, Kirby Collins
	             Al Slater, Scott Rhine, Mike Wisner, Ken Goss
	             Steve Landherr, Brad Smith, Mark Kelly, Dr. Alain CYR,
	             Randy Dunlap, Mark Montague, Dan Million, Gavin Brebner,
	             Jean-Marc Zucconi, Jeff Blomberg, Benny Halevy, Dave Boone,
	             Erik Habbinga, Kris Strecker, Walter Wong, Joshua Root,
	             Fabrice Bacchella, Zhenghua Xue, Qin Li, Darren Sawyer,
	             Vangel Bojaxhi, Ben England, Vikentsi Lapa,
	             Alexey Skidanov, Sudhir Kumar.

	Run began: Fri Jan  1 00:04:12 2027

	Record Size 1 kB
	File size set to 1024 kB
	Command line used: ./iozone -t 4 -i 6 -i 7 -r 1k -s 1m
	Output is in kBytes/sec
	Time Resolution = 0.000077 seconds.
	Processor cache size set to 1024 kBytes.
	Processor cache line size set to 32 bytes.
	File stride size set to 17 * record size.
	Throughput test with 4 processes
	Each process writes a 1024 kByte file in 1 kByte records

	Children see throughput for  4 fwriters 	=    2494.20 kB/sec
	Parent sees throughput for  4 fwriters 		=    2080.66 kB/sec
	Min throughput per process 			=     553.27 kB/sec 
	Max throughput per process 			=     688.97 kB/sec
	Avg throughput per process 			=     623.55 kB/sec
	Min xfer 					=    1024.00 kB

	Children see throughput for  4 freaders 	=    5760.51 kB/sec
	Parent sees throughput for  4 freaders 		=    5360.28 kB/sec
	Min throughput per process 			=    1387.21 kB/sec 
	Max throughput per process 			=    1491.98 kB/sec
	Avg throughput per process 			=    1440.13 kB/sec
	Min xfer 					=    1024.00 kB



iozone test complete.
iozone throughput pwrite/pread measurements
	Iozone: Performance Test of File I/O
	        Version $Revision: 3.506 $
		Compiled for 64 bit mode.
		Build: linux 

	Contributors:William Norcott, Don Capps, Isom Crawford, Kirby Collins
	             Al Slater, Scott Rhine, Mike Wisner, Ken Goss
	             Steve Landherr, Brad Smith, Mark Kelly, Dr. Alain CYR,
	             Randy Dunlap, Mark Montague, Dan Million, Gavin Brebner,
	             Jean-Marc Zucconi, Jeff Blomberg, Benny Halevy, Dave Boone,
	             Erik Habbinga, Kris Strecker, Walter Wong, Joshua Root,
	             Fabrice Bacchella, Zhenghua Xue, Qin Li, Darren Sawyer,
	             Vangel Bojaxhi, Ben England, Vikentsi Lapa,
	             Alexey Skidanov, Sudhir Kumar.

	Run began: Fri Jan  1 00:04:27 2027

	Record Size 1 kB
	File size set to 1024 kB
	Command line used: ./iozone -t 4 -i 9 -i 10 -r 1k -s 1m
	Output is in kBytes/sec
	Time Resolution = 0.000077 seconds.
	Processor cache size set to 1024 kBytes.
	Processor cache line size set to 32 bytes.
	File stride size set to 17 * record size.
	Throughput test with 4 processes
	Each process writes a 1024 kByte file in 1 kByte records

	Children see throughput for 4 pwrite writers 	=    2407.66 kB/sec
	Parent sees throughput for 4 pwrite writers 	=    1833.36 kB/sec
	Min throughput per process 			=     540.17 kB/sec 
	Max throughput per process 			=     688.50 kB/sec
	Avg throughput per process 			=     601.92 kB/sec
	Min xfer 					=     989.00 kB

	Children see throughput for 4 pread readers 	=    5048.77 kB/sec
	Parent sees throughput for 4 pread readers 	=    3483.52 kB/sec
	Min throughput per process 			=     897.91 kB/sec 
	Max throughput per process 			=    2297.06 kB/sec
	Avg throughput per process 			=    1262.19 kB/sec
	Min xfer 					=     951.00 kB



iozone test complete.
iozone throughtput pwritev/preadv measurements
	Iozone: Performance Test of File I/O
	        Version $Revision: 3.506 $
		Compiled for 64 bit mode.
		Build: linux 

	Contributors:William Norcott, Don Capps, Isom Crawford, Kirby Collins
	             Al Slater, Scott Rhine, Mike Wisner, Ken Goss
	             Steve Landherr, Brad Smith, Mark Kelly, Dr. Alain CYR,
	             Randy Dunlap, Mark Montague, Dan Million, Gavin Brebner,
	             Jean-Marc Zucconi, Jeff Blomberg, Benny Halevy, Dave Boone,
	             Erik Habbinga, Kris Strecker, Walter Wong, Joshua Root,
	             Fabrice Bacchella, Zhenghua Xue, Qin Li, Darren Sawyer,
	             Vangel Bojaxhi, Ben England, Vikentsi Lapa,
	             Alexey Skidanov, Sudhir Kumar.

	Run began: Fri Jan  1 00:04:47 2027

	Selected test not available on the version.
	Record Size 1 kB
	File size set to 1024 kB
	Command line used: ./iozone -t 4 -i 11 -i 12 -r 1k -s 1m
	Output is in kBytes/sec
	Time Resolution = 0.000077 seconds.
	Processor cache size set to 1024 kBytes.
	Processor cache line size set to 32 bytes.
	File stride size set to 17 * record size.
	Throughput test with 4 processes
	Each process writes a 1024 kByte file in 1 kByte records

	Children see throughput for  4 initial writers 	=    2270.82 kB/sec
	Parent sees throughput for  4 initial writers 	=    1671.60 kB/sec
	Min throughput per process 			=     461.96 kB/sec 
	Max throughput per process 			=     672.55 kB/sec
	Avg throughput per process 			=     567.71 kB/sec
	Min xfer 					=     980.00 kB

	Children see throughput for  4 rewriters 	=    2238.22 kB/sec
	Parent sees throughput for  4 rewriters 	=    1925.17 kB/sec
	Min throughput per process 			=     491.47 kB/sec 
	Max throughput per process 			=     689.62 kB/sec
	Avg throughput per process 			=     559.56 kB/sec
	Min xfer 					=     975.00 kB



iozone test complete.
#### OS COMP TEST GROUP END iozone-musl ####
#### OS COMP TEST GROUP END iozone-musl ####
[initproc] done iozone_testcode.sh in /musl exit_code=0
#### OS COMP TEST GROUP START iozone-glibc ####
#### OS COMP TEST GROUP START iozone-glibc ####
iozone automatic measurements
	Iozone: Performance Test of File I/O
	        Version $Revision: 3.506 $
		Compiled for 64 bit mode.
		Build: linux 

	Contributors:William Norcott, Don Capps, Isom Crawford, Kirby Collins
	             Al Slater, Scott Rhine, Mike Wisner, Ken Goss
	             Steve Landherr, Brad Smith, Mark Kelly, Dr. Alain CYR,
	             Randy Dunlap, Mark Montague, Dan Million, Gavin Brebner,
	             Jean-Marc Zucconi, Jeff Blomberg, Benny Halevy, Dave Boone,
	             Erik Habbinga, Kris Strecker, Walter Wong, Joshua Root,
	             Fabrice Bacchella, Zhenghua Xue, Qin Li, Darren Sawyer,
	             Vangel Bojaxhi, Ben England, Vikentsi Lapa,
	             Alexey Skidanov, Sudhir Kumar.

	Run began: Fri Jan  1 00:05:05 2027

	Auto Mode
	Record Size 1 kB
	File size set to 4096 kB
	Command line used: ./iozone -a -r 1k -s 4m
	Output is in kBytes/sec
	Time Resolution = 0.000079 seconds.
	Processor cache size set to 1024 kBytes.
	Processor cache line size set to 32 bytes.
	File stride size set to 17 * record size.
                                                                    random    random      bkwd     record     stride                                        
              kB  reclen    write    rewrite      read    reread      read     write      read    rewrite       read    fwrite  frewrite     fread   freread
            4096       1      2621      2599      7786      7977      5836      2273      5818       2322       5860      2712      2666      7619      7667

iozone test complete.
iozone throughput write/read measurements
	Iozone: Performance Test of File I/O
	        Version $Revision: 3.506 $
		Compiled for 64 bit mode.
		Build: linux 

	Contributors:William Norcott, Don Capps, Isom Crawford, Kirby Collins
	             Al Slater, Scott Rhine, Mike Wisner, Ken Goss
	             Steve Landherr, Brad Smith, Mark Kelly, Dr. Alain CYR,
	             Randy Dunlap, Mark Montague, Dan Million, Gavin Brebner,
	             Jean-Marc Zucconi, Jeff Blomberg, Benny Halevy, Dave Boone,
	             Erik Habbinga, Kris Strecker, Walter Wong, Joshua Root,
	             Fabrice Bacchella, Zhenghua Xue, Qin Li, Darren Sawyer,
	             Vangel Bojaxhi, Ben England, Vikentsi Lapa,
	             Alexey Skidanov, Sudhir Kumar.

	Run began: Fri Jan  1 00:05:29 2027

	Record Size 1 kB
	File size set to 1024 kB
	Command line used: ./iozone -t 4 -i 0 -i 1 -r 1k -s 1m
	Output is in kBytes/sec
	Time Resolution = 0.000080 seconds.
	Processor cache size set to 1024 kBytes.
	Processor cache line size set to 32 bytes.
	File stride size set to 17 * record size.
	Throughput test with 4 processes
	Each process writes a 1024 kByte file in 1 kByte records

	Children see throughput for  4 initial writers 	=    2462.19 kB/sec
	Parent sees throughput for  4 initial writers 	=    1713.23 kB/sec
	Min throughput per process 			=     570.21 kB/sec 
	Max throughput per process 			=     707.06 kB/sec
	Avg throughput per process 			=     615.55 kB/sec
	Min xfer 					=     958.00 kB

	Children see throughput for  4 rewriters 	=    2685.03 kB/sec
	Parent sees throughput for  4 rewriters 	=    2427.47 kB/sec
	Min throughput per process 			=     626.91 kB/sec 
	Max throughput per process 			=     707.60 kB/sec
	Avg throughput per process 			=     671.26 kB/sec
	Min xfer 					=     993.00 kB

	Children see throughput for  4 readers 		=    8090.48 kB/sec
	Parent sees throughput for  4 readers 		=    7114.36 kB/sec
	Min throughput per process 			=    1891.79 kB/sec 
	Max throughput per process 			=    2116.45 kB/sec
	Avg throughput per process 			=    2022.62 kB/sec
	Min xfer 					=    1003.00 kB

	Children see throughput for 4 re-readers 	=    8232.56 kB/sec
	Parent sees throughput for 4 re-readers 	=    7225.23 kB/sec
	Min throughput per process 			=    1946.68 kB/sec 
	Max throughput per process 			=    2120.96 kB/sec
	Avg throughput per process 			=    2058.14 kB/sec
	Min xfer 					=    1004.00 kB



iozone test complete.
iozone throughput random-read measurements
	Iozone: Performance Test of File I/O
	        Version $Revision: 3.506 $
		Compiled for 64 bit mode.
		Build: linux 

	Contributors:William Norcott, Don Capps, Isom Crawford, Kirby Collins
	             Al Slater, Scott Rhine, Mike Wisner, Ken Goss
	             Steve Landherr, Brad Smith, Mark Kelly, Dr. Alain CYR,
	             Randy Dunlap, Mark Montague, Dan Million, Gavin Brebner,
	             Jean-Marc Zucconi, Jeff Blomberg, Benny Halevy, Dave Boone,
	             Erik Habbinga, Kris Strecker, Walter Wong, Joshua Root,
	             Fabrice Bacchella, Zhenghua Xue, Qin Li, Darren Sawyer,
	             Vangel Bojaxhi, Ben England, Vikentsi Lapa,
	             Alexey Skidanov, Sudhir Kumar.

	Run began: Fri Jan  1 00:05:53 2027

	Record Size 1 kB
	File size set to 1024 kB
	Command line used: ./iozone -t 4 -i 0 -i 2 -r 1k -s 1m
	Output is in kBytes/sec
	Time Resolution = 0.000079 seconds.
	Processor cache size set to 1024 kBytes.
	Processor cache line size set to 32 bytes.
	File stride size set to 17 * record size.
	Throughput test with 4 processes
	Each process writes a 1024 kByte file in 1 kByte records

	Children see throughput for  4 initial writers 	=    2529.93 kB/sec
	Parent sees throughput for  4 initial writers 	=    1853.87 kB/sec
	Min throughput per process 			=     565.23 kB/sec 
	Max throughput per process 			=     726.75 kB/sec
	Avg throughput per process 			=     632.48 kB/sec
	Min xfer 					=     970.00 kB

	Children see throughput for  4 rewriters 	=    2529.21 kB/sec
	Parent sees throughput for  4 rewriters 	=    2298.29 kB/sec
	Min throughput per process 			=     592.03 kB/sec 
	Max throughput per process 			=     670.75 kB/sec
	Avg throughput per process 			=     632.30 kB/sec
	Min xfer 					=     986.00 kB

	Children see throughput for 4 random readers 	=    5981.35 kB/sec
	Parent sees throughput for 4 random readers 	=    5397.87 kB/sec
	Min throughput per process 			=    1387.62 kB/sec 
	Max throughput per process 			=    1585.92 kB/sec
	Avg throughput per process 			=    1495.34 kB/sec
	Min xfer 					=     975.00 kB

	Children see throughput for 4 random writers 	=    2364.91 kB/sec
	Parent sees throughput for 4 random writers 	=    2127.82 kB/sec
	Min throughput per process 			=     555.19 kB/sec 
	Max throughput per process 			=     622.75 kB/sec
	Avg throughput per process 			=     591.23 kB/sec
	Min xfer 					=     993.00 kB



iozone test complete.
iozone throughput read-backwards measurements
	Iozone: Performance Test of File I/O
	        Version $Revision: 3.506 $
		Compiled for 64 bit mode.
		Build: linux 

	Contributors:William Norcott, Don Capps, Isom Crawford, Kirby Collins
	             Al Slater, Scott Rhine, Mike Wisner, Ken Goss
	             Steve Landherr, Brad Smith, Mark Kelly, Dr. Alain CYR,
	             Randy Dunlap, Mark Montague, Dan Million, Gavin Brebner,
	             Jean-Marc Zucconi, Jeff Blomberg, Benny Halevy, Dave Boone,
	             Erik Habbinga, Kris Strecker, Walter Wong, Joshua Root,
	             Fabrice Bacchella, Zhenghua Xue, Qin Li, Darren Sawyer,
	             Vangel Bojaxhi, Ben England, Vikentsi Lapa,
	             Alexey Skidanov, Sudhir Kumar.

	Run began: Fri Jan  1 00:06:22 2027

	Record Size 1 kB
	File size set to 1024 kB
	Command line used: ./iozone -t 4 -i 0 -i 3 -r 1k -s 1m
	Output is in kBytes/sec
	Time Resolution = 0.000080 seconds.
	Processor cache size set to 1024 kBytes.
	Processor cache line size set to 32 bytes.
	File stride size set to 17 * record size.
	Throughput test with 4 processes
	Each process writes a 1024 kByte file in 1 kByte records

	Children see throughput for  4 initial writers 	=    2279.32 kB/sec
	Parent sees throughput for  4 initial writers 	=    1725.54 kB/sec
	Min throughput per process 			=     465.04 kB/sec 
	Max throughput per process 			=     688.05 kB/sec
	Avg throughput per process 			=     569.83 kB/sec
	Min xfer 					=     995.00 kB

	Children see throughput for  4 rewriters 	=    2595.60 kB/sec
	Parent sees throughput for  4 rewriters 	=    2322.79 kB/sec
	Min throughput per process 			=     608.00 kB/sec 
	Max throughput per process 			=     689.74 kB/sec
	Avg throughput per process 			=     648.90 kB/sec
	Min xfer 					=     990.00 kB

	Children see throughput for 4 reverse readers 	=    5994.54 kB/sec
	Parent sees throughput for 4 reverse readers 	=    5362.04 kB/sec
	Min throughput per process 			=    1424.65 kB/sec 
	Max throughput per process 			=    1585.17 kB/sec
	Avg throughput per process 			=    1498.64 kB/sec
	Min xfer 					=     966.00 kB



iozone test complete.
iozone throughput stride-read measurements
	Iozone: Performance Test of File I/O
	        Version $Revision: 3.506 $
		Compiled for 64 bit mode.
		Build: linux 

	Contributors:William Norcott, Don Capps, Isom Crawford, Kirby Collins
	             Al Slater, Scott Rhine, Mike Wisner, Ken Goss
	             Steve Landherr, Brad Smith, Mark Kelly, Dr. Alain CYR,
	             Randy Dunlap, Mark Montague, Dan Million, Gavin Brebner,
	             Jean-Marc Zucconi, Jeff Blomberg, Benny Halevy, Dave Boone,
	             Erik Habbinga, Kris Strecker, Walter Wong, Joshua Root,
	             Fabrice Bacchella, Zhenghua Xue, Qin Li, Darren Sawyer,
	             Vangel Bojaxhi, Ben England, Vikentsi Lapa,
	             Alexey Skidanov, Sudhir Kumar.

	Run began: Fri Jan  1 00:06:45 2027

	Record Size 1 kB
	File size set to 1024 kB
	Command line used: ./iozone -t 4 -i 0 -i 5 -r 1k -s 1m
	Output is in kBytes/sec
	Time Resolution = 0.000079 seconds.
	Processor cache size set to 1024 kBytes.
	Processor cache line size set to 32 bytes.
	File stride size set to 17 * record size.
	Throughput test with 4 processes
	Each process writes a 1024 kByte file in 1 kByte records

	Children see throughput for  4 initial writers 	=    2391.64 kB/sec
	Parent sees throughput for  4 initial writers 	=    1876.09 kB/sec
	Min throughput per process 			=     515.65 kB/sec 
	Max throughput per process 			=     689.11 kB/sec
	Avg throughput per process 			=     597.91 kB/sec
	Min xfer 					=     994.00 kB

	Children see throughput for  4 rewriters 	=    2575.03 kB/sec
	Parent sees throughput for  4 rewriters 	=    2342.20 kB/sec
	Min throughput per process 			=     603.89 kB/sec 
	Max throughput per process 			=     689.36 kB/sec
	Avg throughput per process 			=     643.76 kB/sec
	Min xfer 					=     973.00 kB

	Children see throughput for 4 stride readers 	=    6132.74 kB/sec
	Parent sees throughput for 4 stride readers 	=    5115.70 kB/sec
	Min throughput per process 			=    1454.09 kB/sec 
	Max throughput per process 			=    1586.11 kB/sec
	Avg throughput per process 			=    1533.19 kB/sec
	Min xfer 					=     989.00 kB



iozone test complete.
iozone throughput fwrite/fread measurements
	Iozone: Performance Test of File I/O
	        Version $Revision: 3.506 $
		Compiled for 64 bit mode.
		Build: linux 

	Contributors:William Norcott, Don Capps, Isom Crawford, Kirby Collins
	             Al Slater, Scott Rhine, Mike Wisner, Ken Goss
	             Steve Landherr, Brad Smith, Mark Kelly, Dr. Alain CYR,
	             Randy Dunlap, Mark Montague, Dan Million, Gavin Brebner,
	             Jean-Marc Zucconi, Jeff Blomberg, Benny Halevy, Dave Boone,
	             Erik Habbinga, Kris Strecker, Walter Wong, Joshua Root,
	             Fabrice Bacchella, Zhenghua Xue, Qin Li, Darren Sawyer,
	             Vangel Bojaxhi, Ben England, Vikentsi Lapa,
	             Alexey Skidanov, Sudhir Kumar.

	Run began: Fri Jan  1 00:07:07 2027

	Record Size 1 kB
	File size set to 1024 kB
	Command line used: ./iozone -t 4 -i 6 -i 7 -r 1k -s 1m
	Output is in kBytes/sec
	Time Resolution = 0.000079 seconds.
	Processor cache size set to 1024 kBytes.
	Processor cache line size set to 32 bytes.
	File stride size set to 17 * record size.
	Throughput test with 4 processes
	Each process writes a 1024 kByte file in 1 kByte records

	Children see throughput for  4 fwriters 	=    2371.63 kB/sec
	Parent sees throughput for  4 fwriters 		=    1780.77 kB/sec
	Min throughput per process 			=     479.93 kB/sec 
	Max throughput per process 			=     707.93 kB/sec
	Avg throughput per process 			=     592.91 kB/sec
	Min xfer 					=    1024.00 kB

	Children see throughput for  4 freaders 	=    7918.74 kB/sec
	Parent sees throughput for  4 freaders 		=    7023.50 kB/sec
	Min throughput per process 			=    1814.52 kB/sec 
	Max throughput per process 			=    2098.43 kB/sec
	Avg throughput per process 			=    1979.69 kB/sec
	Min xfer 					=    1024.00 kB



iozone test complete.
iozone throughput pwrite/pread measurements
	Iozone: Performance Test of File I/O
	        Version $Revision: 3.506 $
		Compiled for 64 bit mode.
		Build: linux 

	Contributors:William Norcott, Don Capps, Isom Crawford, Kirby Collins
	             Al Slater, Scott Rhine, Mike Wisner, Ken Goss
	             Steve Landherr, Brad Smith, Mark Kelly, Dr. Alain CYR,
	             Randy Dunlap, Mark Montague, Dan Million, Gavin Brebner,
	             Jean-Marc Zucconi, Jeff Blomberg, Benny Halevy, Dave Boone,
	             Erik Habbinga, Kris Strecker, Walter Wong, Joshua Root,
	             Fabrice Bacchella, Zhenghua Xue, Qin Li, Darren Sawyer,
	             Vangel Bojaxhi, Ben England, Vikentsi Lapa,
	             Alexey Skidanov, Sudhir Kumar.

	Run began: Fri Jan  1 00:07:24 2027

	Record Size 1 kB
	File size set to 1024 kB
	Command line used: ./iozone -t 4 -i 9 -i 10 -r 1k -s 1m
	Output is in kBytes/sec
	Time Resolution = 0.000080 seconds.
	Processor cache size set to 1024 kBytes.
	Processor cache line size set to 32 bytes.
	File stride size set to 17 * record size.
	Throughput test with 4 processes
	Each process writes a 1024 kByte file in 1 kByte records

	Children see throughput for 4 pwrite writers 	=    2376.03 kB/sec
	Parent sees throughput for 4 pwrite writers 	=    1765.93 kB/sec
	Min throughput per process 			=     498.53 kB/sec 
	Max throughput per process 			=     688.25 kB/sec
	Avg throughput per process 			=     594.01 kB/sec
	Min xfer 					=     988.00 kB

	Children see throughput for 4 pread readers 	=    8575.40 kB/sec
	Parent sees throughput for 4 pread readers 	=    7443.20 kB/sec
	Min throughput per process 			=    1996.51 kB/sec 
	Max throughput per process 			=    2285.91 kB/sec
	Avg throughput per process 			=    2143.85 kB/sec
	Min xfer 					=     976.00 kB



iozone test complete.
iozone throughtput pwritev/preadv measurements
	Iozone: Performance Test of File I/O
	        Version $Revision: 3.506 $
		Compiled for 64 bit mode.
		Build: linux 

	Contributors:William Norcott, Don Capps, Isom Crawford, Kirby Collins
	             Al Slater, Scott Rhine, Mike Wisner, Ken Goss
	             Steve Landherr, Brad Smith, Mark Kelly, Dr. Alain CYR,
	             Randy Dunlap, Mark Montague, Dan Million, Gavin Brebner,
	             Jean-Marc Zucconi, Jeff Blomberg, Benny Halevy, Dave Boone,
	             Erik Habbinga, Kris Strecker, Walter Wong, Joshua Root,
	             Fabrice Bacchella, Zhenghua Xue, Qin Li, Darren Sawyer,
	             Vangel Bojaxhi, Ben England, Vikentsi Lapa,
	             Alexey Skidanov, Sudhir Kumar.

	Run began: Fri Jan  1 00:07:45 2027

	Selected test not available on the version.
	Record Size 1 kB
	File size set to 1024 kB
	Command line used: ./iozone -t 4 -i 11 -i 12 -r 1k -s 1m
	Output is in kBytes/sec
	Time Resolution = 0.000079 seconds.
	Processor cache size set to 1024 kBytes.
	Processor cache line size set to 32 bytes.
	File stride size set to 17 * record size.
	Throughput test with 4 processes
	Each process writes a 1024 kByte file in 1 kByte records

	Children see throughput for  4 initial writers 	=    2343.54 kB/sec
	Parent sees throughput for  4 initial writers 	=    1805.96 kB/sec
	Min throughput per process 			=     486.08 kB/sec 
	Max throughput per process 			=     689.14 kB/sec
	Avg throughput per process 			=     585.88 kB/sec
	Min xfer 					=     970.00 kB

	Children see throughput for  4 rewriters 	=    2603.15 kB/sec
	Parent sees throughput for  4 rewriters 	=    2350.41 kB/sec
	Min throughput per process 			=     609.34 kB/sec 
	Max throughput per process 			=     689.80 kB/sec
	Avg throughput per process 			=     650.79 kB/sec
	Min xfer 					=     993.00 kB



iozone test complete.
#### OS COMP TEST GROUP END iozone-glibc ####
#### OS COMP TEST GROUP END iozone-glibc ####
[initproc] done iozone_testcode.sh in /glibc exit_code=0
[initproc] skip libcbench (mask bit7 not set)
[initproc] skip netperf (mask bit9 not set)
[initproc] skip iperf (mask bit6 not set)
[initproc] skip libctest (mask bit3 not set)
[initproc] skip cyclictest (mask bit10 not set)
[initproc] skip ltp (mask bit11 not set)
[initproc] skip cpython (mask bit12 not set)
[initproc] skip unixbench (mask bit5 not set)
[initproc] run_selected_groups done
make: Leaving directory '/app/os'
