make: Entering directory '/app/os'
Rust toolchain preflight passed: nightly-2026-05-10

OpenSBI v1.5.1
   ____                    _____ ____ _____
  / __ \                  / ____|  _ \_   _|
 | |  | |_ __   ___ _ __ | (___ | |_) || |
 | |  | | '_ \ / _ \ '_ \ \___ \|  _ < | |
 | |__| | |_) |  __/ | | |____) | |_) || |_
  \____/| .__/ \___|_| |_|_____/|____/_____|
        | |
        |_|

Platform Name             : riscv-virtio,qemu
Platform Features         : medeleg
Platform HART Count       : 1
Platform IPI Device       : aclint-mswi
Platform Timer Device     : aclint-mtimer @ 10000000Hz
Platform Console Device   : uart8250
Platform HSM Device       : ---
Platform PMU Device       : ---
Platform Reboot Device    : syscon-reboot
Platform Shutdown Device  : syscon-poweroff
Platform Suspend Device   : ---
Platform CPPC Device      : ---
Firmware Base             : 0x80000000
Firmware Size             : 327 KB
Firmware RW Offset        : 0x40000
Firmware RW Size          : 71 KB
Firmware Heap Offset      : 0x49000
Firmware Heap Size        : 35 KB (total), 2 KB (reserved), 11 KB (used), 21 KB (free)
Firmware Scratch Size     : 4096 B (total), 416 B (used), 3680 B (free)
Runtime SBI Version       : 2.0

Domain0 Name              : root
Domain0 Boot HART         : 0
Domain0 HARTs             : 0*
Domain0 Region00          : 0x0000000000100000-0x0000000000100fff M: (I,R,W) S/U: (R,W)
Domain0 Region01          : 0x0000000010000000-0x0000000010000fff M: (I,R,W) S/U: (R,W)
Domain0 Region02          : 0x0000000002000000-0x000000000200ffff M: (I,R,W) S/U: ()
Domain0 Region03          : 0x0000000080040000-0x000000008005ffff M: (R,W) S/U: ()
Domain0 Region04          : 0x0000000080000000-0x000000008003ffff M: (R,X) S/U: ()
Domain0 Region05          : 0x000000000c400000-0x000000000c5fffff M: (I,R,W) S/U: (R,W)
Domain0 Region06          : 0x000000000c000000-0x000000000c3fffff M: (I,R,W) S/U: (R,W)
Domain0 Region07          : 0x0000000000000000-0xffffffffffffffff M: () S/U: (R,W,X)
Domain0 Next Address      : 0x0000000080200000
Domain0 Next Arg1         : 0x00000000bfe00000
Domain0 Next Mode         : S-mode
Domain0 SysReset          : yes
Domain0 SysSuspend        : yes

Boot HART ID              : 0
Boot HART Domain          : root
Boot HART Priv Version    : v1.12
Boot HART Base ISA        : rv64imafdch
Boot HART ISA Extensions  : sstc,zicntr,zihpm,zicboz,zicbom,sdtrig,svadu
Boot HART PMP Count       : 16
Boot HART PMP Granularity : 2 bits
Boot HART PMP Address Bits: 54
Boot HART MHPM Info       : 16 (0x0007fff8)
Boot HART Debug Triggers  : 2 triggers
Boot HART MIDELEG         : 0x0000000000001666
Boot HART MEDELEG         : 0x0000000000f0b509
[kernel] logger inited, level= Off
[kernel] Boot protocol: RiscvFdt, hart_id=0, dtb_paddr=0xbfe00000
[kernel] Console initialized.
[memory] 194420 usable physical frames across 2 region(s)
[memory] region0: [0x9088a000, 0xbfe00000) frames=193910
[memory] region1: [0xbfe02000, 0xc0000000) frames=510
.text [0x80200000, 0x8042b000)
.rodata [0x8042b000, 0x80463000)
.data [0x80463000, 0x80828000)
.bss [0x80828000, 0x9088a000)
mapping .text section
mapping .rodata section
mapping .data section
mapping .bss section
mapping physical memory region
mapping physical memory region
mapping memory-mapped registers
[kernel] Hello, world!
[kernel] PRNG init warning: Entropy(DeviceUnavailable)
[memory] reclaimed linker frames: [0x80463000, 0x80826000) frames=963
[initramfs] unpacked: files=39 dirs=23 symlinks=1 bytes=3939152
[initramfs] VFS_ROOT initialized (ramfs + cpio unpack + dev/proc/tmp)
[kernel] block device 0: official fs (MMIO 0x10001000)
[kernel] block device 1: tools disk (MMIO 0x10002000)
[mbr] registered /dev/vdb1 (type=0x83, size=2048M)
[mbr] registered /dev/vdb2 (type=0xc, size=1280M)
[ext4] backend: another_ext4
[kernel] root device mounted at sdcard
[mbr] registered /dev/vdb1 (type=0x83, size=2048M)
[mbr] registered /dev/vdb2 (type=0xc, size=1280M)
[ext4] backend: another_ext4
[kernel] tools disk (vdb1) mounted at tools
[kernel] net interface initialized (RoutingDevice: lo + eth)
[init] pseudo-fs mount framework ready
[init] /tmp is bind-mounted from ext4 /sdcard/tmp
[init] /etc is bind-mounted from tools disk
[init] bind mount /tools/bin -> /bin
[init] bind mount /tools/sbin -> /sbin
[init] bind mount /tools/lib -> /lib
[init] bind mount /tools/usr -> /usr
[init] bind mount /tools/root -> /root: skipped (errno=2)
[init] PID1 profile=normal runner=/test-runner
[test-runner] synchronizing clock
[initproc] config source=/sdcard/os_test.conf mode=run mask=0x110 timer_smoke=false skip_apk=true
[initproc] ensuring base directories...
[initproc] runtime layout ready
[initproc] linking musl/glibc libs to /lib ...
[initproc] lib linking done, exit=0
[initproc] prepare lmbench compatibility ...
[initproc] lmbench compatibility done, exit=0
[initproc] install libgcc_s: already exists, skipping
[initproc] skip_apk=true: skipping install_apk_packages
[initproc] run_selected_groups start mask=0x110
[initproc] skip basic (mask bit0 not set)
[initproc] skip busybox (mask bit1 not set)
[initproc] skip lua (mask bit2 not set)
#### OS COMP TEST GROUP START lmbench-musl ####
#### OS COMP TEST GROUP START lmbench-musl ####
latency measurements
Simple syscall: 35.8056 microseconds
Simple read: 79.4921 microseconds
Simple write: 42.9431 microseconds
Simple stat: 190.9062 microseconds
Simple fstat: 92.1875 microseconds
Simple open/close: 226.2308 microseconds
Select on 100 fd's: 194.1667 microseconds
Signal handler installation: 99.4386 microseconds
Signal handler overhead: 140.9688 microseconds
Protection fault: 40.7742 microseconds
Pipe latency: 598.0054 microseconds
Process fork+exit: 5650.0000 microseconds
Process fork+execve: 6202.0000 microseconds
Process fork+/bin/sh -c: 292846.0000 microseconds
File /var/tmp/XXX write bandwidth:20065 KB/sec
Pagefaults on /var/tmp/XXX: 108.8242 microseconds
0.524288 625
file system latency
0k	16	2677	2941
1k	11	2039	2955
4k	12	1990	2705
10k	11	1865	2872
Bandwidth measurements
Pipe bandwidth: 42.02 MB/sec
0.524288 92.50
0.524288 89.18
0.524288 4176.48
0.524288 37.79
context switch overhead

"size=32k ovr=208.46
2 118.54
4 108.44
8 105.66
16 106.10
24 113.24
32 104.54
64 109.10
96 110.13
#### OS COMP TEST GROUP END lmbench-musl ####
#### OS COMP TEST GROUP END lmbench-musl ####
[initproc] done lmbench_testcode.sh in /musl exit_code=0
#### OS COMP TEST GROUP START lmbench-glibc ####
#### OS COMP TEST GROUP START lmbench-glibc ####
latency measurements
Simple syscall: 36.8965 microseconds
Simple read: 82.9420 microseconds
Simple write: 41.4963 microseconds
Simple stat: 191.2258 microseconds
Simple fstat: 101.5690 microseconds
Simple open/close: 230.4167 microseconds
Select on 100 fd's: 192.6452 microseconds
Signal handler installation: 96.9032 microseconds
Signal handler overhead: 137.3750 microseconds
Protection fault: 42.1875 microseconds
Pipe latency: 599.3802 microseconds
Process fork+exit: 6708.0000 microseconds
Process fork+execve: 12696.0000 microseconds
Process fork+/bin/sh -c: 279456.0000 microseconds
File /var/tmp/XXX write bandwidth:64843 KB/sec
Pagefaults on /var/tmp/XXX: 110.7852 microseconds
0.524288 584
file system latency
0k	27	2538	2995
1k	24	2146	2930
4k	21	2044	2935
10k	22	1948	2891
Bandwidth measurements
Pipe bandwidth: 42.36 MB/sec
0.524288 93.59
0.524288 91.98
0.524288 2535.65
0.524288 37.00
context switch overhead

"size=32k ovr=215.83
2 106.84
4 102.27
8 104.38
16 105.24
24 106.51
32 103.27
64 107.42
96 165.37
#### OS COMP TEST GROUP END lmbench-glibc ####
#### OS COMP TEST GROUP END lmbench-glibc ####
[initproc] done lmbench_testcode.sh in /glibc exit_code=0
#### OS COMP TEST GROUP START iozone-musl ####
#### OS COMP TEST GROUP START iozone-musl ####
iozone automatic measurements
	Iozone: Performance Test of File I/O
	        Version $Revision: 3.506 $
		Compiled for 64 bit mode.
		Build: linux 

	Contributors:William Norcott, Don Capps, Isom Crawford, Kirby Collins
	             Al Slater, Scott Rhine, Mike Wisner, Ken Goss
	             Steve Landherr, Brad Smith, Mark Kelly, Dr. Alain CYR,
	             Randy Dunlap, Mark Montague, Dan Million, Gavin Brebner,
	             Jean-Marc Zucconi, Jeff Blomberg, Benny Halevy, Dave Boone,
	             Erik Habbinga, Kris Strecker, Walter Wong, Joshua Root,
	             Fabrice Bacchella, Zhenghua Xue, Qin Li, Darren Sawyer,
	             Vangel Bojaxhi, Ben England, Vikentsi Lapa,
	             Alexey Skidanov, Sudhir Kumar.

	Run began: Fri Jan  1 00:02:40 2027

	Auto Mode
	Record Size 1 kB
	File size set to 4096 kB
	Command line used: ./iozone -a -r 1k -s 4m
	Output is in kBytes/sec
	Time Resolution = 0.000077 seconds.
	Processor cache size set to 1024 kBytes.
	Processor cache line size set to 32 bytes.
	File stride size set to 17 * record size.
                                                                    random    random      bkwd     record     stride                                        
              kB  reclen    write    rewrite      read    reread      read     write      read    rewrite       read    fwrite  frewrite     fread   freread
            4096       1      2804      2778      7761      7778      5694      2516      5652       2291       5761      2496      2564      5368      5364

iozone test complete.
iozone throughput write/read measurements
	Iozone: Performance Test of File I/O
	        Version $Revision: 3.506 $
		Compiled for 64 bit mode.
		Build: linux 

	Contributors:William Norcott, Don Capps, Isom Crawford, Kirby Collins
	             Al Slater, Scott Rhine, Mike Wisner, Ken Goss
	             Steve Landherr, Brad Smith, Mark Kelly, Dr. Alain CYR,
	             Randy Dunlap, Mark Montague, Dan Million, Gavin Brebner,
	             Jean-Marc Zucconi, Jeff Blomberg, Benny Halevy, Dave Boone,
	             Erik Habbinga, Kris Strecker, Walter Wong, Joshua Root,
	             Fabrice Bacchella, Zhenghua Xue, Qin Li, Darren Sawyer,
	             Vangel Bojaxhi, Ben England, Vikentsi Lapa,
	             Alexey Skidanov, Sudhir Kumar.

	Run began: Fri Jan  1 00:02:59 2027

	Record Size 1 kB
	File size set to 1024 kB
	Command line used: ./iozone -t 4 -i 0 -i 1 -r 1k -s 1m
	Output is in kBytes/sec
	Time Resolution = 0.000077 seconds.
	Processor cache size set to 1024 kBytes.
	Processor cache line size set to 32 bytes.
	File stride size set to 17 * record size.
	Throughput test with 4 processes
	Each process writes a 1024 kByte file in 1 kByte records

	Children see throughput for  4 initial writers 	=    2334.60 kB/sec
	Parent sees throughput for  4 initial writers 	=    1824.60 kB/sec
	Min throughput per process 			=     510.84 kB/sec 
	Max throughput per process 			=     670.38 kB/sec
	Avg throughput per process 			=     583.65 kB/sec
	Min xfer 					=     950.00 kB

	Children see throughput for  4 rewriters 	=    2587.91 kB/sec
	Parent sees throughput for  4 rewriters 	=    2313.03 kB/sec
	Min throughput per process 			=     593.60 kB/sec 
	Max throughput per process 			=     689.33 kB/sec
	Avg throughput per process 			=     646.98 kB/sec
	Min xfer 					=     990.00 kB

	Children see throughput for  4 readers 		=    8075.51 kB/sec
	Parent sees throughput for  4 readers 		=    6666.04 kB/sec
	Min throughput per process 			=    1911.36 kB/sec 
	Max throughput per process 			=    2105.94 kB/sec
	Avg throughput per process 			=    2018.88 kB/sec
	Min xfer 					=     977.00 kB

	Children see throughput for 4 re-readers 	=    8023.04 kB/sec
	Parent sees throughput for 4 re-readers 	=    6697.54 kB/sec
	Min throughput per process 			=    1849.30 kB/sec 
	Max throughput per process 			=    2114.16 kB/sec
	Avg throughput per process 			=    2005.76 kB/sec
	Min xfer 					=     992.00 kB



iozone test complete.
iozone throughput random-read measurements
	Iozone: Performance Test of File I/O
	        Version $Revision: 3.506 $
		Compiled for 64 bit mode.
		Build: linux 

	Contributors:William Norcott, Don Capps, Isom Crawford, Kirby Collins
	             Al Slater, Scott Rhine, Mike Wisner, Ken Goss
	             Steve Landherr, Brad Smith, Mark Kelly, Dr. Alain CYR,
	             Randy Dunlap, Mark Montague, Dan Million, Gavin Brebner,
	             Jean-Marc Zucconi, Jeff Blomberg, Benny Halevy, Dave Boone,
	             Erik Habbinga, Kris Strecker, Walter Wong, Joshua Root,
	             Fabrice Bacchella, Zhenghua Xue, Qin Li, Darren Sawyer,
	             Vangel Bojaxhi, Ben England, Vikentsi Lapa,
	             Alexey Skidanov, Sudhir Kumar.

	Run began: Fri Jan  1 00:03:21 2027

	Record Size 1 kB
	File size set to 1024 kB
	Command line used: ./iozone -t 4 -i 0 -i 2 -r 1k -s 1m
	Output is in kBytes/sec
	Time Resolution = 0.000076 seconds.
	Processor cache size set to 1024 kBytes.
	Processor cache line size set to 32 bytes.
	File stride size set to 17 * record size.
	Throughput test with 4 processes
	Each process writes a 1024 kByte file in 1 kByte records

	Children see throughput for  4 initial writers 	=    2552.01 kB/sec
	Parent sees throughput for  4 initial writers 	=    1919.43 kB/sec
	Min throughput per process 			=     598.46 kB/sec 
	Max throughput per process 			=     706.83 kB/sec
	Avg throughput per process 			=     638.00 kB/sec
	Min xfer 					=     961.00 kB

	Children see throughput for  4 rewriters 	=    2618.65 kB/sec
	Parent sees throughput for  4 rewriters 	=    2302.55 kB/sec
	Min throughput per process 			=     628.69 kB/sec 
	Max throughput per process 			=     687.64 kB/sec
	Avg throughput per process 			=     654.66 kB/sec
	Min xfer 					=     986.00 kB

	Children see throughput for 4 random readers 	=    5929.99 kB/sec
	Parent sees throughput for 4 random readers 	=    5402.98 kB/sec
	Min throughput per process 			=    1395.43 kB/sec 
	Max throughput per process 			=    1578.21 kB/sec
	Avg throughput per process 			=    1482.50 kB/sec
	Min xfer 					=     959.00 kB

	Children see throughput for 4 random writers 	=    2285.61 kB/sec
	Parent sees throughput for 4 random writers 	=    2046.23 kB/sec
	Min throughput per process 			=     529.17 kB/sec 
	Max throughput per process 			=     606.86 kB/sec
	Avg throughput per process 			=     571.40 kB/sec
	Min xfer 					=     977.00 kB



iozone test complete.
iozone throughput read-backwards measurements
	Iozone: Performance Test of File I/O
	        Version $Revision: 3.506 $
		Compiled for 64 bit mode.
		Build: linux 

	Contributors:William Norcott, Don Capps, Isom Crawford, Kirby Collins
	             Al Slater, Scott Rhine, Mike Wisner, Ken Goss
	             Steve Landherr, Brad Smith, Mark Kelly, Dr. Alain CYR,
	             Randy Dunlap, Mark Montague, Dan Million, Gavin Brebner,
	             Jean-Marc Zucconi, Jeff Blomberg, Benny Halevy, Dave Boone,
	             Erik Habbinga, Kris Strecker, Walter Wong, Joshua Root,
	             Fabrice Bacchella, Zhenghua Xue, Qin Li, Darren Sawyer,
	             Vangel Bojaxhi, Ben England, Vikentsi Lapa,
	             Alexey Skidanov, Sudhir Kumar.

	Run began: Fri Jan  1 00:03:48 2027

	Record Size 1 kB
	File size set to 1024 kB
	Command line used: ./iozone -t 4 -i 0 -i 3 -r 1k -s 1m
	Output is in kBytes/sec
	Time Resolution = 0.000078 seconds.
	Processor cache size set to 1024 kBytes.
	Processor cache line size set to 32 bytes.
	File stride size set to 17 * record size.
	Throughput test with 4 processes
	Each process writes a 1024 kByte file in 1 kByte records

	Children see throughput for  4 initial writers 	=    2378.04 kB/sec
	Parent sees throughput for  4 initial writers 	=    1875.70 kB/sec
	Min throughput per process 			=     509.55 kB/sec 
	Max throughput per process 			=     687.66 kB/sec
	Avg throughput per process 			=     594.51 kB/sec
	Min xfer 					=     990.00 kB

	Children see throughput for  4 rewriters 	=    2541.63 kB/sec
	Parent sees throughput for  4 rewriters 	=    2210.09 kB/sec
	Min throughput per process 			=     591.57 kB/sec 
	Max throughput per process 			=     690.23 kB/sec
	Avg throughput per process 			=     635.41 kB/sec
	Min xfer 					=     982.00 kB

	Children see throughput for 4 reverse readers 	=    5975.01 kB/sec
	Parent sees throughput for 4 reverse readers 	=    5339.09 kB/sec
	Min throughput per process 			=    1371.86 kB/sec 
	Max throughput per process 			=    1577.89 kB/sec
	Avg throughput per process 			=    1493.75 kB/sec
	Min xfer 					=     952.00 kB



iozone test complete.
iozone throughput stride-read measurements
	Iozone: Performance Test of File I/O
	        Version $Revision: 3.506 $
		Compiled for 64 bit mode.
		Build: linux 

	Contributors:William Norcott, Don Capps, Isom Crawford, Kirby Collins
	             Al Slater, Scott Rhine, Mike Wisner, Ken Goss
	             Steve Landherr, Brad Smith, Mark Kelly, Dr. Alain CYR,
	             Randy Dunlap, Mark Montague, Dan Million, Gavin Brebner,
	             Jean-Marc Zucconi, Jeff Blomberg, Benny Halevy, Dave Boone,
	             Erik Habbinga, Kris Strecker, Walter Wong, Joshua Root,
	             Fabrice Bacchella, Zhenghua Xue, Qin Li, Darren Sawyer,
	             Vangel Bojaxhi, Ben England, Vikentsi Lapa,
	             Alexey Skidanov, Sudhir Kumar.

	Run began: Fri Jan  1 00:04:08 2027

	Record Size 1 kB
	File size set to 1024 kB
	Command line used: ./iozone -t 4 -i 0 -i 5 -r 1k -s 1m
	Output is in kBytes/sec
	Time Resolution = 0.000080 seconds.
	Processor cache size set to 1024 kBytes.
	Processor cache line size set to 32 bytes.
	File stride size set to 17 * record size.
	Throughput test with 4 processes
	Each process writes a 1024 kByte file in 1 kByte records

	Children see throughput for  4 initial writers 	=    2604.46 kB/sec
	Parent sees throughput for  4 initial writers 	=    1907.29 kB/sec
	Min throughput per process 			=     616.87 kB/sec 
	Max throughput per process 			=     687.44 kB/sec
	Avg throughput per process 			=     651.12 kB/sec
	Min xfer 					=     970.00 kB

	Children see throughput for  4 rewriters 	=    2593.54 kB/sec
	Parent sees throughput for  4 rewriters 	=    2357.41 kB/sec
	Min throughput per process 			=     599.14 kB/sec 
	Max throughput per process 			=     689.21 kB/sec
	Avg throughput per process 			=     648.39 kB/sec
	Min xfer 					=     977.00 kB

	Children see throughput for 4 stride readers 	=    5869.21 kB/sec
	Parent sees throughput for 4 stride readers 	=    5357.51 kB/sec
	Min throughput per process 			=    1361.02 kB/sec 
	Max throughput per process 			=    1576.97 kB/sec
	Avg throughput per process 			=    1467.30 kB/sec
	Min xfer 					=     951.00 kB



iozone test complete.
iozone throughput fwrite/fread measurements
	Iozone: Performance Test of File I/O
	        Version $Revision: 3.506 $
		Compiled for 64 bit mode.
		Build: linux 

	Contributors:William Norcott, Don Capps, Isom Crawford, Kirby Collins
	             Al Slater, Scott Rhine, Mike Wisner, Ken Goss
	             Steve Landherr, Brad Smith, Mark Kelly, Dr. Alain CYR,
	             Randy Dunlap, Mark Montague, Dan Million, Gavin Brebner,
	             Jean-Marc Zucconi, Jeff Blomberg, Benny Halevy, Dave Boone,
	             Erik Habbinga, Kris Strecker, Walter Wong, Joshua Root,
	             Fabrice Bacchella, Zhenghua Xue, Qin Li, Darren Sawyer,
	             Vangel Bojaxhi, Ben England, Vikentsi Lapa,
	             Alexey Skidanov, Sudhir Kumar.

	Run began: Fri Jan  1 00:04:28 2027

	Record Size 1 kB
	File size set to 1024 kB
	Command line used: ./iozone -t 4 -i 6 -i 7 -r 1k -s 1m
	Output is in kBytes/sec
	Time Resolution = 0.000077 seconds.
	Processor cache size set to 1024 kBytes.
	Processor cache line size set to 32 bytes.
	File stride size set to 17 * record size.
	Throughput test with 4 processes
	Each process writes a 1024 kByte file in 1 kByte records

	Children see throughput for  4 fwriters 	=    2442.66 kB/sec
	Parent sees throughput for  4 fwriters 		=    2055.87 kB/sec
	Min throughput per process 			=     550.24 kB/sec 
	Max throughput per process 			=     672.58 kB/sec
	Avg throughput per process 			=     610.66 kB/sec
	Min xfer 					=    1024.00 kB

	Children see throughput for  4 freaders 	=    5775.33 kB/sec
	Parent sees throughput for  4 freaders 		=    5353.97 kB/sec
	Min throughput per process 			=    1359.96 kB/sec 
	Max throughput per process 			=    1486.09 kB/sec
	Avg throughput per process 			=    1443.83 kB/sec
	Min xfer 					=    1024.00 kB



iozone test complete.
iozone throughput pwrite/pread measurements
	Iozone: Performance Test of File I/O
	        Version $Revision: 3.506 $
		Compiled for 64 bit mode.
		Build: linux 

	Contributors:William Norcott, Don Capps, Isom Crawford, Kirby Collins
	             Al Slater, Scott Rhine, Mike Wisner, Ken Goss
	             Steve Landherr, Brad Smith, Mark Kelly, Dr. Alain CYR,
	             Randy Dunlap, Mark Montague, Dan Million, Gavin Brebner,
	             Jean-Marc Zucconi, Jeff Blomberg, Benny Halevy, Dave Boone,
	             Erik Habbinga, Kris Strecker, Walter Wong, Joshua Root,
	             Fabrice Bacchella, Zhenghua Xue, Qin Li, Darren Sawyer,
	             Vangel Bojaxhi, Ben England, Vikentsi Lapa,
	             Alexey Skidanov, Sudhir Kumar.

	Run began: Fri Jan  1 00:04:43 2027

	Record Size 1 kB
	File size set to 1024 kB
	Command line used: ./iozone -t 4 -i 9 -i 10 -r 1k -s 1m
	Output is in kBytes/sec
	Time Resolution = 0.000077 seconds.
	Processor cache size set to 1024 kBytes.
	Processor cache line size set to 32 bytes.
	File stride size set to 17 * record size.
	Throughput test with 4 processes
	Each process writes a 1024 kByte file in 1 kByte records

	Children see throughput for 4 pwrite writers 	=    2417.14 kB/sec
	Parent sees throughput for 4 pwrite writers 	=    1781.33 kB/sec
	Min throughput per process 			=     533.15 kB/sec 
	Max throughput per process 			=     707.52 kB/sec
	Avg throughput per process 			=     604.28 kB/sec
	Min xfer 					=     975.00 kB

	Children see throughput for 4 pread readers 	=    8520.77 kB/sec
	Parent sees throughput for 4 pread readers 	=    7466.59 kB/sec
	Min throughput per process 			=    1972.65 kB/sec 
	Max throughput per process 			=    2293.35 kB/sec
	Avg throughput per process 			=    2130.19 kB/sec
	Min xfer 					=     969.00 kB



iozone test complete.
iozone throughtput pwritev/preadv measurements
	Iozone: Performance Test of File I/O
	        Version $Revision: 3.506 $
		Compiled for 64 bit mode.
		Build: linux 

	Contributors:William Norcott, Don Capps, Isom Crawford, Kirby Collins
	             Al Slater, Scott Rhine, Mike Wisner, Ken Goss
	             Steve Landherr, Brad Smith, Mark Kelly, Dr. Alain CYR,
	             Randy Dunlap, Mark Montague, Dan Million, Gavin Brebner,
	             Jean-Marc Zucconi, Jeff Blomberg, Benny Halevy, Dave Boone,
	             Erik Habbinga, Kris Strecker, Walter Wong, Joshua Root,
	             Fabrice Bacchella, Zhenghua Xue, Qin Li, Darren Sawyer,
	             Vangel Bojaxhi, Ben England, Vikentsi Lapa,
	             Alexey Skidanov, Sudhir Kumar.

	Run began: Fri Jan  1 00:05:02 2027

	Selected test not available on the version.
	Record Size 1 kB
	File size set to 1024 kB
	Command line used: ./iozone -t 4 -i 11 -i 12 -r 1k -s 1m
	Output is in kBytes/sec
	Time Resolution = 0.000077 seconds.
	Processor cache size set to 1024 kBytes.
	Processor cache line size set to 32 bytes.
	File stride size set to 17 * record size.
	Throughput test with 4 processes
	Each process writes a 1024 kByte file in 1 kByte records

	Children see throughput for  4 initial writers 	=    2332.78 kB/sec
	Parent sees throughput for  4 initial writers 	=    1811.81 kB/sec
	Min throughput per process 			=     494.71 kB/sec 
	Max throughput per process 			=     688.59 kB/sec
	Avg throughput per process 			=     583.20 kB/sec
	Min xfer 					=    1001.00 kB

	Children see throughput for  4 rewriters 	=    2536.67 kB/sec
	Parent sees throughput for  4 rewriters 	=    2280.64 kB/sec
	Min throughput per process 			=     605.39 kB/sec 
	Max throughput per process 			=     688.96 kB/sec
	Avg throughput per process 			=     634.17 kB/sec
	Min xfer 					=     973.00 kB



iozone test complete.
#### OS COMP TEST GROUP END iozone-musl ####
#### OS COMP TEST GROUP END iozone-musl ####
[initproc] done iozone_testcode.sh in /musl exit_code=0
#### OS COMP TEST GROUP START iozone-glibc ####
#### OS COMP TEST GROUP START iozone-glibc ####
iozone automatic measurements
	Iozone: Performance Test of File I/O
	        Version $Revision: 3.506 $
		Compiled for 64 bit mode.
		Build: linux 

	Contributors:William Norcott, Don Capps, Isom Crawford, Kirby Collins
	             Al Slater, Scott Rhine, Mike Wisner, Ken Goss
	             Steve Landherr, Brad Smith, Mark Kelly, Dr. Alain CYR,
	             Randy Dunlap, Mark Montague, Dan Million, Gavin Brebner,
	             Jean-Marc Zucconi, Jeff Blomberg, Benny Halevy, Dave Boone,
	             Erik Habbinga, Kris Strecker, Walter Wong, Joshua Root,
	             Fabrice Bacchella, Zhenghua Xue, Qin Li, Darren Sawyer,
	             Vangel Bojaxhi, Ben England, Vikentsi Lapa,
	             Alexey Skidanov, Sudhir Kumar.

	Run began: Fri Jan  1 00:05:19 2027

	Auto Mode
	Record Size 1 kB
	File size set to 4096 kB
	Command line used: ./iozone -a -r 1k -s 4m
	Output is in kBytes/sec
	Time Resolution = 0.000079 seconds.
	Processor cache size set to 1024 kBytes.
	Processor cache line size set to 32 bytes.
	File stride size set to 17 * record size.
                                                                    random    random      bkwd     record     stride                                        
              kB  reclen    write    rewrite      read    reread      read     write      read    rewrite       read    fwrite  frewrite     fread   freread
            4096       1      2659      2676      7928      7891      5810      2435      5867       2396       5898      2614      2628      7718      7755

iozone test complete.
iozone throughput write/read measurements
	Iozone: Performance Test of File I/O
	        Version $Revision: 3.506 $
		Compiled for 64 bit mode.
		Build: linux 

	Contributors:William Norcott, Don Capps, Isom Crawford, Kirby Collins
	             Al Slater, Scott Rhine, Mike Wisner, Ken Goss
	             Steve Landherr, Brad Smith, Mark Kelly, Dr. Alain CYR,
	             Randy Dunlap, Mark Montague, Dan Million, Gavin Brebner,
	             Jean-Marc Zucconi, Jeff Blomberg, Benny Halevy, Dave Boone,
	             Erik Habbinga, Kris Strecker, Walter Wong, Joshua Root,
	             Fabrice Bacchella, Zhenghua Xue, Qin Li, Darren Sawyer,
	             Vangel Bojaxhi, Ben England, Vikentsi Lapa,
	             Alexey Skidanov, Sudhir Kumar.

	Run began: Fri Jan  1 00:05:38 2027

	Record Size 1 kB
	File size set to 1024 kB
	Command line used: ./iozone -t 4 -i 0 -i 1 -r 1k -s 1m
	Output is in kBytes/sec
	Time Resolution = 0.000078 seconds.
	Processor cache size set to 1024 kBytes.
	Processor cache line size set to 32 bytes.
	File stride size set to 17 * record size.
	Throughput test with 4 processes
	Each process writes a 1024 kByte file in 1 kByte records

	Children see throughput for  4 initial writers 	=    2390.47 kB/sec
	Parent sees throughput for  4 initial writers 	=    1786.17 kB/sec
	Min throughput per process 			=     531.30 kB/sec 
	Max throughput per process 			=     690.24 kB/sec
	Avg throughput per process 			=     597.62 kB/sec
	Min xfer 					=     979.00 kB

	Children see throughput for  4 rewriters 	=    2548.91 kB/sec
	Parent sees throughput for  4 rewriters 	=    2299.42 kB/sec
	Min throughput per process 			=     608.73 kB/sec 
	Max throughput per process 			=     688.01 kB/sec
	Avg throughput per process 			=     637.23 kB/sec
	Min xfer 					=     984.00 kB

	Children see throughput for  4 readers 		=    8092.64 kB/sec
	Parent sees throughput for  4 readers 		=    7115.53 kB/sec
	Min throughput per process 			=    1890.86 kB/sec 
	Max throughput per process 			=    2115.32 kB/sec
	Avg throughput per process 			=    2023.16 kB/sec
	Min xfer 					=    1013.00 kB

	Children see throughput for 4 re-readers 	=    8293.44 kB/sec
	Parent sees throughput for 4 re-readers 	=    7211.58 kB/sec
	Min throughput per process 			=    2053.42 kB/sec 
	Max throughput per process 			=    2104.13 kB/sec
	Avg throughput per process 			=    2073.36 kB/sec
	Min xfer 					=    1018.00 kB



iozone test complete.
iozone throughput random-read measurements
	Iozone: Performance Test of File I/O
	        Version $Revision: 3.506 $
		Compiled for 64 bit mode.
		Build: linux 

	Contributors:William Norcott, Don Capps, Isom Crawford, Kirby Collins
	             Al Slater, Scott Rhine, Mike Wisner, Ken Goss
	             Steve Landherr, Brad Smith, Mark Kelly, Dr. Alain CYR,
	             Randy Dunlap, Mark Montague, Dan Million, Gavin Brebner,
	             Jean-Marc Zucconi, Jeff Blomberg, Benny Halevy, Dave Boone,
	             Erik Habbinga, Kris Strecker, Walter Wong, Joshua Root,
	             Fabrice Bacchella, Zhenghua Xue, Qin Li, Darren Sawyer,
	             Vangel Bojaxhi, Ben England, Vikentsi Lapa,
	             Alexey Skidanov, Sudhir Kumar.

	Run began: Fri Jan  1 00:06:02 2027

	Record Size 1 kB
	File size set to 1024 kB
	Command line used: ./iozone -t 4 -i 0 -i 2 -r 1k -s 1m
	Output is in kBytes/sec
	Time Resolution = 0.000079 seconds.
	Processor cache size set to 1024 kBytes.
	Processor cache line size set to 32 bytes.
	File stride size set to 17 * record size.
	Throughput test with 4 processes
	Each process writes a 1024 kByte file in 1 kByte records

	Children see throughput for  4 initial writers 	=    2389.60 kB/sec
	Parent sees throughput for  4 initial writers 	=    1743.04 kB/sec
	Min throughput per process 			=     491.05 kB/sec 
	Max throughput per process 			=     709.63 kB/sec
	Avg throughput per process 			=     597.40 kB/sec
	Min xfer 					=     981.00 kB

	Children see throughput for  4 rewriters 	=    2640.98 kB/sec
	Parent sees throughput for  4 rewriters 	=    2392.60 kB/sec
	Min throughput per process 			=     609.35 kB/sec 
	Max throughput per process 			=     707.13 kB/sec
	Avg throughput per process 			=     660.24 kB/sec
	Min xfer 					=     973.00 kB

	Children see throughput for 4 random readers 	=    6128.68 kB/sec
	Parent sees throughput for 4 random readers 	=    5620.95 kB/sec
	Min throughput per process 			=    1440.97 kB/sec 
	Max throughput per process 			=    1585.96 kB/sec
	Avg throughput per process 			=    1532.17 kB/sec
	Min xfer 					=     986.00 kB

	Children see throughput for 4 random writers 	=    2290.05 kB/sec
	Parent sees throughput for 4 random writers 	=    1970.90 kB/sec
	Min throughput per process 			=     522.10 kB/sec 
	Max throughput per process 			=     621.38 kB/sec
	Avg throughput per process 			=     572.51 kB/sec
	Min xfer 					=     964.00 kB



iozone test complete.
iozone throughput read-backwards measurements
	Iozone: Performance Test of File I/O
	        Version $Revision: 3.506 $
		Compiled for 64 bit mode.
		Build: linux 

	Contributors:William Norcott, Don Capps, Isom Crawford, Kirby Collins
	             Al Slater, Scott Rhine, Mike Wisner, Ken Goss
	             Steve Landherr, Brad Smith, Mark Kelly, Dr. Alain CYR,
	             Randy Dunlap, Mark Montague, Dan Million, Gavin Brebner,
	             Jean-Marc Zucconi, Jeff Blomberg, Benny Halevy, Dave Boone,
	             Erik Habbinga, Kris Strecker, Walter Wong, Joshua Root,
	             Fabrice Bacchella, Zhenghua Xue, Qin Li, Darren Sawyer,
	             Vangel Bojaxhi, Ben England, Vikentsi Lapa,
	             Alexey Skidanov, Sudhir Kumar.

	Run began: Fri Jan  1 00:06:31 2027

	Record Size 1 kB
	File size set to 1024 kB
	Command line used: ./iozone -t 4 -i 0 -i 3 -r 1k -s 1m
	Output is in kBytes/sec
	Time Resolution = 0.000080 seconds.
	Processor cache size set to 1024 kBytes.
	Processor cache line size set to 32 bytes.
	File stride size set to 17 * record size.
	Throughput test with 4 processes
	Each process writes a 1024 kByte file in 1 kByte records

	Children see throughput for  4 initial writers 	=    2330.66 kB/sec
	Parent sees throughput for  4 initial writers 	=    1718.97 kB/sec
	Min throughput per process 			=     519.25 kB/sec 
	Max throughput per process 			=     670.00 kB/sec
	Avg throughput per process 			=     582.67 kB/sec
	Min xfer 					=     982.00 kB

	Children see throughput for  4 rewriters 	=    2462.01 kB/sec
	Parent sees throughput for  4 rewriters 	=    2238.66 kB/sec
	Min throughput per process 			=     577.10 kB/sec 
	Max throughput per process 			=     653.46 kB/sec
	Avg throughput per process 			=     615.50 kB/sec
	Min xfer 					=     997.00 kB

	Children see throughput for 4 reverse readers 	=    6053.65 kB/sec
	Parent sees throughput for 4 reverse readers 	=    5547.31 kB/sec
	Min throughput per process 			=    1451.99 kB/sec 
	Max throughput per process 			=    1577.72 kB/sec
	Avg throughput per process 			=    1513.41 kB/sec
	Min xfer 					=     976.00 kB



iozone test complete.
iozone throughput stride-read measurements
	Iozone: Performance Test of File I/O
	        Version $Revision: 3.506 $
		Compiled for 64 bit mode.
		Build: linux 

	Contributors:William Norcott, Don Capps, Isom Crawford, Kirby Collins
	             Al Slater, Scott Rhine, Mike Wisner, Ken Goss
	             Steve Landherr, Brad Smith, Mark Kelly, Dr. Alain CYR,
	             Randy Dunlap, Mark Montague, Dan Million, Gavin Brebner,
	             Jean-Marc Zucconi, Jeff Blomberg, Benny Halevy, Dave Boone,
	             Erik Habbinga, Kris Strecker, Walter Wong, Joshua Root,
	             Fabrice Bacchella, Zhenghua Xue, Qin Li, Darren Sawyer,
	             Vangel Bojaxhi, Ben England, Vikentsi Lapa,
	             Alexey Skidanov, Sudhir Kumar.

	Run began: Fri Jan  1 00:06:54 2027

	Record Size 1 kB
	File size set to 1024 kB
	Command line used: ./iozone -t 4 -i 0 -i 5 -r 1k -s 1m
	Output is in kBytes/sec
	Time Resolution = 0.000079 seconds.
	Processor cache size set to 1024 kBytes.
	Processor cache line size set to 32 bytes.
	File stride size set to 17 * record size.
	Throughput test with 4 processes
	Each process writes a 1024 kByte file in 1 kByte records

	Children see throughput for  4 initial writers 	=    2157.39 kB/sec
	Parent sees throughput for  4 initial writers 	=    1710.78 kB/sec
	Min throughput per process 			=     456.27 kB/sec 
	Max throughput per process 			=     655.13 kB/sec
	Avg throughput per process 			=     539.35 kB/sec
	Min xfer 					=    1001.00 kB

	Children see throughput for  4 rewriters 	=    2468.58 kB/sec
	Parent sees throughput for  4 rewriters 	=    2222.99 kB/sec
	Min throughput per process 			=     571.32 kB/sec 
	Max throughput per process 			=     655.92 kB/sec
	Avg throughput per process 			=     617.14 kB/sec
	Min xfer 					=     995.00 kB

	Children see throughput for 4 stride readers 	=    5916.12 kB/sec
	Parent sees throughput for 4 stride readers 	=    5276.21 kB/sec
	Min throughput per process 			=    1382.65 kB/sec 
	Max throughput per process 			=    1582.92 kB/sec
	Avg throughput per process 			=    1479.03 kB/sec
	Min xfer 					=     956.00 kB



iozone test complete.
iozone throughput fwrite/fread measurements
	Iozone: Performance Test of File I/O
	        Version $Revision: 3.506 $
		Compiled for 64 bit mode.
		Build: linux 

	Contributors:William Norcott, Don Capps, Isom Crawford, Kirby Collins
	             Al Slater, Scott Rhine, Mike Wisner, Ken Goss
	             Steve Landherr, Brad Smith, Mark Kelly, Dr. Alain CYR,
	             Randy Dunlap, Mark Montague, Dan Million, Gavin Brebner,
	             Jean-Marc Zucconi, Jeff Blomberg, Benny Halevy, Dave Boone,
	             Erik Habbinga, Kris Strecker, Walter Wong, Joshua Root,
	             Fabrice Bacchella, Zhenghua Xue, Qin Li, Darren Sawyer,
	             Vangel Bojaxhi, Ben England, Vikentsi Lapa,
	             Alexey Skidanov, Sudhir Kumar.

	Run began: Fri Jan  1 00:07:17 2027

	Record Size 1 kB
	File size set to 1024 kB
	Command line used: ./iozone -t 4 -i 6 -i 7 -r 1k -s 1m
	Output is in kBytes/sec
	Time Resolution = 0.000079 seconds.
	Processor cache size set to 1024 kBytes.
	Processor cache line size set to 32 bytes.
	File stride size set to 17 * record size.
	Throughput test with 4 processes
	Each process writes a 1024 kByte file in 1 kByte records

	Children see throughput for  4 fwriters 	=    2349.93 kB/sec
	Parent sees throughput for  4 fwriters 		=    1795.68 kB/sec
	Min throughput per process 			=     491.48 kB/sec 
	Max throughput per process 			=     688.57 kB/sec
	Avg throughput per process 			=     587.48 kB/sec
	Min xfer 					=    1024.00 kB

	Children see throughput for  4 freaders 	=    8066.95 kB/sec
	Parent sees throughput for  4 freaders 		=    7309.85 kB/sec
	Min throughput per process 			=    1872.32 kB/sec 
	Max throughput per process 			=    2108.98 kB/sec
	Avg throughput per process 			=    2016.74 kB/sec
	Min xfer 					=    1024.00 kB



iozone test complete.
iozone throughput pwrite/pread measurements
	Iozone: Performance Test of File I/O
	        Version $Revision: 3.506 $
		Compiled for 64 bit mode.
		Build: linux 

	Contributors:William Norcott, Don Capps, Isom Crawford, Kirby Collins
	             Al Slater, Scott Rhine, Mike Wisner, Ken Goss
	             Steve Landherr, Brad Smith, Mark Kelly, Dr. Alain CYR,
	             Randy Dunlap, Mark Montague, Dan Million, Gavin Brebner,
	             Jean-Marc Zucconi, Jeff Blomberg, Benny Halevy, Dave Boone,
	             Erik Habbinga, Kris Strecker, Walter Wong, Joshua Root,
	             Fabrice Bacchella, Zhenghua Xue, Qin Li, Darren Sawyer,
	             Vangel Bojaxhi, Ben England, Vikentsi Lapa,
	             Alexey Skidanov, Sudhir Kumar.

	Run began: Fri Jan  1 00:07:33 2027

	Record Size 1 kB
	File size set to 1024 kB
	Command line used: ./iozone -t 4 -i 9 -i 10 -r 1k -s 1m
	Output is in kBytes/sec
	Time Resolution = 0.000080 seconds.
	Processor cache size set to 1024 kBytes.
	Processor cache line size set to 32 bytes.
	File stride size set to 17 * record size.
	Throughput test with 4 processes
	Each process writes a 1024 kByte file in 1 kByte records

	Children see throughput for 4 pwrite writers 	=    2413.52 kB/sec
	Parent sees throughput for 4 pwrite writers 	=    1788.27 kB/sec
	Min throughput per process 			=     530.46 kB/sec 
	Max throughput per process 			=     706.96 kB/sec
	Avg throughput per process 			=     603.38 kB/sec
	Min xfer 					=     966.00 kB

	Children see throughput for 4 pread readers 	=    8660.04 kB/sec
	Parent sees throughput for 4 pread readers 	=    7626.54 kB/sec
	Min throughput per process 			=    2023.17 kB/sec 
	Max throughput per process 			=    2292.24 kB/sec
	Avg throughput per process 			=    2165.01 kB/sec
	Min xfer 					=     952.00 kB



iozone test complete.
iozone throughtput pwritev/preadv measurements
	Iozone: Performance Test of File I/O
	        Version $Revision: 3.506 $
		Compiled for 64 bit mode.
		Build: linux 

	Contributors:William Norcott, Don Capps, Isom Crawford, Kirby Collins
	             Al Slater, Scott Rhine, Mike Wisner, Ken Goss
	             Steve Landherr, Brad Smith, Mark Kelly, Dr. Alain CYR,
	             Randy Dunlap, Mark Montague, Dan Million, Gavin Brebner,
	             Jean-Marc Zucconi, Jeff Blomberg, Benny Halevy, Dave Boone,
	             Erik Habbinga, Kris Strecker, Walter Wong, Joshua Root,
	             Fabrice Bacchella, Zhenghua Xue, Qin Li, Darren Sawyer,
	             Vangel Bojaxhi, Ben England, Vikentsi Lapa,
	             Alexey Skidanov, Sudhir Kumar.

	Run began: Fri Jan  1 00:07:54 2027

	Selected test not available on the version.
	Record Size 1 kB
	File size set to 1024 kB
	Command line used: ./iozone -t 4 -i 11 -i 12 -r 1k -s 1m
	Output is in kBytes/sec
	Time Resolution = 0.000079 seconds.
	Processor cache size set to 1024 kBytes.
	Processor cache line size set to 32 bytes.
	File stride size set to 17 * record size.
	Throughput test with 4 processes
	Each process writes a 1024 kByte file in 1 kByte records

	Children see throughput for  4 initial writers 	=    2417.90 kB/sec
	Parent sees throughput for  4 initial writers 	=    1684.97 kB/sec
	Min throughput per process 			=     564.91 kB/sec 
	Max throughput per process 			=     636.27 kB/sec
	Avg throughput per process 			=     604.48 kB/sec
	Min xfer 					=     974.00 kB

	Children see throughput for  4 rewriters 	=    2357.46 kB/sec
	Parent sees throughput for  4 rewriters 	=    2156.75 kB/sec
	Min throughput per process 			=     551.15 kB/sec 
	Max throughput per process 			=     621.54 kB/sec
	Avg throughput per process 			=     589.36 kB/sec
	Min xfer 					=     994.00 kB



iozone test complete.
#### OS COMP TEST GROUP END iozone-glibc ####
#### OS COMP TEST GROUP END iozone-glibc ####
[initproc] done iozone_testcode.sh in /glibc exit_code=0
[initproc] skip libcbench (mask bit7 not set)
[initproc] skip netperf (mask bit9 not set)
[initproc] skip iperf (mask bit6 not set)
[initproc] skip libctest (mask bit3 not set)
[initproc] skip cyclictest (mask bit10 not set)
[initproc] skip ltp (mask bit11 not set)
[initproc] skip cpython (mask bit12 not set)
[initproc] skip unixbench (mask bit5 not set)
[initproc] run_selected_groups done
make: Leaving directory '/app/os'
