make: Entering directory '/app/os'
Rust toolchain preflight passed: nightly-2026-05-10
make -f make/rv64.mk derived-comp
make[1]: Entering directory '/app/os'
Rust toolchain preflight passed: nightly-2026-05-10

OpenSBI v1.5.1
   ____                    _____ ____ _____
  / __ \                  / ____|  _ \_   _|
 | |  | |_ __   ___ _ __ | (___ | |_) || |
 | |  | | '_ \ / _ \ '_ \ \___ \|  _ < | |
 | |__| | |_) |  __/ | | |____) | |_) || |_
  \____/| .__/ \___|_| |_|_____/|____/_____|
        | |
        |_|

Platform Name             : riscv-virtio,qemu
Platform Features         : medeleg
Platform HART Count       : 1
Platform IPI Device       : aclint-mswi
Platform Timer Device     : aclint-mtimer @ 10000000Hz
Platform Console Device   : uart8250
Platform HSM Device       : ---
Platform PMU Device       : ---
Platform Reboot Device    : syscon-reboot
Platform Shutdown Device  : syscon-poweroff
Platform Suspend Device   : ---
Platform CPPC Device      : ---
Firmware Base             : 0x80000000
Firmware Size             : 327 KB
Firmware RW Offset        : 0x40000
Firmware RW Size          : 71 KB
Firmware Heap Offset      : 0x49000
Firmware Heap Size        : 35 KB (total), 2 KB (reserved), 11 KB (used), 21 KB (free)
Firmware Scratch Size     : 4096 B (total), 416 B (used), 3680 B (free)
Runtime SBI Version       : 2.0

Domain0 Name              : root
Domain0 Boot HART         : 0
Domain0 HARTs             : 0*
Domain0 Region00          : 0x0000000000100000-0x0000000000100fff M: (I,R,W) S/U: (R,W)
Domain0 Region01          : 0x0000000010000000-0x0000000010000fff M: (I,R,W) S/U: (R,W)
Domain0 Region02          : 0x0000000002000000-0x000000000200ffff M: (I,R,W) S/U: ()
Domain0 Region03          : 0x0000000080040000-0x000000008005ffff M: (R,W) S/U: ()
Domain0 Region04          : 0x0000000080000000-0x000000008003ffff M: (R,X) S/U: ()
Domain0 Region05          : 0x000000000c400000-0x000000000c5fffff M: (I,R,W) S/U: (R,W)
Domain0 Region06          : 0x000000000c000000-0x000000000c3fffff M: (I,R,W) S/U: (R,W)
Domain0 Region07          : 0x0000000000000000-0xffffffffffffffff M: () S/U: (R,W,X)
Domain0 Next Address      : 0x0000000080200000
Domain0 Next Arg1         : 0x00000000bfe00000
Domain0 Next Mode         : S-mode
Domain0 SysReset          : yes
Domain0 SysSuspend        : yes

Boot HART ID              : 0
Boot HART Domain          : root
Boot HART Priv Version    : v1.12
Boot HART Base ISA        : rv64imafdch
Boot HART ISA Extensions  : sstc,zicntr,zihpm,zicboz,zicbom,sdtrig,svadu
Boot HART PMP Count       : 16
Boot HART PMP Granularity : 2 bits
Boot HART PMP Address Bits: 54
Boot HART MHPM Info       : 16 (0x0007fff8)
Boot HART Debug Triggers  : 2 triggers
Boot HART MIDELEG         : 0x0000000000001666
Boot HART MEDELEG         : 0x0000000000f0b509
[kernel] logger inited, level= Off
[kernel] Boot protocol: RiscvFdt, hart_id=0, dtb_paddr=0xbfe00000
[kernel] Console initialized.
[memory] 194401 usable physical frames across 2 region(s)
[memory] region0: [0x9089d000, 0xbfe00000) frames=193891
[memory] region1: [0xbfe02000, 0xc0000000) frames=510
.text [0x80200000, 0x80438000)
.rodata [0x80438000, 0x80473000)
.data [0x80473000, 0x80838000)
.bss [0x80838000, 0x9089d000)
mapping .text section
mapping .rodata section
mapping .data section
mapping .bss section
mapping physical memory region
mapping physical memory region
mapping memory-mapped registers
[kernel] Hello, world!
[kernel] PRNG init warning: Entropy(DeviceUnavailable)
[memory] reclaimed linker frames: [0x80473000, 0x80836000) frames=963
[initramfs] unpacked: files=39 dirs=23 symlinks=1 bytes=3939303
[initramfs] VFS_ROOT initialized (ramfs + cpio unpack + dev/proc/tmp)
[kernel] block device 0: official fs (MMIO 0x10001000)
[kernel] block device 1: tools disk (MMIO 0x10002000)
[mbr] registered /dev/vdb1 (type=0x83, size=2048M)
[mbr] registered /dev/vdb2 (type=0xc, size=1280M)
[ext4] backend: another_ext4
[kernel] root device mounted at sdcard
[mbr] registered /dev/vdb1 (type=0x83, size=2048M)
[mbr] registered /dev/vdb2 (type=0xc, size=1280M)
[ext4] backend: another_ext4
[kernel] tools disk (vdb1) mounted at tools
[kernel] net interface initialized (RoutingDevice: lo + eth)
[init] pseudo-fs mount framework ready
[kernel] perf_diag features: perf_stats=true perf_diag=true
[init] /tmp is bind-mounted from ext4 /sdcard/tmp
[init] /etc is bind-mounted from tools disk
[init] bind mount /tools/bin -> /bin
[init] bind mount /tools/sbin -> /sbin
[init] bind mount /tools/lib -> /lib
[init] bind mount /tools/usr -> /usr
[init] bind mount /tools/root -> /root: skipped (errno=2)
[init] PID1 profile=normal runner=/test-runner
[test-runner] synchronizing clock
[initproc] config source=/sdcard/os_test.conf mode=run mask=0x110 timer_smoke=false skip_apk=true
[initproc] ensuring base directories...
[initproc] runtime layout ready
[initproc] linking musl/glibc libs to /lib ...
[initproc] lib linking done, exit=0
[initproc] prepare lmbench compatibility ...
[initproc] lmbench compatibility done, exit=0
[initproc] install libgcc_s: already exists, skipping
[initproc] skip_apk=true: skipping install_apk_packages
[initproc] run_selected_groups start mask=0x110
[initproc] skip basic (mask bit0 not set)
[initproc] skip busybox (mask bit1 not set)
[initproc] skip lua (mask bit2 not set)
#### OS COMP TEST GROUP START lmbench-musl ####
#### OS COMP TEST GROUP START lmbench-musl ####
latency measurements
Simple syscall: 38.0828 microseconds
Simple read: 89.4667 microseconds
Simple write: 45.1231 microseconds
Simple stat: 210.8846 microseconds
Simple fstat: 95.3607 microseconds
Simple open/close: 248.5000 microseconds
Select on 100 fd's: 221.5000 microseconds
Signal handler installation: 102.8727 microseconds
Signal handler overhead: 151.4839 microseconds
Protection fault: 57.1481 microseconds
Pipe latency: 740.4419 microseconds
Process fork+exit: 6778.0000 microseconds
Process fork+execve: 79527.0000 microseconds
[ext4_another] write_pages ino=3218 pages=1 total_bytes=51 prepare_cycles=0 commit_cycles=0 direct=false
Process fork+/bin/sh -c: 293225.0000 microseconds
File /var/tmp/XXX write bandwidth:19532 KB/sec
Pagefaults on /var/tmp/XXX: 117.4141 microseconds
0.524288 654
file system latency
0k	13	2412	2362
1k	11	1876	2282
4k	11	1852	2313
10k	10	1722	2288
Bandwidth measurements
Pipe bandwidth: 37.01 MB/sec
0.524288 88.77
0.524288 85.74
0.524288 4159.67
0.524288 33.93
context switch overhead

"size=32k ovr=217.96
2 119.93
4 111.04
8 123.54
16 123.91
24 124.20
32 121.44
64 121.37
96 116.52
#### OS COMP TEST GROUP END lmbench-musl ####
[initproc] [diag] === stats lmbench-musl ===
blk_vread_reqs=197
blk_vread_secs=5584
blk_vwrite_reqs=151
blk_vwrite_secs=1288
journal_commit_count=3
journal_commit_bytes=65536
device_flush_count=124
virtio_write_requests=151
virtio_write_bytes=659456
virtio_read_requests=228
writeback_batch_count=1
writeback_page_count=1
pwrite_uaccess_cycles=0
pwrite_file_cycles=0
pwrite_ext4_setup_cycles=0
pwrite_ext4_post_cycles=0
pwrite_total_count=0
sata_read_reqs=0
sata_read_bytes=0
sata_read_ticks_total=0
sata_read_ticks_max=0
sata_write_reqs=0
sata_write_bytes=0
sata_write_ticks_total=0
sata_write_ticks_max=0
sata_flush_reqs=0
sata_flush_ticks_total=0
[initproc] [diag] === stats lmbench-musl end ===
#### OS COMP TEST GROUP END lmbench-musl ####
[initproc] done lmbench_testcode.sh in /musl exit_code=0
#### OS COMP TEST GROUP START lmbench-glibc ####
#### OS COMP TEST GROUP START lmbench-glibc ####
latency measurements
Simple syscall: 40.1307 microseconds
Simple read: 85.6393 microseconds
Simple write: 43.8626 microseconds
Simple stat: 211.0385 microseconds
Simple fstat: 99.4561 microseconds
Simple open/close: 253.2727 microseconds
Select on 100 fd's: 205.9259 microseconds
Signal handler installation: 105.5636 microseconds
Signal handler overhead: 150.8387 microseconds
Protection fault: 38.3000 microseconds
Pipe latency: 632.8127 microseconds
Process fork+exit: 8042.0000 microseconds
Process fork+execve: 12599.0000 microseconds
[ext4_another] write_pages ino=3220 pages=1 total_bytes=51 prepare_cycles=0 commit_cycles=0 direct=false
Process fork+/bin/sh -c: 305711.0000 microseconds
File /var/tmp/XXX write bandwidth:58144 KB/sec
Pagefaults on /var/tmp/XXX: 118.6367 microseconds
0.524288 654
file system latency
0k	13	2533	2297
1k	11	1823	2270
4k	10	1789	2259
10k	10	1699	2243
Bandwidth measurements
Pipe bandwidth: 37.09 MB/sec
0.524288 87.50
0.524288 84.90
0.524288 2512.56
0.524288 33.69
context switch overhead

"size=32k ovr=227.40
2 99.60
4 120.10
8 117.35
16 127.41
24 118.10
32 115.22
64 118.15
96 124.58
#### OS COMP TEST GROUP END lmbench-glibc ####
[initproc] [diag] === stats lmbench-glibc ===
blk_vread_reqs=189
blk_vread_secs=7008
blk_vwrite_reqs=151
blk_vwrite_secs=1288
journal_commit_count=3
journal_commit_bytes=65536
device_flush_count=124
virtio_write_requests=151
virtio_write_bytes=659456
virtio_read_requests=230
writeback_batch_count=1
writeback_page_count=1
pwrite_uaccess_cycles=0
pwrite_file_cycles=0
pwrite_ext4_setup_cycles=0
pwrite_ext4_post_cycles=0
pwrite_total_count=0
sata_read_reqs=0
sata_read_bytes=0
sata_read_ticks_total=0
sata_read_ticks_max=0
sata_write_reqs=0
sata_write_bytes=0
sata_write_ticks_total=0
sata_write_ticks_max=0
sata_flush_reqs=0
sata_flush_ticks_total=0
[initproc] [diag] === stats lmbench-glibc end ===
#### OS COMP TEST GROUP END lmbench-glibc ####
[initproc] done lmbench_testcode.sh in /glibc exit_code=0
#### OS COMP TEST GROUP START iozone-musl ####
#### OS COMP TEST GROUP START iozone-musl ####
iozone automatic measurements
	Iozone: Performance Test of File I/O
	        Version $Revision: 3.506 $
		Compiled for 64 bit mode.
		Build: linux 

	Contributors:William Norcott, Don Capps, Isom Crawford, Kirby Collins
	             Al Slater, Scott Rhine, Mike Wisner, Ken Goss
	             Steve Landherr, Brad Smith, Mark Kelly, Dr. Alain CYR,
	             Randy Dunlap, Mark Montague, Dan Million, Gavin Brebner,
	             Jean-Marc Zucconi, Jeff Blomberg, Benny Halevy, Dave Boone,
	             Erik Habbinga, Kris Strecker, Walter Wong, Joshua Root,
	             Fabrice Bacchella, Zhenghua Xue, Qin Li, Darren Sawyer,
	             Vangel Bojaxhi, Ben England, Vikentsi Lapa,
	             Alexey Skidanov, Sudhir Kumar.

	Run began: Fri Jan  1 00:02:34 2027

	Auto Mode
	Record Size 1 kB
	File size set to 4096 kB
	Command line used: ./iozone -a -r 1k -s 4m
	Output is in kBytes/sec
	Time Resolution = 0.000081 seconds.
	Processor cache size set to 1024 kBytes.
	Processor cache line size set to 32 bytes.
	File stride size set to 17 * record size.
                                                                    random    random      bkwd     record     stride                                        
              kB  reclen    write    rewrite      read    reread      read     write      read    rewrite       read    fwrite  frewrite     fread   freread
            4096       1[ext4_another] write_pages ino=3217 pages=256 total_bytes=1048576 prepare_cycles=0 commit_cycles=0 direct=true
[ext4_another] write_pages ino=3217 pages=256 total_bytes=1048576 prepare_cycles=0 commit_cycles=0 direct=true
[ext4_another] write_pages ino=3217 pages=256 total_bytes=1048576 prepare_cycles=0 commit_cycles=0 direct=true
[ext4_another] write_pages ino=3217 pages=256 total_bytes=1048576 prepare_cycles=0 commit_cycles=0 direct=true
[ext4_another] write_pages ino=3217 pages=256 total_bytes=1048576 prepare_cycles=0 commit_cycles=0 direct=true
[ext4_another] write_pages ino=3217 pages=256 total_bytes=1048576 prepare_cycles=0 commit_cycles=0 direct=true
[ext4_another] write_pages ino=3217 pages=256 total_bytes=1048576 prepare_cycles=0 commit_cycles=0 direct=true
[ext4_another] write_pages ino=3217 pages=256 total_bytes=1048576 prepare_cycles=0 commit_cycles=0 direct=true
      2422      2421      7332      7305[ext4_another] write_pages ino=3217 pages=256 total_bytes=1048576 prepare_cycles=0 commit_cycles=0 direct=true
[ext4_another] write_pages ino=3217 pages=256 total_bytes=1048576 prepare_cycles=0 commit_cycles=0 direct=true
[ext4_another] write_pages ino=3217 pages=256 total_bytes=1048576 prepare_cycles=0 commit_cycles=0 direct=true
[ext4_another] write_pages ino=3217 pages=256 total_bytes=1048576 prepare_cycles=0 commit_cycles=0 direct=true
      5500      2172      5491[ext4_another] write_pages ino=3217 pages=1 total_bytes=4096 prepare_cycles=0 commit_cycles=0 direct=true
       2155       5493[ext4_another] write_pages ino=3217 pages=256 total_bytes=1048576 prepare_cycles=0 commit_cycles=0 direct=true
[ext4_another] write_pages ino=3217 pages=256 total_bytes=1048576 prepare_cycles=0 commit_cycles=0 direct=true
[ext4_another] write_pages ino=3217 pages=256 total_bytes=1048576 prepare_cycles=0 commit_cycles=0 direct=true
[ext4_another] write_pages ino=3217 pages=256 total_bytes=1048576 prepare_cycles=0 commit_cycles=0 direct=true
[ext4_another] write_pages ino=3217 pages=256 total_bytes=1048576 prepare_cycles=0 commit_cycles=0 direct=true
[ext4_another] write_pages ino=3217 pages=256 total_bytes=1048576 prepare_cycles=0 commit_cycles=0 direct=true
[ext4_another] write_pages ino=3217 pages=256 total_bytes=1048576 prepare_cycles=0 commit_cycles=0 direct=true
[ext4_another] write_pages ino=3217 pages=256 total_bytes=1048576 prepare_cycles=0 commit_cycles=0 direct=true
      2419      2314      4856      4863

iozone test complete.
iozone throughput write/read measurements
	Iozone: Performance Test of File I/O
	        Version $Revision: 3.506 $
		Compiled for 64 bit mode.
		Build: linux 

	Contributors:William Norcott, Don Capps, Isom Crawford, Kirby Collins
	             Al Slater, Scott Rhine, Mike Wisner, Ken Goss
	             Steve Landherr, Brad Smith, Mark Kelly, Dr. Alain CYR,
	             Randy Dunlap, Mark Montague, Dan Million, Gavin Brebner,
	             Jean-Marc Zucconi, Jeff Blomberg, Benny Halevy, Dave Boone,
	             Erik Habbinga, Kris Strecker, Walter Wong, Joshua Root,
	             Fabrice Bacchella, Zhenghua Xue, Qin Li, Darren Sawyer,
	             Vangel Bojaxhi, Ben England, Vikentsi Lapa,
	             Alexey Skidanov, Sudhir Kumar.

	Run began: Fri Jan  1 00:02:54 2027

	Record Size 1 kB
	File size set to 1024 kB
	Command line used: ./iozone -t 4 -i 0 -i 1 -r 1k -s 1m
	Output is in kBytes/sec
	Time Resolution = 0.000081 seconds.
	Processor cache size set to 1024 kBytes.
	Processor cache line size set to 32 bytes.
	File stride size set to 17 * record size.
	Throughput test with 4 processes
	Each process writes a 1024 kByte file in 1 kByte records
[ext4_another] write_pages ino=3219 pages=256 total_bytes=1048576 prepare_cycles=0 commit_cycles=0 direct=true
[ext4_another] write_pages ino=3221 pages=256 total_bytes=1048576 prepare_cycles=0 commit_cycles=0 direct=true
[ext4_another] write_pages ino=3218 pages=256 total_bytes=1048576 prepare_cycles=0 commit_cycles=0 direct=true
[ext4_another] write_pages ino=3222 pages=256 total_bytes=1048576 prepare_cycles=0 commit_cycles=0 direct=true

	Children see throughput for  4 initial writers 	=    2523.14 kB/sec
	Parent sees throughput for  4 initial writers 	=    2066.83 kB/sec
	Min throughput per process 			=     600.92 kB/sec 
	Max throughput per process 			=     655.93 kB/sec
	Avg throughput per process 			=     630.78 kB/sec
	Min xfer 					=     998.00 kB
[ext4_another] write_pages ino=3219 pages=256 total_bytes=1048576 prepare_cycles=0 commit_cycles=0 direct=true
[ext4_another] write_pages ino=3222 pages=253 total_bytes=1036288 prepare_cycles=0 commit_cycles=0 direct=true
[ext4_another] write_pages ino=3218 pages=247 total_bytes=1011712 prepare_cycles=0 commit_cycles=0 direct=true
[ext4_another] write_pages ino=3221 pages=253 total_bytes=1036288 prepare_cycles=0 commit_cycles=0 direct=true

	Children see throughput for  4 rewriters 	=    2358.68 kB/sec
	Parent sees throughput for  4 rewriters 	=    1859.60 kB/sec
	Min throughput per process 			=     503.19 kB/sec 
	Max throughput per process 			=     636.89 kB/sec
	Avg throughput per process 			=     589.67 kB/sec
	Min xfer 					=     986.00 kB

	Children see throughput for  4 readers 		=    7537.05 kB/sec
	Parent sees throughput for  4 readers 		=    6654.93 kB/sec
	Min throughput per process 			=    1783.78 kB/sec 
	Max throughput per process 			=    1957.84 kB/sec
	Avg throughput per process 			=    1884.26 kB/sec
	Min xfer 					=     988.00 kB

	Children see throughput for 4 re-readers 	=    7714.58 kB/sec
	Parent sees throughput for 4 re-readers 	=    6535.27 kB/sec
	Min throughput per process 			=    1831.88 kB/sec 
	Max throughput per process 			=    2091.43 kB/sec
	Avg throughput per process 			=    1928.64 kB/sec
	Min xfer 					=    1019.00 kB



iozone test complete.
iozone throughput random-read measurements
	Iozone: Performance Test of File I/O
	        Version $Revision: 3.506 $
		Compiled for 64 bit mode.
		Build: linux 

	Contributors:William Norcott, Don Capps, Isom Crawford, Kirby Collins
	             Al Slater, Scott Rhine, Mike Wisner, Ken Goss
	             Steve Landherr, Brad Smith, Mark Kelly, Dr. Alain CYR,
	             Randy Dunlap, Mark Montague, Dan Million, Gavin Brebner,
	             Jean-Marc Zucconi, Jeff Blomberg, Benny Halevy, Dave Boone,
	             Erik Habbinga, Kris Strecker, Walter Wong, Joshua Root,
	             Fabrice Bacchella, Zhenghua Xue, Qin Li, Darren Sawyer,
	             Vangel Bojaxhi, Ben England, Vikentsi Lapa,
	             Alexey Skidanov, Sudhir Kumar.

	Run began: Fri Jan  1 00:03:16 2027

	Record Size 1 kB
	File size set to 1024 kB
	Command line used: ./iozone -t 4 -i 0 -i 2 -r 1k -s 1m
	Output is in kBytes/sec
	Time Resolution = 0.000080 seconds.
	Processor cache size set to 1024 kBytes.
	Processor cache line size set to 32 bytes.
	File stride size set to 17 * record size.
	Throughput test with 4 processes
	Each process writes a 1024 kByte file in 1 kByte records
[ext4_another] write_pages ino=3217 pages=256 total_bytes=1048576 prepare_cycles=0 commit_cycles=0 direct=true
[ext4_another] write_pages ino=168 pages=256 total_bytes=1048576 prepare_cycles=0 commit_cycles=0 direct=true
[ext4_another] write_pages ino=3219 pages=256 total_bytes=1048576 prepare_cycles=0 commit_cycles=0 direct=true
[ext4_another] write_pages ino=3218 pages=256 total_bytes=1048576 prepare_cycles=0 commit_cycles=0 direct=true

	Children see throughput for  4 initial writers 	=    2410.59 kB/sec
	Parent sees throughput for  4 initial writers 	=    1829.67 kB/sec
	Min throughput per process 			=     577.03 kB/sec 
	Max throughput per process 			=     636.47 kB/sec
	Avg throughput per process 			=     602.65 kB/sec
	Min xfer 					=     984.00 kB
[ext4_another] write_pages ino=3217 pages=256 total_bytes=1048576 prepare_cycles=0 commit_cycles=0 direct=true
[ext4_another] write_pages ino=3219 pages=252 total_bytes=1032192 prepare_cycles=0 commit_cycles=0 direct=true
[ext4_another] write_pages ino=168 pages=246 total_bytes=1007616 prepare_cycles=0 commit_cycles=0 direct=true
[ext4_another] write_pages ino=3218 pages=252 total_bytes=1032192 prepare_cycles=0 commit_cycles=0 direct=true

	Children see throughput for  4 rewriters 	=    2113.77 kB/sec
	Parent sees throughput for  4 rewriters 	=    1893.36 kB/sec
	Min throughput per process 			=     505.36 kB/sec 
	Max throughput per process 			=     554.22 kB/sec
	Avg throughput per process 			=     528.44 kB/sec
	Min xfer 					=     981.00 kB

	Children see throughput for 4 random readers 	=    5639.92 kB/sec
	Parent sees throughput for 4 random readers 	=    5087.28 kB/sec
	Min throughput per process 			=    1322.84 kB/sec 
	Max throughput per process 			=    1484.87 kB/sec
	Avg throughput per process 			=    1409.98 kB/sec
	Min xfer 					=    1007.00 kB
[ext4_another] write_pages ino=3219 pages=256 total_bytes=1048576 prepare_cycles=0 commit_cycles=0 direct=true
[ext4_another] write_pages ino=3217 pages=256 total_bytes=1048576 prepare_cycles=0 commit_cycles=0 direct=true
[ext4_another] write_pages ino=3218 pages=256 total_bytes=1048576 prepare_cycles=0 commit_cycles=0 direct=true
[ext4_another] write_pages ino=168 pages=256 total_bytes=1048576 prepare_cycles=0 commit_cycles=0 direct=true

	Children see throughput for 4 random writers 	=    2155.18 kB/sec
	Parent sees throughput for 4 random writers 	=    1774.91 kB/sec
	Min throughput per process 			=     507.14 kB/sec 
	Max throughput per process 			=     579.28 kB/sec
	Avg throughput per process 			=     538.80 kB/sec
	Min xfer 					=     966.00 kB



iozone test complete.
iozone throughput read-backwards measurements
	Iozone: Performance Test of File I/O
	        Version $Revision: 3.506 $
		Compiled for 64 bit mode.
		Build: linux 

	Contributors:William Norcott, Don Capps, Isom Crawford, Kirby Collins
	             Al Slater, Scott Rhine, Mike Wisner, Ken Goss
	             Steve Landherr, Brad Smith, Mark Kelly, Dr. Alain CYR,
	             Randy Dunlap, Mark Montague, Dan Million, Gavin Brebner,
	             Jean-Marc Zucconi, Jeff Blomberg, Benny Halevy, Dave Boone,
	             Erik Habbinga, Kris Strecker, Walter Wong, Joshua Root,
	             Fabrice Bacchella, Zhenghua Xue, Qin Li, Darren Sawyer,
	             Vangel Bojaxhi, Ben England, Vikentsi Lapa,
	             Alexey Skidanov, Sudhir Kumar.

	Run began: Fri Jan  1 00:03:44 2027

	Record Size 1 kB
	File size set to 1024 kB
	Command line used: ./iozone -t 4 -i 0 -i 3 -r 1k -s 1m
	Output is in kBytes/sec
	Time Resolution = 0.000081 seconds.
	Processor cache size set to 1024 kBytes.
	Processor cache line size set to 32 bytes.
	File stride size set to 17 * record size.
	Throughput test with 4 processes
	Each process writes a 1024 kByte file in 1 kByte records
[ext4_another] write_pages ino=3217 pages=256 total_bytes=1048576 prepare_cycles=0 commit_cycles=0 direct=true
[ext4_another] write_pages ino=3218 pages=256 total_bytes=1048576 prepare_cycles=0 commit_cycles=0 direct=true
[ext4_another] write_pages ino=3219 pages=256 total_bytes=1048576 prepare_cycles=0 commit_cycles=0 direct=true
[ext4_another] write_pages ino=168 pages=256 total_bytes=1048576 prepare_cycles=0 commit_cycles=0 direct=true

	Children see throughput for  4 initial writers 	=    2383.49 kB/sec
	Parent sees throughput for  4 initial writers 	=    1903.68 kB/sec
	Min throughput per process 			=     559.81 kB/sec 
	Max throughput per process 			=     623.51 kB/sec
	Avg throughput per process 			=     595.87 kB/sec
	Min xfer 					=     977.00 kB
[ext4_another] write_pages ino=3217 pages=256 total_bytes=1048576 prepare_cycles=0 commit_cycles=0 direct=true
[ext4_another] write_pages ino=3219 pages=253 total_bytes=1036288 prepare_cycles=0 commit_cycles=0 direct=true
[ext4_another] write_pages ino=168 pages=244 total_bytes=999424 prepare_cycles=0 commit_cycles=0 direct=true
[ext4_another] write_pages ino=3218 pages=254 total_bytes=1040384 prepare_cycles=0 commit_cycles=0 direct=true

	Children see throughput for  4 rewriters 	=    2426.62 kB/sec
	Parent sees throughput for  4 rewriters 	=    2072.41 kB/sec
	Min throughput per process 			=     581.15 kB/sec 
	Max throughput per process 			=     637.58 kB/sec
	Avg throughput per process 			=     606.65 kB/sec
	Min xfer 					=     975.00 kB

	Children see throughput for 4 reverse readers 	=    5719.91 kB/sec
	Parent sees throughput for 4 reverse readers 	=    5206.83 kB/sec
	Min throughput per process 			=    1355.92 kB/sec 
	Max throughput per process 			=    1489.15 kB/sec
	Avg throughput per process 			=    1429.98 kB/sec
	Min xfer 					=     976.00 kB



iozone test complete.
iozone throughput stride-read measurements
	Iozone: Performance Test of File I/O
	        Version $Revision: 3.506 $
		Compiled for 64 bit mode.
		Build: linux 

	Contributors:William Norcott, Don Capps, Isom Crawford, Kirby Collins
	             Al Slater, Scott Rhine, Mike Wisner, Ken Goss
	             Steve Landherr, Brad Smith, Mark Kelly, Dr. Alain CYR,
	             Randy Dunlap, Mark Montague, Dan Million, Gavin Brebner,
	             Jean-Marc Zucconi, Jeff Blomberg, Benny Halevy, Dave Boone,
	             Erik Habbinga, Kris Strecker, Walter Wong, Joshua Root,
	             Fabrice Bacchella, Zhenghua Xue, Qin Li, Darren Sawyer,
	             Vangel Bojaxhi, Ben England, Vikentsi Lapa,
	             Alexey Skidanov, Sudhir Kumar.

	Run began: Fri Jan  1 00:04:05 2027

	Record Size 1 kB
	File size set to 1024 kB
	Command line used: ./iozone -t 4 -i 0 -i 5 -r 1k -s 1m
	Output is in kBytes/sec
	Time Resolution = 0.000100 seconds.
	Processor cache size set to 1024 kBytes.
	Processor cache line size set to 32 bytes.
	File stride size set to 17 * record size.
	Throughput test with 4 processes
	Each process writes a 1024 kByte file in 1 kByte records
[ext4_another] write_pages ino=3218 pages=256 total_bytes=1048576 prepare_cycles=0 commit_cycles=0 direct=true
[ext4_another] write_pages ino=3217 pages=256 total_bytes=1048576 prepare_cycles=0 commit_cycles=0 direct=true
[ext4_another] write_pages ino=3219 pages=256 total_bytes=1048576 prepare_cycles=0 commit_cycles=0 direct=true
[ext4_another] write_pages ino=168 pages=256 total_bytes=1048576 prepare_cycles=0 commit_cycles=0 direct=true

	Children see throughput for  4 initial writers 	=    2161.73 kB/sec
	Parent sees throughput for  4 initial writers 	=    1540.32 kB/sec
	Min throughput per process 			=     455.34 kB/sec 
	Max throughput per process 			=     637.37 kB/sec
	Avg throughput per process 			=     540.43 kB/sec
	Min xfer 					=     952.00 kB
[ext4_another] write_pages ino=3219 pages=254 total_bytes=1040384 prepare_cycles=0 commit_cycles=0 direct=true
[ext4_another] write_pages ino=168 pages=245 total_bytes=1003520 prepare_cycles=0 commit_cycles=0 direct=true
[ext4_another] write_pages ino=3218 pages=256 total_bytes=1048576 prepare_cycles=0 commit_cycles=0 direct=true
[ext4_another] write_pages ino=3217 pages=256 total_bytes=1048576 prepare_cycles=0 commit_cycles=0 direct=true

	Children see throughput for  4 rewriters 	=    2435.81 kB/sec
	Parent sees throughput for  4 rewriters 	=    2072.67 kB/sec
	Min throughput per process 			=     576.39 kB/sec 
	Max throughput per process 			=     620.86 kB/sec
	Avg throughput per process 			=     608.95 kB/sec
	Min xfer 					=     978.00 kB

	Children see throughput for 4 stride readers 	=    5618.10 kB/sec
	Parent sees throughput for 4 stride readers 	=    5097.38 kB/sec
	Min throughput per process 			=    1303.86 kB/sec 
	Max throughput per process 			=    1487.26 kB/sec
	Avg throughput per process 			=    1404.53 kB/sec
	Min xfer 					=     962.00 kB



iozone test complete.
iozone throughput fwrite/fread measurements
	Iozone: Performance Test of File I/O
	        Version $Revision: 3.506 $
		Compiled for 64 bit mode.
		Build: linux 

	Contributors:William Norcott, Don Capps, Isom Crawford, Kirby Collins
	             Al Slater, Scott Rhine, Mike Wisner, Ken Goss
	             Steve Landherr, Brad Smith, Mark Kelly, Dr. Alain CYR,
	             Randy Dunlap, Mark Montague, Dan Million, Gavin Brebner,
	             Jean-Marc Zucconi, Jeff Blomberg, Benny Halevy, Dave Boone,
	             Erik Habbinga, Kris Strecker, Walter Wong, Joshua Root,
	             Fabrice Bacchella, Zhenghua Xue, Qin Li, Darren Sawyer,
	             Vangel Bojaxhi, Ben England, Vikentsi Lapa,
	             Alexey Skidanov, Sudhir Kumar.

	Run began: Fri Jan  1 00:04:26 2027

	Record Size 1 kB
	File size set to 1024 kB
	Command line used: ./iozone -t 4 -i 6 -i 7 -r 1k -s 1m
	Output is in kBytes/sec
	Time Resolution = 0.000080 seconds.
	Processor cache size set to 1024 kBytes.
	Processor cache line size set to 32 bytes.
	File stride size set to 17 * record size.
	Throughput test with 4 processes
	Each process writes a 1024 kByte file in 1 kByte records
[ext4_another] write_pages ino=3217 pages=256 total_bytes=1048576 prepare_cycles=0 commit_cycles=0 direct=true
[ext4_another] write_pages ino=3219 pages=256 total_bytes=1048576 prepare_cycles=0 commit_cycles=0 direct=true
[ext4_another] write_pages ino=3218 pages=256 total_bytes=1048576 prepare_cycles=0 commit_cycles=0 direct=true
[ext4_another] write_pages ino=168 pages=256 total_bytes=1048576 prepare_cycles=0 commit_cycles=0 direct=true

	Children see throughput for  4 fwriters 	=    2280.01 kB/sec
	Parent sees throughput for  4 fwriters 		=    1893.38 kB/sec
	Min throughput per process 			=     499.55 kB/sec 
	Max throughput per process 			=     624.11 kB/sec
	Avg throughput per process 			=     570.00 kB/sec
	Min xfer 					=    1024.00 kB

	Children see throughput for  4 freaders 	=    5287.50 kB/sec
	Parent sees throughput for  4 freaders 		=    4983.76 kB/sec
	Min throughput per process 			=    1275.10 kB/sec 
	Max throughput per process 			=    1342.32 kB/sec
	Avg throughput per process 			=    1321.88 kB/sec
	Min xfer 					=    1024.00 kB



iozone test complete.
iozone throughput pwrite/pread measurements
	Iozone: Performance Test of File I/O
	        Version $Revision: 3.506 $
		Compiled for 64 bit mode.
		Build: linux 

	Contributors:William Norcott, Don Capps, Isom Crawford, Kirby Collins
	             Al Slater, Scott Rhine, Mike Wisner, Ken Goss
	             Steve Landherr, Brad Smith, Mark Kelly, Dr. Alain CYR,
	             Randy Dunlap, Mark Montague, Dan Million, Gavin Brebner,
	             Jean-Marc Zucconi, Jeff Blomberg, Benny Halevy, Dave Boone,
	             Erik Habbinga, Kris Strecker, Walter Wong, Joshua Root,
	             Fabrice Bacchella, Zhenghua Xue, Qin Li, Darren Sawyer,
	             Vangel Bojaxhi, Ben England, Vikentsi Lapa,
	             Alexey Skidanov, Sudhir Kumar.

	Run began: Fri Jan  1 00:04:40 2027

	Record Size 1 kB
	File size set to 1024 kB
	Command line used: ./iozone -t 4 -i 9 -i 10 -r 1k -s 1m
	Output is in kBytes/sec
	Time Resolution = 0.000080 seconds.
	Processor cache size set to 1024 kBytes.
	Processor cache line size set to 32 bytes.
	File stride size set to 17 * record size.
	Throughput test with 4 processes
	Each process writes a 1024 kByte file in 1 kByte records
[ext4_another] write_pages ino=3217 pages=256 total_bytes=1048576 prepare_cycles=0 commit_cycles=0 direct=true
[ext4_another] write_pages ino=3218 pages=256 total_bytes=1048576 prepare_cycles=0 commit_cycles=0 direct=true
[ext4_another] write_pages ino=3219 pages=256 total_bytes=1048576 prepare_cycles=0 commit_cycles=0 direct=true
[ext4_another] write_pages ino=168 pages=256 total_bytes=1048576 prepare_cycles=0 commit_cycles=0 direct=true

	Children see throughput for 4 pwrite writers 	=    2401.82 kB/sec
	Parent sees throughput for 4 pwrite writers 	=    1867.09 kB/sec
	Min throughput per process 			=     570.18 kB/sec 
	Max throughput per process 			=     623.84 kB/sec
	Avg throughput per process 			=     600.45 kB/sec
	Min xfer 					=     993.00 kB

	Children see throughput for 4 pread readers 	=    8013.74 kB/sec
	Parent sees throughput for 4 pread readers 	=    6962.49 kB/sec
	Min throughput per process 			=    1854.20 kB/sec 
	Max throughput per process 			=    2117.32 kB/sec
	Avg throughput per process 			=    2003.43 kB/sec
	Min xfer 					=     973.00 kB



iozone test complete.
iozone throughtput pwritev/preadv measurements
	Iozone: Performance Test of File I/O
	        Version $Revision: 3.506 $
		Compiled for 64 bit mode.
		Build: linux 

	Contributors:William Norcott, Don Capps, Isom Crawford, Kirby Collins
	             Al Slater, Scott Rhine, Mike Wisner, Ken Goss
	             Steve Landherr, Brad Smith, Mark Kelly, Dr. Alain CYR,
	             Randy Dunlap, Mark Montague, Dan Million, Gavin Brebner,
	             Jean-Marc Zucconi, Jeff Blomberg, Benny Halevy, Dave Boone,
	             Erik Habbinga, Kris Strecker, Walter Wong, Joshua Root,
	             Fabrice Bacchella, Zhenghua Xue, Qin Li, Darren Sawyer,
	             Vangel Bojaxhi, Ben England, Vikentsi Lapa,
	             Alexey Skidanov, Sudhir Kumar.

	Run began: Fri Jan  1 00:04:59 2027

	Selected test not available on the version.
	Record Size 1 kB
	File size set to 1024 kB
	Command line used: ./iozone -t 4 -i 11 -i 12 -r 1k -s 1m
	Output is in kBytes/sec
	Time Resolution = 0.000079 seconds.
	Processor cache size set to 1024 kBytes.
	Processor cache line size set to 32 bytes.
	File stride size set to 17 * record size.
	Throughput test with 4 processes
	Each process writes a 1024 kByte file in 1 kByte records
[ext4_another] write_pages ino=3217 pages=256 total_bytes=1048576 prepare_cycles=0 commit_cycles=0 direct=true
[ext4_another] write_pages ino=3218 pages=256 total_bytes=1048576 prepare_cycles=0 commit_cycles=0 direct=true
[ext4_another] write_pages ino=168 pages=256 total_bytes=1048576 prepare_cycles=0 commit_cycles=0 direct=true
[ext4_another] write_pages ino=3219 pages=256 total_bytes=1048576 prepare_cycles=0 commit_cycles=0 direct=true

	Children see throughput for  4 initial writers 	=    2430.30 kB/sec
	Parent sees throughput for  4 initial writers 	=    1787.96 kB/sec
	Min throughput per process 			=     576.89 kB/sec 
	Max throughput per process 			=     636.84 kB/sec
	Avg throughput per process 			=     607.57 kB/sec
	Min xfer 					=     986.00 kB
[ext4_another] write_pages ino=3218 pages=256 total_bytes=1048576 prepare_cycles=0 commit_cycles=0 direct=true
[ext4_another] write_pages ino=168 pages=241 total_bytes=987136 prepare_cycles=0 commit_cycles=0 direct=true
[ext4_another] write_pages ino=3219 pages=249 total_bytes=1019904 prepare_cycles=0 commit_cycles=0 direct=true
[ext4_another] write_pages ino=3217 pages=254 total_bytes=1040384 prepare_cycles=0 commit_cycles=0 direct=true

	Children see throughput for  4 rewriters 	=    2227.89 kB/sec
	Parent sees throughput for  4 rewriters 	=    1888.01 kB/sec
	Min throughput per process 			=     520.41 kB/sec 
	Max throughput per process 			=     606.09 kB/sec
	Avg throughput per process 			=     556.97 kB/sec
	Min xfer 					=     961.00 kB



iozone test complete.
#### OS COMP TEST GROUP END iozone-musl ####
[initproc] [diag] === stats iozone-musl ===
blk_vread_reqs=80293
blk_vread_secs=644168
blk_vwrite_reqs=79027
blk_vwrite_secs=782256
journal_commit_count=146
journal_commit_bytes=3088384
device_flush_count=910
virtio_write_requests=80107
virtio_write_bytes=400515072
virtio_read_requests=80307
writeback_batch_count=77
writeback_page_count=18350
pwrite_uaccess_cycles=0
pwrite_file_cycles=0
pwrite_ext4_setup_cycles=0
pwrite_ext4_post_cycles=0
pwrite_total_count=4096
sata_read_reqs=0
sata_read_bytes=0
sata_read_ticks_total=0
sata_read_ticks_max=0
sata_write_reqs=0
sata_write_bytes=0
sata_write_ticks_total=0
sata_write_ticks_max=0
sata_flush_reqs=0
sata_flush_ticks_total=0
[initproc] [diag] === stats iozone-musl end ===
#### OS COMP TEST GROUP END iozone-musl ####
[initproc] done iozone_testcode.sh in /musl exit_code=0
#### OS COMP TEST GROUP START iozone-glibc ####
#### OS COMP TEST GROUP START iozone-glibc ####
iozone automatic measurements
	Iozone: Performance Test of File I/O
	        Version $Revision: 3.506 $
		Compiled for 64 bit mode.
		Build: linux 

	Contributors:William Norcott, Don Capps, Isom Crawford, Kirby Collins
	             Al Slater, Scott Rhine, Mike Wisner, Ken Goss
	             Steve Landherr, Brad Smith, Mark Kelly, Dr. Alain CYR,
	             Randy Dunlap, Mark Montague, Dan Million, Gavin Brebner,
	             Jean-Marc Zucconi, Jeff Blomberg, Benny Halevy, Dave Boone,
	             Erik Habbinga, Kris Strecker, Walter Wong, Joshua Root,
	             Fabrice Bacchella, Zhenghua Xue, Qin Li, Darren Sawyer,
	             Vangel Bojaxhi, Ben England, Vikentsi Lapa,
	             Alexey Skidanov, Sudhir Kumar.

	Run began: Fri Jan  1 00:05:15 2027

	Auto Mode
	Record Size 1 kB
	File size set to 4096 kB
	Command line used: ./iozone -a -r 1k -s 4m
	Output is in kBytes/sec
	Time Resolution = 0.000082 seconds.
	Processor cache size set to 1024 kBytes.
	Processor cache line size set to 32 bytes.
	File stride size set to 17 * record size.
                                                                    random    random      bkwd     record     stride                                        
              kB  reclen    write    rewrite      read    reread      read     write      read    rewrite       read    fwrite  frewrite     fread   freread
            4096       1[ext4_another] write_pages ino=3217 pages=256 total_bytes=1048576 prepare_cycles=0 commit_cycles=0 direct=true
[ext4_another] write_pages ino=3217 pages=256 total_bytes=1048576 prepare_cycles=0 commit_cycles=0 direct=true
[ext4_another] write_pages ino=3217 pages=256 total_bytes=1048576 prepare_cycles=0 commit_cycles=0 direct=true
[ext4_another] write_pages ino=3217 pages=256 total_bytes=1048576 prepare_cycles=0 commit_cycles=0 direct=true
[ext4_another] write_pages ino=3217 pages=256 total_bytes=1048576 prepare_cycles=0 commit_cycles=0 direct=true
[ext4_another] write_pages ino=3217 pages=256 total_bytes=1048576 prepare_cycles=0 commit_cycles=0 direct=true
[ext4_another] write_pages ino=3217 pages=256 total_bytes=1048576 prepare_cycles=0 commit_cycles=0 direct=true
[ext4_another] write_pages ino=3217 pages=256 total_bytes=1048576 prepare_cycles=0 commit_cycles=0 direct=true
      2368      2393      6511      7579[ext4_another] write_pages ino=3217 pages=256 total_bytes=1048576 prepare_cycles=0 commit_cycles=0 direct=true
[ext4_another] write_pages ino=3217 pages=256 total_bytes=1048576 prepare_cycles=0 commit_cycles=0 direct=true
[ext4_another] write_pages ino=3217 pages=256 total_bytes=1048576 prepare_cycles=0 commit_cycles=0 direct=true
[ext4_another] write_pages ino=3217 pages=256 total_bytes=1048576 prepare_cycles=0 commit_cycles=0 direct=true
      5567      2223      5594[ext4_another] write_pages ino=3217 pages=1 total_bytes=4096 prepare_cycles=0 commit_cycles=0 direct=true
       2062       5374[ext4_another] write_pages ino=3217 pages=256 total_bytes=1048576 prepare_cycles=0 commit_cycles=0 direct=true
[ext4_another] write_pages ino=3217 pages=256 total_bytes=1048576 prepare_cycles=0 commit_cycles=0 direct=true
[ext4_another] write_pages ino=3217 pages=256 total_bytes=1048576 prepare_cycles=0 commit_cycles=0 direct=true
[ext4_another] write_pages ino=3217 pages=256 total_bytes=1048576 prepare_cycles=0 commit_cycles=0 direct=true
[ext4_another] write_pages ino=3217 pages=256 total_bytes=1048576 prepare_cycles=0 commit_cycles=0 direct=true
[ext4_another] write_pages ino=3217 pages=256 total_bytes=1048576 prepare_cycles=0 commit_cycles=0 direct=true
[ext4_another] write_pages ino=3217 pages=256 total_bytes=1048576 prepare_cycles=0 commit_cycles=0 direct=true
[ext4_another] write_pages ino=3217 pages=256 total_bytes=1048576 prepare_cycles=0 commit_cycles=0 direct=true
      2362      2249      6261      6528

iozone test complete.
iozone throughput write/read measurements
	Iozone: Performance Test of File I/O
	        Version $Revision: 3.506 $
		Compiled for 64 bit mode.
		Build: linux 

	Contributors:William Norcott, Don Capps, Isom Crawford, Kirby Collins
	             Al Slater, Scott Rhine, Mike Wisner, Ken Goss
	             Steve Landherr, Brad Smith, Mark Kelly, Dr. Alain CYR,
	             Randy Dunlap, Mark Montague, Dan Million, Gavin Brebner,
	             Jean-Marc Zucconi, Jeff Blomberg, Benny Halevy, Dave Boone,
	             Erik Habbinga, Kris Strecker, Walter Wong, Joshua Root,
	             Fabrice Bacchella, Zhenghua Xue, Qin Li, Darren Sawyer,
	             Vangel Bojaxhi, Ben England, Vikentsi Lapa,
	             Alexey Skidanov, Sudhir Kumar.

	Run began: Fri Jan  1 00:05:36 2027

	Record Size 1 kB
	File size set to 1024 kB
	Command line used: ./iozone -t 4 -i 0 -i 1 -r 1k -s 1m
	Output is in kBytes/sec
	Time Resolution = 0.000083 seconds.
	Processor cache size set to 1024 kBytes.
	Processor cache line size set to 32 bytes.
	File stride size set to 17 * record size.
	Throughput test with 4 processes
	Each process writes a 1024 kByte file in 1 kByte records
[ext4_another] write_pages ino=3221 pages=256 total_bytes=1048576 prepare_cycles=0 commit_cycles=0 direct=true
[ext4_another] write_pages ino=3219 pages=256 total_bytes=1048576 prepare_cycles=0 commit_cycles=0 direct=true
[ext4_another] write_pages ino=3222 pages=256 total_bytes=1048576 prepare_cycles=0 commit_cycles=0 direct=true
[ext4_another] write_pages ino=3218 pages=256 total_bytes=1048576 prepare_cycles=0 commit_cycles=0 direct=true

	Children see throughput for  4 initial writers 	=    2439.77 kB/sec
	Parent sees throughput for  4 initial writers 	=    1790.42 kB/sec
	Min throughput per process 			=     566.76 kB/sec 
	Max throughput per process 			=     636.37 kB/sec
	Avg throughput per process 			=     609.94 kB/sec
	Min xfer 					=     989.00 kB
[ext4_another] write_pages ino=3222 pages=256 total_bytes=1048576 prepare_cycles=0 commit_cycles=0 direct=true
[ext4_another] write_pages ino=3218 pages=244 total_bytes=999424 prepare_cycles=0 commit_cycles=0 direct=true
[ext4_another] write_pages ino=3221 pages=254 total_bytes=1040384 prepare_cycles=0 commit_cycles=0 direct=true
[ext4_another] write_pages ino=3219 pages=255 total_bytes=1044480 prepare_cycles=0 commit_cycles=0 direct=true

	Children see throughput for  4 rewriters 	=    2405.02 kB/sec
	Parent sees throughput for  4 rewriters 	=    2120.06 kB/sec
	Min throughput per process 			=     571.51 kB/sec 
	Max throughput per process 			=     637.08 kB/sec
	Avg throughput per process 			=     601.25 kB/sec
	Min xfer 					=     974.00 kB

	Children see throughput for  4 readers 		=    7872.53 kB/sec
	Parent sees throughput for  4 readers 		=    6773.99 kB/sec
	Min throughput per process 			=    1840.38 kB/sec 
	Max throughput per process 			=    2091.95 kB/sec
	Avg throughput per process 			=    1968.13 kB/sec
	Min xfer 					=     951.00 kB

	Children see throughput for 4 re-readers 	=    7912.55 kB/sec
	Parent sees throughput for 4 re-readers 	=    6855.02 kB/sec
	Min throughput per process 			=    1923.70 kB/sec 
	Max throughput per process 			=    2091.49 kB/sec
	Avg throughput per process 			=    1978.14 kB/sec
	Min xfer 					=    1008.00 kB



iozone test complete.
iozone throughput random-read measurements
	Iozone: Performance Test of File I/O
	        Version $Revision: 3.506 $
		Compiled for 64 bit mode.
		Build: linux 

	Contributors:William Norcott, Don Capps, Isom Crawford, Kirby Collins
	             Al Slater, Scott Rhine, Mike Wisner, Ken Goss
	             Steve Landherr, Brad Smith, Mark Kelly, Dr. Alain CYR,
	             Randy Dunlap, Mark Montague, Dan Million, Gavin Brebner,
	             Jean-Marc Zucconi, Jeff Blomberg, Benny Halevy, Dave Boone,
	             Erik Habbinga, Kris Strecker, Walter Wong, Joshua Root,
	             Fabrice Bacchella, Zhenghua Xue, Qin Li, Darren Sawyer,
	             Vangel Bojaxhi, Ben England, Vikentsi Lapa,
	             Alexey Skidanov, Sudhir Kumar.

	Run began: Fri Jan  1 00:06:00 2027

	Record Size 1 kB
	File size set to 1024 kB
	Command line used: ./iozone -t 4 -i 0 -i 2 -r 1k -s 1m
	Output is in kBytes/sec
	Time Resolution = 0.000082 seconds.
	Processor cache size set to 1024 kBytes.
	Processor cache line size set to 32 bytes.
	File stride size set to 17 * record size.
	Throughput test with 4 processes
	Each process writes a 1024 kByte file in 1 kByte records
[ext4_another] write_pages ino=3218 pages=256 total_bytes=1048576 prepare_cycles=0 commit_cycles=0 direct=true
[ext4_another] write_pages ino=3217 pages=256 total_bytes=1048576 prepare_cycles=0 commit_cycles=0 direct=true
[ext4_another] write_pages ino=3219 pages=256 total_bytes=1048576 prepare_cycles=0 commit_cycles=0 direct=true
[ext4_another] write_pages ino=168 pages=256 total_bytes=1048576 prepare_cycles=0 commit_cycles=0 direct=true

	Children see throughput for  4 initial writers 	=    2397.24 kB/sec
	Parent sees throughput for  4 initial writers 	=    1831.82 kB/sec
	Min throughput per process 			=     548.03 kB/sec 
	Max throughput per process 			=     636.58 kB/sec
	Avg throughput per process 			=     599.31 kB/sec
	Min xfer 					=     950.00 kB
[ext4_another] write_pages ino=3217 pages=256 total_bytes=1048576 prepare_cycles=0 commit_cycles=0 direct=true
[ext4_another] write_pages ino=3219 pages=252 total_bytes=1032192 prepare_cycles=0 commit_cycles=0 direct=true
[ext4_another] write_pages ino=168 pages=243 total_bytes=995328 prepare_cycles=0 commit_cycles=0 direct=true
[ext4_another] write_pages ino=3218 pages=253 total_bytes=1036288 prepare_cycles=0 commit_cycles=0 direct=true

	Children see throughput for  4 rewriters 	=    2358.18 kB/sec
	Parent sees throughput for  4 rewriters 	=    2085.54 kB/sec
	Min throughput per process 			=     565.20 kB/sec 
	Max throughput per process 			=     621.10 kB/sec
	Avg throughput per process 			=     589.54 kB/sec
	Min xfer 					=     970.00 kB

	Children see throughput for 4 random readers 	=    5709.24 kB/sec
	Parent sees throughput for 4 random readers 	=    5109.30 kB/sec
	Min throughput per process 			=    1328.82 kB/sec 
	Max throughput per process 			=    1486.21 kB/sec
	Avg throughput per process 			=    1427.31 kB/sec
	Min xfer 					=     978.00 kB
[ext4_another] write_pages ino=3218 pages=256 total_bytes=1048576 prepare_cycles=0 commit_cycles=0 direct=true
[ext4_another] write_pages ino=3217 pages=256 total_bytes=1048576 prepare_cycles=0 commit_cycles=0 direct=true
[ext4_another] write_pages ino=3219 pages=256 total_bytes=1048576 prepare_cycles=0 commit_cycles=0 direct=true
[ext4_another] write_pages ino=168 pages=256 total_bytes=1048576 prepare_cycles=0 commit_cycles=0 direct=true

	Children see throughput for 4 random writers 	=    2178.56 kB/sec
	Parent sees throughput for 4 random writers 	=    1811.62 kB/sec
	Min throughput per process 			=     516.88 kB/sec 
	Max throughput per process 			=     580.38 kB/sec
	Avg throughput per process 			=     544.64 kB/sec
	Min xfer 					=     969.00 kB



iozone test complete.
iozone throughput read-backwards measurements
	Iozone: Performance Test of File I/O
	        Version $Revision: 3.506 $
		Compiled for 64 bit mode.
		Build: linux 

	Contributors:William Norcott, Don Capps, Isom Crawford, Kirby Collins
	             Al Slater, Scott Rhine, Mike Wisner, Ken Goss
	             Steve Landherr, Brad Smith, Mark Kelly, Dr. Alain CYR,
	             Randy Dunlap, Mark Montague, Dan Million, Gavin Brebner,
	             Jean-Marc Zucconi, Jeff Blomberg, Benny Halevy, Dave Boone,
	             Erik Habbinga, Kris Strecker, Walter Wong, Joshua Root,
	             Fabrice Bacchella, Zhenghua Xue, Qin Li, Darren Sawyer,
	             Vangel Bojaxhi, Ben England, Vikentsi Lapa,
	             Alexey Skidanov, Sudhir Kumar.

	Run began: Fri Jan  1 00:06:29 2027

	Record Size 1 kB
	File size set to 1024 kB
	Command line used: ./iozone -t 4 -i 0 -i 3 -r 1k -s 1m
	Output is in kBytes/sec
	Time Resolution = 0.000082 seconds.
	Processor cache size set to 1024 kBytes.
	Processor cache line size set to 32 bytes.
	File stride size set to 17 * record size.
	Throughput test with 4 processes
	Each process writes a 1024 kByte file in 1 kByte records
[ext4_another] write_pages ino=3219 pages=256 total_bytes=1048576 prepare_cycles=0 commit_cycles=0 direct=true
[ext4_another] write_pages ino=3217 pages=256 total_bytes=1048576 prepare_cycles=0 commit_cycles=0 direct=true
[ext4_another] write_pages ino=3218 pages=256 total_bytes=1048576 prepare_cycles=0 commit_cycles=0 direct=true
[ext4_another] write_pages ino=168 pages=256 total_bytes=1048576 prepare_cycles=0 commit_cycles=0 direct=true

	Children see throughput for  4 initial writers 	=    2352.34 kB/sec
	Parent sees throughput for  4 initial writers 	=    1825.49 kB/sec
	Min throughput per process 			=     572.44 kB/sec 
	Max throughput per process 			=     621.29 kB/sec
	Avg throughput per process 			=     588.08 kB/sec
	Min xfer 					=     965.00 kB
[ext4_another] write_pages ino=3217 pages=256 total_bytes=1048576 prepare_cycles=0 commit_cycles=0 direct=true
[ext4_another] write_pages ino=3219 pages=251 total_bytes=1028096 prepare_cycles=0 commit_cycles=0 direct=true
[ext4_another] write_pages ino=168 pages=247 total_bytes=1011712 prepare_cycles=0 commit_cycles=0 direct=true
[ext4_another] write_pages ino=3218 pages=255 total_bytes=1044480 prepare_cycles=0 commit_cycles=0 direct=true

	Children see throughput for  4 rewriters 	=    2325.09 kB/sec
	Parent sees throughput for  4 rewriters 	=    1962.45 kB/sec
	Min throughput per process 			=     560.25 kB/sec 
	Max throughput per process 			=     606.99 kB/sec
	Avg throughput per process 			=     581.27 kB/sec
	Min xfer 					=     985.00 kB

	Children see throughput for 4 reverse readers 	=    5764.20 kB/sec
	Parent sees throughput for 4 reverse readers 	=    5163.24 kB/sec
	Min throughput per process 			=    1386.51 kB/sec 
	Max throughput per process 			=    1496.45 kB/sec
	Avg throughput per process 			=    1441.05 kB/sec
	Min xfer 					=     987.00 kB



iozone test complete.
iozone throughput stride-read measurements
	Iozone: Performance Test of File I/O
	        Version $Revision: 3.506 $
		Compiled for 64 bit mode.
		Build: linux 

	Contributors:William Norcott, Don Capps, Isom Crawford, Kirby Collins
	             Al Slater, Scott Rhine, Mike Wisner, Ken Goss
	             Steve Landherr, Brad Smith, Mark Kelly, Dr. Alain CYR,
	             Randy Dunlap, Mark Montague, Dan Million, Gavin Brebner,
	             Jean-Marc Zucconi, Jeff Blomberg, Benny Halevy, Dave Boone,
	             Erik Habbinga, Kris Strecker, Walter Wong, Joshua Root,
	             Fabrice Bacchella, Zhenghua Xue, Qin Li, Darren Sawyer,
	             Vangel Bojaxhi, Ben England, Vikentsi Lapa,
	             Alexey Skidanov, Sudhir Kumar.

	Run began: Fri Jan  1 00:06:52 2027

	Record Size 1 kB
	File size set to 1024 kB
	Command line used: ./iozone -t 4 -i 0 -i 5 -r 1k -s 1m
	Output is in kBytes/sec
	Time Resolution = 0.000082 seconds.
	Processor cache size set to 1024 kBytes.
	Processor cache line size set to 32 bytes.
	File stride size set to 17 * record size.
	Throughput test with 4 processes
	Each process writes a 1024 kByte file in 1 kByte records
[ext4_another] write_pages ino=3217 pages=256 total_bytes=1048576 prepare_cycles=0 commit_cycles=0 direct=true
[ext4_another] write_pages ino=168 pages=256 total_bytes=1048576 prepare_cycles=0 commit_cycles=0 direct=true
[ext4_another] write_pages ino=3219 pages=256 total_bytes=1048576 prepare_cycles=0 commit_cycles=0 direct=true
[ext4_another] write_pages ino=3218 pages=256 total_bytes=1048576 prepare_cycles=0 commit_cycles=0 direct=true

	Children see throughput for  4 initial writers 	=    2291.09 kB/sec
	Parent sees throughput for  4 initial writers 	=    1780.64 kB/sec
	Min throughput per process 			=     548.31 kB/sec 
	Max throughput per process 			=     606.82 kB/sec
	Avg throughput per process 			=     572.77 kB/sec
	Min xfer 					=     983.00 kB
[ext4_another] write_pages ino=3219 pages=256 total_bytes=1048576 prepare_cycles=0 commit_cycles=0 direct=true
[ext4_another] write_pages ino=168 pages=244 total_bytes=999424 prepare_cycles=0 commit_cycles=0 direct=true
[ext4_another] write_pages ino=3218 pages=256 total_bytes=1048576 prepare_cycles=0 commit_cycles=0 direct=true
[ext4_another] write_pages ino=3217 pages=256 total_bytes=1048576 prepare_cycles=0 commit_cycles=0 direct=true

	Children see throughput for  4 rewriters 	=    2268.69 kB/sec
	Parent sees throughput for  4 rewriters 	=    1797.35 kB/sec
	Min throughput per process 			=     479.11 kB/sec 
	Max throughput per process 			=     621.75 kB/sec
	Avg throughput per process 			=     567.17 kB/sec
	Min xfer 					=     974.00 kB

	Children see throughput for 4 stride readers 	=    5704.45 kB/sec
	Parent sees throughput for 4 stride readers 	=    5034.61 kB/sec
	Min throughput per process 			=    1330.52 kB/sec 
	Max throughput per process 			=    1496.13 kB/sec
	Avg throughput per process 			=    1426.11 kB/sec
	Min xfer 					=     979.00 kB



iozone test complete.
iozone throughput fwrite/fread measurements
	Iozone: Performance Test of File I/O
	        Version $Revision: 3.506 $
		Compiled for 64 bit mode.
		Build: linux 

	Contributors:William Norcott, Don Capps, Isom Crawford, Kirby Collins
	             Al Slater, Scott Rhine, Mike Wisner, Ken Goss
	             Steve Landherr, Brad Smith, Mark Kelly, Dr. Alain CYR,
	             Randy Dunlap, Mark Montague, Dan Million, Gavin Brebner,
	             Jean-Marc Zucconi, Jeff Blomberg, Benny Halevy, Dave Boone,
	             Erik Habbinga, Kris Strecker, Walter Wong, Joshua Root,
	             Fabrice Bacchella, Zhenghua Xue, Qin Li, Darren Sawyer,
	             Vangel Bojaxhi, Ben England, Vikentsi Lapa,
	             Alexey Skidanov, Sudhir Kumar.

	Run began: Fri Jan  1 00:07:14 2027

	Record Size 1 kB
	File size set to 1024 kB
	Command line used: ./iozone -t 4 -i 6 -i 7 -r 1k -s 1m
	Output is in kBytes/sec
	Time Resolution = 0.000082 seconds.
	Processor cache size set to 1024 kBytes.
	Processor cache line size set to 32 bytes.
	File stride size set to 17 * record size.
	Throughput test with 4 processes
	Each process writes a 1024 kByte file in 1 kByte records
[ext4_another] write_pages ino=3217 pages=256 total_bytes=1048576 prepare_cycles=0 commit_cycles=0 direct=true
[ext4_another] write_pages ino=3219 pages=256 total_bytes=1048576 prepare_cycles=0 commit_cycles=0 direct=true
[ext4_another] write_pages ino=3218 pages=256 total_bytes=1048576 prepare_cycles=0 commit_cycles=0 direct=true
fsync: Argument list too long
[ext4_another] write_pages ino=168 pages=256 total_bytes=1048576 prepare_cycles=0 commit_cycles=0 direct=true
[kernel] panicked at called `Option::unwrap()` on a `None` value: src/task/mod.rs:114:36
--- SYSCTX ---
syscall: exit_GROUP
--- KERNEL MEMORY ---
heap: 250961920/266870784 bytes free (6.0% used)
physical frames: 179804 free (736477184 bytes, 179804 pages)
--- TASK ---
no current task
--- BACKTRACE ---
current fp: 0xffffffffffb7a7a0
stack range: 0x80838000 - 0x80878000
make[1]: Leaving directory '/app/os'
make: Leaving directory '/app/os'
