make: Entering directory '/app/os'
Rust toolchain preflight passed: nightly-2026-05-10
make -f make/rv64.mk derived-comp
make[1]: Entering directory '/app/os'
Rust toolchain preflight passed: nightly-2026-05-10

OpenSBI v1.5.1
   ____                    _____ ____ _____
  / __ \                  / ____|  _ \_   _|
 | |  | |_ __   ___ _ __ | (___ | |_) || |
 | |  | | '_ \ / _ \ '_ \ \___ \|  _ < | |
 | |__| | |_) |  __/ | | |____) | |_) || |_
  \____/| .__/ \___|_| |_|_____/|____/_____|
        | |
        |_|

Platform Name             : riscv-virtio,qemu
Platform Features         : medeleg
Platform HART Count       : 1
Platform IPI Device       : aclint-mswi
Platform Timer Device     : aclint-mtimer @ 10000000Hz
Platform Console Device   : uart8250
Platform HSM Device       : ---
Platform PMU Device       : ---
Platform Reboot Device    : syscon-reboot
Platform Shutdown Device  : syscon-poweroff
Platform Suspend Device   : ---
Platform CPPC Device      : ---
Firmware Base             : 0x80000000
Firmware Size             : 327 KB
Firmware RW Offset        : 0x40000
Firmware RW Size          : 71 KB
Firmware Heap Offset      : 0x49000
Firmware Heap Size        : 35 KB (total), 2 KB (reserved), 11 KB (used), 21 KB (free)
Firmware Scratch Size     : 4096 B (total), 416 B (used), 3680 B (free)
Runtime SBI Version       : 2.0

Domain0 Name              : root
Domain0 Boot HART         : 0
Domain0 HARTs             : 0*
Domain0 Region00          : 0x0000000000100000-0x0000000000100fff M: (I,R,W) S/U: (R,W)
Domain0 Region01          : 0x0000000010000000-0x0000000010000fff M: (I,R,W) S/U: (R,W)
Domain0 Region02          : 0x0000000002000000-0x000000000200ffff M: (I,R,W) S/U: ()
Domain0 Region03          : 0x0000000080040000-0x000000008005ffff M: (R,W) S/U: ()
Domain0 Region04          : 0x0000000080000000-0x000000008003ffff M: (R,X) S/U: ()
Domain0 Region05          : 0x000000000c400000-0x000000000c5fffff M: (I,R,W) S/U: (R,W)
Domain0 Region06          : 0x000000000c000000-0x000000000c3fffff M: (I,R,W) S/U: (R,W)
Domain0 Region07          : 0x0000000000000000-0xffffffffffffffff M: () S/U: (R,W,X)
Domain0 Next Address      : 0x0000000080200000
Domain0 Next Arg1         : 0x00000000bfe00000
Domain0 Next Mode         : S-mode
Domain0 SysReset          : yes
Domain0 SysSuspend        : yes

Boot HART ID              : 0
Boot HART Domain          : root
Boot HART Priv Version    : v1.12
Boot HART Base ISA        : rv64imafdch
Boot HART ISA Extensions  : sstc,zicntr,zihpm,zicboz,zicbom,sdtrig,svadu
Boot HART PMP Count       : 16
Boot HART PMP Granularity : 2 bits
Boot HART PMP Address Bits: 54
Boot HART MHPM Info       : 16 (0x0007fff8)
Boot HART Debug Triggers  : 2 triggers
Boot HART MIDELEG         : 0x0000000000001666
Boot HART MEDELEG         : 0x0000000000f0b509
[kernel] logger inited, level= Off
[kernel] Boot protocol: RiscvFdt, hart_id=0, dtb_paddr=0xbfe00000
[kernel] Console initialized.
[memory] 194401 usable physical frames across 2 region(s)
[memory] region0: [0x9089d000, 0xbfe00000) frames=193891
[memory] region1: [0xbfe02000, 0xc0000000) frames=510
.text [0x80200000, 0x80438000)
.rodata [0x80438000, 0x80473000)
.data [0x80473000, 0x80838000)
.bss [0x80838000, 0x9089d000)
mapping .text section
mapping .rodata section
mapping .data section
mapping .bss section
mapping physical memory region
mapping physical memory region
mapping memory-mapped registers
[kernel] Hello, world!
[kernel] PRNG init warning: Entropy(DeviceUnavailable)
[memory] reclaimed linker frames: [0x80473000, 0x80836000) frames=963
[initramfs] unpacked: files=39 dirs=23 symlinks=1 bytes=3939303
[initramfs] VFS_ROOT initialized (ramfs + cpio unpack + dev/proc/tmp)
[kernel] block device 0: official fs (MMIO 0x10001000)
[kernel] block device 1: tools disk (MMIO 0x10002000)
[mbr] registered /dev/vdb1 (type=0x83, size=2048M)
[mbr] registered /dev/vdb2 (type=0xc, size=1280M)
[ext4] backend: another_ext4
[kernel] root device mounted at sdcard
[mbr] registered /dev/vdb1 (type=0x83, size=2048M)
[mbr] registered /dev/vdb2 (type=0xc, size=1280M)
[ext4] backend: another_ext4
[kernel] tools disk (vdb1) mounted at tools
[kernel] net interface initialized (RoutingDevice: lo + eth)
[init] pseudo-fs mount framework ready
[kernel] perf_diag features: perf_stats=true perf_diag=true
[init] /tmp is bind-mounted from ext4 /sdcard/tmp
[init] /etc is bind-mounted from tools disk
[init] bind mount /tools/bin -> /bin
[init] bind mount /tools/sbin -> /sbin
[init] bind mount /tools/lib -> /lib
[init] bind mount /tools/usr -> /usr
[init] bind mount /tools/root -> /root: skipped (errno=2)
[init] PID1 profile=normal runner=/test-runner
[test-runner] synchronizing clock
[initproc] config source=/sdcard/os_test.conf mode=run mask=0x110 timer_smoke=false skip_apk=true
[initproc] ensuring base directories...
[initproc] runtime layout ready
[initproc] linking musl/glibc libs to /lib ...
[initproc] lib linking done, exit=0
[initproc] prepare lmbench compatibility ...
[initproc] lmbench compatibility done, exit=0
[initproc] install libgcc_s: already exists, skipping
[initproc] skip_apk=true: skipping install_apk_packages
[initproc] run_selected_groups start mask=0x110
[initproc] skip basic (mask bit0 not set)
[initproc] skip busybox (mask bit1 not set)
[initproc] skip lua (mask bit2 not set)
#### OS COMP TEST GROUP START lmbench-musl ####
#### OS COMP TEST GROUP START lmbench-musl ####
latency measurements
Simple syscall: 36.2847 microseconds
Simple read: 83.6308 microseconds
Simple write: 45.1484 microseconds
Simple stat: 216.3462 microseconds
Simple fstat: 98.9500 microseconds
Simple open/close: 262.1905 microseconds
Select on 100 fd's: 220.2000 microseconds
Signal handler installation: 105.4464 microseconds
Signal handler overhead: 150.8333 microseconds
Protection fault: 43.8667 microseconds
Pipe latency: 634.3833 microseconds
Process fork+exit: 6774.0000 microseconds
Process fork+execve: 12396.0000 microseconds
[ext4_another] write_pages ino=3218 pages=1 total_bytes=51 prepare_cycles=0 commit_cycles=0 direct=false
Process fork+/bin/sh -c: 292826.0000 microseconds
File /var/tmp/XXX write bandwidth:19454 KB/sec
Pagefaults on /var/tmp/XXX: 118.1367 microseconds
0.524288 666
file system latency
0k	13	2350	2338
1k	9	1804	2501
4k	10	1793	2442
10k	10	1726	2282
Bandwidth measurements
Pipe bandwidth: 36.81 MB/sec
0.524288 86.52
0.524288 70.05
0.524288 4180.37
0.524288 33.83
context switch overhead

"size=32k ovr=276.32
2 63.56
4 54.63
8 56.48
16 51.12
24 64.31
32 60.47
64 62.34
96 64.88
#### OS COMP TEST GROUP END lmbench-musl ####
[initproc] [diag] === stats lmbench-musl ===
blk_vread_reqs=198
blk_vread_secs=5592
blk_vwrite_reqs=151
blk_vwrite_secs=1288
journal_commit_count=3
journal_commit_bytes=65536
device_flush_count=124
virtio_write_requests=151
virtio_write_bytes=659456
virtio_read_requests=229
writeback_batch_count=1
writeback_page_count=1
pwrite_uaccess_cycles=0
pwrite_file_cycles=0
pwrite_ext4_setup_cycles=0
pwrite_ext4_post_cycles=0
pwrite_total_count=0
sata_read_reqs=0
sata_read_bytes=0
sata_read_ticks_total=0
sata_read_ticks_max=0
sata_write_reqs=0
sata_write_bytes=0
sata_write_ticks_total=0
sata_write_ticks_max=0
sata_flush_reqs=0
sata_flush_ticks_total=0
[initproc] [diag] === stats lmbench-musl end ===
#### OS COMP TEST GROUP END lmbench-musl ####
[initproc] done lmbench_testcode.sh in /musl exit_code=0
#### OS COMP TEST GROUP START lmbench-glibc ####
#### OS COMP TEST GROUP START lmbench-glibc ####
latency measurements
Simple syscall: 36.8239 microseconds
Simple read: 88.5373 microseconds
Simple write: 46.3828 microseconds
Simple stat: 212.7692 microseconds
Simple fstat: 107.2500 microseconds
Simple open/close: 256.2727 microseconds
Select on 100 fd's: 217.5200 microseconds
Signal handler installation: 104.8889 microseconds
Signal handler overhead: 151.8621 microseconds
Protection fault: 42.0345 microseconds
Pipe latency: 629.5339 microseconds
Process fork+exit: 7849.0000 microseconds
Process fork+execve: 12593.0000 microseconds
[ext4_another] write_pages ino=3221 pages=1 total_bytes=51 prepare_cycles=0 commit_cycles=0 direct=false
Process fork+/bin/sh -c: 299412.0000 microseconds
File /var/tmp/XXX write bandwidth:59585 KB/sec
Pagefaults on /var/tmp/XXX: 118.6484 microseconds
0.524288 667
file system latency
0k	13	2363	2522
1k	10	1789	2329
4k	10	1821	2336
10k	10	1735	2322
Bandwidth measurements
Pipe bandwidth: 37.08 MB/sec
0.524288 86.56
0.524288 85.14
0.524288 2571.44
0.524288 33.64
context switch overhead

"size=32k ovr=226.41
2 121.53
4 110.39
8 108.78
16 115.28
24 116.72
32 119.31
64 116.81
96 116.94
#### OS COMP TEST GROUP END lmbench-glibc ####
[initproc] [diag] === stats lmbench-glibc ===
blk_vread_reqs=189
blk_vread_secs=7008
blk_vwrite_reqs=151
blk_vwrite_secs=1288
journal_commit_count=3
journal_commit_bytes=65536
device_flush_count=124
virtio_write_requests=151
virtio_write_bytes=659456
virtio_read_requests=230
writeback_batch_count=1
writeback_page_count=1
pwrite_uaccess_cycles=0
pwrite_file_cycles=0
pwrite_ext4_setup_cycles=0
pwrite_ext4_post_cycles=0
pwrite_total_count=0
sata_read_reqs=0
sata_read_bytes=0
sata_read_ticks_total=0
sata_read_ticks_max=0
sata_write_reqs=0
sata_write_bytes=0
sata_write_ticks_total=0
sata_write_ticks_max=0
sata_flush_reqs=0
sata_flush_ticks_total=0
[initproc] [diag] === stats lmbench-glibc end ===
#### OS COMP TEST GROUP END lmbench-glibc ####
[initproc] done lmbench_testcode.sh in /glibc exit_code=0
#### OS COMP TEST GROUP START iozone-musl ####
#### OS COMP TEST GROUP START iozone-musl ####
iozone automatic measurements
	Iozone: Performance Test of File I/O
	        Version $Revision: 3.506 $
		Compiled for 64 bit mode.
		Build: linux 

	Contributors:William Norcott, Don Capps, Isom Crawford, Kirby Collins
	             Al Slater, Scott Rhine, Mike Wisner, Ken Goss
	             Steve Landherr, Brad Smith, Mark Kelly, Dr. Alain CYR,
	             Randy Dunlap, Mark Montague, Dan Million, Gavin Brebner,
	             Jean-Marc Zucconi, Jeff Blomberg, Benny Halevy, Dave Boone,
	             Erik Habbinga, Kris Strecker, Walter Wong, Joshua Root,
	             Fabrice Bacchella, Zhenghua Xue, Qin Li, Darren Sawyer,
	             Vangel Bojaxhi, Ben England, Vikentsi Lapa,
	             Alexey Skidanov, Sudhir Kumar.

	Run began: Fri Jan  1 00:02:31 2027

	Auto Mode
	Record Size 1 kB
	File size set to 4096 kB
	Command line used: ./iozone -a -r 1k -s 4m
	Output is in kBytes/sec
	Time Resolution = 0.000080 seconds.
	Processor cache size set to 1024 kBytes.
	Processor cache line size set to 32 bytes.
	File stride size set to 17 * record size.
                                                                    random    random      bkwd     record     stride                                        
              kB  reclen    write    rewrite      read    reread      read     write      read    rewrite       read    fwrite  frewrite     fread   freread
            4096       1[ext4_another] write_pages ino=3217 pages=256 total_bytes=1048576 prepare_cycles=0 commit_cycles=0 direct=true
[ext4_another] write_pages ino=3217 pages=256 total_bytes=1048576 prepare_cycles=0 commit_cycles=0 direct=true
[ext4_another] write_pages ino=3217 pages=256 total_bytes=1048576 prepare_cycles=0 commit_cycles=0 direct=true
[ext4_another] write_pages ino=3217 pages=256 total_bytes=1048576 prepare_cycles=0 commit_cycles=0 direct=true
[ext4_another] write_pages ino=3217 pages=256 total_bytes=1048576 prepare_cycles=0 commit_cycles=0 direct=true
[ext4_another] write_pages ino=3217 pages=256 total_bytes=1048576 prepare_cycles=0 commit_cycles=0 direct=true
[ext4_another] write_pages ino=3217 pages=256 total_bytes=1048576 prepare_cycles=0 commit_cycles=0 direct=true
[ext4_another] write_pages ino=3217 pages=256 total_bytes=1048576 prepare_cycles=0 commit_cycles=0 direct=true
      2366      2422      7251      7384[ext4_another] write_pages ino=3217 pages=256 total_bytes=1048576 prepare_cycles=0 commit_cycles=0 direct=true
[ext4_another] write_pages ino=3217 pages=256 total_bytes=1048576 prepare_cycles=0 commit_cycles=0 direct=true
[ext4_another] write_pages ino=3217 pages=256 total_bytes=1048576 prepare_cycles=0 commit_cycles=0 direct=true
[ext4_another] write_pages ino=3217 pages=256 total_bytes=1048576 prepare_cycles=0 commit_cycles=0 direct=true
      5484      2125      5177[ext4_another] write_pages ino=3217 pages=1 total_bytes=4096 prepare_cycles=0 commit_cycles=0 direct=true
       2135       5446[ext4_another] write_pages ino=3217 pages=256 total_bytes=1048576 prepare_cycles=0 commit_cycles=0 direct=true
[ext4_another] write_pages ino=3217 pages=256 total_bytes=1048576 prepare_cycles=0 commit_cycles=0 direct=true
[ext4_another] write_pages ino=3217 pages=256 total_bytes=1048576 prepare_cycles=0 commit_cycles=0 direct=true
[ext4_another] write_pages ino=3217 pages=256 total_bytes=1048576 prepare_cycles=0 commit_cycles=0 direct=true
[ext4_another] write_pages ino=3217 pages=256 total_bytes=1048576 prepare_cycles=0 commit_cycles=0 direct=true
[ext4_another] write_pages ino=3217 pages=256 total_bytes=1048576 prepare_cycles=0 commit_cycles=0 direct=true
[ext4_another] write_pages ino=3217 pages=256 total_bytes=1048576 prepare_cycles=0 commit_cycles=0 direct=true
[ext4_another] write_pages ino=3217 pages=256 total_bytes=1048576 prepare_cycles=0 commit_cycles=0 direct=true
      2262      2329      4796      4796

iozone test complete.
iozone throughput write/read measurements
	Iozone: Performance Test of File I/O
	        Version $Revision: 3.506 $
		Compiled for 64 bit mode.
		Build: linux 

	Contributors:William Norcott, Don Capps, Isom Crawford, Kirby Collins
	             Al Slater, Scott Rhine, Mike Wisner, Ken Goss
	             Steve Landherr, Brad Smith, Mark Kelly, Dr. Alain CYR,
	             Randy Dunlap, Mark Montague, Dan Million, Gavin Brebner,
	             Jean-Marc Zucconi, Jeff Blomberg, Benny Halevy, Dave Boone,
	             Erik Habbinga, Kris Strecker, Walter Wong, Joshua Root,
	             Fabrice Bacchella, Zhenghua Xue, Qin Li, Darren Sawyer,
	             Vangel Bojaxhi, Ben England, Vikentsi Lapa,
	             Alexey Skidanov, Sudhir Kumar.

	Run began: Fri Jan  1 00:02:52 2027

	Record Size 1 kB
	File size set to 1024 kB
	Command line used: ./iozone -t 4 -i 0 -i 1 -r 1k -s 1m
	Output is in kBytes/sec
	Time Resolution = 0.000081 seconds.
	Processor cache size set to 1024 kBytes.
	Processor cache line size set to 32 bytes.
	File stride size set to 17 * record size.
	Throughput test with 4 processes
	Each process writes a 1024 kByte file in 1 kByte records
[ext4_another] write_pages ino=3219 pages=256 total_bytes=1048576 prepare_cycles=0 commit_cycles=0 direct=true
[ext4_another] write_pages ino=3222 pages=256 total_bytes=1048576 prepare_cycles=0 commit_cycles=0 direct=true
[ext4_another] write_pages ino=3220 pages=256 total_bytes=1048576 prepare_cycles=0 commit_cycles=0 direct=true
[ext4_another] write_pages ino=3218 pages=256 total_bytes=1048576 prepare_cycles=0 commit_cycles=0 direct=true

	Children see throughput for  4 initial writers 	=    2424.32 kB/sec
	Parent sees throughput for  4 initial writers 	=    1835.72 kB/sec
	Min throughput per process 			=     566.28 kB/sec 
	Max throughput per process 			=     652.76 kB/sec
	Avg throughput per process 			=     606.08 kB/sec
	Min xfer 					=     950.00 kB
[ext4_another] write_pages ino=3222 pages=256 total_bytes=1048576 prepare_cycles=0 commit_cycles=0 direct=true
[ext4_another] write_pages ino=3218 pages=248 total_bytes=1015808 prepare_cycles=0 commit_cycles=0 direct=true
[ext4_another] write_pages ino=3220 pages=255 total_bytes=1044480 prepare_cycles=0 commit_cycles=0 direct=true
[ext4_another] write_pages ino=3219 pages=253 total_bytes=1036288 prepare_cycles=0 commit_cycles=0 direct=true

	Children see throughput for  4 rewriters 	=    2417.21 kB/sec
	Parent sees throughput for  4 rewriters 	=    2159.21 kB/sec
	Min throughput per process 			=     570.02 kB/sec 
	Max throughput per process 			=     637.45 kB/sec
	Avg throughput per process 			=     604.30 kB/sec
	Min xfer 					=     991.00 kB

	Children see throughput for  4 readers 		=    7565.48 kB/sec
	Parent sees throughput for  4 readers 		=    6713.07 kB/sec
	Min throughput per process 			=    1772.16 kB/sec 
	Max throughput per process 			=    1946.51 kB/sec
	Avg throughput per process 			=    1891.37 kB/sec
	Min xfer 					=     999.00 kB

	Children see throughput for 4 re-readers 	=    7610.55 kB/sec
	Parent sees throughput for 4 re-readers 	=    6698.96 kB/sec
	Min throughput per process 			=    1803.33 kB/sec 
	Max throughput per process 			=    1965.28 kB/sec
	Avg throughput per process 			=    1902.64 kB/sec
	Min xfer 					=    1000.00 kB



iozone test complete.
iozone throughput random-read measurements
	Iozone: Performance Test of File I/O
	        Version $Revision: 3.506 $
		Compiled for 64 bit mode.
		Build: linux 

	Contributors:William Norcott, Don Capps, Isom Crawford, Kirby Collins
	             Al Slater, Scott Rhine, Mike Wisner, Ken Goss
	             Steve Landherr, Brad Smith, Mark Kelly, Dr. Alain CYR,
	             Randy Dunlap, Mark Montague, Dan Million, Gavin Brebner,
	             Jean-Marc Zucconi, Jeff Blomberg, Benny Halevy, Dave Boone,
	             Erik Habbinga, Kris Strecker, Walter Wong, Joshua Root,
	             Fabrice Bacchella, Zhenghua Xue, Qin Li, Darren Sawyer,
	             Vangel Bojaxhi, Ben England, Vikentsi Lapa,
	             Alexey Skidanov, Sudhir Kumar.

	Run began: Fri Jan  1 00:03:14 2027

	Record Size 1 kB
	File size set to 1024 kB
	Command line used: ./iozone -t 4 -i 0 -i 2 -r 1k -s 1m
	Output is in kBytes/sec
	Time Resolution = 0.000080 seconds.
	Processor cache size set to 1024 kBytes.
	Processor cache line size set to 32 bytes.
	File stride size set to 17 * record size.
	Throughput test with 4 processes
	Each process writes a 1024 kByte file in 1 kByte records
[ext4_another] write_pages ino=3217 pages=256 total_bytes=1048576 prepare_cycles=0 commit_cycles=0 direct=true
[ext4_another] write_pages ino=3218 pages=256 total_bytes=1048576 prepare_cycles=0 commit_cycles=0 direct=true
[ext4_another] write_pages ino=3219 pages=256 total_bytes=1048576 prepare_cycles=0 commit_cycles=0 direct=true
[ext4_another] write_pages ino=3216 pages=256 total_bytes=1048576 prepare_cycles=0 commit_cycles=0 direct=true

	Children see throughput for  4 initial writers 	=    2317.13 kB/sec
	Parent sees throughput for  4 initial writers 	=    1804.67 kB/sec
	Min throughput per process 			=     541.85 kB/sec 
	Max throughput per process 			=     606.80 kB/sec
	Avg throughput per process 			=     579.28 kB/sec
	Min xfer 					=     975.00 kB
[ext4_another] write_pages ino=3217 pages=256 total_bytes=1048576 prepare_cycles=0 commit_cycles=0 direct=true
[ext4_another] write_pages ino=3219 pages=256 total_bytes=1048576 prepare_cycles=0 commit_cycles=0 direct=true
[ext4_another] write_pages ino=3216 pages=251 total_bytes=1028096 prepare_cycles=0 commit_cycles=0 direct=true
[ext4_another] write_pages ino=3218 pages=253 total_bytes=1036288 prepare_cycles=0 commit_cycles=0 direct=true

	Children see throughput for  4 rewriters 	=    2387.54 kB/sec
	Parent sees throughput for  4 rewriters 	=    2035.85 kB/sec
	Min throughput per process 			=     562.84 kB/sec 
	Max throughput per process 			=     621.93 kB/sec
	Avg throughput per process 			=     596.89 kB/sec
	Min xfer 					=    1001.00 kB

	Children see throughput for 4 random readers 	=    5547.72 kB/sec
	Parent sees throughput for 4 random readers 	=    4810.64 kB/sec
	Min throughput per process 			=    1292.80 kB/sec 
	Max throughput per process 			=    1486.36 kB/sec
	Avg throughput per process 			=    1386.93 kB/sec
	Min xfer 					=     971.00 kB
[ext4_another] write_pages ino=3217 pages=256 total_bytes=1048576 prepare_cycles=0 commit_cycles=0 direct=true
[ext4_another] write_pages ino=3218 pages=256 total_bytes=1048576 prepare_cycles=0 commit_cycles=0 direct=true
[ext4_another] write_pages ino=3216 pages=256 total_bytes=1048576 prepare_cycles=0 commit_cycles=0 direct=true
[ext4_another] write_pages ino=3219 pages=256 total_bytes=1048576 prepare_cycles=0 commit_cycles=0 direct=true

	Children see throughput for 4 random writers 	=    2140.03 kB/sec
	Parent sees throughput for 4 random writers 	=    1765.69 kB/sec
	Min throughput per process 			=     513.57 kB/sec 
	Max throughput per process 			=     556.30 kB/sec
	Avg throughput per process 			=     535.01 kB/sec
	Min xfer 					=     990.00 kB



iozone test complete.
iozone throughput read-backwards measurements
	Iozone: Performance Test of File I/O
	        Version $Revision: 3.506 $
		Compiled for 64 bit mode.
		Build: linux 

	Contributors:William Norcott, Don Capps, Isom Crawford, Kirby Collins
	             Al Slater, Scott Rhine, Mike Wisner, Ken Goss
	             Steve Landherr, Brad Smith, Mark Kelly, Dr. Alain CYR,
	             Randy Dunlap, Mark Montague, Dan Million, Gavin Brebner,
	             Jean-Marc Zucconi, Jeff Blomberg, Benny Halevy, Dave Boone,
	             Erik Habbinga, Kris Strecker, Walter Wong, Joshua Root,
	             Fabrice Bacchella, Zhenghua Xue, Qin Li, Darren Sawyer,
	             Vangel Bojaxhi, Ben England, Vikentsi Lapa,
	             Alexey Skidanov, Sudhir Kumar.

	Run began: Fri Jan  1 00:03:42 2027

	Record Size 1 kB
	File size set to 1024 kB
	Command line used: ./iozone -t 4 -i 0 -i 3 -r 1k -s 1m
	Output is in kBytes/sec
	Time Resolution = 0.000080 seconds.
	Processor cache size set to 1024 kBytes.
	Processor cache line size set to 32 bytes.
	File stride size set to 17 * record size.
	Throughput test with 4 processes
	Each process writes a 1024 kByte file in 1 kByte records
[ext4_another] write_pages ino=3217 pages=256 total_bytes=1048576 prepare_cycles=0 commit_cycles=0 direct=true
[ext4_another] write_pages ino=3218 pages=256 total_bytes=1048576 prepare_cycles=0 commit_cycles=0 direct=true
[ext4_another] write_pages ino=3219 pages=256 total_bytes=1048576 prepare_cycles=0 commit_cycles=0 direct=true
[ext4_another] write_pages ino=3216 pages=256 total_bytes=1048576 prepare_cycles=0 commit_cycles=0 direct=true

	Children see throughput for  4 initial writers 	=    2397.78 kB/sec
	Parent sees throughput for  4 initial writers 	=    1875.98 kB/sec
	Min throughput per process 			=     571.74 kB/sec 
	Max throughput per process 			=     623.39 kB/sec
	Avg throughput per process 			=     599.45 kB/sec
	Min xfer 					=     999.00 kB
[ext4_another] write_pages ino=3217 pages=256 total_bytes=1048576 prepare_cycles=0 commit_cycles=0 direct=true
[ext4_another] write_pages ino=3219 pages=254 total_bytes=1040384 prepare_cycles=0 commit_cycles=0 direct=true
[ext4_another] write_pages ino=3216 pages=249 total_bytes=1019904 prepare_cycles=0 commit_cycles=0 direct=true
[ext4_another] write_pages ino=3218 pages=255 total_bytes=1044480 prepare_cycles=0 commit_cycles=0 direct=true

	Children see throughput for  4 rewriters 	=    2443.45 kB/sec
	Parent sees throughput for  4 rewriters 	=    2136.58 kB/sec
	Min throughput per process 			=     582.57 kB/sec 
	Max throughput per process 			=     638.01 kB/sec
	Avg throughput per process 			=     610.86 kB/sec
	Min xfer 					=     994.00 kB

	Children see throughput for 4 reverse readers 	=    4347.23 kB/sec
	Parent sees throughput for 4 reverse readers 	=    3388.34 kB/sec
	Min throughput per process 			=     865.97 kB/sec 
	Max throughput per process 			=    1492.72 kB/sec
	Avg throughput per process 			=    1086.81 kB/sec
	Min xfer 					=     965.00 kB



iozone test complete.
iozone throughput stride-read measurements
	Iozone: Performance Test of File I/O
	        Version $Revision: 3.506 $
		Compiled for 64 bit mode.
		Build: linux 

	Contributors:William Norcott, Don Capps, Isom Crawford, Kirby Collins
	             Al Slater, Scott Rhine, Mike Wisner, Ken Goss
	             Steve Landherr, Brad Smith, Mark Kelly, Dr. Alain CYR,
	             Randy Dunlap, Mark Montague, Dan Million, Gavin Brebner,
	             Jean-Marc Zucconi, Jeff Blomberg, Benny Halevy, Dave Boone,
	             Erik Habbinga, Kris Strecker, Walter Wong, Joshua Root,
	             Fabrice Bacchella, Zhenghua Xue, Qin Li, Darren Sawyer,
	             Vangel Bojaxhi, Ben England, Vikentsi Lapa,
	             Alexey Skidanov, Sudhir Kumar.

	Run began: Fri Jan  1 00:04:03 2027

	Record Size 1 kB
	File size set to 1024 kB
	Command line used: ./iozone -t 4 -i 0 -i 5 -r 1k -s 1m
	Output is in kBytes/sec
	Time Resolution = 0.000081 seconds.
	Processor cache size set to 1024 kBytes.
	Processor cache line size set to 32 bytes.
	File stride size set to 17 * record size.
	Throughput test with 4 processes
	Each process writes a 1024 kByte file in 1 kByte records
[ext4_another] write_pages ino=3217 pages=256 total_bytes=1048576 prepare_cycles=0 commit_cycles=0 direct=true
[ext4_another] write_pages ino=3219 pages=256 total_bytes=1048576 prepare_cycles=0 commit_cycles=0 direct=true
[ext4_another] write_pages ino=3218 pages=256 total_bytes=1048576 prepare_cycles=0 commit_cycles=0 direct=true
[ext4_another] write_pages ino=3216 pages=256 total_bytes=1048576 prepare_cycles=0 commit_cycles=0 direct=true

	Children see throughput for  4 initial writers 	=    2197.99 kB/sec
	Parent sees throughput for  4 initial writers 	=    1697.29 kB/sec
	Min throughput per process 			=     521.92 kB/sec 
	Max throughput per process 			=     579.27 kB/sec
	Avg throughput per process 			=     549.50 kB/sec
	Min xfer 					=     990.00 kB
[ext4_another] write_pages ino=3218 pages=256 total_bytes=1048576 prepare_cycles=0 commit_cycles=0 direct=true
[ext4_another] write_pages ino=3216 pages=243 total_bytes=995328 prepare_cycles=0 commit_cycles=0 direct=true
[ext4_another] write_pages ino=3219 pages=249 total_bytes=1019904 prepare_cycles=0 commit_cycles=0 direct=true
[ext4_another] write_pages ino=3217 pages=255 total_bytes=1044480 prepare_cycles=0 commit_cycles=0 direct=true

	Children see throughput for  4 rewriters 	=    2148.46 kB/sec
	Parent sees throughput for  4 rewriters 	=    1892.41 kB/sec
	Min throughput per process 			=     512.52 kB/sec 
	Max throughput per process 			=     580.16 kB/sec
	Avg throughput per process 			=     537.12 kB/sec
	Min xfer 					=     970.00 kB

	Children see throughput for 4 stride readers 	=    5583.71 kB/sec
	Parent sees throughput for 4 stride readers 	=    5004.54 kB/sec
	Min throughput per process 			=    1308.37 kB/sec 
	Max throughput per process 			=    1486.41 kB/sec
	Avg throughput per process 			=    1395.93 kB/sec
	Min xfer 					=     965.00 kB



iozone test complete.
iozone throughput fwrite/fread measurements
	Iozone: Performance Test of File I/O
	        Version $Revision: 3.506 $
		Compiled for 64 bit mode.
		Build: linux 

	Contributors:William Norcott, Don Capps, Isom Crawford, Kirby Collins
	             Al Slater, Scott Rhine, Mike Wisner, Ken Goss
	             Steve Landherr, Brad Smith, Mark Kelly, Dr. Alain CYR,
	             Randy Dunlap, Mark Montague, Dan Million, Gavin Brebner,
	             Jean-Marc Zucconi, Jeff Blomberg, Benny Halevy, Dave Boone,
	             Erik Habbinga, Kris Strecker, Walter Wong, Joshua Root,
	             Fabrice Bacchella, Zhenghua Xue, Qin Li, Darren Sawyer,
	             Vangel Bojaxhi, Ben England, Vikentsi Lapa,
	             Alexey Skidanov, Sudhir Kumar.

	Run began: Fri Jan  1 00:04:24 2027

	Record Size 1 kB
	File size set to 1024 kB
	Command line used: ./iozone -t 4 -i 6 -i 7 -r 1k -s 1m
	Output is in kBytes/sec
	Time Resolution = 0.000081 seconds.
	Processor cache size set to 1024 kBytes.
	Processor cache line size set to 32 bytes.
	File stride size set to 17 * record size.
	Throughput test with 4 processes
	Each process writes a 1024 kByte file in 1 kByte records
[ext4_another] write_pages ino=3218 pages=256 total_bytes=1048576 prepare_cycles=0 commit_cycles=0 direct=true
[ext4_another] write_pages ino=3217 pages=256 total_bytes=1048576 prepare_cycles=0 commit_cycles=0 direct=true
[ext4_another] write_pages ino=3219 pages=256 total_bytes=1048576 prepare_cycles=0 commit_cycles=0 direct=true
[ext4_another] write_pages ino=3216 pages=256 total_bytes=1048576 prepare_cycles=0 commit_cycles=0 direct=true

	Children see throughput for  4 fwriters 	=    2229.25 kB/sec
	Parent sees throughput for  4 fwriters 		=    1861.34 kB/sec
	Min throughput per process 			=     500.09 kB/sec 
	Max throughput per process 			=     607.45 kB/sec
	Avg throughput per process 			=     557.31 kB/sec
	Min xfer 					=    1024.00 kB

	Children see throughput for  4 freaders 	=    5229.17 kB/sec
	Parent sees throughput for  4 freaders 		=    4899.33 kB/sec
	Min throughput per process 			=    1268.79 kB/sec 
	Max throughput per process 			=    1339.59 kB/sec
	Avg throughput per process 			=    1307.29 kB/sec
	Min xfer 					=    1024.00 kB



iozone test complete.
iozone throughput pwrite/pread measurements
	Iozone: Performance Test of File I/O
	        Version $Revision: 3.506 $
		Compiled for 64 bit mode.
		Build: linux 

	Contributors:William Norcott, Don Capps, Isom Crawford, Kirby Collins
	             Al Slater, Scott Rhine, Mike Wisner, Ken Goss
	             Steve Landherr, Brad Smith, Mark Kelly, Dr. Alain CYR,
	             Randy Dunlap, Mark Montague, Dan Million, Gavin Brebner,
	             Jean-Marc Zucconi, Jeff Blomberg, Benny Halevy, Dave Boone,
	             Erik Habbinga, Kris Strecker, Walter Wong, Joshua Root,
	             Fabrice Bacchella, Zhenghua Xue, Qin Li, Darren Sawyer,
	             Vangel Bojaxhi, Ben England, Vikentsi Lapa,
	             Alexey Skidanov, Sudhir Kumar.

	Run began: Fri Jan  1 00:04:39 2027

	Record Size 1 kB
	File size set to 1024 kB
	Command line used: ./iozone -t 4 -i 9 -i 10 -r 1k -s 1m
	Output is in kBytes/sec
	Time Resolution = 0.000080 seconds.
	Processor cache size set to 1024 kBytes.
	Processor cache line size set to 32 bytes.
	File stride size set to 17 * record size.
	Throughput test with 4 processes
	Each process writes a 1024 kByte file in 1 kByte records
[ext4_another] write_pages ino=3217 pages=256 total_bytes=1048576 prepare_cycles=0 commit_cycles=0 direct=true
[ext4_another] write_pages ino=3219 pages=256 total_bytes=1048576 prepare_cycles=0 commit_cycles=0 direct=true
[ext4_another] write_pages ino=3218 pages=256 total_bytes=1048576 prepare_cycles=0 commit_cycles=0 direct=true
[ext4_another] write_pages ino=3216 pages=256 total_bytes=1048576 prepare_cycles=0 commit_cycles=0 direct=true

	Children see throughput for 4 pwrite writers 	=    2380.44 kB/sec
	Parent sees throughput for 4 pwrite writers 	=    1875.12 kB/sec
	Min throughput per process 			=     564.22 kB/sec 
	Max throughput per process 			=     621.69 kB/sec
	Avg throughput per process 			=     595.11 kB/sec
	Min xfer 					=     983.00 kB

	Children see throughput for 4 pread readers 	=    7915.56 kB/sec
	Parent sees throughput for 4 pread readers 	=    6932.95 kB/sec
	Min throughput per process 			=    1872.69 kB/sec 
	Max throughput per process 			=    2107.17 kB/sec
	Avg throughput per process 			=    1978.89 kB/sec
	Min xfer 					=     946.00 kB



iozone test complete.
iozone throughtput pwritev/preadv measurements
	Iozone: Performance Test of File I/O
	        Version $Revision: 3.506 $
		Compiled for 64 bit mode.
		Build: linux 

	Contributors:William Norcott, Don Capps, Isom Crawford, Kirby Collins
	             Al Slater, Scott Rhine, Mike Wisner, Ken Goss
	             Steve Landherr, Brad Smith, Mark Kelly, Dr. Alain CYR,
	             Randy Dunlap, Mark Montague, Dan Million, Gavin Brebner,
	             Jean-Marc Zucconi, Jeff Blomberg, Benny Halevy, Dave Boone,
	             Erik Habbinga, Kris Strecker, Walter Wong, Joshua Root,
	             Fabrice Bacchella, Zhenghua Xue, Qin Li, Darren Sawyer,
	             Vangel Bojaxhi, Ben England, Vikentsi Lapa,
	             Alexey Skidanov, Sudhir Kumar.

	Run began: Fri Jan  1 00:04:57 2027

	Selected test not available on the version.
	Record Size 1 kB
	File size set to 1024 kB
	Command line used: ./iozone -t 4 -i 11 -i 12 -r 1k -s 1m
	Output is in kBytes/sec
	Time Resolution = 0.000079 seconds.
	Processor cache size set to 1024 kBytes.
	Processor cache line size set to 32 bytes.
	File stride size set to 17 * record size.
	Throughput test with 4 processes
	Each process writes a 1024 kByte file in 1 kByte records
[ext4_another] write_pages ino=3218 pages=256 total_bytes=1048576 prepare_cycles=0 commit_cycles=0 direct=true
[ext4_another] write_pages ino=3217 pages=256 total_bytes=1048576 prepare_cycles=0 commit_cycles=0 direct=true
[ext4_another] write_pages ino=3219 pages=256 total_bytes=1048576 prepare_cycles=0 commit_cycles=0 direct=true
[ext4_another] write_pages ino=3216 pages=256 total_bytes=1048576 prepare_cycles=0 commit_cycles=0 direct=true

	Children see throughput for  4 initial writers 	=    2341.89 kB/sec
	Parent sees throughput for  4 initial writers 	=    1769.10 kB/sec
	Min throughput per process 			=     542.56 kB/sec 
	Max throughput per process 			=     637.37 kB/sec
	Avg throughput per process 			=     585.47 kB/sec
	Min xfer 					=     970.00 kB
[ext4_another] write_pages ino=3218 pages=256 total_bytes=1048576 prepare_cycles=0 commit_cycles=0 direct=true
[ext4_another] write_pages ino=3216 pages=244 total_bytes=999424 prepare_cycles=0 commit_cycles=0 direct=true
[ext4_another] write_pages ino=3219 pages=254 total_bytes=1040384 prepare_cycles=0 commit_cycles=0 direct=true
[ext4_another] write_pages ino=3217 pages=255 total_bytes=1044480 prepare_cycles=0 commit_cycles=0 direct=true

	Children see throughput for  4 rewriters 	=    2324.46 kB/sec
	Parent sees throughput for  4 rewriters 	=    2013.71 kB/sec
	Min throughput per process 			=     545.86 kB/sec 
	Max throughput per process 			=     623.09 kB/sec
	Avg throughput per process 			=     581.12 kB/sec
	Min xfer 					=     975.00 kB



iozone test complete.
#### OS COMP TEST GROUP END iozone-musl ####
[initproc] [diag] === stats iozone-musl ===
blk_vread_reqs=80395
blk_vread_secs=644984
blk_vwrite_reqs=79132
blk_vwrite_secs=783304
journal_commit_count=148
journal_commit_bytes=3121152
device_flush_count=918
virtio_write_requests=80212
virtio_write_bytes=401051648
virtio_read_requests=80409
writeback_batch_count=77
writeback_page_count=18371
pwrite_uaccess_cycles=0
pwrite_file_cycles=0
pwrite_ext4_setup_cycles=0
pwrite_ext4_post_cycles=0
pwrite_total_count=0
sata_read_reqs=0
sata_read_bytes=0
sata_read_ticks_total=0
sata_read_ticks_max=0
sata_write_reqs=0
sata_write_bytes=0
sata_write_ticks_total=0
sata_write_ticks_max=0
sata_flush_reqs=0
sata_flush_ticks_total=0
[initproc] [diag] === stats iozone-musl end ===
#### OS COMP TEST GROUP END iozone-musl ####
[initproc] done iozone_testcode.sh in /musl exit_code=0
#### OS COMP TEST GROUP START iozone-glibc ####
#### OS COMP TEST GROUP START iozone-glibc ####
iozone automatic measurements
	Iozone: Performance Test of File I/O
	        Version $Revision: 3.506 $
		Compiled for 64 bit mode.
		Build: linux 

	Contributors:William Norcott, Don Capps, Isom Crawford, Kirby Collins
	             Al Slater, Scott Rhine, Mike Wisner, Ken Goss
	             Steve Landherr, Brad Smith, Mark Kelly, Dr. Alain CYR,
	             Randy Dunlap, Mark Montague, Dan Million, Gavin Brebner,
	             Jean-Marc Zucconi, Jeff Blomberg, Benny Halevy, Dave Boone,
	             Erik Habbinga, Kris Strecker, Walter Wong, Joshua Root,
	             Fabrice Bacchella, Zhenghua Xue, Qin Li, Darren Sawyer,
	             Vangel Bojaxhi, Ben England, Vikentsi Lapa,
	             Alexey Skidanov, Sudhir Kumar.

	Run began: Fri Jan  1 00:05:14 2027

	Auto Mode
	Record Size 1 kB
	File size set to 4096 kB
	Command line used: ./iozone -a -r 1k -s 4m
	Output is in kBytes/sec
	Time Resolution = 0.000083 seconds.
	Processor cache size set to 1024 kBytes.
	Processor cache line size set to 32 bytes.
	File stride size set to 17 * record size.
                                                                    random    random      bkwd     record     stride                                        
              kB  reclen    write    rewrite      read    reread      read     write      read    rewrite       read    fwrite  frewrite     fread   freread
            4096       1[ext4_another] write_pages ino=3217 pages=256 total_bytes=1048576 prepare_cycles=0 commit_cycles=0 direct=true
[ext4_another] write_pages ino=3217 pages=256 total_bytes=1048576 prepare_cycles=0 commit_cycles=0 direct=true
[ext4_another] write_pages ino=3217 pages=256 total_bytes=1048576 prepare_cycles=0 commit_cycles=0 direct=true
[ext4_another] write_pages ino=3217 pages=256 total_bytes=1048576 prepare_cycles=0 commit_cycles=0 direct=true
[ext4_another] write_pages ino=3217 pages=256 total_bytes=1048576 prepare_cycles=0 commit_cycles=0 direct=true
[ext4_another] write_pages ino=3217 pages=256 total_bytes=1048576 prepare_cycles=0 commit_cycles=0 direct=true
[ext4_another] write_pages ino=3217 pages=256 total_bytes=1048576 prepare_cycles=0 commit_cycles=0 direct=true
[ext4_another] write_pages ino=3217 pages=256 total_bytes=1048576 prepare_cycles=0 commit_cycles=0 direct=true
      2436      2468      7577      7596[ext4_another] write_pages ino=3217 pages=256 total_bytes=1048576 prepare_cycles=0 commit_cycles=0 direct=true
[ext4_another] write_pages ino=3217 pages=256 total_bytes=1048576 prepare_cycles=0 commit_cycles=0 direct=true
[ext4_another] write_pages ino=3217 pages=256 total_bytes=1048576 prepare_cycles=0 commit_cycles=0 direct=true
[ext4_another] write_pages ino=3217 pages=256 total_bytes=1048576 prepare_cycles=0 commit_cycles=0 direct=true
      5614      2217      5625[ext4_another] write_pages ino=3217 pages=1 total_bytes=4096 prepare_cycles=0 commit_cycles=0 direct=true
       2102       5607[ext4_another] write_pages ino=3217 pages=256 total_bytes=1048576 prepare_cycles=0 commit_cycles=0 direct=true
[ext4_another] write_pages ino=3217 pages=256 total_bytes=1048576 prepare_cycles=0 commit_cycles=0 direct=true
[ext4_another] write_pages ino=3217 pages=256 total_bytes=1048576 prepare_cycles=0 commit_cycles=0 direct=true
[ext4_another] write_pages ino=3217 pages=256 total_bytes=1048576 prepare_cycles=0 commit_cycles=0 direct=true
[ext4_another] write_pages ino=3217 pages=256 total_bytes=1048576 prepare_cycles=0 commit_cycles=0 direct=true
[ext4_another] write_pages ino=3217 pages=256 total_bytes=1048576 prepare_cycles=0 commit_cycles=0 direct=true
[ext4_another] write_pages ino=3217 pages=256 total_bytes=1048576 prepare_cycles=0 commit_cycles=0 direct=true
[ext4_another] write_pages ino=3217 pages=256 total_bytes=1048576 prepare_cycles=0 commit_cycles=0 direct=true
      2289      2441      7356      7299

iozone test complete.
iozone throughput write/read measurements
	Iozone: Performance Test of File I/O
	        Version $Revision: 3.506 $
		Compiled for 64 bit mode.
		Build: linux 

	Contributors:William Norcott, Don Capps, Isom Crawford, Kirby Collins
	             Al Slater, Scott Rhine, Mike Wisner, Ken Goss
	             Steve Landherr, Brad Smith, Mark Kelly, Dr. Alain CYR,
	             Randy Dunlap, Mark Montague, Dan Million, Gavin Brebner,
	             Jean-Marc Zucconi, Jeff Blomberg, Benny Halevy, Dave Boone,
	             Erik Habbinga, Kris Strecker, Walter Wong, Joshua Root,
	             Fabrice Bacchella, Zhenghua Xue, Qin Li, Darren Sawyer,
	             Vangel Bojaxhi, Ben England, Vikentsi Lapa,
	             Alexey Skidanov, Sudhir Kumar.

	Run began: Fri Jan  1 00:05:35 2027

	Record Size 1 kB
	File size set to 1024 kB
	Command line used: ./iozone -t 4 -i 0 -i 1 -r 1k -s 1m
	Output is in kBytes/sec
	Time Resolution = 0.000083 seconds.
	Processor cache size set to 1024 kBytes.
	Processor cache line size set to 32 bytes.
	File stride size set to 17 * record size.
	Throughput test with 4 processes
	Each process writes a 1024 kByte file in 1 kByte records
[ext4_another] write_pages ino=3220 pages=256 total_bytes=1048576 prepare_cycles=0 commit_cycles=0 direct=true
[ext4_another] write_pages ino=3219 pages=256 total_bytes=1048576 prepare_cycles=0 commit_cycles=0 direct=true
[ext4_another] write_pages ino=3222 pages=256 total_bytes=1048576 prepare_cycles=0 commit_cycles=0 direct=true
[ext4_another] write_pages ino=3218 pages=256 total_bytes=1048576 prepare_cycles=0 commit_cycles=0 direct=true

	Children see throughput for  4 initial writers 	=    2395.88 kB/sec
	Parent sees throughput for  4 initial writers 	=    1622.19 kB/sec
	Min throughput per process 			=     536.73 kB/sec 
	Max throughput per process 			=     636.28 kB/sec
	Avg throughput per process 			=     598.97 kB/sec
	Min xfer 					=     958.00 kB
[ext4_another] write_pages ino=3220 pages=256 total_bytes=1048576 prepare_cycles=0 commit_cycles=0 direct=true
[ext4_another] write_pages ino=3218 pages=246 total_bytes=1007616 prepare_cycles=0 commit_cycles=0 direct=true
[ext4_another] write_pages ino=3222 pages=251 total_bytes=1028096 prepare_cycles=0 commit_cycles=0 direct=true
[ext4_another] write_pages ino=3219 pages=256 total_bytes=1048576 prepare_cycles=0 commit_cycles=0 direct=true

	Children see throughput for  4 rewriters 	=    2451.19 kB/sec
	Parent sees throughput for  4 rewriters 	=    2100.41 kB/sec
	Min throughput per process 			=     585.58 kB/sec 
	Max throughput per process 			=     636.56 kB/sec
	Avg throughput per process 			=     612.80 kB/sec
	Min xfer 					=     982.00 kB

	Children see throughput for  4 readers 		=    7674.72 kB/sec
	Parent sees throughput for  4 readers 		=    6764.40 kB/sec
	Min throughput per process 			=    1806.73 kB/sec 
	Max throughput per process 			=    2098.19 kB/sec
	Avg throughput per process 			=    1918.68 kB/sec
	Min xfer 					=     956.00 kB

	Children see throughput for 4 re-readers 	=    7011.31 kB/sec
	Parent sees throughput for 4 re-readers 	=    5634.66 kB/sec
	Min throughput per process 			=    1578.80 kB/sec 
	Max throughput per process 			=    2101.28 kB/sec
	Avg throughput per process 			=    1752.83 kB/sec
	Min xfer 					=     948.00 kB



iozone test complete.
iozone throughput random-read measurements
	Iozone: Performance Test of File I/O
	        Version $Revision: 3.506 $
		Compiled for 64 bit mode.
		Build: linux 

	Contributors:William Norcott, Don Capps, Isom Crawford, Kirby Collins
	             Al Slater, Scott Rhine, Mike Wisner, Ken Goss
	             Steve Landherr, Brad Smith, Mark Kelly, Dr. Alain CYR,
	             Randy Dunlap, Mark Montague, Dan Million, Gavin Brebner,
	             Jean-Marc Zucconi, Jeff Blomberg, Benny Halevy, Dave Boone,
	             Erik Habbinga, Kris Strecker, Walter Wong, Joshua Root,
	             Fabrice Bacchella, Zhenghua Xue, Qin Li, Darren Sawyer,
	             Vangel Bojaxhi, Ben England, Vikentsi Lapa,
	             Alexey Skidanov, Sudhir Kumar.

	Run began: Fri Jan  1 00:05:59 2027

	Record Size 1 kB
	File size set to 1024 kB
	Command line used: ./iozone -t 4 -i 0 -i 2 -r 1k -s 1m
	Output is in kBytes/sec
	Time Resolution = 0.000082 seconds.
	Processor cache size set to 1024 kBytes.
	Processor cache line size set to 32 bytes.
	File stride size set to 17 * record size.
	Throughput test with 4 processes
	Each process writes a 1024 kByte file in 1 kByte records
[ext4_another] write_pages ino=3217 pages=256 total_bytes=1048576 prepare_cycles=0 commit_cycles=0 direct=true
[ext4_another] write_pages ino=3218 pages=256 total_bytes=1048576 prepare_cycles=0 commit_cycles=0 direct=true
[ext4_another] write_pages ino=3219 pages=256 total_bytes=1048576 prepare_cycles=0 commit_cycles=0 direct=true
[ext4_another] write_pages ino=3216 pages=256 total_bytes=1048576 prepare_cycles=0 commit_cycles=0 direct=true

	Children see throughput for  4 initial writers 	=    2323.00 kB/sec
	Parent sees throughput for  4 initial writers 	=    1845.90 kB/sec
	Min throughput per process 			=     546.09 kB/sec 
	Max throughput per process 			=     607.02 kB/sec
	Avg throughput per process 			=     580.75 kB/sec
	Min xfer 					=     975.00 kB
[ext4_another] write_pages ino=3217 pages=256 total_bytes=1048576 prepare_cycles=0 commit_cycles=0 direct=true
[ext4_another] write_pages ino=3219 pages=253 total_bytes=1036288 prepare_cycles=0 commit_cycles=0 direct=true
[ext4_another] write_pages ino=3216 pages=242 total_bytes=991232 prepare_cycles=0 commit_cycles=0 direct=true
[ext4_another] write_pages ino=3218 pages=252 total_bytes=1032192 prepare_cycles=0 commit_cycles=0 direct=true

	Children see throughput for  4 rewriters 	=    2414.30 kB/sec
	Parent sees throughput for  4 rewriters 	=    2049.48 kB/sec
	Min throughput per process 			=     575.41 kB/sec 
	Max throughput per process 			=     637.10 kB/sec
	Avg throughput per process 			=     603.58 kB/sec
	Min xfer 					=     966.00 kB

	Children see throughput for 4 random readers 	=    5601.10 kB/sec
	Parent sees throughput for 4 random readers 	=    5096.84 kB/sec
	Min throughput per process 			=    1329.47 kB/sec 
	Max throughput per process 			=    1486.40 kB/sec
	Avg throughput per process 			=    1400.28 kB/sec
	Min xfer 					=     967.00 kB
[ext4_another] write_pages ino=3217 pages=256 total_bytes=1048576 prepare_cycles=0 commit_cycles=0 direct=true
[ext4_another] write_pages ino=3218 pages=256 total_bytes=1048576 prepare_cycles=0 commit_cycles=0 direct=true
[ext4_another] write_pages ino=3219 pages=256 total_bytes=1048576 prepare_cycles=0 commit_cycles=0 direct=true
[ext4_another] write_pages ino=3216 pages=256 total_bytes=1048576 prepare_cycles=0 commit_cycles=0 direct=true

	Children see throughput for 4 random writers 	=    2069.29 kB/sec
	Parent sees throughput for 4 random writers 	=    1626.51 kB/sec
	Min throughput per process 			=     468.30 kB/sec 
	Max throughput per process 			=     568.17 kB/sec
	Avg throughput per process 			=     517.32 kB/sec
	Min xfer 					=     999.00 kB



iozone test complete.
iozone throughput read-backwards measurements
	Iozone: Performance Test of File I/O
	        Version $Revision: 3.506 $
		Compiled for 64 bit mode.
		Build: linux 

	Contributors:William Norcott, Don Capps, Isom Crawford, Kirby Collins
	             Al Slater, Scott Rhine, Mike Wisner, Ken Goss
	             Steve Landherr, Brad Smith, Mark Kelly, Dr. Alain CYR,
	             Randy Dunlap, Mark Montague, Dan Million, Gavin Brebner,
	             Jean-Marc Zucconi, Jeff Blomberg, Benny Halevy, Dave Boone,
	             Erik Habbinga, Kris Strecker, Walter Wong, Joshua Root,
	             Fabrice Bacchella, Zhenghua Xue, Qin Li, Darren Sawyer,
	             Vangel Bojaxhi, Ben England, Vikentsi Lapa,
	             Alexey Skidanov, Sudhir Kumar.

	Run began: Fri Jan  1 00:06:28 2027

	Record Size 1 kB
	File size set to 1024 kB
	Command line used: ./iozone -t 4 -i 0 -i 3 -r 1k -s 1m
	Output is in kBytes/sec
	Time Resolution = 0.000083 seconds.
	Processor cache size set to 1024 kBytes.
	Processor cache line size set to 32 bytes.
	File stride size set to 17 * record size.
	Throughput test with 4 processes
	Each process writes a 1024 kByte file in 1 kByte records
[ext4_another] write_pages ino=3219 pages=256 total_bytes=1048576 prepare_cycles=0 commit_cycles=0 direct=true
[ext4_another] write_pages ino=3217 pages=256 total_bytes=1048576 prepare_cycles=0 commit_cycles=0 direct=true
[ext4_another] write_pages ino=3218 pages=256 total_bytes=1048576 prepare_cycles=0 commit_cycles=0 direct=true
[ext4_another] write_pages ino=3216 pages=256 total_bytes=1048576 prepare_cycles=0 commit_cycles=0 direct=true

	Children see throughput for  4 initial writers 	=    2299.64 kB/sec
	Parent sees throughput for  4 initial writers 	=    1776.29 kB/sec
	Min throughput per process 			=     558.46 kB/sec 
	Max throughput per process 			=     606.49 kB/sec
	Avg throughput per process 			=     574.91 kB/sec
	Min xfer 					=     964.00 kB
[ext4_another] write_pages ino=3217 pages=256 total_bytes=1048576 prepare_cycles=0 commit_cycles=0 direct=true
[ext4_another] write_pages ino=3219 pages=250 total_bytes=1024000 prepare_cycles=0 commit_cycles=0 direct=true
[ext4_another] write_pages ino=3216 pages=245 total_bytes=1003520 prepare_cycles=0 commit_cycles=0 direct=true
[ext4_another] write_pages ino=3218 pages=250 total_bytes=1024000 prepare_cycles=0 commit_cycles=0 direct=true

	Children see throughput for  4 rewriters 	=    2418.64 kB/sec
	Parent sees throughput for  4 rewriters 	=    2143.50 kB/sec
	Min throughput per process 			=     575.50 kB/sec 
	Max throughput per process 			=     637.28 kB/sec
	Avg throughput per process 			=     604.66 kB/sec
	Min xfer 					=     977.00 kB

	Children see throughput for 4 reverse readers 	=    5658.81 kB/sec
	Parent sees throughput for 4 reverse readers 	=    5149.91 kB/sec
	Min throughput per process 			=    1339.71 kB/sec 
	Max throughput per process 			=    1487.07 kB/sec
	Avg throughput per process 			=    1414.70 kB/sec
	Min xfer 					=     979.00 kB



iozone test complete.
iozone throughput stride-read measurements
	Iozone: Performance Test of File I/O
	        Version $Revision: 3.506 $
		Compiled for 64 bit mode.
		Build: linux 

	Contributors:William Norcott, Don Capps, Isom Crawford, Kirby Collins
	             Al Slater, Scott Rhine, Mike Wisner, Ken Goss
	             Steve Landherr, Brad Smith, Mark Kelly, Dr. Alain CYR,
	             Randy Dunlap, Mark Montague, Dan Million, Gavin Brebner,
	             Jean-Marc Zucconi, Jeff Blomberg, Benny Halevy, Dave Boone,
	             Erik Habbinga, Kris Strecker, Walter Wong, Joshua Root,
	             Fabrice Bacchella, Zhenghua Xue, Qin Li, Darren Sawyer,
	             Vangel Bojaxhi, Ben England, Vikentsi Lapa,
	             Alexey Skidanov, Sudhir Kumar.

	Run began: Fri Jan  1 00:06:50 2027

	Record Size 1 kB
	File size set to 1024 kB
	Command line used: ./iozone -t 4 -i 0 -i 5 -r 1k -s 1m
	Output is in kBytes/sec
	Time Resolution = 0.000082 seconds.
	Processor cache size set to 1024 kBytes.
	Processor cache line size set to 32 bytes.
	File stride size set to 17 * record size.
	Throughput test with 4 processes
	Each process writes a 1024 kByte file in 1 kByte records
[ext4_another] write_pages ino=3217 pages=256 total_bytes=1048576 prepare_cycles=0 commit_cycles=0 direct=true
[ext4_another] write_pages ino=3219 pages=256 total_bytes=1048576 prepare_cycles=0 commit_cycles=0 direct=true
[ext4_another] write_pages ino=3216 pages=256 total_bytes=1048576 prepare_cycles=0 commit_cycles=0 direct=true
[ext4_another] write_pages ino=3218 pages=256 total_bytes=1048576 prepare_cycles=0 commit_cycles=0 direct=true

	Children see throughput for  4 initial writers 	=    2328.90 kB/sec
	Parent sees throughput for  4 initial writers 	=    1832.24 kB/sec
	Min throughput per process 			=     559.50 kB/sec 
	Max throughput per process 			=     608.21 kB/sec
	Avg throughput per process 			=     582.22 kB/sec
	Min xfer 					=     999.00 kB
[ext4_another] write_pages ino=3217 pages=256 total_bytes=1048576 prepare_cycles=0 commit_cycles=0 direct=true
[ext4_another] write_pages ino=3219 pages=255 total_bytes=1044480 prepare_cycles=0 commit_cycles=0 direct=true
[ext4_another] write_pages ino=3216 pages=252 total_bytes=1032192 prepare_cycles=0 commit_cycles=0 direct=true
[ext4_another] write_pages ino=3218 pages=256 total_bytes=1048576 prepare_cycles=0 commit_cycles=0 direct=true

	Children see throughput for  4 rewriters 	=    2408.72 kB/sec
	Parent sees throughput for  4 rewriters 	=    2101.94 kB/sec
	Min throughput per process 			=     576.70 kB/sec 
	Max throughput per process 			=     622.77 kB/sec
	Avg throughput per process 			=     602.18 kB/sec
	Min xfer 					=    1005.00 kB

	Children see throughput for 4 stride readers 	=    5662.80 kB/sec
	Parent sees throughput for 4 stride readers 	=    5148.22 kB/sec
	Min throughput per process 			=    1329.84 kB/sec 
	Max throughput per process 			=    1490.99 kB/sec
	Avg throughput per process 			=    1415.70 kB/sec
	Min xfer 					=     980.00 kB



iozone test complete.
iozone throughput fwrite/fread measurements
	Iozone: Performance Test of File I/O
	        Version $Revision: 3.506 $
		Compiled for 64 bit mode.
		Build: linux 

	Contributors:William Norcott, Don Capps, Isom Crawford, Kirby Collins
	             Al Slater, Scott Rhine, Mike Wisner, Ken Goss
	             Steve Landherr, Brad Smith, Mark Kelly, Dr. Alain CYR,
	             Randy Dunlap, Mark Montague, Dan Million, Gavin Brebner,
	             Jean-Marc Zucconi, Jeff Blomberg, Benny Halevy, Dave Boone,
	             Erik Habbinga, Kris Strecker, Walter Wong, Joshua Root,
	             Fabrice Bacchella, Zhenghua Xue, Qin Li, Darren Sawyer,
	             Vangel Bojaxhi, Ben England, Vikentsi Lapa,
	             Alexey Skidanov, Sudhir Kumar.

	Run began: Fri Jan  1 00:07:13 2027

	Record Size 1 kB
	File size set to 1024 kB
	Command line used: ./iozone -t 4 -i 6 -i 7 -r 1k -s 1m
	Output is in kBytes/sec
	Time Resolution = 0.000096 seconds.
	Processor cache size set to 1024 kBytes.
	Processor cache line size set to 32 bytes.
	File stride size set to 17 * record size.
	Throughput test with 4 processes
	Each process writes a 1024 kByte file in 1 kByte records
[ext4_another] write_pages ino=3218 pages=256 total_bytes=1048576 prepare_cycles=0 commit_cycles=0 direct=true
[ext4_another] write_pages ino=3217 pages=256 total_bytes=1048576 prepare_cycles=0 commit_cycles=0 direct=true
[ext4_another] write_pages ino=3219 pages=256 total_bytes=1048576 prepare_cycles=0 commit_cycles=0 direct=true
[ext4_another] write_pages ino=3216 pages=256 total_bytes=1048576 prepare_cycles=0 commit_cycles=0 direct=true

	Children see throughput for  4 fwriters 	=    2114.99 kB/sec
	Parent sees throughput for  4 fwriters 		=    1789.48 kB/sec
	Min throughput per process 			=     472.66 kB/sec 
	Max throughput per process 			=     580.55 kB/sec
	Avg throughput per process 			=     528.75 kB/sec
	Min xfer 					=    1024.00 kB

	Children see throughput for  4 freaders 	=    6509.00 kB/sec
	Parent sees throughput for  4 freaders 		=    5934.07 kB/sec
	Min throughput per process 			=    1509.77 kB/sec 
	Max throughput per process 			=    1691.51 kB/sec
	Avg throughput per process 			=    1627.25 kB/sec
	Min xfer 					=    1024.00 kB



iozone test complete.
iozone throughput pwrite/pread measurements
	Iozone: Performance Test of File I/O
	        Version $Revision: 3.506 $
		Compiled for 64 bit mode.
		Build: linux 

	Contributors:William Norcott, Don Capps, Isom Crawford, Kirby Collins
	             Al Slater, Scott Rhine, Mike Wisner, Ken Goss
	             Steve Landherr, Brad Smith, Mark Kelly, Dr. Alain CYR,
	             Randy Dunlap, Mark Montague, Dan Million, Gavin Brebner,
	             Jean-Marc Zucconi, Jeff Blomberg, Benny Halevy, Dave Boone,
	             Erik Habbinga, Kris Strecker, Walter Wong, Joshua Root,
	             Fabrice Bacchella, Zhenghua Xue, Qin Li, Darren Sawyer,
	             Vangel Bojaxhi, Ben England, Vikentsi Lapa,
	             Alexey Skidanov, Sudhir Kumar.

	Run began: Fri Jan  1 00:07:30 2027

	Record Size 1 kB
	File size set to 1024 kB
	Command line used: ./iozone -t 4 -i 9 -i 10 -r 1k -s 1m
	Output is in kBytes/sec
	Time Resolution = 0.000083 seconds.
	Processor cache size set to 1024 kBytes.
	Processor cache line size set to 32 bytes.
	File stride size set to 17 * record size.
	Throughput test with 4 processes
	Each process writes a 1024 kByte file in 1 kByte records
[ext4_another] write_pages ino=3217 pages=256 total_bytes=1048576 prepare_cycles=0 commit_cycles=0 direct=true
[ext4_another] write_pages ino=3219 pages=256 total_bytes=1048576 prepare_cycles=0 commit_cycles=0 direct=true
[ext4_another] write_pages ino=3218 pages=256 total_bytes=1048576 prepare_cycles=0 commit_cycles=0 direct=true
[ext4_another] write_pages ino=3216 pages=256 total_bytes=1048576 prepare_cycles=0 commit_cycles=0 direct=true

	Children see throughput for 4 pwrite writers 	=    2213.66 kB/sec
	Parent sees throughput for 4 pwrite writers 	=    1689.49 kB/sec
	Min throughput per process 			=     514.87 kB/sec 
	Max throughput per process 			=     593.17 kB/sec
	Avg throughput per process 			=     553.41 kB/sec
	Min xfer 					=     993.00 kB

	Children see throughput for 4 pread readers 	=    8073.57 kB/sec
	Parent sees throughput for 4 pread readers 	=    6987.21 kB/sec
	Min throughput per process 			=    1904.77 kB/sec 
	Max throughput per process 			=    2116.07 kB/sec
	Avg throughput per process 			=    2018.39 kB/sec
	Min xfer 					=     972.00 kB



iozone test complete.
iozone throughtput pwritev/preadv measurements
	Iozone: Performance Test of File I/O
	        Version $Revision: 3.506 $
		Compiled for 64 bit mode.
		Build: linux 

	Contributors:William Norcott, Don Capps, Isom Crawford, Kirby Collins
	             Al Slater, Scott Rhine, Mike Wisner, Ken Goss
	             Steve Landherr, Brad Smith, Mark Kelly, Dr. Alain CYR,
	             Randy Dunlap, Mark Montague, Dan Million, Gavin Brebner,
	             Jean-Marc Zucconi, Jeff Blomberg, Benny Halevy, Dave Boone,
	             Erik Habbinga, Kris Strecker, Walter Wong, Joshua Root,
	             Fabrice Bacchella, Zhenghua Xue, Qin Li, Darren Sawyer,
	             Vangel Bojaxhi, Ben England, Vikentsi Lapa,
	             Alexey Skidanov, Sudhir Kumar.

	Run began: Fri Jan  1 00:07:50 2027

	Selected test not available on the version.
	Record Size 1 kB
	File size set to 1024 kB
	Command line used: ./iozone -t 4 -i 11 -i 12 -r 1k -s 1m
	Output is in kBytes/sec
	Time Resolution = 0.000083 seconds.
	Processor cache size set to 1024 kBytes.
	Processor cache line size set to 32 bytes.
	File stride size set to 17 * record size.
	Throughput test with 4 processes
	Each process writes a 1024 kByte file in 1 kByte records
[ext4_another] write_pages ino=3218 pages=256 total_bytes=1048576 prepare_cycles=0 commit_cycles=0 direct=true
[ext4_another] write_pages ino=3217 pages=256 total_bytes=1048576 prepare_cycles=0 commit_cycles=0 direct=true
[ext4_another] write_pages ino=3219 pages=256 total_bytes=1048576 prepare_cycles=0 commit_cycles=0 direct=true
[ext4_another] write_pages ino=3216 pages=256 total_bytes=1048576 prepare_cycles=0 commit_cycles=0 direct=true

	Children see throughput for  4 initial writers 	=    2377.40 kB/sec
	Parent sees throughput for  4 initial writers 	=    1862.59 kB/sec
	Min throughput per process 			=     549.54 kB/sec 
	Max throughput per process 			=     636.40 kB/sec
	Avg throughput per process 			=     594.35 kB/sec
	Min xfer 					=     976.00 kB
[ext4_another] write_pages ino=3218 pages=256 total_bytes=1048576 prepare_cycles=0 commit_cycles=0 direct=true
[ext4_another] write_pages ino=3216 pages=249 total_bytes=1019904 prepare_cycles=0 commit_cycles=0 direct=true
[ext4_another] write_pages ino=3219 pages=255 total_bytes=1044480 prepare_cycles=0 commit_cycles=0 direct=true
[ext4_another] write_pages ino=3217 pages=256 total_bytes=1048576 prepare_cycles=0 commit_cycles=0 direct=true

	Children see throughput for  4 rewriters 	=    2305.11 kB/sec
	Parent sees throughput for  4 rewriters 	=    1975.51 kB/sec
	Min throughput per process 			=     530.86 kB/sec 
	Max throughput per process 			=     624.35 kB/sec
	Avg throughput per process 			=     576.28 kB/sec
	Min xfer 					=     993.00 kB



iozone test complete.
#### OS COMP TEST GROUP END iozone-glibc ####
[initproc] [diag] === stats iozone-glibc ===
blk_vread_reqs=80368
blk_vread_secs=643648
blk_vwrite_reqs=79030
blk_vwrite_secs=784176
journal_commit_count=139
journal_commit_bytes=2891776
device_flush_count=889
virtio_write_requests=80125
virtio_write_bytes=401498112
virtio_read_requests=80372
writeback_batch_count=73
writeback_page_count=18361
pwrite_uaccess_cycles=0
pwrite_file_cycles=0
pwrite_ext4_setup_cycles=0
pwrite_ext4_post_cycles=0
pwrite_total_count=0
sata_read_reqs=0
sata_read_bytes=0
sata_read_ticks_total=0
sata_read_ticks_max=0
sata_write_reqs=0
sata_write_bytes=0
sata_write_ticks_total=0
sata_write_ticks_max=0
sata_flush_reqs=0
sata_flush_ticks_total=0
[initproc] [diag] === stats iozone-glibc end ===
#### OS COMP TEST GROUP END iozone-glibc ####
[initproc] done iozone_testcode.sh in /glibc exit_code=0
[initproc] skip libcbench (mask bit7 not set)
[initproc] skip netperf (mask bit9 not set)
[initproc] skip iperf (mask bit6 not set)
[initproc] skip libctest (mask bit3 not set)
[initproc] skip cyclictest (mask bit10 not set)
[initproc] skip ltp (mask bit11 not set)
[initproc] skip cpython (mask bit12 not set)
[initproc] skip unixbench (mask bit5 not set)
[initproc] run_selected_groups done
make[1]: Leaving directory '/app/os'
make: Leaving directory '/app/os'
