make: Entering directory '/app/os'
Rust toolchain preflight passed: nightly-2026-05-10

OpenSBI v1.5.1
   ____                    _____ ____ _____
  / __ \                  / ____|  _ \_   _|
 | |  | |_ __   ___ _ __ | (___ | |_) || |
 | |  | | '_ \ / _ \ '_ \ \___ \|  _ < | |
 | |__| | |_) |  __/ | | |____) | |_) || |_
  \____/| .__/ \___|_| |_|_____/|____/_____|
        | |
        |_|

Platform Name             : riscv-virtio,qemu
Platform Features         : medeleg
Platform HART Count       : 1
Platform IPI Device       : aclint-mswi
Platform Timer Device     : aclint-mtimer @ 10000000Hz
Platform Console Device   : uart8250
Platform HSM Device       : ---
Platform PMU Device       : ---
Platform Reboot Device    : syscon-reboot
Platform Shutdown Device  : syscon-poweroff
Platform Suspend Device   : ---
Platform CPPC Device      : ---
Firmware Base             : 0x80000000
Firmware Size             : 327 KB
Firmware RW Offset        : 0x40000
Firmware RW Size          : 71 KB
Firmware Heap Offset      : 0x49000
Firmware Heap Size        : 35 KB (total), 2 KB (reserved), 11 KB (used), 21 KB (free)
Firmware Scratch Size     : 4096 B (total), 416 B (used), 3680 B (free)
Runtime SBI Version       : 2.0

Domain0 Name              : root
Domain0 Boot HART         : 0
Domain0 HARTs             : 0*
Domain0 Region00          : 0x0000000000100000-0x0000000000100fff M: (I,R,W) S/U: (R,W)
Domain0 Region01          : 0x0000000010000000-0x0000000010000fff M: (I,R,W) S/U: (R,W)
Domain0 Region02          : 0x0000000002000000-0x000000000200ffff M: (I,R,W) S/U: ()
Domain0 Region03          : 0x0000000080040000-0x000000008005ffff M: (R,W) S/U: ()
Domain0 Region04          : 0x0000000080000000-0x000000008003ffff M: (R,X) S/U: ()
Domain0 Region05          : 0x000000000c400000-0x000000000c5fffff M: (I,R,W) S/U: (R,W)
Domain0 Region06          : 0x000000000c000000-0x000000000c3fffff M: (I,R,W) S/U: (R,W)
Domain0 Region07          : 0x0000000000000000-0xffffffffffffffff M: () S/U: (R,W,X)
Domain0 Next Address      : 0x0000000080200000
Domain0 Next Arg1         : 0x00000000bfe00000
Domain0 Next Mode         : S-mode
Domain0 SysReset          : yes
Domain0 SysSuspend        : yes

Boot HART ID              : 0
Boot HART Domain          : root
Boot HART Priv Version    : v1.12
Boot HART Base ISA        : rv64imafdch
Boot HART ISA Extensions  : sstc,zicntr,zihpm,zicboz,zicbom,sdtrig,svadu
Boot HART PMP Count       : 16
Boot HART PMP Granularity : 2 bits
Boot HART PMP Address Bits: 54
Boot HART MHPM Info       : 16 (0x0007fff8)
Boot HART Debug Triggers  : 2 triggers
Boot HART MIDELEG         : 0x0000000000001666
Boot HART MEDELEG         : 0x0000000000f0b509
[kernel] logger inited, level= Off
[kernel] Boot protocol: RiscvFdt, hart_id=0, dtb_paddr=0xbfe00000
[kernel] Console initialized.
[memory] 194401 usable physical frames across 2 region(s)
[memory] region0: [0x9089d000, 0xbfe00000) frames=193891
[memory] region1: [0xbfe02000, 0xc0000000) frames=510
.text [0x80200000, 0x80438000)
.rodata [0x80438000, 0x80473000)
.data [0x80473000, 0x80838000)
.bss [0x80838000, 0x9089d000)
mapping .text section
mapping .rodata section
mapping .data section
mapping .bss section
mapping physical memory region
mapping physical memory region
mapping memory-mapped registers
[kernel] Hello, world!
[kernel] PRNG init warning: Entropy(DeviceUnavailable)
[memory] reclaimed linker frames: [0x80473000, 0x80836000) frames=963
[initramfs] unpacked: files=39 dirs=23 symlinks=1 bytes=3939303
[initramfs] VFS_ROOT initialized (ramfs + cpio unpack + dev/proc/tmp)
[kernel] block device 0: official fs (MMIO 0x10001000)
[kernel] block device 1: tools disk (MMIO 0x10002000)
[mbr] registered /dev/vdb1 (type=0x83, size=2048M)
[mbr] registered /dev/vdb2 (type=0xc, size=1280M)
[ext4] backend: another_ext4
[kernel] root device mounted at sdcard
[mbr] registered /dev/vdb1 (type=0x83, size=2048M)
[mbr] registered /dev/vdb2 (type=0xc, size=1280M)
[ext4] backend: another_ext4
[kernel] tools disk (vdb1) mounted at tools
[kernel] net interface initialized (RoutingDevice: lo + eth)
[init] pseudo-fs mount framework ready
[kernel] perf_diag features: perf_stats=true perf_diag=true
[init] /tmp is bind-mounted from ext4 /sdcard/tmp
[init] /etc is bind-mounted from tools disk
[init] bind mount /tools/bin -> /bin
[init] bind mount /tools/sbin -> /sbin
[init] bind mount /tools/lib -> /lib
[init] bind mount /tools/usr -> /usr
[init] bind mount /tools/root -> /root: skipped (errno=2)
[init] PID1 profile=normal runner=/test-runner
[test-runner] synchronizing clock
[initproc] config source=/sdcard/os_test.conf mode=run mask=0x110 timer_smoke=false skip_apk=true
[initproc] ensuring base directories...
[initproc] runtime layout ready
[initproc] linking musl/glibc libs to /lib ...
[initproc] lib linking done, exit=0
[initproc] prepare lmbench compatibility ...
[initproc] lmbench compatibility done, exit=0
[initproc] install libgcc_s: already exists, skipping
[initproc] skip_apk=true: skipping install_apk_packages
[initproc] run_selected_groups start mask=0x110
[initproc] skip basic (mask bit0 not set)
[initproc] skip busybox (mask bit1 not set)
[initproc] skip lua (mask bit2 not set)
#### OS COMP TEST GROUP START lmbench-musl ####
#### OS COMP TEST GROUP START lmbench-musl ####
latency measurements
Simple syscall: 38.9437 microseconds
Simple read: 84.8475 microseconds
Simple write: 44.9070 microseconds
Simple stat: 218.2963 microseconds
Simple fstat: 96.3333 microseconds
Simple open/close: 258.3478 microseconds
Select on 100 fd's: 203.2222 microseconds
Signal handler installation: 101.3214 microseconds
Signal handler overhead: 145.4909 microseconds
Protection fault: 28.9643 microseconds
Pipe latency: 630.2021 microseconds
Process fork+exit: 6473.5813 microseconds
Process fork+execve: 7272.0000 microseconds
[ext4_another] write_pages ino=3218 pages=1 total_bytes=51 prepare_cycles=0 commit_cycles=0 direct=false
Process fork+/bin/sh -c: 319248.0000 microseconds
File /var/tmp/XXX write bandwidth:19514 KB/sec
Pagefaults on /var/tmp/XXX: 124.4961 microseconds
0.524288 642
file system latency
0k	13	2436	2310
1k	11	1768	2248
4k	10	1707	2401
10k	9	1617	2385
Bandwidth measurements
Pipe bandwidth: 36.69 MB/sec
0.524288 86.64
0.524288 84.20
0.524288 4186.47
0.524288 32.47
context switch overhead

"size=32k ovr=223.76
2 104.68
4 110.19
8 108.66
16 106.80
24 106.87
32 106.15
64 111.43
96 115.66
#### OS COMP TEST GROUP END lmbench-musl ####
[initproc] [diag] === stats lmbench-musl ===
blk_vread_reqs=187
blk_vread_secs=5504
blk_vwrite_reqs=131
blk_vwrite_secs=1104
journal_commit_count=2
journal_commit_bytes=45056
device_flush_count=107
virtio_write_requests=131
virtio_write_bytes=565248
virtio_read_requests=218
writeback_batch_count=1
writeback_page_count=1
pwrite_uaccess_cycles=0
pwrite_file_cycles=0
pwrite_ext4_setup_cycles=321882
pwrite_ext4_post_cycles=337274
pwrite_total_count=0
pwrite_vfs_mode_cycles=0
pwrite_vfs_seals_cycles=0
pwrite_vfs_touch_cycles=0
pwrite_mount_writable_cycles=0
sata_read_reqs=0
sata_read_bytes=0
sata_read_ticks_total=0
sata_read_ticks_max=0
sata_write_reqs=0
sata_write_bytes=0
sata_write_ticks_total=0
sata_write_ticks_max=0
sata_flush_reqs=0
sata_flush_ticks_total=0
[initproc] [diag] === stats lmbench-musl end ===
#### OS COMP TEST GROUP END lmbench-musl ####
[initproc] done lmbench_testcode.sh in /musl exit_code=0
#### OS COMP TEST GROUP START lmbench-glibc ####
#### OS COMP TEST GROUP START lmbench-glibc ####
latency measurements
Simple syscall: 38.9577 microseconds
Simple read: 87.5758 microseconds
Simple write: 41.8692 microseconds
Simple stat: 206.0741 microseconds
Simple fstat: 103.7500 microseconds
Simple open/close: 247.4773 microseconds
Select on 100 fd's: 192.8571 microseconds
Signal handler installation: 101.1930 microseconds
Signal handler overhead: 141.9667 microseconds
Protection fault: 32.6207 microseconds
Pipe latency: 735.9187 microseconds
Process fork+exit: 7761.0000 microseconds
Process fork+execve: 12567.0000 microseconds
[ext4_another] write_pages ino=3220 pages=1 total_bytes=51 prepare_cycles=0 commit_cycles=0 direct=false
Process fork+/bin/sh -c: 319029.0000 microseconds
File /var/tmp/XXX write bandwidth:60798 KB/sec
Pagefaults on /var/tmp/XXX: 124.5469 microseconds
0.524288 602
file system latency
0k	14	2289	2234
1k	10	1808	2227
4k	10	1779	2225
10k	10	1682	2217
Bandwidth measurements
Pipe bandwidth: 37.18 MB/sec
0.524288 87.66
0.524288 85.24
0.524288 2514.35
0.524288 32.11
context switch overhead

"size=32k ovr=229.54
2 112.52
4 102.21
8 101.27
16 101.77
24 108.92
32 107.74
64 109.71
96 110.36
#### OS COMP TEST GROUP END lmbench-glibc ####
[initproc] [diag] === stats lmbench-glibc ===
blk_vread_reqs=189
blk_vread_secs=7008
blk_vwrite_reqs=151
blk_vwrite_secs=1288
journal_commit_count=3
journal_commit_bytes=65536
device_flush_count=124
virtio_write_requests=151
virtio_write_bytes=659456
virtio_read_requests=230
writeback_batch_count=1
writeback_page_count=1
pwrite_uaccess_cycles=0
pwrite_file_cycles=0
pwrite_ext4_setup_cycles=13862
pwrite_ext4_post_cycles=2490
pwrite_total_count=0
pwrite_vfs_mode_cycles=0
pwrite_vfs_seals_cycles=0
pwrite_vfs_touch_cycles=0
pwrite_mount_writable_cycles=0
sata_read_reqs=0
sata_read_bytes=0
sata_read_ticks_total=0
sata_read_ticks_max=0
sata_write_reqs=0
sata_write_bytes=0
sata_write_ticks_total=0
sata_write_ticks_max=0
sata_flush_reqs=0
sata_flush_ticks_total=0
[initproc] [diag] === stats lmbench-glibc end ===
#### OS COMP TEST GROUP END lmbench-glibc ####
[initproc] done lmbench_testcode.sh in /glibc exit_code=0
#### OS COMP TEST GROUP START iozone-musl ####
#### OS COMP TEST GROUP START iozone-musl ####
iozone automatic measurements
	Iozone: Performance Test of File I/O
	        Version $Revision: 3.506 $
		Compiled for 64 bit mode.
		Build: linux 

	Contributors:William Norcott, Don Capps, Isom Crawford, Kirby Collins
	             Al Slater, Scott Rhine, Mike Wisner, Ken Goss
	             Steve Landherr, Brad Smith, Mark Kelly, Dr. Alain CYR,
	             Randy Dunlap, Mark Montague, Dan Million, Gavin Brebner,
	             Jean-Marc Zucconi, Jeff Blomberg, Benny Halevy, Dave Boone,
	             Erik Habbinga, Kris Strecker, Walter Wong, Joshua Root,
	             Fabrice Bacchella, Zhenghua Xue, Qin Li, Darren Sawyer,
	             Vangel Bojaxhi, Ben England, Vikentsi Lapa,
	             Alexey Skidanov, Sudhir Kumar.

	Run began: Fri Jan  1 00:03:49 2027

	Auto Mode
	Record Size 1 kB
	File size set to 4096 kB
	Command line used: ./iozone -a -r 1k -s 4m
	Output is in kBytes/sec
	Time Resolution = 0.000079 seconds.
	Processor cache size set to 1024 kBytes.
	Processor cache line size set to 32 bytes.
	File stride size set to 17 * record size.
                                                                    random    random      bkwd     record     stride                                        
              kB  reclen    write    rewrite      read    reread      read     write      read    rewrite       read    fwrite  frewrite     fread   freread
            4096       1[ext4_another] write_pages ino=3217 pages=256 total_bytes=1048576 prepare_cycles=0 commit_cycles=0 direct=true
[ext4_another] write_pages ino=3217 pages=256 total_bytes=1048576 prepare_cycles=0 commit_cycles=0 direct=true
[ext4_another] write_pages ino=3217 pages=256 total_bytes=1048576 prepare_cycles=0 commit_cycles=0 direct=true
[ext4_another] write_pages ino=3217 pages=256 total_bytes=1048576 prepare_cycles=0 commit_cycles=0 direct=true
[ext4_another] write_pages ino=3217 pages=256 total_bytes=1048576 prepare_cycles=0 commit_cycles=0 direct=true
[ext4_another] write_pages ino=3217 pages=256 total_bytes=1048576 prepare_cycles=0 commit_cycles=0 direct=true
[ext4_another] write_pages ino=3217 pages=256 total_bytes=1048576 prepare_cycles=0 commit_cycles=0 direct=true
[ext4_another] write_pages ino=3217 pages=256 total_bytes=1048576 prepare_cycles=0 commit_cycles=0 direct=true
      2429      2551      7355      7384[ext4_another] write_pages ino=3217 pages=256 total_bytes=1048576 prepare_cycles=0 commit_cycles=0 direct=true
[ext4_another] write_pages ino=3217 pages=256 total_bytes=1048576 prepare_cycles=0 commit_cycles=0 direct=true
[ext4_another] write_pages ino=3217 pages=256 total_bytes=1048576 prepare_cycles=0 commit_cycles=0 direct=true
[ext4_another] write_pages ino=3217 pages=256 total_bytes=1048576 prepare_cycles=0 commit_cycles=0 direct=true
      5464      2234      5391[ext4_another] write_pages ino=3217 pages=1 total_bytes=4096 prepare_cycles=0 commit_cycles=0 direct=true
       2151       5428[ext4_another] write_pages ino=3217 pages=256 total_bytes=1048576 prepare_cycles=0 commit_cycles=0 direct=true
[ext4_another] write_pages ino=3217 pages=256 total_bytes=1048576 prepare_cycles=0 commit_cycles=0 direct=true
[ext4_another] write_pages ino=3217 pages=256 total_bytes=1048576 prepare_cycles=0 commit_cycles=0 direct=true
[ext4_another] write_pages ino=3217 pages=256 total_bytes=1048576 prepare_cycles=0 commit_cycles=0 direct=true
[ext4_another] write_pages ino=3217 pages=256 total_bytes=1048576 prepare_cycles=0 commit_cycles=0 direct=true
[ext4_another] write_pages ino=3217 pages=256 total_bytes=1048576 prepare_cycles=0 commit_cycles=0 direct=true
[ext4_another] write_pages ino=3217 pages=256 total_bytes=1048576 prepare_cycles=0 commit_cycles=0 direct=true
[ext4_another] write_pages ino=3217 pages=256 total_bytes=1048576 prepare_cycles=0 commit_cycles=0 direct=true
      2304      2383      4912      4934

iozone test complete.
iozone throughput write/read measurements
	Iozone: Performance Test of File I/O
	        Version $Revision: 3.506 $
		Compiled for 64 bit mode.
		Build: linux 

	Contributors:William Norcott, Don Capps, Isom Crawford, Kirby Collins
	             Al Slater, Scott Rhine, Mike Wisner, Ken Goss
	             Steve Landherr, Brad Smith, Mark Kelly, Dr. Alain CYR,
	             Randy Dunlap, Mark Montague, Dan Million, Gavin Brebner,
	             Jean-Marc Zucconi, Jeff Blomberg, Benny Halevy, Dave Boone,
	             Erik Habbinga, Kris Strecker, Walter Wong, Joshua Root,
	             Fabrice Bacchella, Zhenghua Xue, Qin Li, Darren Sawyer,
	             Vangel Bojaxhi, Ben England, Vikentsi Lapa,
	             Alexey Skidanov, Sudhir Kumar.

	Run began: Fri Jan  1 00:04:09 2027

	Record Size 1 kB
	File size set to 1024 kB
	Command line used: ./iozone -t 4 -i 0 -i 1 -r 1k -s 1m
	Output is in kBytes/sec
	Time Resolution = 0.000080 seconds.
	Processor cache size set to 1024 kBytes.
	Processor cache line size set to 32 bytes.
	File stride size set to 17 * record size.
	Throughput test with 4 processes
	Each process writes a 1024 kByte file in 1 kByte records
[ext4_another] write_pages ino=3219 pages=256 total_bytes=1048576 prepare_cycles=0 commit_cycles=0 direct=true
[ext4_another] write_pages ino=3222 pages=256 total_bytes=1048576 prepare_cycles=0 commit_cycles=0 direct=true
[ext4_another] write_pages ino=3221 pages=256 total_bytes=1048576 prepare_cycles=0 commit_cycles=0 direct=true
[ext4_another] write_pages ino=3218 pages=256 total_bytes=1048576 prepare_cycles=0 commit_cycles=0 direct=true

	Children see throughput for  4 initial writers 	=    2446.00 kB/sec
	Parent sees throughput for  4 initial writers 	=    1713.01 kB/sec
	Min throughput per process 			=     570.48 kB/sec 
	Max throughput per process 			=     652.99 kB/sec
	Avg throughput per process 			=     611.50 kB/sec
	Min xfer 					=     981.00 kB
[ext4_another] write_pages ino=3219 pages=256 total_bytes=1048576 prepare_cycles=0 commit_cycles=0 direct=true
[ext4_another] write_pages ino=3222 pages=252 total_bytes=1032192 prepare_cycles=0 commit_cycles=0 direct=true
[ext4_another] write_pages ino=3218 pages=249 total_bytes=1019904 prepare_cycles=0 commit_cycles=0 direct=true
[ext4_another] write_pages ino=3221 pages=255 total_bytes=1044480 prepare_cycles=0 commit_cycles=0 direct=true

	Children see throughput for  4 rewriters 	=    2457.15 kB/sec
	Parent sees throughput for  4 rewriters 	=    2167.24 kB/sec
	Min throughput per process 			=     588.89 kB/sec 
	Max throughput per process 			=     640.07 kB/sec
	Avg throughput per process 			=     614.29 kB/sec
	Min xfer 					=     995.00 kB

	Children see throughput for  4 readers 		=    7602.08 kB/sec
	Parent sees throughput for  4 readers 		=    6717.57 kB/sec
	Min throughput per process 			=    1808.06 kB/sec 
	Max throughput per process 			=    1965.31 kB/sec
	Avg throughput per process 			=    1900.52 kB/sec
	Min xfer 					=     989.00 kB

	Children see throughput for 4 re-readers 	=    5396.76 kB/sec
	Parent sees throughput for 4 re-readers 	=    3727.58 kB/sec
	Min throughput per process 			=    1033.08 kB/sec 
	Max throughput per process 			=    1965.19 kB/sec
	Avg throughput per process 			=    1349.19 kB/sec
	Min xfer 					=     977.00 kB



iozone test complete.
iozone throughput random-read measurements
	Iozone: Performance Test of File I/O
	        Version $Revision: 3.506 $
		Compiled for 64 bit mode.
		Build: linux 

	Contributors:William Norcott, Don Capps, Isom Crawford, Kirby Collins
	             Al Slater, Scott Rhine, Mike Wisner, Ken Goss
	             Steve Landherr, Brad Smith, Mark Kelly, Dr. Alain CYR,
	             Randy Dunlap, Mark Montague, Dan Million, Gavin Brebner,
	             Jean-Marc Zucconi, Jeff Blomberg, Benny Halevy, Dave Boone,
	             Erik Habbinga, Kris Strecker, Walter Wong, Joshua Root,
	             Fabrice Bacchella, Zhenghua Xue, Qin Li, Darren Sawyer,
	             Vangel Bojaxhi, Ben England, Vikentsi Lapa,
	             Alexey Skidanov, Sudhir Kumar.

	Run began: Fri Jan  1 00:04:37 2027

	Record Size 1 kB
	File size set to 1024 kB
	Command line used: ./iozone -t 4 -i 0 -i 2 -r 1k -s 1m
	Output is in kBytes/sec
	Time Resolution = 0.000080 seconds.
	Processor cache size set to 1024 kBytes.
	Processor cache line size set to 32 bytes.
	File stride size set to 17 * record size.
	Throughput test with 4 processes
	Each process writes a 1024 kByte file in 1 kByte records
[ext4_another] write_pages ino=3218 pages=256 total_bytes=1048576 prepare_cycles=0 commit_cycles=0 direct=true
[ext4_another] write_pages ino=3217 pages=256 total_bytes=1048576 prepare_cycles=0 commit_cycles=0 direct=true
[ext4_another] write_pages ino=3219 pages=256 total_bytes=1048576 prepare_cycles=0 commit_cycles=0 direct=true
[ext4_another] write_pages ino=168 pages=256 total_bytes=1048576 prepare_cycles=0 commit_cycles=0 direct=true

	Children see throughput for  4 initial writers 	=    2069.94 kB/sec
	Parent sees throughput for  4 initial writers 	=     749.79 kB/sec
	Min throughput per process 			=     364.54 kB/sec 
	Max throughput per process 			=     633.09 kB/sec
	Avg throughput per process 			=     517.49 kB/sec
	Min xfer 					=     998.00 kB
[ext4_another] write_pages ino=3217 pages=256 total_bytes=1048576 prepare_cycles=0 commit_cycles=0 direct=true
[ext4_another] write_pages ino=3219 pages=248 total_bytes=1015808 prepare_cycles=0 commit_cycles=0 direct=true
[ext4_another] write_pages ino=168 pages=245 total_bytes=1003520 prepare_cycles=0 commit_cycles=0 direct=true
[ext4_another] write_pages ino=3218 pages=250 total_bytes=1024000 prepare_cycles=0 commit_cycles=0 direct=true

	Children see throughput for  4 rewriters 	=    2193.01 kB/sec
	Parent sees throughput for  4 rewriters 	=     962.46 kB/sec
	Min throughput per process 			=     386.73 kB/sec 
	Max throughput per process 			=     627.41 kB/sec
	Avg throughput per process 			=     548.25 kB/sec
	Min xfer 					=     977.00 kB

	Children see throughput for 4 random readers 	=    4153.86 kB/sec
	Parent sees throughput for 4 random readers 	=    2309.36 kB/sec
	Min throughput per process 			=     841.68 kB/sec 
	Max throughput per process 			=    1485.39 kB/sec
	Avg throughput per process 			=    1038.46 kB/sec
	Min xfer 					=     956.00 kB
[ext4_another] write_pages ino=3219 pages=256 total_bytes=1048576 prepare_cycles=0 commit_cycles=0 direct=true
[ext4_another] write_pages ino=3218 pages=256 total_bytes=1048576 prepare_cycles=0 commit_cycles=0 direct=true
[ext4_another] write_pages ino=3217 pages=256 total_bytes=1048576 prepare_cycles=0 commit_cycles=0 direct=true
[ext4_another] write_pages ino=168 pages=256 total_bytes=1048576 prepare_cycles=0 commit_cycles=0 direct=true

	Children see throughput for 4 random writers 	=    2167.85 kB/sec
	Parent sees throughput for 4 random writers 	=    1616.60 kB/sec
	Min throughput per process 			=     515.90 kB/sec 
	Max throughput per process 			=     566.74 kB/sec
	Avg throughput per process 			=     541.96 kB/sec
	Min xfer 					=     976.00 kB



iozone test complete.
iozone throughput read-backwards measurements
	Iozone: Performance Test of File I/O
	        Version $Revision: 3.506 $
		Compiled for 64 bit mode.
		Build: linux 

	Contributors:William Norcott, Don Capps, Isom Crawford, Kirby Collins
	             Al Slater, Scott Rhine, Mike Wisner, Ken Goss
	             Steve Landherr, Brad Smith, Mark Kelly, Dr. Alain CYR,
	             Randy Dunlap, Mark Montague, Dan Million, Gavin Brebner,
	             Jean-Marc Zucconi, Jeff Blomberg, Benny Halevy, Dave Boone,
	             Erik Habbinga, Kris Strecker, Walter Wong, Joshua Root,
	             Fabrice Bacchella, Zhenghua Xue, Qin Li, Darren Sawyer,
	             Vangel Bojaxhi, Ben England, Vikentsi Lapa,
	             Alexey Skidanov, Sudhir Kumar.

	Run began: Fri Jan  1 00:05:11 2027

	Record Size 1 kB
	File size set to 1024 kB
	Command line used: ./iozone -t 4 -i 0 -i 3 -r 1k -s 1m
	Output is in kBytes/sec
	Time Resolution = 0.000078 seconds.
	Processor cache size set to 1024 kBytes.
	Processor cache line size set to 32 bytes.
	File stride size set to 17 * record size.
	Throughput test with 4 processes
	Each process writes a 1024 kByte file in 1 kByte records
[ext4_another] write_pages ino=3217 pages=256 total_bytes=1048576 prepare_cycles=0 commit_cycles=0 direct=true
[ext4_another] write_pages ino=3218 pages=256 total_bytes=1048576 prepare_cycles=0 commit_cycles=0 direct=true
[ext4_another] write_pages ino=168 pages=256 total_bytes=1048576 prepare_cycles=0 commit_cycles=0 direct=true
[ext4_another] write_pages ino=3219 pages=256 total_bytes=1048576 prepare_cycles=0 commit_cycles=0 direct=true

	Children see throughput for  4 initial writers 	=    2406.94 kB/sec
	Parent sees throughput for  4 initial writers 	=    1664.47 kB/sec
	Min throughput per process 			=     562.92 kB/sec 
	Max throughput per process 			=     640.38 kB/sec
	Avg throughput per process 			=     601.74 kB/sec
	Min xfer 					=     999.00 kB
[ext4_another] write_pages ino=3217 pages=256 total_bytes=1048576 prepare_cycles=0 commit_cycles=0 direct=true
[ext4_another] write_pages ino=3219 pages=248 total_bytes=1015808 prepare_cycles=0 commit_cycles=0 direct=true
[ext4_another] write_pages ino=168 pages=247 total_bytes=1011712 prepare_cycles=0 commit_cycles=0 direct=true
[ext4_another] write_pages ino=3218 pages=247 total_bytes=1011712 prepare_cycles=0 commit_cycles=0 direct=true

	Children see throughput for  4 rewriters 	=    2468.37 kB/sec
	Parent sees throughput for  4 rewriters 	=    2123.28 kB/sec
	Min throughput per process 			=     578.24 kB/sec 
	Max throughput per process 			=     652.64 kB/sec
	Avg throughput per process 			=     617.09 kB/sec
	Min xfer 					=     984.00 kB

	Children see throughput for 4 reverse readers 	=    4752.44 kB/sec
	Parent sees throughput for 4 reverse readers 	=    4279.74 kB/sec
	Min throughput per process 			=    1125.51 kB/sec 
	Max throughput per process 			=    1266.56 kB/sec
	Avg throughput per process 			=    1188.11 kB/sec
	Min xfer 					=     944.00 kB



iozone test complete.
iozone throughput stride-read measurements
	Iozone: Performance Test of File I/O
	        Version $Revision: 3.506 $
		Compiled for 64 bit mode.
		Build: linux 

	Contributors:William Norcott, Don Capps, Isom Crawford, Kirby Collins
	             Al Slater, Scott Rhine, Mike Wisner, Ken Goss
	             Steve Landherr, Brad Smith, Mark Kelly, Dr. Alain CYR,
	             Randy Dunlap, Mark Montague, Dan Million, Gavin Brebner,
	             Jean-Marc Zucconi, Jeff Blomberg, Benny Halevy, Dave Boone,
	             Erik Habbinga, Kris Strecker, Walter Wong, Joshua Root,
	             Fabrice Bacchella, Zhenghua Xue, Qin Li, Darren Sawyer,
	             Vangel Bojaxhi, Ben England, Vikentsi Lapa,
	             Alexey Skidanov, Sudhir Kumar.

	Run began: Fri Jan  1 00:05:32 2027

	Record Size 1 kB
	File size set to 1024 kB
	Command line used: ./iozone -t 4 -i 0 -i 5 -r 1k -s 1m
	Output is in kBytes/sec
	Time Resolution = 0.000080 seconds.
	Processor cache size set to 1024 kBytes.
	Processor cache line size set to 32 bytes.
	File stride size set to 17 * record size.
	Throughput test with 4 processes
	Each process writes a 1024 kByte file in 1 kByte records
[ext4_another] write_pages ino=3217 pages=256 total_bytes=1048576 prepare_cycles=0 commit_cycles=0 direct=true
[ext4_another] write_pages ino=3218 pages=256 total_bytes=1048576 prepare_cycles=0 commit_cycles=0 direct=true
[ext4_another] write_pages ino=3219 pages=256 total_bytes=1048576 prepare_cycles=0 commit_cycles=0 direct=true
[ext4_another] write_pages ino=168 pages=256 total_bytes=1048576 prepare_cycles=0 commit_cycles=0 direct=true

	Children see throughput for  4 initial writers 	=    2603.35 kB/sec
	Parent sees throughput for  4 initial writers 	=    1737.91 kB/sec
	Min throughput per process 			=     622.61 kB/sec 
	Max throughput per process 			=     669.64 kB/sec
	Avg throughput per process 			=     650.84 kB/sec
	Min xfer 					=     970.00 kB
[ext4_another] write_pages ino=3217 pages=256 total_bytes=1048576 prepare_cycles=0 commit_cycles=0 direct=true
[ext4_another] write_pages ino=3219 pages=254 total_bytes=1040384 prepare_cycles=0 commit_cycles=0 direct=true
[ext4_another] write_pages ino=168 pages=251 total_bytes=1028096 prepare_cycles=0 commit_cycles=0 direct=true
[ext4_another] write_pages ino=3218 pages=255 total_bytes=1044480 prepare_cycles=0 commit_cycles=0 direct=true

	Children see throughput for  4 rewriters 	=    2445.77 kB/sec
	Parent sees throughput for  4 rewriters 	=    2064.17 kB/sec
	Min throughput per process 			=     579.08 kB/sec 
	Max throughput per process 			=     638.29 kB/sec
	Avg throughput per process 			=     611.44 kB/sec
	Min xfer 					=    1001.00 kB

	Children see throughput for 4 stride readers 	=    5473.72 kB/sec
	Parent sees throughput for 4 stride readers 	=    4798.86 kB/sec
	Min throughput per process 			=    1275.92 kB/sec 
	Max throughput per process 			=    1485.06 kB/sec
	Avg throughput per process 			=    1368.43 kB/sec
	Min xfer 					=     932.00 kB



iozone test complete.
iozone throughput fwrite/fread measurements
	Iozone: Performance Test of File I/O
	        Version $Revision: 3.506 $
		Compiled for 64 bit mode.
		Build: linux 

	Contributors:William Norcott, Don Capps, Isom Crawford, Kirby Collins
	             Al Slater, Scott Rhine, Mike Wisner, Ken Goss
	             Steve Landherr, Brad Smith, Mark Kelly, Dr. Alain CYR,
	             Randy Dunlap, Mark Montague, Dan Million, Gavin Brebner,
	             Jean-Marc Zucconi, Jeff Blomberg, Benny Halevy, Dave Boone,
	             Erik Habbinga, Kris Strecker, Walter Wong, Joshua Root,
	             Fabrice Bacchella, Zhenghua Xue, Qin Li, Darren Sawyer,
	             Vangel Bojaxhi, Ben England, Vikentsi Lapa,
	             Alexey Skidanov, Sudhir Kumar.

	Run began: Fri Jan  1 00:05:53 2027

	Record Size 1 kB
	File size set to 1024 kB
	Command line used: ./iozone -t 4 -i 6 -i 7 -r 1k -s 1m
	Output is in kBytes/sec
	Time Resolution = 0.000081 seconds.
	Processor cache size set to 1024 kBytes.
	Processor cache line size set to 32 bytes.
	File stride size set to 17 * record size.
	Throughput test with 4 processes
	Each process writes a 1024 kByte file in 1 kByte records
[ext4_another] write_pages ino=3217 pages=256 total_bytes=1048576 prepare_cycles=0 commit_cycles=0 direct=true
[ext4_another] write_pages ino=3219 pages=256 total_bytes=1048576 prepare_cycles=0 commit_cycles=0 direct=true
[ext4_another] write_pages ino=3218 pages=256 total_bytes=1048576 prepare_cycles=0 commit_cycles=0 direct=true
[ext4_another] write_pages ino=168 pages=256 total_bytes=1048576 prepare_cycles=0 commit_cycles=0 direct=true

	Children see throughput for  4 fwriters 	=    2311.92 kB/sec
	Parent sees throughput for  4 fwriters 		=    1768.32 kB/sec
	Min throughput per process 			=     506.92 kB/sec 
	Max throughput per process 			=     606.24 kB/sec
	Avg throughput per process 			=     577.98 kB/sec
	Min xfer 					=    1024.00 kB

	Children see throughput for  4 freaders 	=    5196.74 kB/sec
	Parent sees throughput for  4 freaders 		=    4816.90 kB/sec
	Min throughput per process 			=    1239.72 kB/sec 
	Max throughput per process 			=    1341.03 kB/sec
	Avg throughput per process 			=    1299.18 kB/sec
	Min xfer 					=    1024.00 kB



iozone test complete.
iozone throughput pwrite/pread measurements
	Iozone: Performance Test of File I/O
	        Version $Revision: 3.506 $
		Compiled for 64 bit mode.
		Build: linux 

	Contributors:William Norcott, Don Capps, Isom Crawford, Kirby Collins
	             Al Slater, Scott Rhine, Mike Wisner, Ken Goss
	             Steve Landherr, Brad Smith, Mark Kelly, Dr. Alain CYR,
	             Randy Dunlap, Mark Montague, Dan Million, Gavin Brebner,
	             Jean-Marc Zucconi, Jeff Blomberg, Benny Halevy, Dave Boone,
	             Erik Habbinga, Kris Strecker, Walter Wong, Joshua Root,
	             Fabrice Bacchella, Zhenghua Xue, Qin Li, Darren Sawyer,
	             Vangel Bojaxhi, Ben England, Vikentsi Lapa,
	             Alexey Skidanov, Sudhir Kumar.

	Run began: Fri Jan  1 00:06:08 2027

	Record Size 1 kB
	File size set to 1024 kB
	Command line used: ./iozone -t 4 -i 9 -i 10 -r 1k -s 1m
	Output is in kBytes/sec
	Time Resolution = 0.000080 seconds.
	Processor cache size set to 1024 kBytes.
	Processor cache line size set to 32 bytes.
	File stride size set to 17 * record size.
	Throughput test with 4 processes
	Each process writes a 1024 kByte file in 1 kByte records
[ext4_another] write_pages ino=3217 pages=256 total_bytes=1048576 prepare_cycles=0 commit_cycles=0 direct=true
[ext4_another] write_pages ino=3218 pages=256 total_bytes=1048576 prepare_cycles=0 commit_cycles=0 direct=true
[ext4_another] write_pages ino=168 pages=256 total_bytes=1048576 prepare_cycles=0 commit_cycles=0 direct=true
[ext4_another] write_pages ino=3219 pages=256 total_bytes=1048576 prepare_cycles=0 commit_cycles=0 direct=true

	Children see throughput for 4 pwrite writers 	=    2405.84 kB/sec
	Parent sees throughput for 4 pwrite writers 	=    1622.48 kB/sec
	Min throughput per process 			=     564.44 kB/sec 
	Max throughput per process 			=     638.13 kB/sec
	Avg throughput per process 			=     601.46 kB/sec
	Min xfer 					=     991.00 kB

	Children see throughput for 4 pread readers 	=    8121.87 kB/sec
	Parent sees throughput for 4 pread readers 	=    6655.86 kB/sec
	Min throughput per process 			=    1874.86 kB/sec 
	Max throughput per process 			=    2124.66 kB/sec
	Avg throughput per process 			=    2030.47 kB/sec
	Min xfer 					=     990.00 kB



iozone test complete.
iozone throughtput pwritev/preadv measurements
	Iozone: Performance Test of File I/O
	        Version $Revision: 3.506 $
		Compiled for 64 bit mode.
		Build: linux 

	Contributors:William Norcott, Don Capps, Isom Crawford, Kirby Collins
	             Al Slater, Scott Rhine, Mike Wisner, Ken Goss
	             Steve Landherr, Brad Smith, Mark Kelly, Dr. Alain CYR,
	             Randy Dunlap, Mark Montague, Dan Million, Gavin Brebner,
	             Jean-Marc Zucconi, Jeff Blomberg, Benny Halevy, Dave Boone,
	             Erik Habbinga, Kris Strecker, Walter Wong, Joshua Root,
	             Fabrice Bacchella, Zhenghua Xue, Qin Li, Darren Sawyer,
	             Vangel Bojaxhi, Ben England, Vikentsi Lapa,
	             Alexey Skidanov, Sudhir Kumar.

	Run began: Fri Jan  1 00:06:28 2027

	Selected test not available on the version.
	Record Size 1 kB
	File size set to 1024 kB
	Command line used: ./iozone -t 4 -i 11 -i 12 -r 1k -s 1m
	Output is in kBytes/sec
	Time Resolution = 0.000080 seconds.
	Processor cache size set to 1024 kBytes.
	Processor cache line size set to 32 bytes.
	File stride size set to 17 * record size.
	Throughput test with 4 processes
	Each process writes a 1024 kByte file in 1 kByte records
[ext4_another] write_pages ino=3217 pages=256 total_bytes=1048576 prepare_cycles=0 commit_cycles=0 direct=true
[ext4_another] write_pages ino=168 pages=256 total_bytes=1048576 prepare_cycles=0 commit_cycles=0 direct=true
[ext4_another] write_pages ino=3218 pages=256 total_bytes=1048576 prepare_cycles=0 commit_cycles=0 direct=true
[ext4_another] write_pages ino=3219 pages=256 total_bytes=1048576 prepare_cycles=0 commit_cycles=0 direct=true

	Children see throughput for  4 initial writers 	=    2438.46 kB/sec
	Parent sees throughput for  4 initial writers 	=    1706.05 kB/sec
	Min throughput per process 			=     537.86 kB/sec 
	Max throughput per process 			=     658.17 kB/sec
	Avg throughput per process 			=     609.61 kB/sec
	Min xfer 					=    1001.00 kB
[ext4_another] write_pages ino=3217 pages=256 total_bytes=1048576 prepare_cycles=0 commit_cycles=0 direct=true
[ext4_another] write_pages ino=3219 pages=255 total_bytes=1044480 prepare_cycles=0 commit_cycles=0 direct=true
[ext4_another] write_pages ino=168 pages=254 total_bytes=1040384 prepare_cycles=0 commit_cycles=0 direct=true
[ext4_another] write_pages ino=3218 pages=253 total_bytes=1036288 prepare_cycles=0 commit_cycles=0 direct=true

	Children see throughput for  4 rewriters 	=    2481.97 kB/sec
	Parent sees throughput for  4 rewriters 	=    1832.15 kB/sec
	Min throughput per process 			=     549.30 kB/sec 
	Max throughput per process 			=     655.55 kB/sec
	Avg throughput per process 			=     620.49 kB/sec
	Min xfer 					=    1009.00 kB



iozone test complete.
#### OS COMP TEST GROUP END iozone-musl ####
[initproc] [diag] === stats iozone-musl ===
blk_vread_reqs=80282
blk_vread_secs=644080
blk_vwrite_reqs=79051
blk_vwrite_secs=782472
journal_commit_count=143
journal_commit_bytes=3039232
device_flush_count=898
virtio_write_requests=80131
virtio_write_bytes=400625664
virtio_read_requests=80296
writeback_batch_count=77
writeback_page_count=18360
pwrite_uaccess_cycles=125302298
pwrite_file_cycles=3754596938
pwrite_ext4_setup_cycles=704929964
pwrite_ext4_post_cycles=86190948
pwrite_total_count=4096
pwrite_vfs_mode_cycles=3920124
pwrite_vfs_seals_cycles=14945042
pwrite_vfs_touch_cycles=3537027628
pwrite_mount_writable_cycles=199042346
sata_read_reqs=0
sata_read_bytes=0
sata_read_ticks_total=0
sata_read_ticks_max=0
sata_write_reqs=0
sata_write_bytes=0
sata_write_ticks_total=0
sata_write_ticks_max=0
sata_flush_reqs=0
sata_flush_ticks_total=0
[initproc] [diag] === stats iozone-musl end ===
#### OS COMP TEST GROUP END iozone-musl ####
[initproc] done iozone_testcode.sh in /musl exit_code=0
#### OS COMP TEST GROUP START iozone-glibc ####
#### OS COMP TEST GROUP START iozone-glibc ####
iozone automatic measurements
	Iozone: Performance Test of File I/O
	        Version $Revision: 3.506 $
		Compiled for 64 bit mode.
		Build: linux 

	Contributors:William Norcott, Don Capps, Isom Crawford, Kirby Collins
	             Al Slater, Scott Rhine, Mike Wisner, Ken Goss
	             Steve Landherr, Brad Smith, Mark Kelly, Dr. Alain CYR,
	             Randy Dunlap, Mark Montague, Dan Million, Gavin Brebner,
	             Jean-Marc Zucconi, Jeff Blomberg, Benny Halevy, Dave Boone,
	             Erik Habbinga, Kris Strecker, Walter Wong, Joshua Root,
	             Fabrice Bacchella, Zhenghua Xue, Qin Li, Darren Sawyer,
	             Vangel Bojaxhi, Ben England, Vikentsi Lapa,
	             Alexey Skidanov, Sudhir Kumar.

	Run began: Fri Jan  1 00:06:47 2027

	Auto Mode
	Record Size 1 kB
	File size set to 4096 kB
	Command line used: ./iozone -a -r 1k -s 4m
	Output is in kBytes/sec
	Time Resolution = 0.000082 seconds.
	Processor cache size set to 1024 kBytes.
	Processor cache line size set to 32 bytes.
	File stride size set to 17 * record size.
                                                                    random    random      bkwd     record     stride                                        
              kB  reclen    write    rewrite      read    reread      read     write      read    rewrite       read    fwrite  frewrite     fread   freread
            4096       1[ext4_another] write_pages ino=3217 pages=256 total_bytes=1048576 prepare_cycles=0 commit_cycles=0 direct=true
[ext4_another] write_pages ino=3217 pages=256 total_bytes=1048576 prepare_cycles=0 commit_cycles=0 direct=true
[ext4_another] write_pages ino=3217 pages=256 total_bytes=1048576 prepare_cycles=0 commit_cycles=0 direct=true
[ext4_another] write_pages ino=3217 pages=256 total_bytes=1048576 prepare_cycles=0 commit_cycles=0 direct=true
[ext4_another] write_pages ino=3217 pages=256 total_bytes=1048576 prepare_cycles=0 commit_cycles=0 direct=true
[ext4_another] write_pages ino=3217 pages=256 total_bytes=1048576 prepare_cycles=0 commit_cycles=0 direct=true
[ext4_another] write_pages ino=3217 pages=256 total_bytes=1048576 prepare_cycles=0 commit_cycles=0 direct=true
[ext4_another] write_pages ino=3217 pages=256 total_bytes=1048576 prepare_cycles=0 commit_cycles=0 direct=true
      2375      2234      7122      7465[ext4_another] write_pages ino=3217 pages=256 total_bytes=1048576 prepare_cycles=0 commit_cycles=0 direct=true
[ext4_another] write_pages ino=3217 pages=256 total_bytes=1048576 prepare_cycles=0 commit_cycles=0 direct=true
[ext4_another] write_pages ino=3217 pages=256 total_bytes=1048576 prepare_cycles=0 commit_cycles=0 direct=true
[ext4_another] write_pages ino=3217 pages=256 total_bytes=1048576 prepare_cycles=0 commit_cycles=0 direct=true
      5476      2180      5462[ext4_another] write_pages ino=3217 pages=1 total_bytes=4096 prepare_cycles=0 commit_cycles=0 direct=true
       2007       5508[ext4_another] write_pages ino=3217 pages=256 total_bytes=1048576 prepare_cycles=0 commit_cycles=0 direct=true
[ext4_another] write_pages ino=3217 pages=256 total_bytes=1048576 prepare_cycles=0 commit_cycles=0 direct=true
[ext4_another] write_pages ino=3217 pages=256 total_bytes=1048576 prepare_cycles=0 commit_cycles=0 direct=true
[ext4_another] write_pages ino=3217 pages=256 total_bytes=1048576 prepare_cycles=0 commit_cycles=0 direct=true
[ext4_another] write_pages ino=3217 pages=256 total_bytes=1048576 prepare_cycles=0 commit_cycles=0 direct=true
[ext4_another] write_pages ino=3217 pages=256 total_bytes=1048576 prepare_cycles=0 commit_cycles=0 direct=true
[ext4_another] write_pages ino=3217 pages=256 total_bytes=1048576 prepare_cycles=0 commit_cycles=0 direct=true
[ext4_another] write_pages ino=3217 pages=256 total_bytes=1048576 prepare_cycles=0 commit_cycles=0 direct=true
      2077      2362      7251      7257

iozone test complete.
iozone throughput write/read measurements
	Iozone: Performance Test of File I/O
	        Version $Revision: 3.506 $
		Compiled for 64 bit mode.
		Build: linux 

	Contributors:William Norcott, Don Capps, Isom Crawford, Kirby Collins
	             Al Slater, Scott Rhine, Mike Wisner, Ken Goss
	             Steve Landherr, Brad Smith, Mark Kelly, Dr. Alain CYR,
	             Randy Dunlap, Mark Montague, Dan Million, Gavin Brebner,
	             Jean-Marc Zucconi, Jeff Blomberg, Benny Halevy, Dave Boone,
	             Erik Habbinga, Kris Strecker, Walter Wong, Joshua Root,
	             Fabrice Bacchella, Zhenghua Xue, Qin Li, Darren Sawyer,
	             Vangel Bojaxhi, Ben England, Vikentsi Lapa,
	             Alexey Skidanov, Sudhir Kumar.

	Run began: Fri Jan  1 00:07:23 2027

	Record Size 1 kB
	File size set to 1024 kB
	Command line used: ./iozone -t 4 -i 0 -i 1 -r 1k -s 1m
	Output is in kBytes/sec
	Time Resolution = 0.000082 seconds.
	Processor cache size set to 1024 kBytes.
	Processor cache line size set to 32 bytes.
	File stride size set to 17 * record size.
	Throughput test with 4 processes
	Each process writes a 1024 kByte file in 1 kByte records
[ext4_another] write_pages ino=3219 pages=256 total_bytes=1048576 prepare_cycles=0 commit_cycles=0 direct=true
[ext4_another] write_pages ino=3222 pages=256 total_bytes=1048576 prepare_cycles=0 commit_cycles=0 direct=true
[ext4_another] write_pages ino=3221 pages=256 total_bytes=1048576 prepare_cycles=0 commit_cycles=0 direct=true
[ext4_another] write_pages ino=3218 pages=256 total_bytes=1048576 prepare_cycles=0 commit_cycles=0 direct=true

	Children see throughput for  4 initial writers 	=    2466.92 kB/sec
	Parent sees throughput for  4 initial writers 	=    1846.90 kB/sec
	Min throughput per process 			=     574.18 kB/sec 
	Max throughput per process 			=     641.60 kB/sec
	Avg throughput per process 			=     616.73 kB/sec
	Min xfer 					=     999.00 kB
[ext4_another] write_pages ino=3219 pages=256 total_bytes=1048576 prepare_cycles=0 commit_cycles=0 direct=true
[ext4_another] write_pages ino=3222 pages=251 total_bytes=1028096 prepare_cycles=0 commit_cycles=0 direct=true
[ext4_another] write_pages ino=3218 pages=246 total_bytes=1007616 prepare_cycles=0 commit_cycles=0 direct=true
[ext4_another] write_pages ino=3221 pages=250 total_bytes=1024000 prepare_cycles=0 commit_cycles=0 direct=true

	Children see throughput for  4 rewriters 	=    2477.75 kB/sec
	Parent sees throughput for  4 rewriters 	=    2121.14 kB/sec
	Min throughput per process 			=     580.52 kB/sec 
	Max throughput per process 			=     654.28 kB/sec
	Avg throughput per process 			=     619.44 kB/sec
	Min xfer 					=     980.00 kB

	Children see throughput for  4 readers 		=    7624.38 kB/sec
	Parent sees throughput for  4 readers 		=    6695.59 kB/sec
	Min throughput per process 			=    1750.62 kB/sec 
	Max throughput per process 			=    2095.97 kB/sec
	Avg throughput per process 			=    1906.10 kB/sec
	Min xfer 					=     929.00 kB

	Children see throughput for 4 re-readers 	=    7538.61 kB/sec
	Parent sees throughput for 4 re-readers 	=    6670.49 kB/sec
	Min throughput per process 			=    1848.46 kB/sec 
	Max throughput per process 			=    1939.41 kB/sec
	Avg throughput per process 			=    1884.65 kB/sec
	Min xfer 					=     995.00 kB



iozone test complete.
iozone throughput random-read measurements
	Iozone: Performance Test of File I/O
	        Version $Revision: 3.506 $
		Compiled for 64 bit mode.
		Build: linux 

	Contributors:William Norcott, Don Capps, Isom Crawford, Kirby Collins
	             Al Slater, Scott Rhine, Mike Wisner, Ken Goss
	             Steve Landherr, Brad Smith, Mark Kelly, Dr. Alain CYR,
	             Randy Dunlap, Mark Montague, Dan Million, Gavin Brebner,
	             Jean-Marc Zucconi, Jeff Blomberg, Benny Halevy, Dave Boone,
	             Erik Habbinga, Kris Strecker, Walter Wong, Joshua Root,
	             Fabrice Bacchella, Zhenghua Xue, Qin Li, Darren Sawyer,
	             Vangel Bojaxhi, Ben England, Vikentsi Lapa,
	             Alexey Skidanov, Sudhir Kumar.

	Run began: Fri Jan  1 00:07:47 2027

	Record Size 1 kB
	File size set to 1024 kB
	Command line used: ./iozone -t 4 -i 0 -i 2 -r 1k -s 1m
	Output is in kBytes/sec
	Time Resolution = 0.000083 seconds.
	Processor cache size set to 1024 kBytes.
	Processor cache line size set to 32 bytes.
	File stride size set to 17 * record size.
	Throughput test with 4 processes
	Each process writes a 1024 kByte file in 1 kByte records
[ext4_another] write_pages ino=3217 pages=256 total_bytes=1048576 prepare_cycles=0 commit_cycles=0 direct=true
[ext4_another] write_pages ino=3219 pages=256 total_bytes=1048576 prepare_cycles=0 commit_cycles=0 direct=true
[ext4_another] write_pages ino=3218 pages=256 total_bytes=1048576 prepare_cycles=0 commit_cycles=0 direct=true
[ext4_another] write_pages ino=168 pages=256 total_bytes=1048576 prepare_cycles=0 commit_cycles=0 direct=true

	Children see throughput for  4 initial writers 	=    2328.41 kB/sec
	Parent sees throughput for  4 initial writers 	=    1572.99 kB/sec
	Min throughput per process 			=     522.62 kB/sec 
	Max throughput per process 			=     642.43 kB/sec
	Avg throughput per process 			=     582.10 kB/sec
	Min xfer 					=     950.00 kB
[ext4_another] write_pages ino=3217 pages=256 total_bytes=1048576 prepare_cycles=0 commit_cycles=0 direct=true
[ext4_another] write_pages ino=3219 pages=252 total_bytes=1032192 prepare_cycles=0 commit_cycles=0 direct=true
[ext4_another] write_pages ino=168 pages=247 total_bytes=1011712 prepare_cycles=0 commit_cycles=0 direct=true
[ext4_another] write_pages ino=3218 pages=253 total_bytes=1036288 prepare_cycles=0 commit_cycles=0 direct=true

	Children see throughput for  4 rewriters 	=    2415.88 kB/sec
	Parent sees throughput for  4 rewriters 	=    1987.43 kB/sec
	Min throughput per process 			=     557.27 kB/sec 
	Max throughput per process 			=     638.27 kB/sec
	Avg throughput per process 			=     603.97 kB/sec
	Min xfer 					=     987.00 kB

	Children see throughput for 4 random readers 	=    5520.68 kB/sec
	Parent sees throughput for 4 random readers 	=    4868.45 kB/sec
	Min throughput per process 			=    1309.77 kB/sec 
	Max throughput per process 			=    1491.04 kB/sec
	Avg throughput per process 			=    1380.17 kB/sec
	Min xfer 					=     967.00 kB
[ext4_another] write_pages ino=3217 pages=256 total_bytes=1048576 prepare_cycles=0 commit_cycles=0 direct=true
[ext4_another] write_pages ino=3218 pages=256 total_bytes=1048576 prepare_cycles=0 commit_cycles=0 direct=true
[ext4_another] write_pages ino=3219 pages=256 total_bytes=1048576 prepare_cycles=0 commit_cycles=0 direct=true
[ext4_another] write_pages ino=168 pages=256 total_bytes=1048576 prepare_cycles=0 commit_cycles=0 direct=true

	Children see throughput for 4 random writers 	=    2109.26 kB/sec
	Parent sees throughput for 4 random writers 	=    1557.49 kB/sec
	Min throughput per process 			=     474.90 kB/sec 
	Max throughput per process 			=     580.23 kB/sec
	Avg throughput per process 			=     527.32 kB/sec
	Min xfer 					=     981.00 kB



iozone test complete.
iozone throughput read-backwards measurements
	Iozone: Performance Test of File I/O
	        Version $Revision: 3.506 $
		Compiled for 64 bit mode.
		Build: linux 

	Contributors:William Norcott, Don Capps, Isom Crawford, Kirby Collins
	             Al Slater, Scott Rhine, Mike Wisner, Ken Goss
	             Steve Landherr, Brad Smith, Mark Kelly, Dr. Alain CYR,
	             Randy Dunlap, Mark Montague, Dan Million, Gavin Brebner,
	             Jean-Marc Zucconi, Jeff Blomberg, Benny Halevy, Dave Boone,
	             Erik Habbinga, Kris Strecker, Walter Wong, Joshua Root,
	             Fabrice Bacchella, Zhenghua Xue, Qin Li, Darren Sawyer,
	             Vangel Bojaxhi, Ben England, Vikentsi Lapa,
	             Alexey Skidanov, Sudhir Kumar.

	Run began: Fri Jan  1 00:08:18 2027

	Record Size 1 kB
	File size set to 1024 kB
	Command line used: ./iozone -t 4 -i 0 -i 3 -r 1k -s 1m
	Output is in kBytes/sec
	Time Resolution = 0.000082 seconds.
	Processor cache size set to 1024 kBytes.
	Processor cache line size set to 32 bytes.
	File stride size set to 17 * record size.
	Throughput test with 4 processes
	Each process writes a 1024 kByte file in 1 kByte records
[ext4_another] write_pages ino=3217 pages=256 total_bytes=1048576 prepare_cycles=0 commit_cycles=0 direct=true
[ext4_another] write_pages ino=3219 pages=256 total_bytes=1048576 prepare_cycles=0 commit_cycles=0 direct=true
[ext4_another] write_pages ino=3218 pages=256 total_bytes=1048576 prepare_cycles=0 commit_cycles=0 direct=true
[ext4_another] write_pages ino=168 pages=256 total_bytes=1048576 prepare_cycles=0 commit_cycles=0 direct=true

	Children see throughput for  4 initial writers 	=    2436.12 kB/sec
	Parent sees throughput for  4 initial writers 	=    1682.02 kB/sec
	Min throughput per process 			=     555.80 kB/sec 
	Max throughput per process 			=     654.97 kB/sec
	Avg throughput per process 			=     609.03 kB/sec
	Min xfer 					=     978.00 kB
[ext4_another] write_pages ino=3217 pages=256 total_bytes=1048576 prepare_cycles=0 commit_cycles=0 direct=true
[ext4_another] write_pages ino=3219 pages=252 total_bytes=1032192 prepare_cycles=0 commit_cycles=0 direct=true
[ext4_another] write_pages ino=168 pages=251 total_bytes=1028096 prepare_cycles=0 commit_cycles=0 direct=true
[ext4_another] write_pages ino=3218 pages=254 total_bytes=1040384 prepare_cycles=0 commit_cycles=0 direct=true

	Children see throughput for  4 rewriters 	=    2525.22 kB/sec
	Parent sees throughput for  4 rewriters 	=    2021.50 kB/sec
	Min throughput per process 			=     590.19 kB/sec 
	Max throughput per process 			=     669.38 kB/sec
	Avg throughput per process 			=     631.30 kB/sec
	Min xfer 					=    1002.00 kB

	Children see throughput for 4 reverse readers 	=    4260.04 kB/sec
	Parent sees throughput for 4 reverse readers 	=    3396.69 kB/sec
	Min throughput per process 			=     870.54 kB/sec 
	Max throughput per process 			=    1485.56 kB/sec
	Avg throughput per process 			=    1065.01 kB/sec
	Min xfer 					=     953.00 kB



iozone test complete.
iozone throughput stride-read measurements
	Iozone: Performance Test of File I/O
	        Version $Revision: 3.506 $
		Compiled for 64 bit mode.
		Build: linux 

	Contributors:William Norcott, Don Capps, Isom Crawford, Kirby Collins
	             Al Slater, Scott Rhine, Mike Wisner, Ken Goss
	             Steve Landherr, Brad Smith, Mark Kelly, Dr. Alain CYR,
	             Randy Dunlap, Mark Montague, Dan Million, Gavin Brebner,
	             Jean-Marc Zucconi, Jeff Blomberg, Benny Halevy, Dave Boone,
	             Erik Habbinga, Kris Strecker, Walter Wong, Joshua Root,
	             Fabrice Bacchella, Zhenghua Xue, Qin Li, Darren Sawyer,
	             Vangel Bojaxhi, Ben England, Vikentsi Lapa,
	             Alexey Skidanov, Sudhir Kumar.

	Run began: Fri Jan  1 00:08:42 2027

	Record Size 1 kB
	File size set to 1024 kB
	Command line used: ./iozone -t 4 -i 0 -i 5 -r 1k -s 1m
	Output is in kBytes/sec
	Time Resolution = 0.000082 seconds.
	Processor cache size set to 1024 kBytes.
	Processor cache line size set to 32 bytes.
	File stride size set to 17 * record size.
	Throughput test with 4 processes
	Each process writes a 1024 kByte file in 1 kByte records
[ext4_another] write_pages ino=3219 pages=256 total_bytes=1048576 prepare_cycles=0 commit_cycles=0 direct=true
[ext4_another] write_pages ino=3217 pages=256 total_bytes=1048576 prepare_cycles=0 commit_cycles=0 direct=true
[ext4_another] write_pages ino=3218 pages=256 total_bytes=1048576 prepare_cycles=0 commit_cycles=0 direct=true
[ext4_another] write_pages ino=168 pages=256 total_bytes=1048576 prepare_cycles=0 commit_cycles=0 direct=true

	Children see throughput for  4 initial writers 	=    2312.47 kB/sec
	Parent sees throughput for  4 initial writers 	=    1492.53 kB/sec
	Min throughput per process 			=     513.77 kB/sec 
	Max throughput per process 			=     636.68 kB/sec
	Avg throughput per process 			=     578.12 kB/sec
	Min xfer 					=     984.00 kB
[ext4_another] write_pages ino=3217 pages=256 total_bytes=1048576 prepare_cycles=0 commit_cycles=0 direct=true
[ext4_another] write_pages ino=3219 pages=252 total_bytes=1032192 prepare_cycles=0 commit_cycles=0 direct=true
[ext4_another] write_pages ino=168 pages=244 total_bytes=999424 prepare_cycles=0 commit_cycles=0 direct=true
[ext4_another] write_pages ino=3218 pages=256 total_bytes=1048576 prepare_cycles=0 commit_cycles=0 direct=true

	Children see throughput for  4 rewriters 	=    2553.07 kB/sec
	Parent sees throughput for  4 rewriters 	=    2030.86 kB/sec
	Min throughput per process 			=     609.72 kB/sec 
	Max throughput per process 			=     670.52 kB/sec
	Avg throughput per process 			=     638.27 kB/sec
	Min xfer 					=     973.00 kB

	Children see throughput for 4 stride readers 	=    5179.98 kB/sec
	Parent sees throughput for 4 stride readers 	=    4214.93 kB/sec
	Min throughput per process 			=    1194.39 kB/sec 
	Max throughput per process 			=    1487.55 kB/sec
	Avg throughput per process 			=    1294.99 kB/sec
	Min xfer 					=     984.00 kB



iozone test complete.
iozone throughput fwrite/fread measurements
	Iozone: Performance Test of File I/O
	        Version $Revision: 3.506 $
		Compiled for 64 bit mode.
		Build: linux 

	Contributors:William Norcott, Don Capps, Isom Crawford, Kirby Collins
	             Al Slater, Scott Rhine, Mike Wisner, Ken Goss
	             Steve Landherr, Brad Smith, Mark Kelly, Dr. Alain CYR,
	             Randy Dunlap, Mark Montague, Dan Million, Gavin Brebner,
	             Jean-Marc Zucconi, Jeff Blomberg, Benny Halevy, Dave Boone,
	             Erik Habbinga, Kris Strecker, Walter Wong, Joshua Root,
	             Fabrice Bacchella, Zhenghua Xue, Qin Li, Darren Sawyer,
	             Vangel Bojaxhi, Ben England, Vikentsi Lapa,
	             Alexey Skidanov, Sudhir Kumar.

	Run began: Fri Jan  1 00:09:06 2027

	Record Size 1 kB
	File size set to 1024 kB
	Command line used: ./iozone -t 4 -i 6 -i 7 -r 1k -s 1m
	Output is in kBytes/sec
	Time Resolution = 0.000082 seconds.
	Processor cache size set to 1024 kBytes.
	Processor cache line size set to 32 bytes.
	File stride size set to 17 * record size.
	Throughput test with 4 processes
	Each process writes a 1024 kByte file in 1 kByte records
[ext4_another] write_pages ino=3217 pages=256 total_bytes=1048576 prepare_cycles=0 commit_cycles=0 direct=true
[ext4_another] write_pages ino=3219 pages=256 total_bytes=1048576 prepare_cycles=0 commit_cycles=0 direct=true
[ext4_another] write_pages ino=3218 pages=256 total_bytes=1048576 prepare_cycles=0 commit_cycles=0 direct=true
[ext4_another] write_pages ino=168 pages=256 total_bytes=1048576 prepare_cycles=0 commit_cycles=0 direct=true

	Children see throughput for  4 fwriters 	=    2147.68 kB/sec
	Parent sees throughput for  4 fwriters 		=    1621.94 kB/sec
	Min throughput per process 			=     452.32 kB/sec 
	Max throughput per process 			=     637.72 kB/sec
	Avg throughput per process 			=     536.92 kB/sec
	Min xfer 					=    1024.00 kB

	Children see throughput for  4 freaders 	=    7500.37 kB/sec
	Parent sees throughput for  4 freaders 		=    6699.57 kB/sec
	Min throughput per process 			=    1791.58 kB/sec 
	Max throughput per process 			=    1950.19 kB/sec
	Avg throughput per process 			=    1875.09 kB/sec
	Min xfer 					=    1024.00 kB



iozone test complete.
iozone throughput pwrite/pread measurements
	Iozone: Performance Test of File I/O
	        Version $Revision: 3.506 $
		Compiled for 64 bit mode.
		Build: linux 

	Contributors:William Norcott, Don Capps, Isom Crawford, Kirby Collins
	             Al Slater, Scott Rhine, Mike Wisner, Ken Goss
	             Steve Landherr, Brad Smith, Mark Kelly, Dr. Alain CYR,
	             Randy Dunlap, Mark Montague, Dan Million, Gavin Brebner,
	             Jean-Marc Zucconi, Jeff Blomberg, Benny Halevy, Dave Boone,
	             Erik Habbinga, Kris Strecker, Walter Wong, Joshua Root,
	             Fabrice Bacchella, Zhenghua Xue, Qin Li, Darren Sawyer,
	             Vangel Bojaxhi, Ben England, Vikentsi Lapa,
	             Alexey Skidanov, Sudhir Kumar.

	Run began: Fri Jan  1 00:09:35 2027

	Record Size 1 kB
	File size set to 1024 kB
	Command line used: ./iozone -t 4 -i 9 -i 10 -r 1k -s 1m
	Output is in kBytes/sec
	Time Resolution = 0.000082 seconds.
	Processor cache size set to 1024 kBytes.
	Processor cache line size set to 32 bytes.
	File stride size set to 17 * record size.
	Throughput test with 4 processes
	Each process writes a 1024 kByte file in 1 kByte records
[ext4_another] write_pages ino=3217 pages=256 total_bytes=1048576 prepare_cycles=0 commit_cycles=0 direct=true
[ext4_another] write_pages ino=3218 pages=256 total_bytes=1048576 prepare_cycles=0 commit_cycles=0 direct=true
[ext4_another] write_pages ino=3219 pages=256 total_bytes=1048576 prepare_cycles=0 commit_cycles=0 direct=true
[ext4_another] write_pages ino=168 pages=256 total_bytes=1048576 prepare_cycles=0 commit_cycles=0 direct=true

	Children see throughput for 4 pwrite writers 	=    1796.60 kB/sec
	Parent sees throughput for 4 pwrite writers 	=     552.72 kB/sec
	Min throughput per process 			=     301.94 kB/sec 
	Max throughput per process 			=     599.46 kB/sec
	Avg throughput per process 			=     449.15 kB/sec
	Min xfer 					=     966.00 kB

	Children see throughput for 4 pread readers 	=    4908.15 kB/sec
	Parent sees throughput for 4 pread readers 	=    2184.54 kB/sec
	Min throughput per process 			=     786.10 kB/sec 
	Max throughput per process 			=    2121.45 kB/sec
	Avg throughput per process 			=    1227.04 kB/sec
	Min xfer 					=     999.00 kB



iozone test complete.
iozone throughtput pwritev/preadv measurements
	Iozone: Performance Test of File I/O
	        Version $Revision: 3.506 $
		Compiled for 64 bit mode.
		Build: linux 

	Contributors:William Norcott, Don Capps, Isom Crawford, Kirby Collins
	             Al Slater, Scott Rhine, Mike Wisner, Ken Goss
	             Steve Landherr, Brad Smith, Mark Kelly, Dr. Alain CYR,
	             Randy Dunlap, Mark Montague, Dan Million, Gavin Brebner,
	             Jean-Marc Zucconi, Jeff Blomberg, Benny Halevy, Dave Boone,
	             Erik Habbinga, Kris Strecker, Walter Wong, Joshua Root,
	             Fabrice Bacchella, Zhenghua Xue, Qin Li, Darren Sawyer,
	             Vangel Bojaxhi, Ben England, Vikentsi Lapa,
	             Alexey Skidanov, Sudhir Kumar.

	Run began: Fri Jan  1 00:10:07 2027

	Selected test not available on the version.
	Record Size 1 kB
	File size set to 1024 kB
	Command line used: ./iozone -t 4 -i 11 -i 12 -r 1k -s 1m
	Output is in kBytes/sec
	Time Resolution = 0.000083 seconds.
	Processor cache size set to 1024 kBytes.
	Processor cache line size set to 32 bytes.
	File stride size set to 17 * record size.
	Throughput test with 4 processes
	Each process writes a 1024 kByte file in 1 kByte records
[ext4_another] write_pages ino=3218 pages=256 total_bytes=1048576 prepare_cycles=0 commit_cycles=0 direct=true
[ext4_another] write_pages ino=3217 pages=256 total_bytes=1048576 prepare_cycles=0 commit_cycles=0 direct=true
[ext4_another] write_pages ino=3219 pages=256 total_bytes=1048576 prepare_cycles=0 commit_cycles=0 direct=true
[ext4_another] write_pages ino=168 pages=256 total_bytes=1048576 prepare_cycles=0 commit_cycles=0 direct=true

	Children see throughput for  4 initial writers 	=    2205.29 kB/sec
	Parent sees throughput for  4 initial writers 	=    1513.85 kB/sec
	Min throughput per process 			=     464.83 kB/sec 
	Max throughput per process 			=     621.56 kB/sec
	Avg throughput per process 			=     551.32 kB/sec
	Min xfer 					=     982.00 kB
[ext4_another] write_pages ino=3218 pages=256 total_bytes=1048576 prepare_cycles=0 commit_cycles=0 direct=true
[ext4_another] write_pages ino=168 pages=246 total_bytes=1007616 prepare_cycles=0 commit_cycles=0 direct=true
[ext4_another] write_pages ino=3219 pages=247 total_bytes=1011712 prepare_cycles=0 commit_cycles=0 direct=true
[ext4_another] write_pages ino=3217 pages=254 total_bytes=1040384 prepare_cycles=0 commit_cycles=0 direct=true

	Children see throughput for  4 rewriters 	=    2351.52 kB/sec
	Parent sees throughput for  4 rewriters 	=    1930.25 kB/sec
	Min throughput per process 			=     550.29 kB/sec 
	Max throughput per process 			=     637.48 kB/sec
	Avg throughput per process 			=     587.88 kB/sec
	Min xfer 					=     980.00 kB



iozone test complete.
#### OS COMP TEST GROUP END iozone-glibc ####
[initproc] [diag] === stats iozone-glibc ===
blk_vread_reqs=80303
blk_vread_secs=643128
blk_vwrite_reqs=78969
blk_vwrite_secs=781512
journal_commit_count=137
journal_commit_bytes=2863104
device_flush_count=882
virtio_write_requests=80049
virtio_write_bytes=400134144
virtio_read_requests=80307
writeback_batch_count=73
writeback_page_count=18348
pwrite_uaccess_cycles=140207962
pwrite_file_cycles=10557542996
pwrite_ext4_setup_cycles=673405776
pwrite_ext4_post_cycles=81376986
pwrite_total_count=4096
pwrite_vfs_mode_cycles=3565782
pwrite_vfs_seals_cycles=15332118
pwrite_vfs_touch_cycles=10341228832
pwrite_mount_writable_cycles=199907888
sata_read_reqs=0
sata_read_bytes=0
sata_read_ticks_total=0
sata_read_ticks_max=0
sata_write_reqs=0
sata_write_bytes=0
sata_write_ticks_total=0
sata_write_ticks_max=0
sata_flush_reqs=0
sata_flush_ticks_total=0
[initproc] [diag] === stats iozone-glibc end ===
#### OS COMP TEST GROUP END iozone-glibc ####
[initproc] done iozone_testcode.sh in /glibc exit_code=0
[initproc] skip libcbench (mask bit7 not set)
[initproc] skip netperf (mask bit9 not set)
[initproc] skip iperf (mask bit6 not set)
[initproc] skip libctest (mask bit3 not set)
[initproc] skip cyclictest (mask bit10 not set)
[initproc] skip ltp (mask bit11 not set)
[initproc] skip cpython (mask bit12 not set)
[initproc] skip unixbench (mask bit5 not set)
[initproc] run_selected_groups done
make: Leaving directory '/app/os'
