Rust toolchain preflight passed: nightly-2026-05-10
make -C os "ARCH=rv64" "MODE=debug" "PROFILE=normal" "BUILD_ROOT=/app/build" lint
make[1]: Entering directory '/app/os'
Rust toolchain preflight passed: nightly-2026-05-10
[lint] Checking first-party warning regression for rv64 debug...
PASS: [rv64/debug] first-party warnings match baseline (176 fp, 0 mt, 30 vd)
make[1]: Leaving directory '/app/os'
make -C os "ARCH=rv64" "MODE=release" "PROFILE=normal" "BUILD_ROOT=/app/build" lint
make[1]: Entering directory '/app/os'
Rust toolchain preflight passed: nightly-2026-05-10
[lint] Checking first-party warning regression for rv64 release...
PASS: [rv64/release] first-party warnings match baseline (176 fp, 0 mt, 30 vd)
make[1]: Leaving directory '/app/os'
make -C os "ARCH=la64" "MODE=debug" "PROFILE=normal" "BUILD_ROOT=/app/build" lint
make[1]: Entering directory '/app/os'
Rust toolchain preflight passed: nightly-2026-05-10
[lint] Checking first-party warning regression for la64 debug...
PASS: [la64/debug] first-party warnings match baseline (179 fp, 0 mt, 31 vd)
make[1]: Leaving directory '/app/os'
make -C os "ARCH=la64" "MODE=release" "PROFILE=normal" "BUILD_ROOT=/app/build" lint
make[1]: Entering directory '/app/os'
Rust toolchain preflight passed: nightly-2026-05-10
[lint] Checking first-party warning regression for la64 release...
PASS: [la64/release] first-party warnings match baseline (179 fp, 0 mt, 31 vd)
make[1]: Leaving directory '/app/os'
