Rust toolchain preflight passed: nightly-2026-05-10

OpenSBI v1.5.1
   ____                    _____ ____ _____
  / __ \                  / ____|  _ \_   _|
 | |  | |_ __   ___ _ __ | (___ | |_) || |
 | |  | | '_ \ / _ \ '_ \ \___ \|  _ < | |
 | |__| | |_) |  __/ | | |____) | |_) || |_
  \____/| .__/ \___|_| |_|_____/|____/_____|
        | |
        |_|

Platform Name             : riscv-virtio,qemu
Platform Features         : medeleg
Platform HART Count       : 1
Platform IPI Device       : aclint-mswi
Platform Timer Device     : aclint-mtimer @ 10000000Hz
Platform Console Device   : uart8250
Platform HSM Device       : ---
Platform PMU Device       : ---
Platform Reboot Device    : syscon-reboot
Platform Shutdown Device  : syscon-poweroff
Platform Suspend Device   : ---
Platform CPPC Device      : ---
Firmware Base             : 0x80000000
Firmware Size             : 327 KB
Firmware RW Offset        : 0x40000
Firmware RW Size          : 71 KB
Firmware Heap Offset      : 0x49000
Firmware Heap Size        : 35 KB (total), 2 KB (reserved), 11 KB (used), 21 KB (free)
Firmware Scratch Size     : 4096 B (total), 416 B (used), 3680 B (free)
Runtime SBI Version       : 2.0

Domain0 Name              : root
Domain0 Boot HART         : 0
Domain0 HARTs             : 0*
Domain0 Region00          : 0x0000000000100000-0x0000000000100fff M: (I,R,W) S/U: (R,W)
Domain0 Region01          : 0x0000000010000000-0x0000000010000fff M: (I,R,W) S/U: (R,W)
Domain0 Region02          : 0x0000000002000000-0x000000000200ffff M: (I,R,W) S/U: ()
Domain0 Region03          : 0x0000000080040000-0x000000008005ffff M: (R,W) S/U: ()
Domain0 Region04          : 0x0000000080000000-0x000000008003ffff M: (R,X) S/U: ()
Domain0 Region05          : 0x000000000c400000-0x000000000c5fffff M: (I,R,W) S/U: (R,W)
Domain0 Region06          : 0x000000000c000000-0x000000000c3fffff M: (I,R,W) S/U: (R,W)
Domain0 Region07          : 0x0000000000000000-0xffffffffffffffff M: () S/U: (R,W,X)
Domain0 Next Address      : 0x0000000080200000
Domain0 Next Arg1         : 0x00000000bfe00000
Domain0 Next Mode         : S-mode
Domain0 SysReset          : yes
Domain0 SysSuspend        : yes

Boot HART ID              : 0
Boot HART Domain          : root
Boot HART Priv Version    : v1.12
Boot HART Base ISA        : rv64imafdch
Boot HART ISA Extensions  : sstc,zicntr,zihpm,zicboz,zicbom,sdtrig,svadu
Boot HART PMP Count       : 16
Boot HART PMP Granularity : 2 bits
Boot HART PMP Address Bits: 54
Boot HART MHPM Info       : 16 (0x0007fff8)
Boot HART Debug Triggers  : 2 triggers
Boot HART MIDELEG         : 0x0000000000001666
Boot HART MEDELEG         : 0x0000000000f0b509
[kernel] logger inited, level= Off
[kernel] Boot protocol: RiscvFdt, hart_id=0, dtb_paddr=0xbfe00000
[kernel] Console initialized.
[memory] 194401 usable physical frames across 2 region(s)
[memory] region0: [0x9089d000, 0xbfe00000) frames=193891
[memory] region1: [0xbfe02000, 0xc0000000) frames=510
.text [0x80200000, 0x80438000)
.rodata [0x80438000, 0x80473000)
.data [0x80473000, 0x80838000)
.bss [0x80838000, 0x9089d000)
mapping .text section
mapping .rodata section
mapping .data section
mapping .bss section
mapping physical memory region
mapping physical memory region
mapping memory-mapped registers
[kernel] Hello, world!
[kernel] PRNG init warning: Entropy(DeviceUnavailable)
[memory] reclaimed linker frames: [0x80473000, 0x80836000) frames=963
[initramfs] unpacked: files=39 dirs=23 symlinks=1 bytes=3939303
[initramfs] VFS_ROOT initialized (ramfs + cpio unpack + dev/proc/tmp)
[kernel] block device 0: official fs (MMIO 0x10001000)
[kernel] block device 1: tools disk (MMIO 0x10002000)
[mbr] registered /dev/vdb1 (type=0x83, size=2048M)
[mbr] registered /dev/vdb2 (type=0xc, size=1280M)
[ext4] backend: another_ext4
[kernel] root device mounted at sdcard
[mbr] registered /dev/vdb1 (type=0x83, size=2048M)
[mbr] registered /dev/vdb2 (type=0xc, size=1280M)
[ext4] backend: another_ext4
[kernel] tools disk (vdb1) mounted at tools
[kernel] net interface initialized (RoutingDevice: lo + eth)
[init] pseudo-fs mount framework ready
[kernel] perf_diag features: perf_stats=true perf_diag=true
[init] /tmp is bind-mounted from ext4 /sdcard/tmp
[init] /etc is bind-mounted from tools disk
[init] bind mount /tools/bin -> /bin
[init] bind mount /tools/sbin -> /sbin
[init] bind mount /tools/lib -> /lib
[init] bind mount /tools/usr -> /usr
[init] bind mount /tools/root -> /root: skipped (errno=2)
[init] PID1 profile=normal runner=/test-runner
[test-runner] synchronizing clock
[initproc] config source=/sdcard/os_test.conf mode=run mask=0x110 timer_smoke=false skip_apk=true
[initproc] ensuring base directories...
[initproc] runtime layout ready
[initproc] linking musl/glibc libs to /lib ...
[initproc] lib linking done, exit=0
[initproc] prepare lmbench compatibility ...
[initproc] lmbench compatibility done, exit=0
[initproc] install libgcc_s: already exists, skipping
[initproc] skip_apk=true: skipping install_apk_packages
[initproc] run_selected_groups start mask=0x110
[initproc] skip basic (mask bit0 not set)
[initproc] skip busybox (mask bit1 not set)
[initproc] skip lua (mask bit2 not set)
#### OS COMP TEST GROUP START lmbench-musl ####
#### OS COMP TEST GROUP START lmbench-musl ####
latency measurements
Simple syscall: 35.4437 microseconds
Simple read: 89.2424 microseconds
Simple write: 44.4167 microseconds
Simple stat: 219.3750 microseconds
Simple fstat: 97.2131 microseconds
Simple open/close: 251.1174 microseconds
Select on 100 fd's: 194.4000 microseconds
Signal handler installation: 103.0000 microseconds
Signal handler overhead: 146.9286 microseconds
Protection fault: 42.3103 microseconds
Pipe latency: 635.3164 microseconds
Process fork+exit: 6598.0000 microseconds
Process fork+execve: 6938.0000 microseconds
[ext4_another] write_pages ino=3218 pages=1 total_bytes=51 prepare_cycles=0 commit_cycles=0 direct=false
Process fork+/bin/sh -c: 299467.0000 microseconds
File /var/tmp/XXX write bandwidth:19473 KB/sec
Pagefaults on /var/tmp/XXX: 115.0195 microseconds
0.524288 662
file system latency
0k	13	2360	2159
1k	10	1846	2057
4k	11	1797	2112
10k	10	1787	2033
Bandwidth measurements
Pipe bandwidth: 37.41 MB/sec
0.524288 88.20
0.524288 90.63
0.524288 4186.86
0.524288 35.31
context switch overhead

"size=32k ovr=213.67
2 114.05
4 119.97
8 125.08
16 131.36
24 120.87
32 126.11
64 127.64
96 127.22
#### OS COMP TEST GROUP END lmbench-musl ####
[initproc] [diag] === stats lmbench-musl ===
blk_vread_reqs=181
blk_vread_secs=5456
blk_vwrite_reqs=128
blk_vwrite_secs=1048
journal_commit_count=1
journal_commit_bytes=20480
device_flush_count=104
virtio_write_requests=128
virtio_write_bytes=536576
virtio_read_requests=212
writeback_batch_count=1
writeback_page_count=1
sata_read_reqs=0
sata_read_bytes=0
sata_read_ticks_total=0
sata_read_ticks_max=0
sata_write_reqs=0
sata_write_bytes=0
sata_write_ticks_total=0
sata_write_ticks_max=0
sata_flush_reqs=0
sata_flush_ticks_total=0
[initproc] [diag] === stats lmbench-musl end ===
#### OS COMP TEST GROUP END lmbench-musl ####
[initproc] done lmbench_testcode.sh in /musl exit_code=0
#### OS COMP TEST GROUP START lmbench-glibc ####
#### OS COMP TEST GROUP START lmbench-glibc ####
latency measurements
Simple syscall: 37.8255 microseconds
Simple read: 86.0606 microseconds
Simple write: 43.2030 microseconds
Simple stat: 218.1600 microseconds
Simple fstat: 106.2692 microseconds
Simple open/close: 242.0500 microseconds
Select on 100 fd's: 187.6452 microseconds
Signal handler installation: 99.5345 microseconds
Signal handler overhead: 148.1667 microseconds
Protection fault: 42.0690 microseconds
Pipe latency: 631.8068 microseconds
Process fork+exit: 7576.0000 microseconds
Process fork+execve: 12577.0000 microseconds
[ext4_another] write_pages ino=3220 pages=1 total_bytes=51 prepare_cycles=0 commit_cycles=0 direct=false
Process fork+/bin/sh -c: 312800.0000 microseconds
File /var/tmp/XXX write bandwidth:60104 KB/sec
Pagefaults on /var/tmp/XXX: 117.0156 microseconds
0.524288 661
file system latency
0k	13	2294	2287
1k	10	1830	2242
4k	10	1733	2254
10k	10	1648	2268
Bandwidth measurements
Pipe bandwidth: 37.05 MB/sec
0.524288 86.16
0.524288 83.47
0.524288 2510.78
0.524288 34.44
context switch overhead

"size=32k ovr=226.83
2 123.67
4 138.49
8 124.30
16 129.61
24 120.47
32 114.52
64 117.24
96 119.67
#### OS COMP TEST GROUP END lmbench-glibc ####
[initproc] [diag] === stats lmbench-glibc ===
blk_vread_reqs=184
blk_vread_secs=6968
blk_vwrite_reqs=148
blk_vwrite_secs=1232
journal_commit_count=2
journal_commit_bytes=40960
device_flush_count=121
virtio_write_requests=148
virtio_write_bytes=630784
virtio_read_requests=225
writeback_batch_count=1
writeback_page_count=1
sata_read_reqs=0
sata_read_bytes=0
sata_read_ticks_total=0
sata_read_ticks_max=0
sata_write_reqs=0
sata_write_bytes=0
sata_write_ticks_total=0
sata_write_ticks_max=0
sata_flush_reqs=0
sata_flush_ticks_total=0
[initproc] [diag] === stats lmbench-glibc end ===
#### OS COMP TEST GROUP END lmbench-glibc ####
[initproc] done lmbench_testcode.sh in /glibc exit_code=0
#### OS COMP TEST GROUP START iozone-musl ####
#### OS COMP TEST GROUP START iozone-musl ####
iozone automatic measurements
	Iozone: Performance Test of File I/O
	        Version $Revision: 3.506 $
		Compiled for 64 bit mode.
		Build: linux 

	Contributors:William Norcott, Don Capps, Isom Crawford, Kirby Collins
	             Al Slater, Scott Rhine, Mike Wisner, Ken Goss
	             Steve Landherr, Brad Smith, Mark Kelly, Dr. Alain CYR,
	             Randy Dunlap, Mark Montague, Dan Million, Gavin Brebner,
	             Jean-Marc Zucconi, Jeff Blomberg, Benny Halevy, Dave Boone,
	             Erik Habbinga, Kris Strecker, Walter Wong, Joshua Root,
	             Fabrice Bacchella, Zhenghua Xue, Qin Li, Darren Sawyer,
	             Vangel Bojaxhi, Ben England, Vikentsi Lapa,
	             Alexey Skidanov, Sudhir Kumar.

	Run began: Fri Jan  1 00:03:12 2027

	Auto Mode
	Record Size 1 kB
	File size set to 4096 kB
	Command line used: ./iozone -a -r 1k -s 4m
	Output is in kBytes/sec
	Time Resolution = 0.000079 seconds.
	Processor cache size set to 1024 kBytes.
	Processor cache line size set to 32 bytes.
	File stride size set to 17 * record size.
                                                                    random    random      bkwd     record     stride                                        
              kB  reclen    write    rewrite      read    reread      read     write      read    rewrite       read    fwrite  frewrite     fread   freread
            4096       1[ext4_another] write_pages ino=3217 pages=256 total_bytes=1048576 prepare_cycles=0 commit_cycles=0 direct=true
[ext4_another] write_pages ino=3217 pages=256 total_bytes=1048576 prepare_cycles=0 commit_cycles=0 direct=true
[ext4_another] write_pages ino=3217 pages=256 total_bytes=1048576 prepare_cycles=0 commit_cycles=0 direct=true
[ext4_another] write_pages ino=3217 pages=256 total_bytes=1048576 prepare_cycles=0 commit_cycles=0 direct=true
[ext4_another] write_pages ino=3217 pages=256 total_bytes=1048576 prepare_cycles=0 commit_cycles=0 direct=false
[ext4_another] write_pages ino=3217 pages=256 total_bytes=1048576 prepare_cycles=0 commit_cycles=0 direct=false
[ext4_another] write_pages ino=3217 pages=256 total_bytes=1048576 prepare_cycles=0 commit_cycles=0 direct=false
[ext4_another] write_pages ino=3217 pages=256 total_bytes=1048576 prepare_cycles=0 commit_cycles=0 direct=false
      2301      2319      7293      7244[ext4_another] write_pages ino=3217 pages=256 total_bytes=1048576 prepare_cycles=0 commit_cycles=0 direct=false
[ext4_another] write_pages ino=3217 pages=256 total_bytes=1048576 prepare_cycles=0 commit_cycles=0 direct=false
[ext4_another] write_pages ino=3217 pages=256 total_bytes=1048576 prepare_cycles=0 commit_cycles=0 direct=false
[ext4_another] write_pages ino=3217 pages=256 total_bytes=1048576 prepare_cycles=0 commit_cycles=0 direct=false
      5407      2029      5351[ext4_another] write_pages ino=3217 pages=1 total_bytes=4096 prepare_cycles=0 commit_cycles=0 direct=false
       2048       5507[ext4_another] write_pages ino=3217 pages=256 total_bytes=1048576 prepare_cycles=0 commit_cycles=0 direct=false
[ext4_another] write_pages ino=3217 pages=256 total_bytes=1048576 prepare_cycles=0 commit_cycles=0 direct=false
[ext4_another] write_pages ino=3217 pages=256 total_bytes=1048576 prepare_cycles=0 commit_cycles=0 direct=false
[ext4_another] write_pages ino=3217 pages=256 total_bytes=1048576 prepare_cycles=0 commit_cycles=0 direct=false
[ext4_another] write_pages ino=3217 pages=256 total_bytes=1048576 prepare_cycles=0 commit_cycles=0 direct=false
[ext4_another] write_pages ino=3217 pages=256 total_bytes=1048576 prepare_cycles=0 commit_cycles=0 direct=false
[ext4_another] write_pages ino=3217 pages=256 total_bytes=1048576 prepare_cycles=0 commit_cycles=0 direct=false
[ext4_another] write_pages ino=3217 pages=256 total_bytes=1048576 prepare_cycles=0 commit_cycles=0 direct=false
      2158      2331      4750      4797

iozone test complete.
iozone throughput write/read measurements
	Iozone: Performance Test of File I/O
	        Version $Revision: 3.506 $
		Compiled for 64 bit mode.
		Build: linux 

	Contributors:William Norcott, Don Capps, Isom Crawford, Kirby Collins
	             Al Slater, Scott Rhine, Mike Wisner, Ken Goss
	             Steve Landherr, Brad Smith, Mark Kelly, Dr. Alain CYR,
	             Randy Dunlap, Mark Montague, Dan Million, Gavin Brebner,
	             Jean-Marc Zucconi, Jeff Blomberg, Benny Halevy, Dave Boone,
	             Erik Habbinga, Kris Strecker, Walter Wong, Joshua Root,
	             Fabrice Bacchella, Zhenghua Xue, Qin Li, Darren Sawyer,
	             Vangel Bojaxhi, Ben England, Vikentsi Lapa,
	             Alexey Skidanov, Sudhir Kumar.

	Run began: Fri Jan  1 00:03:33 2027

	Record Size 1 kB
	File size set to 1024 kB
	Command line used: ./iozone -t 4 -i 0 -i 1 -r 1k -s 1m
	Output is in kBytes/sec
	Time Resolution = 0.000080 seconds.
	Processor cache size set to 1024 kBytes.
	Processor cache line size set to 32 bytes.
	File stride size set to 17 * record size.
	Throughput test with 4 processes
	Each process writes a 1024 kByte file in 1 kByte records
[ext4_another] write_pages ino=3221 pages=256 total_bytes=1048576 prepare_cycles=0 commit_cycles=0 direct=true
[ext4_another] write_pages ino=3219 pages=256 total_bytes=1048576 prepare_cycles=0 commit_cycles=0 direct=true
[ext4_another] write_pages ino=3222 pages=256 total_bytes=1048576 prepare_cycles=0 commit_cycles=0 direct=true
[ext4_another] write_pages ino=3218 pages=256 total_bytes=1048576 prepare_cycles=0 commit_cycles=0 direct=true

	Children see throughput for  4 initial writers 	=    2327.95 kB/sec
	Parent sees throughput for  4 initial writers 	=    1783.18 kB/sec
	Min throughput per process 			=     537.84 kB/sec 
	Max throughput per process 			=     622.21 kB/sec
	Avg throughput per process 			=     581.99 kB/sec
	Min xfer 					=     979.00 kB
[ext4_another] write_pages ino=3219 pages=256 total_bytes=1048576 prepare_cycles=0 commit_cycles=0 direct=false
[ext4_another] write_pages ino=3222 pages=253 total_bytes=1036288 prepare_cycles=0 commit_cycles=0 direct=false
[ext4_another] write_pages ino=3218 pages=246 total_bytes=1007616 prepare_cycles=0 commit_cycles=0 direct=false
[ext4_another] write_pages ino=3221 pages=252 total_bytes=1032192 prepare_cycles=0 commit_cycles=0 direct=false

	Children see throughput for  4 rewriters 	=    2381.11 kB/sec
	Parent sees throughput for  4 rewriters 	=    1918.05 kB/sec
	Min throughput per process 			=     574.52 kB/sec 
	Max throughput per process 			=     622.16 kB/sec
	Avg throughput per process 			=     595.28 kB/sec
	Min xfer 					=     983.00 kB

	Children see throughput for  4 readers 		=    7609.54 kB/sec
	Parent sees throughput for  4 readers 		=    6718.74 kB/sec
	Min throughput per process 			=    1767.38 kB/sec 
	Max throughput per process 			=    2093.36 kB/sec
	Avg throughput per process 			=    1902.39 kB/sec
	Min xfer 					=     946.00 kB

	Children see throughput for 4 re-readers 	=    7598.56 kB/sec
	Parent sees throughput for 4 re-readers 	=    6770.12 kB/sec
	Min throughput per process 			=    1873.20 kB/sec 
	Max throughput per process 			=    1939.11 kB/sec
	Avg throughput per process 			=    1899.64 kB/sec
	Min xfer 					=    1002.00 kB



iozone test complete.
iozone throughput random-read measurements
	Iozone: Performance Test of File I/O
	        Version $Revision: 3.506 $
		Compiled for 64 bit mode.
		Build: linux 

	Contributors:William Norcott, Don Capps, Isom Crawford, Kirby Collins
	             Al Slater, Scott Rhine, Mike Wisner, Ken Goss
	             Steve Landherr, Brad Smith, Mark Kelly, Dr. Alain CYR,
	             Randy Dunlap, Mark Montague, Dan Million, Gavin Brebner,
	             Jean-Marc Zucconi, Jeff Blomberg, Benny Halevy, Dave Boone,
	             Erik Habbinga, Kris Strecker, Walter Wong, Joshua Root,
	             Fabrice Bacchella, Zhenghua Xue, Qin Li, Darren Sawyer,
	             Vangel Bojaxhi, Ben England, Vikentsi Lapa,
	             Alexey Skidanov, Sudhir Kumar.

	Run began: Fri Jan  1 00:03:55 2027

	Record Size 1 kB
	File size set to 1024 kB
	Command line used: ./iozone -t 4 -i 0 -i 2 -r 1k -s 1m
	Output is in kBytes/sec
	Time Resolution = 0.000080 seconds.
	Processor cache size set to 1024 kBytes.
	Processor cache line size set to 32 bytes.
	File stride size set to 17 * record size.
	Throughput test with 4 processes
	Each process writes a 1024 kByte file in 1 kByte records
[ext4_another] write_pages ino=3217 pages=256 total_bytes=1048576 prepare_cycles=0 commit_cycles=0 direct=true
[ext4_another] write_pages ino=3218 pages=256 total_bytes=1048576 prepare_cycles=0 commit_cycles=0 direct=true
[ext4_another] write_pages ino=168 pages=256 total_bytes=1048576 prepare_cycles=0 commit_cycles=0 direct=true
[ext4_another] write_pages ino=3219 pages=256 total_bytes=1048576 prepare_cycles=0 commit_cycles=0 direct=true

	Children see throughput for  4 initial writers 	=    2307.31 kB/sec
	Parent sees throughput for  4 initial writers 	=    1808.24 kB/sec
	Min throughput per process 			=     544.79 kB/sec 
	Max throughput per process 			=     607.05 kB/sec
	Avg throughput per process 			=     576.83 kB/sec
	Min xfer 					=     989.00 kB
[ext4_another] write_pages ino=3217 pages=256 total_bytes=1048576 prepare_cycles=0 commit_cycles=0 direct=false
[ext4_another] write_pages ino=3219 pages=252 total_bytes=1032192 prepare_cycles=0 commit_cycles=0 direct=false
[ext4_another] write_pages ino=168 pages=247 total_bytes=1011712 prepare_cycles=0 commit_cycles=0 direct=false
[ext4_another] write_pages ino=3218 pages=252 total_bytes=1032192 prepare_cycles=0 commit_cycles=0 direct=false

	Children see throughput for  4 rewriters 	=    2330.34 kB/sec
	Parent sees throughput for  4 rewriters 	=    2129.87 kB/sec
	Min throughput per process 			=     564.66 kB/sec 
	Max throughput per process 			=     606.34 kB/sec
	Avg throughput per process 			=     582.58 kB/sec
	Min xfer 					=     986.00 kB

	Children see throughput for 4 random readers 	=    5629.05 kB/sec
	Parent sees throughput for 4 random readers 	=    5126.86 kB/sec
	Min throughput per process 			=    1309.06 kB/sec 
	Max throughput per process 			=    1490.02 kB/sec
	Avg throughput per process 			=    1407.26 kB/sec
	Min xfer 					=     968.00 kB
[ext4_another] write_pages ino=3217 pages=256 total_bytes=1048576 prepare_cycles=0 commit_cycles=0 direct=false
[ext4_another] write_pages ino=3219 pages=256 total_bytes=1048576 prepare_cycles=0 commit_cycles=0 direct=false
[ext4_another] write_pages ino=3218 pages=256 total_bytes=1048576 prepare_cycles=0 commit_cycles=0 direct=false
[ext4_another] write_pages ino=168 pages=256 total_bytes=1048576 prepare_cycles=0 commit_cycles=0 direct=false

	Children see throughput for 4 random writers 	=    2103.62 kB/sec
	Parent sees throughput for 4 random writers 	=    1885.18 kB/sec
	Min throughput per process 			=     510.41 kB/sec 
	Max throughput per process 			=     542.76 kB/sec
	Avg throughput per process 			=     525.90 kB/sec
	Min xfer 					=     991.00 kB



iozone test complete.
iozone throughput read-backwards measurements
	Iozone: Performance Test of File I/O
	        Version $Revision: 3.506 $
		Compiled for 64 bit mode.
		Build: linux 

	Contributors:William Norcott, Don Capps, Isom Crawford, Kirby Collins
	             Al Slater, Scott Rhine, Mike Wisner, Ken Goss
	             Steve Landherr, Brad Smith, Mark Kelly, Dr. Alain CYR,
	             Randy Dunlap, Mark Montague, Dan Million, Gavin Brebner,
	             Jean-Marc Zucconi, Jeff Blomberg, Benny Halevy, Dave Boone,
	             Erik Habbinga, Kris Strecker, Walter Wong, Joshua Root,
	             Fabrice Bacchella, Zhenghua Xue, Qin Li, Darren Sawyer,
	             Vangel Bojaxhi, Ben England, Vikentsi Lapa,
	             Alexey Skidanov, Sudhir Kumar.

	Run began: Fri Jan  1 00:04:22 2027

	Record Size 1 kB
	File size set to 1024 kB
	Command line used: ./iozone -t 4 -i 0 -i 3 -r 1k -s 1m
	Output is in kBytes/sec
	Time Resolution = 0.000080 seconds.
	Processor cache size set to 1024 kBytes.
	Processor cache line size set to 32 bytes.
	File stride size set to 17 * record size.
	Throughput test with 4 processes
	Each process writes a 1024 kByte file in 1 kByte records
[ext4_another] write_pages ino=3217 pages=256 total_bytes=1048576 prepare_cycles=0 commit_cycles=0 direct=true
[ext4_another] write_pages ino=3218 pages=256 total_bytes=1048576 prepare_cycles=0 commit_cycles=0 direct=true
[ext4_another] write_pages ino=3219 pages=256 total_bytes=1048576 prepare_cycles=0 commit_cycles=0 direct=true
[ext4_another] write_pages ino=168 pages=256 total_bytes=1048576 prepare_cycles=0 commit_cycles=0 direct=true

	Children see throughput for  4 initial writers 	=    2273.91 kB/sec
	Parent sees throughput for  4 initial writers 	=    1643.56 kB/sec
	Min throughput per process 			=     506.38 kB/sec 
	Max throughput per process 			=     625.21 kB/sec
	Avg throughput per process 			=     568.48 kB/sec
	Min xfer 					=     989.00 kB
[ext4_another] write_pages ino=3217 pages=256 total_bytes=1048576 prepare_cycles=0 commit_cycles=0 direct=false
[ext4_another] write_pages ino=3219 pages=254 total_bytes=1040384 prepare_cycles=0 commit_cycles=0 direct=false
[ext4_another] write_pages ino=168 pages=247 total_bytes=1011712 prepare_cycles=0 commit_cycles=0 direct=false
[ext4_another] write_pages ino=3218 pages=254 total_bytes=1040384 prepare_cycles=0 commit_cycles=0 direct=false

	Children see throughput for  4 rewriters 	=    2378.93 kB/sec
	Parent sees throughput for  4 rewriters 	=    2119.74 kB/sec
	Min throughput per process 			=     571.32 kB/sec 
	Max throughput per process 			=     621.23 kB/sec
	Avg throughput per process 			=     594.73 kB/sec
	Min xfer 					=     985.00 kB

	Children see throughput for 4 reverse readers 	=    5686.53 kB/sec
	Parent sees throughput for 4 reverse readers 	=    5074.37 kB/sec
	Min throughput per process 			=    1338.38 kB/sec 
	Max throughput per process 			=    1492.95 kB/sec
	Avg throughput per process 			=    1421.63 kB/sec
	Min xfer 					=     983.00 kB



iozone test complete.
iozone throughput stride-read measurements
	Iozone: Performance Test of File I/O
	        Version $Revision: 3.506 $
		Compiled for 64 bit mode.
		Build: linux 

	Contributors:William Norcott, Don Capps, Isom Crawford, Kirby Collins
	             Al Slater, Scott Rhine, Mike Wisner, Ken Goss
	             Steve Landherr, Brad Smith, Mark Kelly, Dr. Alain CYR,
	             Randy Dunlap, Mark Montague, Dan Million, Gavin Brebner,
	             Jean-Marc Zucconi, Jeff Blomberg, Benny Halevy, Dave Boone,
	             Erik Habbinga, Kris Strecker, Walter Wong, Joshua Root,
	             Fabrice Bacchella, Zhenghua Xue, Qin Li, Darren Sawyer,
	             Vangel Bojaxhi, Ben England, Vikentsi Lapa,
	             Alexey Skidanov, Sudhir Kumar.

	Run began: Fri Jan  1 00:04:43 2027

	Record Size 1 kB
	File size set to 1024 kB
	Command line used: ./iozone -t 4 -i 0 -i 5 -r 1k -s 1m
	Output is in kBytes/sec
	Time Resolution = 0.000080 seconds.
	Processor cache size set to 1024 kBytes.
	Processor cache line size set to 32 bytes.
	File stride size set to 17 * record size.
	Throughput test with 4 processes
	Each process writes a 1024 kByte file in 1 kByte records
[ext4_another] write_pages ino=3219 pages=256 total_bytes=1048576 prepare_cycles=0 commit_cycles=0 direct=true
[ext4_another] write_pages ino=3217 pages=256 total_bytes=1048576 prepare_cycles=0 commit_cycles=0 direct=true
[ext4_another] write_pages ino=3218 pages=256 total_bytes=1048576 prepare_cycles=0 commit_cycles=0 direct=true
[ext4_another] write_pages ino=168 pages=256 total_bytes=1048576 prepare_cycles=0 commit_cycles=0 direct=true

	Children see throughput for  4 initial writers 	=    2292.66 kB/sec
	Parent sees throughput for  4 initial writers 	=    1804.85 kB/sec
	Min throughput per process 			=     542.83 kB/sec 
	Max throughput per process 			=     608.25 kB/sec
	Avg throughput per process 			=     573.16 kB/sec
	Min xfer 					=     985.00 kB
[ext4_another] write_pages ino=3218 pages=256 total_bytes=1048576 prepare_cycles=0 commit_cycles=0 direct=false
[ext4_another] write_pages ino=168 pages=246 total_bytes=1007616 prepare_cycles=0 commit_cycles=0 direct=false
[ext4_another] write_pages ino=3219 pages=251 total_bytes=1028096 prepare_cycles=0 commit_cycles=0 direct=false
[ext4_another] write_pages ino=3217 pages=256 total_bytes=1048576 prepare_cycles=0 commit_cycles=0 direct=false

	Children see throughput for  4 rewriters 	=    2410.76 kB/sec
	Parent sees throughput for  4 rewriters 	=    2153.53 kB/sec
	Min throughput per process 			=     586.21 kB/sec 
	Max throughput per process 			=     636.60 kB/sec
	Avg throughput per process 			=     602.69 kB/sec
	Min xfer 					=     980.00 kB

	Children see throughput for 4 stride readers 	=    5650.80 kB/sec
	Parent sees throughput for 4 stride readers 	=    5120.22 kB/sec
	Min throughput per process 			=    1310.13 kB/sec 
	Max throughput per process 			=    1493.53 kB/sec
	Avg throughput per process 			=    1412.70 kB/sec
	Min xfer 					=     971.00 kB



iozone test complete.
iozone throughput fwrite/fread measurements
	Iozone: Performance Test of File I/O
	        Version $Revision: 3.506 $
		Compiled for 64 bit mode.
		Build: linux 

	Contributors:William Norcott, Don Capps, Isom Crawford, Kirby Collins
	             Al Slater, Scott Rhine, Mike Wisner, Ken Goss
	             Steve Landherr, Brad Smith, Mark Kelly, Dr. Alain CYR,
	             Randy Dunlap, Mark Montague, Dan Million, Gavin Brebner,
	             Jean-Marc Zucconi, Jeff Blomberg, Benny Halevy, Dave Boone,
	             Erik Habbinga, Kris Strecker, Walter Wong, Joshua Root,
	             Fabrice Bacchella, Zhenghua Xue, Qin Li, Darren Sawyer,
	             Vangel Bojaxhi, Ben England, Vikentsi Lapa,
	             Alexey Skidanov, Sudhir Kumar.

	Run began: Fri Jan  1 00:05:03 2027

	Record Size 1 kB
	File size set to 1024 kB
	Command line used: ./iozone -t 4 -i 6 -i 7 -r 1k -s 1m
	Output is in kBytes/sec
	Time Resolution = 0.000079 seconds.
	Processor cache size set to 1024 kBytes.
	Processor cache line size set to 32 bytes.
	File stride size set to 17 * record size.
	Throughput test with 4 processes
	Each process writes a 1024 kByte file in 1 kByte records
[ext4_another] write_pages ino=3217 pages=256 total_bytes=1048576 prepare_cycles=0 commit_cycles=0 direct=true
[ext4_another] write_pages ino=3219 pages=256 total_bytes=1048576 prepare_cycles=0 commit_cycles=0 direct=true
[ext4_another] write_pages ino=3218 pages=256 total_bytes=1048576 prepare_cycles=0 commit_cycles=0 direct=true
[ext4_another] write_pages ino=168 pages=256 total_bytes=1048576 prepare_cycles=0 commit_cycles=0 direct=true

	Children see throughput for  4 fwriters 	=    2094.74 kB/sec
	Parent sees throughput for  4 fwriters 		=    1759.60 kB/sec
	Min throughput per process 			=     467.57 kB/sec 
	Max throughput per process 			=     581.09 kB/sec
	Avg throughput per process 			=     523.68 kB/sec
	Min xfer 					=    1024.00 kB

	Children see throughput for  4 freaders 	=    4763.49 kB/sec
	Parent sees throughput for  4 freaders 		=    4098.99 kB/sec
	Min throughput per process 			=    1068.01 kB/sec 
	Max throughput per process 			=    1334.87 kB/sec
	Avg throughput per process 			=    1190.87 kB/sec
	Min xfer 					=    1024.00 kB



iozone test complete.
iozone throughput pwrite/pread measurements
	Iozone: Performance Test of File I/O
	        Version $Revision: 3.506 $
		Compiled for 64 bit mode.
		Build: linux 

	Contributors:William Norcott, Don Capps, Isom Crawford, Kirby Collins
	             Al Slater, Scott Rhine, Mike Wisner, Ken Goss
	             Steve Landherr, Brad Smith, Mark Kelly, Dr. Alain CYR,
	             Randy Dunlap, Mark Montague, Dan Million, Gavin Brebner,
	             Jean-Marc Zucconi, Jeff Blomberg, Benny Halevy, Dave Boone,
	             Erik Habbinga, Kris Strecker, Walter Wong, Joshua Root,
	             Fabrice Bacchella, Zhenghua Xue, Qin Li, Darren Sawyer,
	             Vangel Bojaxhi, Ben England, Vikentsi Lapa,
	             Alexey Skidanov, Sudhir Kumar.

	Run began: Fri Jan  1 00:05:18 2027

	Record Size 1 kB
	File size set to 1024 kB
	Command line used: ./iozone -t 4 -i 9 -i 10 -r 1k -s 1m
	Output is in kBytes/sec
	Time Resolution = 0.000080 seconds.
	Processor cache size set to 1024 kBytes.
	Processor cache line size set to 32 bytes.
	File stride size set to 17 * record size.
	Throughput test with 4 processes
	Each process writes a 1024 kByte file in 1 kByte records
[ext4_another] write_pages ino=3218 pages=256 total_bytes=1048576 prepare_cycles=0 commit_cycles=0 direct=true
[ext4_another] write_pages ino=3217 pages=256 total_bytes=1048576 prepare_cycles=0 commit_cycles=0 direct=true
[ext4_another] write_pages ino=3219 pages=256 total_bytes=1048576 prepare_cycles=0 commit_cycles=0 direct=true
[ext4_another] write_pages ino=168 pages=256 total_bytes=1048576 prepare_cycles=0 commit_cycles=0 direct=true

	Children see throughput for 4 pwrite writers 	=    2262.56 kB/sec
	Parent sees throughput for 4 pwrite writers 	=    1566.55 kB/sec
	Min throughput per process 			=     500.09 kB/sec 
	Max throughput per process 			=     621.26 kB/sec
	Avg throughput per process 			=     565.64 kB/sec
	Min xfer 					=     964.00 kB

	Children see throughput for 4 pread readers 	=    8009.27 kB/sec
	Parent sees throughput for 4 pread readers 	=    6977.39 kB/sec
	Min throughput per process 			=    1865.05 kB/sec 
	Max throughput per process 			=    2109.05 kB/sec
	Avg throughput per process 			=    2002.32 kB/sec
	Min xfer 					=     985.00 kB



iozone test complete.
iozone throughtput pwritev/preadv measurements
	Iozone: Performance Test of File I/O
	        Version $Revision: 3.506 $
		Compiled for 64 bit mode.
		Build: linux 

	Contributors:William Norcott, Don Capps, Isom Crawford, Kirby Collins
	             Al Slater, Scott Rhine, Mike Wisner, Ken Goss
	             Steve Landherr, Brad Smith, Mark Kelly, Dr. Alain CYR,
	             Randy Dunlap, Mark Montague, Dan Million, Gavin Brebner,
	             Jean-Marc Zucconi, Jeff Blomberg, Benny Halevy, Dave Boone,
	             Erik Habbinga, Kris Strecker, Walter Wong, Joshua Root,
	             Fabrice Bacchella, Zhenghua Xue, Qin Li, Darren Sawyer,
	             Vangel Bojaxhi, Ben England, Vikentsi Lapa,
	             Alexey Skidanov, Sudhir Kumar.

	Run began: Fri Jan  1 00:05:38 2027

	Selected test not available on the version.
	Record Size 1 kB
	File size set to 1024 kB
	Command line used: ./iozone -t 4 -i 11 -i 12 -r 1k -s 1m
	Output is in kBytes/sec
	Time Resolution = 0.000079 seconds.
	Processor cache size set to 1024 kBytes.
	Processor cache line size set to 32 bytes.
	File stride size set to 17 * record size.
	Throughput test with 4 processes
	Each process writes a 1024 kByte file in 1 kByte records
[ext4_another] write_pages ino=3218 pages=256 total_bytes=1048576 prepare_cycles=0 commit_cycles=0 direct=true
[ext4_another] write_pages ino=3217 pages=256 total_bytes=1048576 prepare_cycles=0 commit_cycles=0 direct=true
[ext4_another] write_pages ino=3219 pages=256 total_bytes=1048576 prepare_cycles=0 commit_cycles=0 direct=true
[ext4_another] write_pages ino=168 pages=256 total_bytes=1048576 prepare_cycles=0 commit_cycles=0 direct=true

	Children see throughput for  4 initial writers 	=    2175.49 kB/sec
	Parent sees throughput for  4 initial writers 	=    1629.51 kB/sec
	Min throughput per process 			=     491.37 kB/sec 
	Max throughput per process 			=     607.67 kB/sec
	Avg throughput per process 			=     543.87 kB/sec
	Min xfer 					=     989.00 kB
[ext4_another] write_pages ino=3219 pages=256 total_bytes=1048576 prepare_cycles=0 commit_cycles=0 direct=false
[ext4_another] write_pages ino=168 pages=244 total_bytes=999424 prepare_cycles=0 commit_cycles=0 direct=false
[ext4_another] write_pages ino=3218 pages=256 total_bytes=1048576 prepare_cycles=0 commit_cycles=0 direct=false
[ext4_another] write_pages ino=3217 pages=254 total_bytes=1040384 prepare_cycles=0 commit_cycles=0 direct=false

	Children see throughput for  4 rewriters 	=    2362.62 kB/sec
	Parent sees throughput for  4 rewriters 	=    2109.50 kB/sec
	Min throughput per process 			=     569.02 kB/sec 
	Max throughput per process 			=     620.96 kB/sec
	Avg throughput per process 			=     590.65 kB/sec
	Min xfer 					=     975.00 kB



iozone test complete.
#### OS COMP TEST GROUP END iozone-musl ####
[initproc] [diag] === stats iozone-musl ===
blk_vread_reqs=80235
blk_vread_secs=643704
blk_vwrite_reqs=79013
blk_vwrite_secs=782232
journal_commit_count=126
journal_commit_bytes=3006464
device_flush_count=830
virtio_write_requests=80093
virtio_write_bytes=400502784
virtio_read_requests=80249
writeback_batch_count=77
writeback_page_count=18361
sata_read_reqs=0
sata_read_bytes=0
sata_read_ticks_total=0
sata_read_ticks_max=0
sata_write_reqs=0
sata_write_bytes=0
sata_write_ticks_total=0
sata_write_ticks_max=0
sata_flush_reqs=0
sata_flush_ticks_total=0
[initproc] [diag] === stats iozone-musl end ===
#### OS COMP TEST GROUP END iozone-musl ####
[initproc] done iozone_testcode.sh in /musl exit_code=0
#### OS COMP TEST GROUP START iozone-glibc ####
#### OS COMP TEST GROUP START iozone-glibc ####
iozone automatic measurements
	Iozone: Performance Test of File I/O
	        Version $Revision: 3.506 $
		Compiled for 64 bit mode.
		Build: linux 

	Contributors:William Norcott, Don Capps, Isom Crawford, Kirby Collins
	             Al Slater, Scott Rhine, Mike Wisner, Ken Goss
	             Steve Landherr, Brad Smith, Mark Kelly, Dr. Alain CYR,
	             Randy Dunlap, Mark Montague, Dan Million, Gavin Brebner,
	             Jean-Marc Zucconi, Jeff Blomberg, Benny Halevy, Dave Boone,
	             Erik Habbinga, Kris Strecker, Walter Wong, Joshua Root,
	             Fabrice Bacchella, Zhenghua Xue, Qin Li, Darren Sawyer,
	             Vangel Bojaxhi, Ben England, Vikentsi Lapa,
	             Alexey Skidanov, Sudhir Kumar.

	Run began: Fri Jan  1 00:05:56 2027

	Auto Mode
	Record Size 1 kB
	File size set to 4096 kB
	Command line used: ./iozone -a -r 1k -s 4m
	Output is in kBytes/sec
	Time Resolution = 0.000081 seconds.
	Processor cache size set to 1024 kBytes.
	Processor cache line size set to 32 bytes.
	File stride size set to 17 * record size.
                                                                    random    random      bkwd     record     stride                                        
              kB  reclen    write    rewrite      read    reread      read     write      read    rewrite       read    fwrite  frewrite     fread   freread
            4096       1[ext4_another] write_pages ino=3217 pages=256 total_bytes=1048576 prepare_cycles=0 commit_cycles=0 direct=true
[ext4_another] write_pages ino=3217 pages=256 total_bytes=1048576 prepare_cycles=0 commit_cycles=0 direct=true
[ext4_another] write_pages ino=3217 pages=256 total_bytes=1048576 prepare_cycles=0 commit_cycles=0 direct=true
[ext4_another] write_pages ino=3217 pages=256 total_bytes=1048576 prepare_cycles=0 commit_cycles=0 direct=true
[ext4_another] write_pages ino=3217 pages=256 total_bytes=1048576 prepare_cycles=0 commit_cycles=0 direct=false
[ext4_another] write_pages ino=3217 pages=256 total_bytes=1048576 prepare_cycles=0 commit_cycles=0 direct=false
[ext4_another] write_pages ino=3217 pages=256 total_bytes=1048576 prepare_cycles=0 commit_cycles=0 direct=false
[ext4_another] write_pages ino=3217 pages=256 total_bytes=1048576 prepare_cycles=0 commit_cycles=0 direct=false
      2351      2394      7479      7556[ext4_another] write_pages ino=3217 pages=256 total_bytes=1048576 prepare_cycles=0 commit_cycles=0 direct=false
[ext4_another] write_pages ino=3217 pages=256 total_bytes=1048576 prepare_cycles=0 commit_cycles=0 direct=false
[ext4_another] write_pages ino=3217 pages=256 total_bytes=1048576 prepare_cycles=0 commit_cycles=0 direct=false
[ext4_another] write_pages ino=3217 pages=256 total_bytes=1048576 prepare_cycles=0 commit_cycles=0 direct=false
      5596      2129      5588[ext4_another] write_pages ino=3217 pages=1 total_bytes=4096 prepare_cycles=0 commit_cycles=0 direct=false
       2112       5644[ext4_another] write_pages ino=3217 pages=256 total_bytes=1048576 prepare_cycles=0 commit_cycles=0 direct=false
[ext4_another] write_pages ino=3217 pages=256 total_bytes=1048576 prepare_cycles=0 commit_cycles=0 direct=false
[ext4_another] write_pages ino=3217 pages=256 total_bytes=1048576 prepare_cycles=0 commit_cycles=0 direct=false
[ext4_another] write_pages ino=3217 pages=256 total_bytes=1048576 prepare_cycles=0 commit_cycles=0 direct=false
[ext4_another] write_pages ino=3217 pages=256 total_bytes=1048576 prepare_cycles=0 commit_cycles=0 direct=false
[ext4_another] write_pages ino=3217 pages=256 total_bytes=1048576 prepare_cycles=0 commit_cycles=0 direct=false
[ext4_another] write_pages ino=3217 pages=256 total_bytes=1048576 prepare_cycles=0 commit_cycles=0 direct=false
[ext4_another] write_pages ino=3217 pages=256 total_bytes=1048576 prepare_cycles=0 commit_cycles=0 direct=false
      2300      2337      7233      7285

iozone test complete.
iozone throughput write/read measurements
	Iozone: Performance Test of File I/O
	        Version $Revision: 3.506 $
		Compiled for 64 bit mode.
		Build: linux 

	Contributors:William Norcott, Don Capps, Isom Crawford, Kirby Collins
	             Al Slater, Scott Rhine, Mike Wisner, Ken Goss
	             Steve Landherr, Brad Smith, Mark Kelly, Dr. Alain CYR,
	             Randy Dunlap, Mark Montague, Dan Million, Gavin Brebner,
	             Jean-Marc Zucconi, Jeff Blomberg, Benny Halevy, Dave Boone,
	             Erik Habbinga, Kris Strecker, Walter Wong, Joshua Root,
	             Fabrice Bacchella, Zhenghua Xue, Qin Li, Darren Sawyer,
	             Vangel Bojaxhi, Ben England, Vikentsi Lapa,
	             Alexey Skidanov, Sudhir Kumar.

	Run began: Fri Jan  1 00:06:17 2027

	Record Size 1 kB
	File size set to 1024 kB
	Command line used: ./iozone -t 4 -i 0 -i 1 -r 1k -s 1m
	Output is in kBytes/sec
	Time Resolution = 0.000082 seconds.
	Processor cache size set to 1024 kBytes.
	Processor cache line size set to 32 bytes.
	File stride size set to 17 * record size.
	Throughput test with 4 processes
	Each process writes a 1024 kByte file in 1 kByte records
[ext4_another] write_pages ino=3219 pages=256 total_bytes=1048576 prepare_cycles=0 commit_cycles=0 direct=true
[ext4_another] write_pages ino=3221 pages=256 total_bytes=1048576 prepare_cycles=0 commit_cycles=0 direct=true
[ext4_another] write_pages ino=3222 pages=256 total_bytes=1048576 prepare_cycles=0 commit_cycles=0 direct=true
[ext4_another] write_pages ino=3218 pages=256 total_bytes=1048576 prepare_cycles=0 commit_cycles=0 direct=true

	Children see throughput for  4 initial writers 	=    2414.51 kB/sec
	Parent sees throughput for  4 initial writers 	=    1680.10 kB/sec
	Min throughput per process 			=     563.08 kB/sec 
	Max throughput per process 			=     637.16 kB/sec
	Avg throughput per process 			=     603.63 kB/sec
	Min xfer 					=     983.00 kB
[ext4_another] write_pages ino=3221 pages=256 total_bytes=1048576 prepare_cycles=0 commit_cycles=0 direct=false
[ext4_another] write_pages ino=3218 pages=244 total_bytes=999424 prepare_cycles=0 commit_cycles=0 direct=false
[ext4_another] write_pages ino=3222 pages=250 total_bytes=1024000 prepare_cycles=0 commit_cycles=0 direct=false
[ext4_another] write_pages ino=3219 pages=256 total_bytes=1048576 prepare_cycles=0 commit_cycles=0 direct=false

	Children see throughput for  4 rewriters 	=    2296.28 kB/sec
	Parent sees throughput for  4 rewriters 	=    2076.35 kB/sec
	Min throughput per process 			=     561.19 kB/sec 
	Max throughput per process 			=     606.24 kB/sec
	Avg throughput per process 			=     574.07 kB/sec
	Min xfer 					=     975.00 kB

	Children see throughput for  4 readers 		=    7878.21 kB/sec
	Parent sees throughput for  4 readers 		=    6675.23 kB/sec
	Min throughput per process 			=    1847.87 kB/sec 
	Max throughput per process 			=    2091.95 kB/sec
	Avg throughput per process 			=    1969.55 kB/sec
	Min xfer 					=     948.00 kB

	Children see throughput for 4 re-readers 	=    7650.30 kB/sec
	Parent sees throughput for 4 re-readers 	=    6746.00 kB/sec
	Min throughput per process 			=    1810.49 kB/sec 
	Max throughput per process 			=    2097.30 kB/sec
	Avg throughput per process 			=    1912.58 kB/sec
	Min xfer 					=     968.00 kB



iozone test complete.
iozone throughput random-read measurements
	Iozone: Performance Test of File I/O
	        Version $Revision: 3.506 $
		Compiled for 64 bit mode.
		Build: linux 

	Contributors:William Norcott, Don Capps, Isom Crawford, Kirby Collins
	             Al Slater, Scott Rhine, Mike Wisner, Ken Goss
	             Steve Landherr, Brad Smith, Mark Kelly, Dr. Alain CYR,
	             Randy Dunlap, Mark Montague, Dan Million, Gavin Brebner,
	             Jean-Marc Zucconi, Jeff Blomberg, Benny Halevy, Dave Boone,
	             Erik Habbinga, Kris Strecker, Walter Wong, Joshua Root,
	             Fabrice Bacchella, Zhenghua Xue, Qin Li, Darren Sawyer,
	             Vangel Bojaxhi, Ben England, Vikentsi Lapa,
	             Alexey Skidanov, Sudhir Kumar.

	Run began: Fri Jan  1 00:06:41 2027

	Record Size 1 kB
	File size set to 1024 kB
	Command line used: ./iozone -t 4 -i 0 -i 2 -r 1k -s 1m
	Output is in kBytes/sec
	Time Resolution = 0.000082 seconds.
	Processor cache size set to 1024 kBytes.
	Processor cache line size set to 32 bytes.
	File stride size set to 17 * record size.
	Throughput test with 4 processes
	Each process writes a 1024 kByte file in 1 kByte records
[ext4_another] write_pages ino=3217 pages=256 total_bytes=1048576 prepare_cycles=0 commit_cycles=0 direct=true
[ext4_another] write_pages ino=3218 pages=256 total_bytes=1048576 prepare_cycles=0 commit_cycles=0 direct=true
[ext4_another] write_pages ino=3219 pages=256 total_bytes=1048576 prepare_cycles=0 commit_cycles=0 direct=true
[ext4_another] write_pages ino=168 pages=256 total_bytes=1048576 prepare_cycles=0 commit_cycles=0 direct=true

	Children see throughput for  4 initial writers 	=    2308.01 kB/sec
	Parent sees throughput for  4 initial writers 	=    1617.82 kB/sec
	Min throughput per process 			=     535.81 kB/sec 
	Max throughput per process 			=     609.32 kB/sec
	Avg throughput per process 			=     577.00 kB/sec
	Min xfer 					=     984.00 kB
[ext4_another] write_pages ino=3217 pages=256 total_bytes=1048576 prepare_cycles=0 commit_cycles=0 direct=false
[ext4_another] write_pages ino=3219 pages=255 total_bytes=1044480 prepare_cycles=0 commit_cycles=0 direct=false
[ext4_another] write_pages ino=168 pages=244 total_bytes=999424 prepare_cycles=0 commit_cycles=0 direct=false
[ext4_another] write_pages ino=3218 pages=254 total_bytes=1040384 prepare_cycles=0 commit_cycles=0 direct=false

	Children see throughput for  4 rewriters 	=    2224.57 kB/sec
	Parent sees throughput for  4 rewriters 	=    1975.60 kB/sec
	Min throughput per process 			=     531.97 kB/sec 
	Max throughput per process 			=     581.17 kB/sec
	Avg throughput per process 			=     556.14 kB/sec
	Min xfer 					=     974.00 kB

	Children see throughput for 4 random readers 	=    5737.22 kB/sec
	Parent sees throughput for 4 random readers 	=    4932.91 kB/sec
	Min throughput per process 			=    1375.60 kB/sec 
	Max throughput per process 			=    1491.14 kB/sec
	Avg throughput per process 			=    1434.30 kB/sec
	Min xfer 					=     976.00 kB
[ext4_another] write_pages ino=3217 pages=256 total_bytes=1048576 prepare_cycles=0 commit_cycles=0 direct=false
[ext4_another] write_pages ino=3219 pages=256 total_bytes=1048576 prepare_cycles=0 commit_cycles=0 direct=false
[ext4_another] write_pages ino=3218 pages=256 total_bytes=1048576 prepare_cycles=0 commit_cycles=0 direct=false
[ext4_another] write_pages ino=168 pages=256 total_bytes=1048576 prepare_cycles=0 commit_cycles=0 direct=false

	Children see throughput for 4 random writers 	=    2083.32 kB/sec
	Parent sees throughput for 4 random writers 	=    1843.96 kB/sec
	Min throughput per process 			=     502.99 kB/sec 
	Max throughput per process 			=     543.10 kB/sec
	Avg throughput per process 			=     520.83 kB/sec
	Min xfer 					=     984.00 kB



iozone test complete.
iozone throughput read-backwards measurements
	Iozone: Performance Test of File I/O
	        Version $Revision: 3.506 $
		Compiled for 64 bit mode.
		Build: linux 

	Contributors:William Norcott, Don Capps, Isom Crawford, Kirby Collins
	             Al Slater, Scott Rhine, Mike Wisner, Ken Goss
	             Steve Landherr, Brad Smith, Mark Kelly, Dr. Alain CYR,
	             Randy Dunlap, Mark Montague, Dan Million, Gavin Brebner,
	             Jean-Marc Zucconi, Jeff Blomberg, Benny Halevy, Dave Boone,
	             Erik Habbinga, Kris Strecker, Walter Wong, Joshua Root,
	             Fabrice Bacchella, Zhenghua Xue, Qin Li, Darren Sawyer,
	             Vangel Bojaxhi, Ben England, Vikentsi Lapa,
	             Alexey Skidanov, Sudhir Kumar.

	Run began: Fri Jan  1 00:07:11 2027

	Record Size 1 kB
	File size set to 1024 kB
	Command line used: ./iozone -t 4 -i 0 -i 3 -r 1k -s 1m
	Output is in kBytes/sec
	Time Resolution = 0.000082 seconds.
	Processor cache size set to 1024 kBytes.
	Processor cache line size set to 32 bytes.
	File stride size set to 17 * record size.
	Throughput test with 4 processes
	Each process writes a 1024 kByte file in 1 kByte records
[ext4_another] write_pages ino=3217 pages=256 total_bytes=1048576 prepare_cycles=0 commit_cycles=0 direct=true
[ext4_another] write_pages ino=3218 pages=256 total_bytes=1048576 prepare_cycles=0 commit_cycles=0 direct=true
[ext4_another] write_pages ino=3219 pages=256 total_bytes=1048576 prepare_cycles=0 commit_cycles=0 direct=true
[ext4_another] write_pages ino=168 pages=256 total_bytes=1048576 prepare_cycles=0 commit_cycles=0 direct=true

	Children see throughput for  4 initial writers 	=    2093.31 kB/sec
	Parent sees throughput for  4 initial writers 	=    1581.91 kB/sec
	Min throughput per process 			=     479.11 kB/sec 
	Max throughput per process 			=     579.74 kB/sec
	Avg throughput per process 			=     523.33 kB/sec
	Min xfer 					=     983.00 kB
[ext4_another] write_pages ino=3217 pages=256 total_bytes=1048576 prepare_cycles=0 commit_cycles=0 direct=false
[ext4_another] write_pages ino=3219 pages=253 total_bytes=1036288 prepare_cycles=0 commit_cycles=0 direct=false
[ext4_another] write_pages ino=168 pages=246 total_bytes=1007616 prepare_cycles=0 commit_cycles=0 direct=false
[ext4_another] write_pages ino=3218 pages=254 total_bytes=1040384 prepare_cycles=0 commit_cycles=0 direct=false

	Children see throughput for  4 rewriters 	=    2323.62 kB/sec
	Parent sees throughput for  4 rewriters 	=    2060.08 kB/sec
	Min throughput per process 			=     558.97 kB/sec 
	Max throughput per process 			=     606.57 kB/sec
	Avg throughput per process 			=     580.90 kB/sec
	Min xfer 					=     981.00 kB

	Children see throughput for 4 reverse readers 	=    5690.58 kB/sec
	Parent sees throughput for 4 reverse readers 	=    4969.69 kB/sec
	Min throughput per process 			=    1344.32 kB/sec 
	Max throughput per process 			=    1490.16 kB/sec
	Avg throughput per process 			=    1422.65 kB/sec
	Min xfer 					=     986.00 kB



iozone test complete.
iozone throughput stride-read measurements
	Iozone: Performance Test of File I/O
	        Version $Revision: 3.506 $
		Compiled for 64 bit mode.
		Build: linux 

	Contributors:William Norcott, Don Capps, Isom Crawford, Kirby Collins
	             Al Slater, Scott Rhine, Mike Wisner, Ken Goss
	             Steve Landherr, Brad Smith, Mark Kelly, Dr. Alain CYR,
	             Randy Dunlap, Mark Montague, Dan Million, Gavin Brebner,
	             Jean-Marc Zucconi, Jeff Blomberg, Benny Halevy, Dave Boone,
	             Erik Habbinga, Kris Strecker, Walter Wong, Joshua Root,
	             Fabrice Bacchella, Zhenghua Xue, Qin Li, Darren Sawyer,
	             Vangel Bojaxhi, Ben England, Vikentsi Lapa,
	             Alexey Skidanov, Sudhir Kumar.

	Run began: Fri Jan  1 00:07:35 2027

	Record Size 1 kB
	File size set to 1024 kB
	Command line used: ./iozone -t 4 -i 0 -i 5 -r 1k -s 1m
	Output is in kBytes/sec
	Time Resolution = 0.000082 seconds.
	Processor cache size set to 1024 kBytes.
	Processor cache line size set to 32 bytes.
	File stride size set to 17 * record size.
	Throughput test with 4 processes
	Each process writes a 1024 kByte file in 1 kByte records
[ext4_another] write_pages ino=3217 pages=256 total_bytes=1048576 prepare_cycles=0 commit_cycles=0 direct=true
[ext4_another] write_pages ino=3218 pages=256 total_bytes=1048576 prepare_cycles=0 commit_cycles=0 direct=true
[ext4_another] write_pages ino=168 pages=256 total_bytes=1048576 prepare_cycles=0 commit_cycles=0 direct=true
[ext4_another] write_pages ino=3219 pages=256 total_bytes=1048576 prepare_cycles=0 commit_cycles=0 direct=true

	Children see throughput for  4 initial writers 	=    2153.18 kB/sec
	Parent sees throughput for  4 initial writers 	=    1492.73 kB/sec
	Min throughput per process 			=     474.90 kB/sec 
	Max throughput per process 			=     608.64 kB/sec
	Avg throughput per process 			=     538.29 kB/sec
	Min xfer 					=     987.00 kB
[ext4_another] write_pages ino=3219 pages=256 total_bytes=1048576 prepare_cycles=0 commit_cycles=0 direct=false
[ext4_another] write_pages ino=168 pages=242 total_bytes=991232 prepare_cycles=0 commit_cycles=0 direct=false
[ext4_another] write_pages ino=3218 pages=256 total_bytes=1048576 prepare_cycles=0 commit_cycles=0 direct=false
[ext4_another] write_pages ino=3217 pages=255 total_bytes=1044480 prepare_cycles=0 commit_cycles=0 direct=false

	Children see throughput for  4 rewriters 	=    2293.90 kB/sec
	Parent sees throughput for  4 rewriters 	=    2063.78 kB/sec
	Min throughput per process 			=     551.53 kB/sec 
	Max throughput per process 			=     606.23 kB/sec
	Avg throughput per process 			=     573.48 kB/sec
	Min xfer 					=     964.00 kB

	Children see throughput for 4 stride readers 	=    5782.97 kB/sec
	Parent sees throughput for 4 stride readers 	=    5181.36 kB/sec
	Min throughput per process 			=    1378.93 kB/sec 
	Max throughput per process 			=    1495.01 kB/sec
	Avg throughput per process 			=    1445.74 kB/sec
	Min xfer 					=     993.00 kB



iozone test complete.
iozone throughput fwrite/fread measurements
	Iozone: Performance Test of File I/O
	        Version $Revision: 3.506 $
		Compiled for 64 bit mode.
		Build: linux 

	Contributors:William Norcott, Don Capps, Isom Crawford, Kirby Collins
	             Al Slater, Scott Rhine, Mike Wisner, Ken Goss
	             Steve Landherr, Brad Smith, Mark Kelly, Dr. Alain CYR,
	             Randy Dunlap, Mark Montague, Dan Million, Gavin Brebner,
	             Jean-Marc Zucconi, Jeff Blomberg, Benny Halevy, Dave Boone,
	             Erik Habbinga, Kris Strecker, Walter Wong, Joshua Root,
	             Fabrice Bacchella, Zhenghua Xue, Qin Li, Darren Sawyer,
	             Vangel Bojaxhi, Ben England, Vikentsi Lapa,
	             Alexey Skidanov, Sudhir Kumar.

	Run began: Fri Jan  1 00:07:59 2027

	Record Size 1 kB
	File size set to 1024 kB
	Command line used: ./iozone -t 4 -i 6 -i 7 -r 1k -s 1m
	Output is in kBytes/sec
	Time Resolution = 0.000082 seconds.
	Processor cache size set to 1024 kBytes.
	Processor cache line size set to 32 bytes.
	File stride size set to 17 * record size.
	Throughput test with 4 processes
	Each process writes a 1024 kByte file in 1 kByte records
[ext4_another] write_pages ino=3217 pages=256 total_bytes=1048576 prepare_cycles=0 commit_cycles=0 direct=true
[ext4_another] write_pages ino=3218 pages=256 total_bytes=1048576 prepare_cycles=0 commit_cycles=0 direct=true
[ext4_another] write_pages ino=3219 pages=256 total_bytes=1048576 prepare_cycles=0 commit_cycles=0 direct=true
[ext4_another] write_pages ino=168 pages=256 total_bytes=1048576 prepare_cycles=0 commit_cycles=0 direct=true

	Children see throughput for  4 fwriters 	=    2135.77 kB/sec
	Parent sees throughput for  4 fwriters 		=    1728.51 kB/sec
	Min throughput per process 			=     463.47 kB/sec 
	Max throughput per process 			=     608.10 kB/sec
	Avg throughput per process 			=     533.94 kB/sec
	Min xfer 					=    1024.00 kB

	Children see throughput for  4 freaders 	=    7559.38 kB/sec
	Parent sees throughput for  4 freaders 		=    6922.91 kB/sec
	Min throughput per process 			=    1826.18 kB/sec 
	Max throughput per process 			=    1952.01 kB/sec
	Avg throughput per process 			=    1889.84 kB/sec
	Min xfer 					=    1024.00 kB



iozone test complete.
iozone throughput pwrite/pread measurements
	Iozone: Performance Test of File I/O
	        Version $Revision: 3.506 $
		Compiled for 64 bit mode.
		Build: linux 

	Contributors:William Norcott, Don Capps, Isom Crawford, Kirby Collins
	             Al Slater, Scott Rhine, Mike Wisner, Ken Goss
	             Steve Landherr, Brad Smith, Mark Kelly, Dr. Alain CYR,
	             Randy Dunlap, Mark Montague, Dan Million, Gavin Brebner,
	             Jean-Marc Zucconi, Jeff Blomberg, Benny Halevy, Dave Boone,
	             Erik Habbinga, Kris Strecker, Walter Wong, Joshua Root,
	             Fabrice Bacchella, Zhenghua Xue, Qin Li, Darren Sawyer,
	             Vangel Bojaxhi, Ben England, Vikentsi Lapa,
	             Alexey Skidanov, Sudhir Kumar.

	Run began: Fri Jan  1 00:08:16 2027

	Record Size 1 kB
	File size set to 1024 kB
	Command line used: ./iozone -t 4 -i 9 -i 10 -r 1k -s 1m
	Output is in kBytes/sec
	Time Resolution = 0.000082 seconds.
	Processor cache size set to 1024 kBytes.
	Processor cache line size set to 32 bytes.
	File stride size set to 17 * record size.
	Throughput test with 4 processes
	Each process writes a 1024 kByte file in 1 kByte records
[ext4_another] write_pages ino=3217 pages=256 total_bytes=1048576 prepare_cycles=0 commit_cycles=0 direct=true
[ext4_another] write_pages ino=3218 pages=256 total_bytes=1048576 prepare_cycles=0 commit_cycles=0 direct=true
[ext4_another] write_pages ino=168 pages=256 total_bytes=1048576 prepare_cycles=0 commit_cycles=0 direct=true
[ext4_another] write_pages ino=3219 pages=256 total_bytes=1048576 prepare_cycles=0 commit_cycles=0 direct=true

	Children see throughput for 4 pwrite writers 	=    2367.94 kB/sec
	Parent sees throughput for 4 pwrite writers 	=    1679.21 kB/sec
	Min throughput per process 			=     542.01 kB/sec 
	Max throughput per process 			=     637.32 kB/sec
	Avg throughput per process 			=     591.98 kB/sec
	Min xfer 					=     989.00 kB

	Children see throughput for 4 pread readers 	=    8056.37 kB/sec
	Parent sees throughput for 4 pread readers 	=    6841.16 kB/sec
	Min throughput per process 			=    1911.72 kB/sec 
	Max throughput per process 			=    2113.30 kB/sec
	Avg throughput per process 			=    2014.09 kB/sec
	Min xfer 					=     977.00 kB



iozone test complete.
iozone throughtput pwritev/preadv measurements
	Iozone: Performance Test of File I/O
	        Version $Revision: 3.506 $
		Compiled for 64 bit mode.
		Build: linux 

	Contributors:William Norcott, Don Capps, Isom Crawford, Kirby Collins
	             Al Slater, Scott Rhine, Mike Wisner, Ken Goss
	             Steve Landherr, Brad Smith, Mark Kelly, Dr. Alain CYR,
	             Randy Dunlap, Mark Montague, Dan Million, Gavin Brebner,
	             Jean-Marc Zucconi, Jeff Blomberg, Benny Halevy, Dave Boone,
	             Erik Habbinga, Kris Strecker, Walter Wong, Joshua Root,
	             Fabrice Bacchella, Zhenghua Xue, Qin Li, Darren Sawyer,
	             Vangel Bojaxhi, Ben England, Vikentsi Lapa,
	             Alexey Skidanov, Sudhir Kumar.

	Run began: Fri Jan  1 00:08:37 2027

	Selected test not available on the version.
	Record Size 1 kB
	File size set to 1024 kB
	Command line used: ./iozone -t 4 -i 11 -i 12 -r 1k -s 1m
	Output is in kBytes/sec
	Time Resolution = 0.000082 seconds.
	Processor cache size set to 1024 kBytes.
	Processor cache line size set to 32 bytes.
	File stride size set to 17 * record size.
	Throughput test with 4 processes
	Each process writes a 1024 kByte file in 1 kByte records
[ext4_another] write_pages ino=3217 pages=256 total_bytes=1048576 prepare_cycles=0 commit_cycles=0 direct=true
[ext4_another] write_pages ino=3219 pages=256 total_bytes=1048576 prepare_cycles=0 commit_cycles=0 direct=true
[ext4_another] write_pages ino=3218 pages=256 total_bytes=1048576 prepare_cycles=0 commit_cycles=0 direct=true
[ext4_another] write_pages ino=168 pages=256 total_bytes=1048576 prepare_cycles=0 commit_cycles=0 direct=true

	Children see throughput for  4 initial writers 	=    2325.24 kB/sec
	Parent sees throughput for  4 initial writers 	=    1658.44 kB/sec
	Min throughput per process 			=     543.87 kB/sec 
	Max throughput per process 			=     622.88 kB/sec
	Avg throughput per process 			=     581.31 kB/sec
	Min xfer 					=     970.00 kB
[ext4_another] write_pages ino=3217 pages=256 total_bytes=1048576 prepare_cycles=0 commit_cycles=0 direct=false
[ext4_another] write_pages ino=3219 pages=243 total_bytes=995328 prepare_cycles=0 commit_cycles=0 direct=false
[ext4_another] write_pages ino=168 pages=243 total_bytes=995328 prepare_cycles=0 commit_cycles=0 direct=false
[ext4_another] write_pages ino=3218 pages=246 total_bytes=1007616 prepare_cycles=0 commit_cycles=0 direct=false

	Children see throughput for  4 rewriters 	=    2228.52 kB/sec
	Parent sees throughput for  4 rewriters 	=    1987.78 kB/sec
	Min throughput per process 			=     534.90 kB/sec 
	Max throughput per process 			=     593.72 kB/sec
	Avg throughput per process 			=     557.13 kB/sec
	Min xfer 					=     968.00 kB



iozone test complete.
#### OS COMP TEST GROUP END iozone-glibc ####
[initproc] [diag] === stats iozone-glibc ===
blk_vread_reqs=80187
blk_vread_secs=642200
blk_vwrite_reqs=78861
blk_vwrite_secs=780568
journal_commit_count=118
journal_commit_bytes=2805760
device_flush_count=806
virtio_write_requests=79941
virtio_write_bytes=399650816
virtio_read_requests=80191
writeback_batch_count=73
writeback_page_count=18334
sata_read_reqs=0
sata_read_bytes=0
sata_read_ticks_total=0
sata_read_ticks_max=0
sata_write_reqs=0
sata_write_bytes=0
sata_write_ticks_total=0
sata_write_ticks_max=0
sata_flush_reqs=0
sata_flush_ticks_total=0
[initproc] [diag] === stats iozone-glibc end ===
#### OS COMP TEST GROUP END iozone-glibc ####
[initproc] done iozone_testcode.sh in /glibc exit_code=0
[initproc] skip libcbench (mask bit7 not set)
[initproc] skip netperf (mask bit9 not set)
[initproc] skip iperf (mask bit6 not set)
[initproc] skip libctest (mask bit3 not set)
[initproc] skip cyclictest (mask bit10 not set)
[initproc] skip ltp (mask bit11 not set)
[initproc] skip cpython (mask bit12 not set)
[initproc] skip unixbench (mask bit5 not set)
[initproc] run_selected_groups done
