make: Entering directory '/app/os'
Rust toolchain preflight passed: nightly-2026-05-10
[kernel] UART address: 0x1fe001e0
[bootstrap_init] address bits: hardware VALEN=48 PALEN=48, build VALEN=48 PALEN=48
[bootstrap_init] PRCfg1 { SAVE reg. number: 8, Timer bits: 48, max vector entry spacing: 7 }
[firmware] Using static memory configuration (no DTB or FDT parse failed)
[kernel] logger inited, level= Off
[kernel] Boot protocol: LoongArchLegacy, hart_id=1, dtb_paddr=0x0
[kernel] Console initialized.
[memory] 127683 usable physical frames across 1 region(s)
[memory] region0: [0x90d3d000, 0xb0000000) frames=127683
.text [0x80000000, 0x802da000)
.rodata [0x802da000, 0x802fa000)
.data [0x8034f000, 0x80c2b000)
.bss [0x80c2b000, 0x90d3d000)
mapping .text section
mapping .rodata section
mapping .data section
mapping .bss section
mapping physical memory region
mapping memory-mapped registers
[kernel] Hello, world!
[get_timer_freq_first_time] clk freq: 100000000(from CPUCFG)
[machine_init] address bits: hardware VALEN=48 PALEN=48, build VALEN=48 PALEN=48
[CPUCFG 0x0] 1359888
[CPUCFG 0x1] 66253566
[CPUCFG 0x2] 6340815
[CPUCFG 0x3] 0
[CPUCFG 0x4] 100000000
[CPUCFG 0x5] 65537
[CPUCFG 0x6] 0
[CPUCFG 0x10] 11325
[CPUCFG 0x11] 101187587
[CPUCFG 0x12] 101187587
[CPUCFG 0x13] 101187599
[CPUCFG 0x14] 101580815
Misc { 32-bit addr plv(1,2,3):: false,false,false, rdtime allowed for plv(1,2,3):: false,false,false, Disable dirty bit check for plv(0,1,2):: false,false,false, Misalignment check for plv(0,1,2,4):: false,false,false,false }
RVACfg { rbits: 0 }
[machine_init] MMAP_BASE: 0xffffff8000000000
[PCI] ECAM base: 0x20000000
[PCI] Device DeviceFunction { bus: 0, device: 0, function: 0 }: vendor=0x1b36 device=0x8
[PCI] Device DeviceFunction { bus: 0, device: 1, function: 0 }: vendor=0x1af4 device=0x1001
[PCI] VirtIO device: Block
[PCI] Device DeviceFunction { bus: 0, device: 2, function: 0 }: vendor=0x1af4 device=0x1001
[PCI] VirtIO device: Block
[PCI] Device DeviceFunction { bus: 0, device: 3, function: 0 }: vendor=0x1af4 device=0x1000
[PCI] VirtIO device: Network
[kernel] PRNG init warning: Entropy(DeviceUnavailable)
[memory] reclaimed linker frames: [0x8034f000, 0x80c15000) frames=2246
[initramfs] unpacked: files=39 dirs=23 symlinks=1 bytes=9192669
[initramfs] VFS_ROOT initialized (ramfs + cpio unpack + dev/proc/tmp)
[PCI] ECAM base: 0x20000000
[PCI] Device DeviceFunction { bus: 0, device: 0, function: 0 }: vendor=0x1b36 device=0x8
[PCI] Device DeviceFunction { bus: 0, device: 1, function: 0 }: vendor=0x1af4 device=0x1001
[PCI] VirtIO device: Block
[PCI] Device DeviceFunction { bus: 0, device: 2, function: 0 }: vendor=0x1af4 device=0x1001
[PCI] VirtIO device: Block
[PCI] Device DeviceFunction { bus: 0, device: 3, function: 0 }: vendor=0x1af4 device=0x1000
[PCI] VirtIO device: Network
[PCI] Configuring BARs...
[PCI] BAR1: Width32, addr=0x0, size=0x1000
[PCI] BAR4: Width64, addr=0x0, size=0x4000
[PCI] BAR4 is 64-bit
[PCI] Device enabled.
[PCI] ECAM base: 0x20000000
[PCI] Device DeviceFunction { bus: 0, device: 0, function: 0 }: vendor=0x1b36 device=0x8
[PCI] Device DeviceFunction { bus: 0, device: 1, function: 0 }: vendor=0x1af4 device=0x1001
[PCI] VirtIO device: Block
[PCI] Configuring BARs...
[PCI] BAR1: Width32, addr=0x0, size=0x1000
[PCI] BAR4: Width64, addr=0x0, size=0x4000
[PCI] BAR4 is 64-bit
[PCI] Device enabled.
[PCI] Device DeviceFunction { bus: 0, device: 2, function: 0 }: vendor=0x1af4 device=0x1001
[PCI] VirtIO device: Block
[PCI] Configuring BARs...
[PCI] BAR1: Width32, addr=0x0, size=0x1000
[PCI] BAR4: Width64, addr=0x0, size=0x4000
[PCI] BAR4 is 64-bit
[PCI] Device enabled.
[PCI] Device DeviceFunction { bus: 0, device: 3, function: 0 }: vendor=0x1af4 device=0x1000
[PCI] VirtIO device: Network
[kernel] block device 0: official fs (DeviceFunction { bus: 0, device: 1, function: 0 })
[kernel] block device 1: tools disk (DeviceFunction { bus: 0, device: 2, function: 0 })
[mbr] registered /dev/vdb1 (type=0x83, size=2048M)
[mbr] registered /dev/vdb2 (type=0xc, size=1280M)
[ext4] backend: another_ext4
[kernel] root device mounted at sdcard
[mbr] registered /dev/vdb1 (type=0x83, size=2048M)
[mbr] registered /dev/vdb2 (type=0xc, size=1280M)
[ext4] backend: another_ext4
[kernel] tools disk (vdb1) mounted at tools
[kernel] net interface initialized (RoutingDevice: lo + eth)
[init] pseudo-fs mount framework ready
[init] /tmp is bind-mounted from ext4 /sdcard/tmp
[init] /etc is bind-mounted from tools disk
[init] bind mount /tools/bin -> /bin
[init] bind mount /tools/sbin -> /sbin
[init] bind mount /tools/lib -> /lib
[init] bind mount /tools/usr -> /usr
[init] bind mount /tools/root -> /root: skipped (errno=2)
[init] PID1 profile=normal runner=/test-runner
[test-runner] synchronizing clock
[initproc] config source=/sdcard/os_test.conf mode=run mask=0x110 timer_smoke=false skip_apk=true
[initproc] ensuring base directories...
[initproc] runtime layout ready
[initproc] linking musl/glibc libs to /lib ...
[initproc] lib linking done, exit=0
[initproc] prepare lmbench compatibility ...
[initproc] lmbench compatibility done, exit=0
[initproc] install libgcc_s: already exists, skipping
[initproc] skip_apk=true: skipping install_apk_packages
[initproc] run_selected_groups start mask=0x110
[initproc] skip basic (mask bit0 not set)
[initproc] skip busybox (mask bit1 not set)
[initproc] skip lua (mask bit2 not set)
#### OS COMP TEST GROUP START lmbench-musl ####
#### OS COMP TEST GROUP START lmbench-musl ####
latency measurements
Simple syscall: 4.2713 microseconds
Simple read: 47.5508 microseconds
Simple write: 4.8981 microseconds
Simple stat: 138.0000 microseconds
Simple fstat: 59.5870 microseconds
Simple open/close: 71.3500 microseconds
Select on 100 fd's: 158.1892 microseconds
Signal handler installation: 53.3069 microseconds
Signal handler overhead: 142.5500 microseconds
Protection fault: 1.6750 microseconds
Pipe latency: 451.9604 microseconds
Process fork+exit: 5929.0000 microseconds
Process fork+execve: 6448.0000 microseconds
Process fork+/bin/sh -c: 1108262.0000 microseconds
File /var/tmp/XXX write bandwidth:4444 KB/sec
Pagefaults on /var/tmp/XXX: 74.5820 microseconds
0.524288 394
file system latency
0k	33	6377	4802
1k	26	4447	4820
4k	22	4068	4882
10k	16	2896	4745
Bandwidth measurements
Pipe bandwidth: 33.61 MB/sec
0.524288 58.74
0.524288 57.91
0.524288 3279.43
0.524288 56.53
context switch overhead

"size=32k ovr=102.18
2 177.72
4 167.92
8 177.32
16 175.10
24 182.45
32 177.98
64 179.92
96 179.23
#### OS COMP TEST GROUP END lmbench-musl ####
#### OS COMP TEST GROUP END lmbench-musl ####
[initproc] done lmbench_testcode.sh in /musl exit_code=0
#### OS COMP TEST GROUP START lmbench-glibc ####
#### OS COMP TEST GROUP START lmbench-glibc ####
latency measurements
Simple syscall: 4.4956 microseconds
Simple read: 45.1167 microseconds
Simple write: 4.6739 microseconds
Simple stat: 137.0250 microseconds
Simple fstat: 61.7692 microseconds
Simple open/close: 76.9867 microseconds
Select on 100 fd's: 148.7949 microseconds
Signal handler installation: 51.3939 microseconds
Signal handler overhead: 135.5500 microseconds
Protection fault: 10.8537 microseconds
Pipe latency: 459.0005 microseconds
Process fork+exit: 9814.0000 microseconds
Process fork+execve: 10082.0000 microseconds
Process fork+/bin/sh -c: 1108328.0000 microseconds
File /var/tmp/XXX write bandwidth:56318 KB/sec
Pagefaults on /var/tmp/XXX: 73.9922 microseconds
0.524288 393
file system latency
0k	33	5963	4868
1k	23	4377	4796
4k	22	3763	5154
10k	16	2918	5071
Bandwidth measurements
Pipe bandwidth: 32.92 MB/sec
0.524288 58.66
0.524288 55.05
0.524288 3319.36
0.524288 54.48
context switch overhead

"size=32k ovr=106.94
2 168.92
4 164.47
8 171.14
16 165.68
24 161.26
32 169.49
64 163.35
96 168.51
#### OS COMP TEST GROUP END lmbench-glibc ####
#### OS COMP TEST GROUP END lmbench-glibc ####
[initproc] done lmbench_testcode.sh in /glibc exit_code=0
#### OS COMP TEST GROUP START iozone-musl ####
#### OS COMP TEST GROUP START iozone-musl ####
iozone automatic measurements
	Iozone: Performance Test of File I/O
	        Version $Revision: 3.506 $
		Compiled for 64 bit mode.
		Build: linux 

	Contributors:William Norcott, Don Capps, Isom Crawford, Kirby Collins
	             Al Slater, Scott Rhine, Mike Wisner, Ken Goss
	             Steve Landherr, Brad Smith, Mark Kelly, Dr. Alain CYR,
	             Randy Dunlap, Mark Montague, Dan Million, Gavin Brebner,
	             Jean-Marc Zucconi, Jeff Blomberg, Benny Halevy, Dave Boone,
	             Erik Habbinga, Kris Strecker, Walter Wong, Joshua Root,
	             Fabrice Bacchella, Zhenghua Xue, Qin Li, Darren Sawyer,
	             Vangel Bojaxhi, Ben England, Vikentsi Lapa,
	             Alexey Skidanov, Sudhir Kumar.

	Run began: Fri Jan  1 00:03:15 2027

	Auto Mode
	Record Size 1 kB
	File size set to 4096 kB
	Command line used: ./iozone -a -r 1k -s 4m
	Output is in kBytes/sec
	Time Resolution = 0.000045 seconds.
	Processor cache size set to 1024 kBytes.
	Processor cache line size set to 32 bytes.
	File stride size set to 17 * record size.
                                                                    random    random      bkwd     record     stride                                        
              kB  reclen    write    rewrite      read    reread      read     write      read    rewrite       read    fwrite  frewrite     fread   freread
            4096       1fsync: Resource temporarily unavailable

iozone: interrupted

exiting iozone

iozone throughput write/read measurements
	Iozone: Performance Test of File I/O
	        Version $Revision: 3.506 $
		Compiled for 64 bit mode.
		Build: linux 

	Contributors:William Norcott, Don Capps, Isom Crawford, Kirby Collins
	             Al Slater, Scott Rhine, Mike Wisner, Ken Goss
	             Steve Landherr, Brad Smith, Mark Kelly, Dr. Alain CYR,
	             Randy Dunlap, Mark Montague, Dan Million, Gavin Brebner,
	             Jean-Marc Zucconi, Jeff Blomberg, Benny Halevy, Dave Boone,
	             Erik Habbinga, Kris Strecker, Walter Wong, Joshua Root,
	             Fabrice Bacchella, Zhenghua Xue, Qin Li, Darren Sawyer,
	             Vangel Bojaxhi, Ben England, Vikentsi Lapa,
	             Alexey Skidanov, Sudhir Kumar.

	Run began: Fri Jan  1 00:03:18 2027

	Record Size 1 kB
	File size set to 1024 kB
	Command line used: ./iozone -t 4 -i 0 -i 1 -r 1k -s 1m
	Output is in kBytes/sec
	Time Resolution = 0.000046 seconds.
	Processor cache size set to 1024 kBytes.
	Processor cache line size set to 32 bytes.
	File stride size set to 17 * record size.
	Throughput test with 4 processes
	Each process writes a 1024 kByte file in 1 kByte records

	Children see throughput for  4 initial writers 	=    2265.43 kB/sec
	Parent sees throughput for  4 initial writers 	=    2201.25 kB/sec
	Min throughput per process 			=     552.23 kB/sec 
	Max throughput per process 			=     578.92 kB/sec
	Avg throughput per process 			=     566.36 kB/sec
	Min xfer 					=     993.00 kB

	Children see throughput for  4 rewriters 	=    2277.56 kB/sec
	Parent sees throughput for  4 rewriters 	=    2244.75 kB/sec
	Min throughput per process 			=     560.76 kB/sec 
	Max throughput per process 			=     579.16 kB/sec
	Avg throughput per process 			=     569.39 kB/sec
	Min xfer 					=    1001.00 kB

	Children see throughput for  4 readers 		=   11924.55 kB/sec
	Parent sees throughput for  4 readers 		=   11105.90 kB/sec
	Min throughput per process 			=    2889.80 kB/sec 
	Max throughput per process 			=    3131.52 kB/sec
	Avg throughput per process 			=    2981.14 kB/sec
	Min xfer 					=     929.00 kB

	Children see throughput for 4 re-readers 	=   11943.37 kB/sec
	Parent sees throughput for 4 re-readers 	=   11127.49 kB/sec
	Min throughput per process 			=    2922.71 kB/sec 
	Max throughput per process 			=    3131.33 kB/sec
	Avg throughput per process 			=    2985.84 kB/sec
	Min xfer 					=     929.00 kB



iozone test complete.
iozone throughput random-read measurements
	Iozone: Performance Test of File I/O
	        Version $Revision: 3.506 $
		Compiled for 64 bit mode.
		Build: linux 

	Contributors:William Norcott, Don Capps, Isom Crawford, Kirby Collins
	             Al Slater, Scott Rhine, Mike Wisner, Ken Goss
	             Steve Landherr, Brad Smith, Mark Kelly, Dr. Alain CYR,
	             Randy Dunlap, Mark Montague, Dan Million, Gavin Brebner,
	             Jean-Marc Zucconi, Jeff Blomberg, Benny Halevy, Dave Boone,
	             Erik Habbinga, Kris Strecker, Walter Wong, Joshua Root,
	             Fabrice Bacchella, Zhenghua Xue, Qin Li, Darren Sawyer,
	             Vangel Bojaxhi, Ben England, Vikentsi Lapa,
	             Alexey Skidanov, Sudhir Kumar.

	Run began: Fri Jan  1 00:03:39 2027

	Record Size 1 kB
	File size set to 1024 kB
	Command line used: ./iozone -t 4 -i 0 -i 2 -r 1k -s 1m
	Output is in kBytes/sec
	Time Resolution = 0.000045 seconds.
	Processor cache size set to 1024 kBytes.
	Processor cache line size set to 32 bytes.
	File stride size set to 17 * record size.
	Throughput test with 4 processes
	Each process writes a 1024 kByte file in 1 kByte records

	Children see throughput for  4 initial writers 	=    2263.50 kB/sec
	Parent sees throughput for  4 initial writers 	=    2185.75 kB/sec
	Min throughput per process 			=     553.51 kB/sec 
	Max throughput per process 			=     578.66 kB/sec
	Avg throughput per process 			=     565.87 kB/sec
	Min xfer 					=     989.00 kB

	Children see throughput for  4 rewriters 	=    2275.62 kB/sec
	Parent sees throughput for  4 rewriters 	=    2245.08 kB/sec
	Min throughput per process 			=     557.69 kB/sec 
	Max throughput per process 			=     579.62 kB/sec
	Avg throughput per process 			=     568.91 kB/sec
	Min xfer 					=    1004.00 kB

	Children see throughput for 4 random readers 	=   10953.58 kB/sec
	Parent sees throughput for 4 random readers 	=   10253.51 kB/sec
	Min throughput per process 			=    2635.14 kB/sec 
	Max throughput per process 			=    2809.35 kB/sec
	Avg throughput per process 			=    2738.40 kB/sec
	Min xfer 					=     955.00 kB

	Children see throughput for 4 random writers 	=    2250.22 kB/sec
	Parent sees throughput for 4 random writers 	=    2201.85 kB/sec
	Min throughput per process 			=     556.24 kB/sec 
	Max throughput per process 			=     567.57 kB/sec
	Avg throughput per process 			=     562.56 kB/sec
	Min xfer 					=    1010.00 kB



iozone test complete.
iozone throughput read-backwards measurements
	Iozone: Performance Test of File I/O
	        Version $Revision: 3.506 $
		Compiled for 64 bit mode.
		Build: linux 

	Contributors:William Norcott, Don Capps, Isom Crawford, Kirby Collins
	             Al Slater, Scott Rhine, Mike Wisner, Ken Goss
	             Steve Landherr, Brad Smith, Mark Kelly, Dr. Alain CYR,
	             Randy Dunlap, Mark Montague, Dan Million, Gavin Brebner,
	             Jean-Marc Zucconi, Jeff Blomberg, Benny Halevy, Dave Boone,
	             Erik Habbinga, Kris Strecker, Walter Wong, Joshua Root,
	             Fabrice Bacchella, Zhenghua Xue, Qin Li, Darren Sawyer,
	             Vangel Bojaxhi, Ben England, Vikentsi Lapa,
	             Alexey Skidanov, Sudhir Kumar.

	Run began: Fri Jan  1 00:04:04 2027

	Record Size 1 kB
	File size set to 1024 kB
	Command line used: ./iozone -t 4 -i 0 -i 3 -r 1k -s 1m
	Output is in kBytes/sec
	Time Resolution = 0.000045 seconds.
	Processor cache size set to 1024 kBytes.
	Processor cache line size set to 32 bytes.
	File stride size set to 17 * record size.
	Throughput test with 4 processes
	Each process writes a 1024 kByte file in 1 kByte records

	Children see throughput for  4 initial writers 	=    2337.97 kB/sec
	Parent sees throughput for  4 initial writers 	=    2285.30 kB/sec
	Min throughput per process 			=     575.94 kB/sec 
	Max throughput per process 			=     594.04 kB/sec
	Avg throughput per process 			=     584.49 kB/sec
	Min xfer 					=    1007.00 kB

	Children see throughput for  4 rewriters 	=    2331.05 kB/sec
	Parent sees throughput for  4 rewriters 	=    2298.64 kB/sec
	Min throughput per process 			=     572.53 kB/sec 
	Max throughput per process 			=     592.43 kB/sec
	Avg throughput per process 			=     582.76 kB/sec
	Min xfer 					=    1000.00 kB

	Children see throughput for 4 reverse readers 	=   11013.24 kB/sec
	Parent sees throughput for 4 reverse readers 	=   10325.20 kB/sec
	Min throughput per process 			=    2684.00 kB/sec 
	Max throughput per process 			=    2801.37 kB/sec
	Avg throughput per process 			=    2753.31 kB/sec
	Min xfer 					=     969.00 kB



iozone test complete.
iozone throughput stride-read measurements
	Iozone: Performance Test of File I/O
	        Version $Revision: 3.506 $
		Compiled for 64 bit mode.
		Build: linux 

	Contributors:William Norcott, Don Capps, Isom Crawford, Kirby Collins
	             Al Slater, Scott Rhine, Mike Wisner, Ken Goss
	             Steve Landherr, Brad Smith, Mark Kelly, Dr. Alain CYR,
	             Randy Dunlap, Mark Montague, Dan Million, Gavin Brebner,
	             Jean-Marc Zucconi, Jeff Blomberg, Benny Halevy, Dave Boone,
	             Erik Habbinga, Kris Strecker, Walter Wong, Joshua Root,
	             Fabrice Bacchella, Zhenghua Xue, Qin Li, Darren Sawyer,
	             Vangel Bojaxhi, Ben England, Vikentsi Lapa,
	             Alexey Skidanov, Sudhir Kumar.

	Run began: Fri Jan  1 00:04:25 2027

	Record Size 1 kB
	File size set to 1024 kB
	Command line used: ./iozone -t 4 -i 0 -i 5 -r 1k -s 1m
	Output is in kBytes/sec
	Time Resolution = 0.000045 seconds.
	Processor cache size set to 1024 kBytes.
	Processor cache line size set to 32 bytes.
	File stride size set to 17 * record size.
	Throughput test with 4 processes
	Each process writes a 1024 kByte file in 1 kByte records

	Children see throughput for  4 initial writers 	=    2289.73 kB/sec
	Parent sees throughput for  4 initial writers 	=    2234.45 kB/sec
	Min throughput per process 			=     564.28 kB/sec 
	Max throughput per process 			=     580.72 kB/sec
	Avg throughput per process 			=     572.43 kB/sec
	Min xfer 					=    1004.00 kB

	Children see throughput for  4 rewriters 	=    2334.65 kB/sec
	Parent sees throughput for  4 rewriters 	=    2286.33 kB/sec
	Min throughput per process 			=     568.82 kB/sec 
	Max throughput per process 			=     592.16 kB/sec
	Avg throughput per process 			=     583.66 kB/sec
	Min xfer 					=    1013.00 kB

	Children see throughput for 4 stride readers 	=   11033.09 kB/sec
	Parent sees throughput for 4 stride readers 	=   10352.04 kB/sec
	Min throughput per process 			=    2660.42 kB/sec 
	Max throughput per process 			=    2837.50 kB/sec
	Avg throughput per process 			=    2758.27 kB/sec
	Min xfer 					=     977.00 kB



iozone test complete.
iozone throughput fwrite/fread measurements
	Iozone: Performance Test of File I/O
	        Version $Revision: 3.506 $
		Compiled for 64 bit mode.
		Build: linux 

	Contributors:William Norcott, Don Capps, Isom Crawford, Kirby Collins
	             Al Slater, Scott Rhine, Mike Wisner, Ken Goss
	             Steve Landherr, Brad Smith, Mark Kelly, Dr. Alain CYR,
	             Randy Dunlap, Mark Montague, Dan Million, Gavin Brebner,
	             Jean-Marc Zucconi, Jeff Blomberg, Benny Halevy, Dave Boone,
	             Erik Habbinga, Kris Strecker, Walter Wong, Joshua Root,
	             Fabrice Bacchella, Zhenghua Xue, Qin Li, Darren Sawyer,
	             Vangel Bojaxhi, Ben England, Vikentsi Lapa,
	             Alexey Skidanov, Sudhir Kumar.

	Run began: Fri Jan  1 00:04:44 2027

	Record Size 1 kB
	File size set to 1024 kB
	Command line used: ./iozone -t 4 -i 6 -i 7 -r 1k -s 1m
	Output is in kBytes/sec
	Time Resolution = 0.000045 seconds.
	Processor cache size set to 1024 kBytes.
	Processor cache line size set to 32 bytes.
	File stride size set to 17 * record size.
	Throughput test with 4 processes
	Each process writes a 1024 kByte file in 1 kByte records
fsync: Resource temporarily unavailable
fsync: Resource temporarily unavailable
fsync: Resource temporarily unavailable
fsync: Resource temporarily unavailable

	Children see throughput for  4 fwriters 	=    2322.68 kB/sec
	Parent sees throughput for  4 fwriters 		=    2281.24 kB/sec
	Min throughput per process 			=     578.06 kB/sec 
	Max throughput per process 			=     584.53 kB/sec
	Avg throughput per process 			=     580.67 kB/sec
	Min xfer 					=    1024.00 kB

	Children see throughput for  4 freaders 	=    7156.49 kB/sec
	Parent sees throughput for  4 freaders 		=    6815.46 kB/sec
	Min throughput per process 			=    1735.14 kB/sec 
	Max throughput per process 			=    1809.89 kB/sec
	Avg throughput per process 			=    1789.12 kB/sec
	Min xfer 					=    1024.00 kB



iozone test complete.
iozone throughput pwrite/pread measurements
	Iozone: Performance Test of File I/O
	        Version $Revision: 3.506 $
		Compiled for 64 bit mode.
		Build: linux 

	Contributors:William Norcott, Don Capps, Isom Crawford, Kirby Collins
	             Al Slater, Scott Rhine, Mike Wisner, Ken Goss
	             Steve Landherr, Brad Smith, Mark Kelly, Dr. Alain CYR,
	             Randy Dunlap, Mark Montague, Dan Million, Gavin Brebner,
	             Jean-Marc Zucconi, Jeff Blomberg, Benny Halevy, Dave Boone,
	             Erik Habbinga, Kris Strecker, Walter Wong, Joshua Root,
	             Fabrice Bacchella, Zhenghua Xue, Qin Li, Darren Sawyer,
	             Vangel Bojaxhi, Ben England, Vikentsi Lapa,
	             Alexey Skidanov, Sudhir Kumar.

	Run began: Fri Jan  1 00:04:58 2027

	Record Size 1 kB
	File size set to 1024 kB
	Command line used: ./iozone -t 4 -i 9 -i 10 -r 1k -s 1m
	Output is in kBytes/sec
	Time Resolution = 0.000045 seconds.
	Processor cache size set to 1024 kBytes.
	Processor cache line size set to 32 bytes.
	File stride size set to 17 * record size.
	Throughput test with 4 processes
	Each process writes a 1024 kByte file in 1 kByte records

	Children see throughput for 4 pwrite writers 	=    2254.29 kB/sec
	Parent sees throughput for 4 pwrite writers 	=    2212.54 kB/sec
	Min throughput per process 			=     553.86 kB/sec 
	Max throughput per process 			=     566.99 kB/sec
	Avg throughput per process 			=     563.57 kB/sec
	Min xfer 					=    1014.00 kB

	Children see throughput for 4 pread readers 	=   12773.36 kB/sec
	Parent sees throughput for 4 pread readers 	=   11872.91 kB/sec
	Min throughput per process 			=    3146.53 kB/sec 
	Max throughput per process 			=    3291.43 kB/sec
	Avg throughput per process 			=    3193.34 kB/sec
	Min xfer 					=     997.00 kB



iozone test complete.
iozone throughtput pwritev/preadv measurements
	Iozone: Performance Test of File I/O
	        Version $Revision: 3.506 $
		Compiled for 64 bit mode.
		Build: linux 

	Contributors:William Norcott, Don Capps, Isom Crawford, Kirby Collins
	             Al Slater, Scott Rhine, Mike Wisner, Ken Goss
	             Steve Landherr, Brad Smith, Mark Kelly, Dr. Alain CYR,
	             Randy Dunlap, Mark Montague, Dan Million, Gavin Brebner,
	             Jean-Marc Zucconi, Jeff Blomberg, Benny Halevy, Dave Boone,
	             Erik Habbinga, Kris Strecker, Walter Wong, Joshua Root,
	             Fabrice Bacchella, Zhenghua Xue, Qin Li, Darren Sawyer,
	             Vangel Bojaxhi, Ben England, Vikentsi Lapa,
	             Alexey Skidanov, Sudhir Kumar.

	Run began: Fri Jan  1 00:05:16 2027

	Selected test not available on the version.
	Record Size 1 kB
	File size set to 1024 kB
	Command line used: ./iozone -t 4 -i 11 -i 12 -r 1k -s 1m
	Output is in kBytes/sec
	Time Resolution = 0.000045 seconds.
	Processor cache size set to 1024 kBytes.
	Processor cache line size set to 32 bytes.
	File stride size set to 17 * record size.
	Throughput test with 4 processes
	Each process writes a 1024 kByte file in 1 kByte records

	Children see throughput for  4 initial writers 	=    2297.95 kB/sec
	Parent sees throughput for  4 initial writers 	=    2251.94 kB/sec
	Min throughput per process 			=     565.77 kB/sec 
	Max throughput per process 			=     579.93 kB/sec
	Avg throughput per process 			=     574.49 kB/sec
	Min xfer 					=    1012.00 kB

	Children see throughput for  4 rewriters 	=    2248.24 kB/sec
	Parent sees throughput for  4 rewriters 	=    2216.34 kB/sec
	Min throughput per process 			=     553.57 kB/sec 
	Max throughput per process 			=     567.39 kB/sec
	Avg throughput per process 			=     562.06 kB/sec
	Min xfer 					=    1009.00 kB



iozone test complete.
#### OS COMP TEST GROUP END iozone-musl ####
#### OS COMP TEST GROUP END iozone-musl ####
[initproc] done iozone_testcode.sh in /musl exit_code=0
#### OS COMP TEST GROUP START iozone-glibc ####
#### OS COMP TEST GROUP START iozone-glibc ####
iozone automatic measurements
	Iozone: Performance Test of File I/O
	        Version $Revision: 3.506 $
		Compiled for 64 bit mode.
		Build: linux 

	Contributors:William Norcott, Don Capps, Isom Crawford, Kirby Collins
	             Al Slater, Scott Rhine, Mike Wisner, Ken Goss
	             Steve Landherr, Brad Smith, Mark Kelly, Dr. Alain CYR,
	             Randy Dunlap, Mark Montague, Dan Million, Gavin Brebner,
	             Jean-Marc Zucconi, Jeff Blomberg, Benny Halevy, Dave Boone,
	             Erik Habbinga, Kris Strecker, Walter Wong, Joshua Root,
	             Fabrice Bacchella, Zhenghua Xue, Qin Li, Darren Sawyer,
	             Vangel Bojaxhi, Ben England, Vikentsi Lapa,
	             Alexey Skidanov, Sudhir Kumar.

	Run began: Fri Jan  1 00:05:33 2027

	Auto Mode
	Record Size 1 kB
	File size set to 4096 kB
	Command line used: ./iozone -a -r 1k -s 4m
	Output is in kBytes/sec
	Time Resolution = 0.000044 seconds.
	Processor cache size set to 1024 kBytes.
	Processor cache line size set to 32 bytes.
	File stride size set to 17 * record size.
                                                                    random    random      bkwd     record     stride                                        
              kB  reclen    write    rewrite      read    reread      read     write      read    rewrite       read    fwrite  frewrite     fread   freread
            4096       1fsync: Resource temporarily unavailable

iozone: interrupted

exiting iozone

iozone throughput write/read measurements
	Iozone: Performance Test of File I/O
	        Version $Revision: 3.506 $
		Compiled for 64 bit mode.
		Build: linux 

	Contributors:William Norcott, Don Capps, Isom Crawford, Kirby Collins
	             Al Slater, Scott Rhine, Mike Wisner, Ken Goss
	             Steve Landherr, Brad Smith, Mark Kelly, Dr. Alain CYR,
	             Randy Dunlap, Mark Montague, Dan Million, Gavin Brebner,
	             Jean-Marc Zucconi, Jeff Blomberg, Benny Halevy, Dave Boone,
	             Erik Habbinga, Kris Strecker, Walter Wong, Joshua Root,
	             Fabrice Bacchella, Zhenghua Xue, Qin Li, Darren Sawyer,
	             Vangel Bojaxhi, Ben England, Vikentsi Lapa,
	             Alexey Skidanov, Sudhir Kumar.

	Run began: Fri Jan  1 00:05:38 2027

	Record Size 1 kB
	File size set to 1024 kB
	Command line used: ./iozone -t 4 -i 0 -i 1 -r 1k -s 1m
	Output is in kBytes/sec
	Time Resolution = 0.000044 seconds.
	Processor cache size set to 1024 kBytes.
	Processor cache line size set to 32 bytes.
	File stride size set to 17 * record size.
	Throughput test with 4 processes
	Each process writes a 1024 kByte file in 1 kByte records

	Children see throughput for  4 initial writers 	=    2412.09 kB/sec
	Parent sees throughput for  4 initial writers 	=    2353.85 kB/sec
	Min throughput per process 			=     592.32 kB/sec 
	Max throughput per process 			=     611.37 kB/sec
	Avg throughput per process 			=     603.02 kB/sec
	Min xfer 					=    1007.00 kB

	Children see throughput for  4 rewriters 	=    2290.48 kB/sec
	Parent sees throughput for  4 rewriters 	=    2250.52 kB/sec
	Min throughput per process 			=     557.15 kB/sec 
	Max throughput per process 			=     580.22 kB/sec
	Avg throughput per process 			=     572.62 kB/sec
	Min xfer 					=     999.00 kB

	Children see throughput for  4 readers 		=   12411.30 kB/sec
	Parent sees throughput for  4 readers 		=   11397.29 kB/sec
	Min throughput per process 			=    3033.23 kB/sec 
	Max throughput per process 			=    3146.30 kB/sec
	Avg throughput per process 			=    3102.83 kB/sec
	Min xfer 					=     954.00 kB

	Children see throughput for 4 re-readers 	=   10262.89 kB/sec
	Parent sees throughput for 4 re-readers 	=    9602.93 kB/sec
	Min throughput per process 			=    2455.37 kB/sec 
	Max throughput per process 			=    2785.44 kB/sec
	Avg throughput per process 			=    2565.72 kB/sec
	Min xfer 					=     891.00 kB



iozone test complete.
iozone throughput random-read measurements
	Iozone: Performance Test of File I/O
	        Version $Revision: 3.506 $
		Compiled for 64 bit mode.
		Build: linux 

	Contributors:William Norcott, Don Capps, Isom Crawford, Kirby Collins
	             Al Slater, Scott Rhine, Mike Wisner, Ken Goss
	             Steve Landherr, Brad Smith, Mark Kelly, Dr. Alain CYR,
	             Randy Dunlap, Mark Montague, Dan Million, Gavin Brebner,
	             Jean-Marc Zucconi, Jeff Blomberg, Benny Halevy, Dave Boone,
	             Erik Habbinga, Kris Strecker, Walter Wong, Joshua Root,
	             Fabrice Bacchella, Zhenghua Xue, Qin Li, Darren Sawyer,
	             Vangel Bojaxhi, Ben England, Vikentsi Lapa,
	             Alexey Skidanov, Sudhir Kumar.

	Run began: Fri Jan  1 00:05:59 2027

	Record Size 1 kB
	File size set to 1024 kB
	Command line used: ./iozone -t 4 -i 0 -i 2 -r 1k -s 1m
	Output is in kBytes/sec
	Time Resolution = 0.000044 seconds.
	Processor cache size set to 1024 kBytes.
	Processor cache line size set to 32 bytes.
	File stride size set to 17 * record size.
	Throughput test with 4 processes
	Each process writes a 1024 kByte file in 1 kByte records

	Children see throughput for  4 initial writers 	=    2267.19 kB/sec
	Parent sees throughput for  4 initial writers 	=    2194.59 kB/sec
	Min throughput per process 			=     550.37 kB/sec 
	Max throughput per process 			=     579.22 kB/sec
	Avg throughput per process 			=     566.80 kB/sec
	Min xfer 					=     989.00 kB

	Children see throughput for  4 rewriters 	=    2322.96 kB/sec
	Parent sees throughput for  4 rewriters 	=    2285.16 kB/sec
	Min throughput per process 			=     567.58 kB/sec 
	Max throughput per process 			=     592.35 kB/sec
	Avg throughput per process 			=     580.74 kB/sec
	Min xfer 					=     992.00 kB

	Children see throughput for 4 random readers 	=   11181.16 kB/sec
	Parent sees throughput for 4 random readers 	=   10429.14 kB/sec
	Min throughput per process 			=    2742.09 kB/sec 
	Max throughput per process 			=    2840.31 kB/sec
	Avg throughput per process 			=    2795.29 kB/sec
	Min xfer 					=     990.00 kB

	Children see throughput for 4 random writers 	=    2256.33 kB/sec
	Parent sees throughput for 4 random writers 	=    2186.71 kB/sec
	Min throughput per process 			=     550.86 kB/sec 
	Max throughput per process 			=     579.67 kB/sec
	Avg throughput per process 			=     564.08 kB/sec
	Min xfer 					=     984.00 kB



iozone test complete.
iozone throughput read-backwards measurements
	Iozone: Performance Test of File I/O
	        Version $Revision: 3.506 $
		Compiled for 64 bit mode.
		Build: linux 

	Contributors:William Norcott, Don Capps, Isom Crawford, Kirby Collins
	             Al Slater, Scott Rhine, Mike Wisner, Ken Goss
	             Steve Landherr, Brad Smith, Mark Kelly, Dr. Alain CYR,
	             Randy Dunlap, Mark Montague, Dan Million, Gavin Brebner,
	             Jean-Marc Zucconi, Jeff Blomberg, Benny Halevy, Dave Boone,
	             Erik Habbinga, Kris Strecker, Walter Wong, Joshua Root,
	             Fabrice Bacchella, Zhenghua Xue, Qin Li, Darren Sawyer,
	             Vangel Bojaxhi, Ben England, Vikentsi Lapa,
	             Alexey Skidanov, Sudhir Kumar.

	Run began: Fri Jan  1 00:06:26 2027

	Record Size 1 kB
	File size set to 1024 kB
	Command line used: ./iozone -t 4 -i 0 -i 3 -r 1k -s 1m
	Output is in kBytes/sec
	Time Resolution = 0.000046 seconds.
	Processor cache size set to 1024 kBytes.
	Processor cache line size set to 32 bytes.
	File stride size set to 17 * record size.
	Throughput test with 4 processes
	Each process writes a 1024 kByte file in 1 kByte records

	Children see throughput for  4 initial writers 	=    2289.26 kB/sec
	Parent sees throughput for  4 initial writers 	=    2235.37 kB/sec
	Min throughput per process 			=     564.10 kB/sec 
	Max throughput per process 			=     580.18 kB/sec
	Avg throughput per process 			=     572.32 kB/sec
	Min xfer 					=    1002.00 kB

	Children see throughput for  4 rewriters 	=    2364.71 kB/sec
	Parent sees throughput for  4 rewriters 	=    2329.27 kB/sec
	Min throughput per process 			=     577.66 kB/sec 
	Max throughput per process 			=     596.47 kB/sec
	Avg throughput per process 			=     591.18 kB/sec
	Min xfer 					=    1008.00 kB

	Children see throughput for 4 reverse readers 	=   11092.71 kB/sec
	Parent sees throughput for 4 reverse readers 	=   10356.75 kB/sec
	Min throughput per process 			=    2741.36 kB/sec 
	Max throughput per process 			=    2800.44 kB/sec
	Avg throughput per process 			=    2773.18 kB/sec
	Min xfer 					=     986.00 kB



iozone test complete.
iozone throughput stride-read measurements
	Iozone: Performance Test of File I/O
	        Version $Revision: 3.506 $
		Compiled for 64 bit mode.
		Build: linux 

	Contributors:William Norcott, Don Capps, Isom Crawford, Kirby Collins
	             Al Slater, Scott Rhine, Mike Wisner, Ken Goss
	             Steve Landherr, Brad Smith, Mark Kelly, Dr. Alain CYR,
	             Randy Dunlap, Mark Montague, Dan Million, Gavin Brebner,
	             Jean-Marc Zucconi, Jeff Blomberg, Benny Halevy, Dave Boone,
	             Erik Habbinga, Kris Strecker, Walter Wong, Joshua Root,
	             Fabrice Bacchella, Zhenghua Xue, Qin Li, Darren Sawyer,
	             Vangel Bojaxhi, Ben England, Vikentsi Lapa,
	             Alexey Skidanov, Sudhir Kumar.

	Run began: Fri Jan  1 00:06:47 2027

	Record Size 1 kB
	File size set to 1024 kB
	Command line used: ./iozone -t 4 -i 0 -i 5 -r 1k -s 1m
	Output is in kBytes/sec
	Time Resolution = 0.000045 seconds.
	Processor cache size set to 1024 kBytes.
	Processor cache line size set to 32 bytes.
	File stride size set to 17 * record size.
	Throughput test with 4 processes
	Each process writes a 1024 kByte file in 1 kByte records

	Children see throughput for  4 initial writers 	=    2280.17 kB/sec
	Parent sees throughput for  4 initial writers 	=    2222.08 kB/sec
	Min throughput per process 			=     559.27 kB/sec 
	Max throughput per process 			=     579.30 kB/sec
	Avg throughput per process 			=     570.04 kB/sec
	Min xfer 					=    1003.00 kB

	Children see throughput for  4 rewriters 	=    2314.35 kB/sec
	Parent sees throughput for  4 rewriters 	=    2279.05 kB/sec
	Min throughput per process 			=     571.62 kB/sec 
	Max throughput per process 			=     581.91 kB/sec
	Avg throughput per process 			=     578.59 kB/sec
	Min xfer 					=    1014.00 kB

	Children see throughput for 4 stride readers 	=   11120.25 kB/sec
	Parent sees throughput for 4 stride readers 	=   10375.89 kB/sec
	Min throughput per process 			=    2730.59 kB/sec 
	Max throughput per process 			=    2811.94 kB/sec
	Avg throughput per process 			=    2780.06 kB/sec
	Min xfer 					=     983.00 kB



iozone test complete.
iozone throughput fwrite/fread measurements
	Iozone: Performance Test of File I/O
	        Version $Revision: 3.506 $
		Compiled for 64 bit mode.
		Build: linux 

	Contributors:William Norcott, Don Capps, Isom Crawford, Kirby Collins
	             Al Slater, Scott Rhine, Mike Wisner, Ken Goss
	             Steve Landherr, Brad Smith, Mark Kelly, Dr. Alain CYR,
	             Randy Dunlap, Mark Montague, Dan Million, Gavin Brebner,
	             Jean-Marc Zucconi, Jeff Blomberg, Benny Halevy, Dave Boone,
	             Erik Habbinga, Kris Strecker, Walter Wong, Joshua Root,
	             Fabrice Bacchella, Zhenghua Xue, Qin Li, Darren Sawyer,
	             Vangel Bojaxhi, Ben England, Vikentsi Lapa,
	             Alexey Skidanov, Sudhir Kumar.

	Run began: Fri Jan  1 00:07:08 2027

	Record Size 1 kB
	File size set to 1024 kB
	Command line used: ./iozone -t 4 -i 6 -i 7 -r 1k -s 1m
	Output is in kBytes/sec
	Time Resolution = 0.000044 seconds.
	Processor cache size set to 1024 kBytes.
	Processor cache line size set to 32 bytes.
	File stride size set to 17 * record size.
	Throughput test with 4 processes
	Each process writes a 1024 kByte file in 1 kByte records
fsync: Resource temporarily unavailable
fsync: Resource temporarily unavailable
fsync: Resource temporarily unavailable
fsync: Resource temporarily unavailable

	Children see throughput for  4 fwriters 	=    2259.93 kB/sec
	Parent sees throughput for  4 fwriters 		=    2205.61 kB/sec
	Min throughput per process 			=     557.25 kB/sec 
	Max throughput per process 			=     579.68 kB/sec
	Avg throughput per process 			=     564.98 kB/sec
	Min xfer 					=    1024.00 kB

	Children see throughput for  4 freaders 	=   12449.02 kB/sec
	Parent sees throughput for  4 freaders 		=   11147.64 kB/sec
	Min throughput per process 			=    3063.67 kB/sec 
	Max throughput per process 			=    3136.14 kB/sec
	Avg throughput per process 			=    3112.26 kB/sec
	Min xfer 					=    1024.00 kB



iozone test complete.
iozone throughput pwrite/pread measurements
	Iozone: Performance Test of File I/O
	        Version $Revision: 3.506 $
		Compiled for 64 bit mode.
		Build: linux 

	Contributors:William Norcott, Don Capps, Isom Crawford, Kirby Collins
	             Al Slater, Scott Rhine, Mike Wisner, Ken Goss
	             Steve Landherr, Brad Smith, Mark Kelly, Dr. Alain CYR,
	             Randy Dunlap, Mark Montague, Dan Million, Gavin Brebner,
	             Jean-Marc Zucconi, Jeff Blomberg, Benny Halevy, Dave Boone,
	             Erik Habbinga, Kris Strecker, Walter Wong, Joshua Root,
	             Fabrice Bacchella, Zhenghua Xue, Qin Li, Darren Sawyer,
	             Vangel Bojaxhi, Ben England, Vikentsi Lapa,
	             Alexey Skidanov, Sudhir Kumar.

	Run began: Fri Jan  1 00:07:23 2027

	Record Size 1 kB
	File size set to 1024 kB
	Command line used: ./iozone -t 4 -i 9 -i 10 -r 1k -s 1m
	Output is in kBytes/sec
	Time Resolution = 0.000045 seconds.
	Processor cache size set to 1024 kBytes.
	Processor cache line size set to 32 bytes.
	File stride size set to 17 * record size.
	Throughput test with 4 processes
	Each process writes a 1024 kByte file in 1 kByte records

	Children see throughput for 4 pwrite writers 	=    2241.75 kB/sec
	Parent sees throughput for 4 pwrite writers 	=    2140.45 kB/sec
	Min throughput per process 			=     548.48 kB/sec 
	Max throughput per process 			=     579.02 kB/sec
	Avg throughput per process 			=     560.44 kB/sec
	Min xfer 					=     977.00 kB

	Children see throughput for 4 pread readers 	=   13179.91 kB/sec
	Parent sees throughput for 4 pread readers 	=   11975.86 kB/sec
	Min throughput per process 			=    3126.43 kB/sec 
	Max throughput per process 			=    3536.69 kB/sec
	Avg throughput per process 			=    3294.98 kB/sec
	Min xfer 					=     901.00 kB



iozone test complete.
iozone throughtput pwritev/preadv measurements
	Iozone: Performance Test of File I/O
	        Version $Revision: 3.506 $
		Compiled for 64 bit mode.
		Build: linux 

	Contributors:William Norcott, Don Capps, Isom Crawford, Kirby Collins
	             Al Slater, Scott Rhine, Mike Wisner, Ken Goss
	             Steve Landherr, Brad Smith, Mark Kelly, Dr. Alain CYR,
	             Randy Dunlap, Mark Montague, Dan Million, Gavin Brebner,
	             Jean-Marc Zucconi, Jeff Blomberg, Benny Halevy, Dave Boone,
	             Erik Habbinga, Kris Strecker, Walter Wong, Joshua Root,
	             Fabrice Bacchella, Zhenghua Xue, Qin Li, Darren Sawyer,
	             Vangel Bojaxhi, Ben England, Vikentsi Lapa,
	             Alexey Skidanov, Sudhir Kumar.

	Run began: Fri Jan  1 00:07:42 2027

	Selected test not available on the version.
	Record Size 1 kB
	File size set to 1024 kB
	Command line used: ./iozone -t 4 -i 11 -i 12 -r 1k -s 1m
	Output is in kBytes/sec
	Time Resolution = 0.000044 seconds.
	Processor cache size set to 1024 kBytes.
	Processor cache line size set to 32 bytes.
	File stride size set to 17 * record size.
	Throughput test with 4 processes
	Each process writes a 1024 kByte file in 1 kByte records

	Children see throughput for  4 initial writers 	=    2122.70 kB/sec
	Parent sees throughput for  4 initial writers 	=    2065.68 kB/sec
	Min throughput per process 			=     520.07 kB/sec 
	Max throughput per process 			=     542.00 kB/sec
	Avg throughput per process 			=     530.67 kB/sec
	Min xfer 					=     997.00 kB

	Children see throughput for  4 rewriters 	=    2293.44 kB/sec
	Parent sees throughput for  4 rewriters 	=    2260.36 kB/sec
	Min throughput per process 			=     554.59 kB/sec 
	Max throughput per process 			=     580.99 kB/sec
	Avg throughput per process 			=     573.36 kB/sec
	Min xfer 					=     990.00 kB



iozone test complete.
#### OS COMP TEST GROUP END iozone-glibc ####
#### OS COMP TEST GROUP END iozone-glibc ####
[initproc] done iozone_testcode.sh in /glibc exit_code=0
[initproc] skip libcbench (mask bit7 not set)
[initproc] skip netperf (mask bit9 not set)
[initproc] skip iperf (mask bit6 not set)
[initproc] skip libctest (mask bit3 not set)
[initproc] skip cyclictest (mask bit10 not set)
[initproc] skip ltp (mask bit11 not set)
[initproc] skip cpython (mask bit12 not set)
[initproc] skip unixbench (mask bit5 not set)
[initproc] run_selected_groups done
make: Leaving directory '/app/os'
