make: Entering directory '/app/os'
Rust toolchain preflight passed: nightly-2026-05-10
[kernel] UART address: 0x1fe001e0
[bootstrap_init] address bits: hardware VALEN=48 PALEN=48, build VALEN=48 PALEN=48
[bootstrap_init] PRCfg1 { SAVE reg. number: 8, Timer bits: 48, max vector entry spacing: 7 }
[firmware] Using static memory configuration (no DTB or FDT parse failed)
[kernel] logger inited, level= Off
[kernel] Boot protocol: LoongArchLegacy, hart_id=1, dtb_paddr=0x0
[kernel] Console initialized.
[memory] 127683 usable physical frames across 1 region(s)
[memory] region0: [0x90d3d000, 0xb0000000) frames=127683
.text [0x80000000, 0x802da000)
.rodata [0x802da000, 0x802fa000)
.data [0x8034f000, 0x80c2b000)
.bss [0x80c2b000, 0x90d3d000)
mapping .text section
mapping .rodata section
mapping .data section
mapping .bss section
mapping physical memory region
mapping memory-mapped registers
[kernel] Hello, world!
[get_timer_freq_first_time] clk freq: 100000000(from CPUCFG)
[machine_init] address bits: hardware VALEN=48 PALEN=48, build VALEN=48 PALEN=48
[CPUCFG 0x0] 1359888
[CPUCFG 0x1] 66253566
[CPUCFG 0x2] 6340815
[CPUCFG 0x3] 0
[CPUCFG 0x4] 100000000
[CPUCFG 0x5] 65537
[CPUCFG 0x6] 0
[CPUCFG 0x10] 11325
[CPUCFG 0x11] 101187587
[CPUCFG 0x12] 101187587
[CPUCFG 0x13] 101187599
[CPUCFG 0x14] 101580815
Misc { 32-bit addr plv(1,2,3):: false,false,false, rdtime allowed for plv(1,2,3):: false,false,false, Disable dirty bit check for plv(0,1,2):: false,false,false, Misalignment check for plv(0,1,2,4):: false,false,false,false }
RVACfg { rbits: 0 }
[machine_init] MMAP_BASE: 0xffffff8000000000
[PCI] ECAM base: 0x20000000
[PCI] Device DeviceFunction { bus: 0, device: 0, function: 0 }: vendor=0x1b36 device=0x8
[PCI] Device DeviceFunction { bus: 0, device: 1, function: 0 }: vendor=0x1af4 device=0x1001
[PCI] VirtIO device: Block
[PCI] Device DeviceFunction { bus: 0, device: 2, function: 0 }: vendor=0x1af4 device=0x1001
[PCI] VirtIO device: Block
[PCI] Device DeviceFunction { bus: 0, device: 3, function: 0 }: vendor=0x1af4 device=0x1000
[PCI] VirtIO device: Network
[kernel] PRNG init warning: Entropy(DeviceUnavailable)
[memory] reclaimed linker frames: [0x8034f000, 0x80c15000) frames=2246
[initramfs] unpacked: files=39 dirs=23 symlinks=1 bytes=9192669
[initramfs] VFS_ROOT initialized (ramfs + cpio unpack + dev/proc/tmp)
[PCI] ECAM base: 0x20000000
[PCI] Device DeviceFunction { bus: 0, device: 0, function: 0 }: vendor=0x1b36 device=0x8
[PCI] Device DeviceFunction { bus: 0, device: 1, function: 0 }: vendor=0x1af4 device=0x1001
[PCI] VirtIO device: Block
[PCI] Device DeviceFunction { bus: 0, device: 2, function: 0 }: vendor=0x1af4 device=0x1001
[PCI] VirtIO device: Block
[PCI] Device DeviceFunction { bus: 0, device: 3, function: 0 }: vendor=0x1af4 device=0x1000
[PCI] VirtIO device: Network
[PCI] Configuring BARs...
[PCI] BAR1: Width32, addr=0x0, size=0x1000
[PCI] BAR4: Width64, addr=0x0, size=0x4000
[PCI] BAR4 is 64-bit
[PCI] Device enabled.
[PCI] ECAM base: 0x20000000
[PCI] Device DeviceFunction { bus: 0, device: 0, function: 0 }: vendor=0x1b36 device=0x8
[PCI] Device DeviceFunction { bus: 0, device: 1, function: 0 }: vendor=0x1af4 device=0x1001
[PCI] VirtIO device: Block
[PCI] Configuring BARs...
[PCI] BAR1: Width32, addr=0x0, size=0x1000
[PCI] BAR4: Width64, addr=0x0, size=0x4000
[PCI] BAR4 is 64-bit
[PCI] Device enabled.
[PCI] Device DeviceFunction { bus: 0, device: 2, function: 0 }: vendor=0x1af4 device=0x1001
[PCI] VirtIO device: Block
[PCI] Configuring BARs...
[PCI] BAR1: Width32, addr=0x0, size=0x1000
[PCI] BAR4: Width64, addr=0x0, size=0x4000
[PCI] BAR4 is 64-bit
[PCI] Device enabled.
[PCI] Device DeviceFunction { bus: 0, device: 3, function: 0 }: vendor=0x1af4 device=0x1000
[PCI] VirtIO device: Network
[kernel] block device 0: official fs (DeviceFunction { bus: 0, device: 1, function: 0 })
[kernel] block device 1: tools disk (DeviceFunction { bus: 0, device: 2, function: 0 })
[mbr] registered /dev/vdb1 (type=0x83, size=2048M)
[mbr] registered /dev/vdb2 (type=0xc, size=1280M)
[ext4] backend: another_ext4
[kernel] root device mounted at sdcard
[mbr] registered /dev/vdb1 (type=0x83, size=2048M)
[mbr] registered /dev/vdb2 (type=0xc, size=1280M)
[ext4] backend: another_ext4
[kernel] tools disk (vdb1) mounted at tools
[kernel] net interface initialized (RoutingDevice: lo + eth)
[init] pseudo-fs mount framework ready
[init] /tmp is bind-mounted from ext4 /sdcard/tmp
[init] /etc is bind-mounted from tools disk
[init] bind mount /tools/bin -> /bin
[init] bind mount /tools/sbin -> /sbin
[init] bind mount /tools/lib -> /lib
[init] bind mount /tools/usr -> /usr
[init] bind mount /tools/root -> /root: skipped (errno=2)
[init] PID1 profile=normal runner=/test-runner
[test-runner] synchronizing clock
[initproc] config source=/sdcard/os_test.conf mode=run mask=0x110 timer_smoke=false skip_apk=true
[initproc] ensuring base directories...
[initproc] runtime layout ready
[initproc] linking musl/glibc libs to /lib ...
[initproc] lib linking done, exit=0
[initproc] prepare lmbench compatibility ...
[initproc] lmbench compatibility done, exit=0
[initproc] install libgcc_s: already exists, skipping
[initproc] skip_apk=true: skipping install_apk_packages
[initproc] run_selected_groups start mask=0x110
[initproc] skip basic (mask bit0 not set)
[initproc] skip busybox (mask bit1 not set)
[initproc] skip lua (mask bit2 not set)
#### OS COMP TEST GROUP START lmbench-musl ####
#### OS COMP TEST GROUP START lmbench-musl ####
latency measurements
Simple syscall: 4.2771 microseconds
Simple read: 47.9739 microseconds
Simple write: 4.8800 microseconds
Simple stat: 130.2000 microseconds
Simple fstat: 60.3871 microseconds
Simple open/close: 71.2625 microseconds
Select on 100 fd's: 159.3243 microseconds
Signal handler installation: 53.9818 microseconds
Signal handler overhead: 142.1500 microseconds
Pipe latency: 465.9237 microseconds
Process fork+exit: 5959.0000 microseconds
Process fork+execve: 6625.0000 microseconds
Process fork+/bin/sh -c: 1099947.0000 microseconds
File /var/tmp/XXX write bandwidth:4450 KB/sec
Pagefaults on /var/tmp/XXX: 74.3867 microseconds
0.524288 396
file system latency
0k	35	5883	5182
1k	24	4760	4800
4k	23	3917	4717
10k	16	2866	4817
Bandwidth measurements
Pipe bandwidth: 33.64 MB/sec
0.524288 21.41
0.524288 50.79
0.524288 3310.76
0.524288 56.38
context switch overhead

"size=32k ovr=101.91
2 175.39
4 176.34
8 179.05
16 180.37
24 180.42
32 178.03
64 177.56
96 179.61
#### OS COMP TEST GROUP END lmbench-musl ####
#### OS COMP TEST GROUP END lmbench-musl ####
[initproc] done lmbench_testcode.sh in /musl exit_code=0
#### OS COMP TEST GROUP START lmbench-glibc ####
#### OS COMP TEST GROUP START lmbench-glibc ####
latency measurements
Simple syscall: 4.1218 microseconds
Simple read: 48.3628 microseconds
Simple write: 4.7353 microseconds
Simple stat: 130.8000 microseconds
Simple fstat: 61.5761 microseconds
Simple open/close: 67.3678 microseconds
Select on 100 fd's: 146.3947 microseconds
Signal handler installation: 54.3367 microseconds
Signal handler overhead: 129.7073 microseconds
Protection fault: 13.4146 microseconds
Pipe latency: 459.9194 microseconds
Process fork+exit: 9954.0000 microseconds
Process fork+execve: 10065.0000 microseconds
Process fork+/bin/sh -c: 1099939.0000 microseconds
File /var/tmp/XXX write bandwidth:56402 KB/sec
Pagefaults on /var/tmp/XXX: 73.2539 microseconds
0.524288 385
file system latency
0k	33	6431	4826
1k	25	4404	4900
4k	21	3379	5195
10k	8	1523	5115
Bandwidth measurements
Pipe bandwidth: 32.95 MB/sec
0.524288 48.83
0.524288 50.96
0.524288 3336.14
0.524288 55.91
context switch overhead

"size=32k ovr=104.16
2 161.34
4 172.69
8 171.21
16 170.21
24 168.96
32 170.06
64 162.98
96 167.16
#### OS COMP TEST GROUP END lmbench-glibc ####
#### OS COMP TEST GROUP END lmbench-glibc ####
[initproc] done lmbench_testcode.sh in /glibc exit_code=0
#### OS COMP TEST GROUP START iozone-musl ####
#### OS COMP TEST GROUP START iozone-musl ####
iozone automatic measurements
	Iozone: Performance Test of File I/O
	        Version $Revision: 3.506 $
		Compiled for 64 bit mode.
		Build: linux 

	Contributors:William Norcott, Don Capps, Isom Crawford, Kirby Collins
	             Al Slater, Scott Rhine, Mike Wisner, Ken Goss
	             Steve Landherr, Brad Smith, Mark Kelly, Dr. Alain CYR,
	             Randy Dunlap, Mark Montague, Dan Million, Gavin Brebner,
	             Jean-Marc Zucconi, Jeff Blomberg, Benny Halevy, Dave Boone,
	             Erik Habbinga, Kris Strecker, Walter Wong, Joshua Root,
	             Fabrice Bacchella, Zhenghua Xue, Qin Li, Darren Sawyer,
	             Vangel Bojaxhi, Ben England, Vikentsi Lapa,
	             Alexey Skidanov, Sudhir Kumar.

	Run began: Fri Jan  1 00:03:14 2027

	Auto Mode
	Record Size 1 kB
	File size set to 4096 kB
	Command line used: ./iozone -a -r 1k -s 4m
	Output is in kBytes/sec
	Time Resolution = 0.000048 seconds.
	Processor cache size set to 1024 kBytes.
	Processor cache line size set to 32 bytes.
	File stride size set to 17 * record size.
                                                                    random    random      bkwd     record     stride                                        
              kB  reclen    write    rewrite      read    reread      read     write      read    rewrite       read    fwrite  frewrite     fread   freread
            4096       1fsync: Resource temporarily unavailable

iozone: interrupted

exiting iozone

iozone throughput write/read measurements
	Iozone: Performance Test of File I/O
	        Version $Revision: 3.506 $
		Compiled for 64 bit mode.
		Build: linux 

	Contributors:William Norcott, Don Capps, Isom Crawford, Kirby Collins
	             Al Slater, Scott Rhine, Mike Wisner, Ken Goss
	             Steve Landherr, Brad Smith, Mark Kelly, Dr. Alain CYR,
	             Randy Dunlap, Mark Montague, Dan Million, Gavin Brebner,
	             Jean-Marc Zucconi, Jeff Blomberg, Benny Halevy, Dave Boone,
	             Erik Habbinga, Kris Strecker, Walter Wong, Joshua Root,
	             Fabrice Bacchella, Zhenghua Xue, Qin Li, Darren Sawyer,
	             Vangel Bojaxhi, Ben England, Vikentsi Lapa,
	             Alexey Skidanov, Sudhir Kumar.

	Run began: Fri Jan  1 00:03:17 2027

	Record Size 1 kB
	File size set to 1024 kB
	Command line used: ./iozone -t 4 -i 0 -i 1 -r 1k -s 1m
	Output is in kBytes/sec
	Time Resolution = 0.000045 seconds.
	Processor cache size set to 1024 kBytes.
	Processor cache line size set to 32 bytes.
	File stride size set to 17 * record size.
	Throughput test with 4 processes
	Each process writes a 1024 kByte file in 1 kByte records

	Children see throughput for  4 initial writers 	=    2191.19 kB/sec
	Parent sees throughput for  4 initial writers 	=    2143.19 kB/sec
	Min throughput per process 			=     539.02 kB/sec 
	Max throughput per process 			=     555.01 kB/sec
	Avg throughput per process 			=     547.80 kB/sec
	Min xfer 					=    1005.00 kB

	Children see throughput for  4 rewriters 	=    2219.18 kB/sec
	Parent sees throughput for  4 rewriters 	=    2186.08 kB/sec
	Min throughput per process 			=     542.76 kB/sec 
	Max throughput per process 			=     566.05 kB/sec
	Avg throughput per process 			=     554.80 kB/sec
	Min xfer 					=     995.00 kB

	Children see throughput for  4 readers 		=   11995.14 kB/sec
	Parent sees throughput for  4 readers 		=   11144.33 kB/sec
	Min throughput per process 			=    2917.11 kB/sec 
	Max throughput per process 			=    3126.72 kB/sec
	Avg throughput per process 			=    2998.78 kB/sec
	Min xfer 					=     941.00 kB

	Children see throughput for 4 re-readers 	=   12212.16 kB/sec
	Parent sees throughput for 4 re-readers 	=   11267.70 kB/sec
	Min throughput per process 			=    2975.41 kB/sec 
	Max throughput per process 			=    3118.18 kB/sec
	Avg throughput per process 			=    3053.04 kB/sec
	Min xfer 					=     943.00 kB



iozone test complete.
iozone throughput random-read measurements
	Iozone: Performance Test of File I/O
	        Version $Revision: 3.506 $
		Compiled for 64 bit mode.
		Build: linux 

	Contributors:William Norcott, Don Capps, Isom Crawford, Kirby Collins
	             Al Slater, Scott Rhine, Mike Wisner, Ken Goss
	             Steve Landherr, Brad Smith, Mark Kelly, Dr. Alain CYR,
	             Randy Dunlap, Mark Montague, Dan Million, Gavin Brebner,
	             Jean-Marc Zucconi, Jeff Blomberg, Benny Halevy, Dave Boone,
	             Erik Habbinga, Kris Strecker, Walter Wong, Joshua Root,
	             Fabrice Bacchella, Zhenghua Xue, Qin Li, Darren Sawyer,
	             Vangel Bojaxhi, Ben England, Vikentsi Lapa,
	             Alexey Skidanov, Sudhir Kumar.

	Run began: Fri Jan  1 00:03:37 2027

	Record Size 1 kB
	File size set to 1024 kB
	Command line used: ./iozone -t 4 -i 0 -i 2 -r 1k -s 1m
	Output is in kBytes/sec
	Time Resolution = 0.000048 seconds.
	Processor cache size set to 1024 kBytes.
	Processor cache line size set to 32 bytes.
	File stride size set to 17 * record size.
	Throughput test with 4 processes
	Each process writes a 1024 kByte file in 1 kByte records

	Children see throughput for  4 initial writers 	=    2365.83 kB/sec
	Parent sees throughput for  4 initial writers 	=    2291.96 kB/sec
	Min throughput per process 			=     576.15 kB/sec 
	Max throughput per process 			=     607.20 kB/sec
	Avg throughput per process 			=     591.46 kB/sec
	Min xfer 					=     990.00 kB

	Children see throughput for  4 rewriters 	=    2207.13 kB/sec
	Parent sees throughput for  4 rewriters 	=    2178.30 kB/sec
	Min throughput per process 			=     541.80 kB/sec 
	Max throughput per process 			=     555.90 kB/sec
	Avg throughput per process 			=     551.78 kB/sec
	Min xfer 					=    1011.00 kB

	Children see throughput for 4 random readers 	=   11007.33 kB/sec
	Parent sees throughput for 4 random readers 	=   10246.64 kB/sec
	Min throughput per process 			=    2714.71 kB/sec 
	Max throughput per process 			=    2784.61 kB/sec
	Avg throughput per process 			=    2751.83 kB/sec
	Min xfer 					=     965.00 kB

	Children see throughput for 4 random writers 	=    2371.57 kB/sec
	Parent sees throughput for 4 random writers 	=    2295.05 kB/sec
	Min throughput per process 			=     585.86 kB/sec 
	Max throughput per process 			=     606.23 kB/sec
	Avg throughput per process 			=     592.89 kB/sec
	Min xfer 					=     990.00 kB



iozone test complete.
iozone throughput read-backwards measurements
	Iozone: Performance Test of File I/O
	        Version $Revision: 3.506 $
		Compiled for 64 bit mode.
		Build: linux 

	Contributors:William Norcott, Don Capps, Isom Crawford, Kirby Collins
	             Al Slater, Scott Rhine, Mike Wisner, Ken Goss
	             Steve Landherr, Brad Smith, Mark Kelly, Dr. Alain CYR,
	             Randy Dunlap, Mark Montague, Dan Million, Gavin Brebner,
	             Jean-Marc Zucconi, Jeff Blomberg, Benny Halevy, Dave Boone,
	             Erik Habbinga, Kris Strecker, Walter Wong, Joshua Root,
	             Fabrice Bacchella, Zhenghua Xue, Qin Li, Darren Sawyer,
	             Vangel Bojaxhi, Ben England, Vikentsi Lapa,
	             Alexey Skidanov, Sudhir Kumar.

	Run began: Fri Jan  1 00:04:03 2027

	Record Size 1 kB
	File size set to 1024 kB
	Command line used: ./iozone -t 4 -i 0 -i 3 -r 1k -s 1m
	Output is in kBytes/sec
	Time Resolution = 0.000046 seconds.
	Processor cache size set to 1024 kBytes.
	Processor cache line size set to 32 bytes.
	File stride size set to 17 * record size.
	Throughput test with 4 processes
	Each process writes a 1024 kByte file in 1 kByte records

	Children see throughput for  4 initial writers 	=    2231.06 kB/sec
	Parent sees throughput for  4 initial writers 	=    2179.55 kB/sec
	Min throughput per process 			=     551.62 kB/sec 
	Max throughput per process 			=     567.27 kB/sec
	Avg throughput per process 			=     557.77 kB/sec
	Min xfer 					=     998.00 kB

	Children see throughput for  4 rewriters 	=    2262.86 kB/sec
	Parent sees throughput for  4 rewriters 	=    2232.16 kB/sec
	Min throughput per process 			=     549.51 kB/sec 
	Max throughput per process 			=     579.11 kB/sec
	Avg throughput per process 			=     565.71 kB/sec
	Min xfer 					=     990.00 kB

	Children see throughput for 4 reverse readers 	=   11087.61 kB/sec
	Parent sees throughput for 4 reverse readers 	=   10393.36 kB/sec
	Min throughput per process 			=    2722.75 kB/sec 
	Max throughput per process 			=    2832.57 kB/sec
	Avg throughput per process 			=    2771.90 kB/sec
	Min xfer 					=     974.00 kB



iozone test complete.
iozone throughput stride-read measurements
	Iozone: Performance Test of File I/O
	        Version $Revision: 3.506 $
		Compiled for 64 bit mode.
		Build: linux 

	Contributors:William Norcott, Don Capps, Isom Crawford, Kirby Collins
	             Al Slater, Scott Rhine, Mike Wisner, Ken Goss
	             Steve Landherr, Brad Smith, Mark Kelly, Dr. Alain CYR,
	             Randy Dunlap, Mark Montague, Dan Million, Gavin Brebner,
	             Jean-Marc Zucconi, Jeff Blomberg, Benny Halevy, Dave Boone,
	             Erik Habbinga, Kris Strecker, Walter Wong, Joshua Root,
	             Fabrice Bacchella, Zhenghua Xue, Qin Li, Darren Sawyer,
	             Vangel Bojaxhi, Ben England, Vikentsi Lapa,
	             Alexey Skidanov, Sudhir Kumar.

	Run began: Fri Jan  1 00:04:23 2027

	Record Size 1 kB
	File size set to 1024 kB
	Command line used: ./iozone -t 4 -i 0 -i 5 -r 1k -s 1m
	Output is in kBytes/sec
	Time Resolution = 0.000049 seconds.
	Processor cache size set to 1024 kBytes.
	Processor cache line size set to 32 bytes.
	File stride size set to 17 * record size.
	Throughput test with 4 processes
	Each process writes a 1024 kByte file in 1 kByte records

	Children see throughput for  4 initial writers 	=    2205.71 kB/sec
	Parent sees throughput for  4 initial writers 	=    2163.76 kB/sec
	Min throughput per process 			=     543.57 kB/sec 
	Max throughput per process 			=     556.43 kB/sec
	Avg throughput per process 			=     551.43 kB/sec
	Min xfer 					=    1011.00 kB

	Children see throughput for  4 rewriters 	=    2340.27 kB/sec
	Parent sees throughput for  4 rewriters 	=    2307.37 kB/sec
	Min throughput per process 			=     574.85 kB/sec 
	Max throughput per process 			=     592.59 kB/sec
	Avg throughput per process 			=     585.07 kB/sec
	Min xfer 					=    1005.00 kB

	Children see throughput for 4 stride readers 	=   11192.41 kB/sec
	Parent sees throughput for 4 stride readers 	=   10490.65 kB/sec
	Min throughput per process 			=    2749.71 kB/sec 
	Max throughput per process 			=    2897.25 kB/sec
	Avg throughput per process 			=    2798.10 kB/sec
	Min xfer 					=     978.00 kB



iozone test complete.
iozone throughput fwrite/fread measurements
	Iozone: Performance Test of File I/O
	        Version $Revision: 3.506 $
		Compiled for 64 bit mode.
		Build: linux 

	Contributors:William Norcott, Don Capps, Isom Crawford, Kirby Collins
	             Al Slater, Scott Rhine, Mike Wisner, Ken Goss
	             Steve Landherr, Brad Smith, Mark Kelly, Dr. Alain CYR,
	             Randy Dunlap, Mark Montague, Dan Million, Gavin Brebner,
	             Jean-Marc Zucconi, Jeff Blomberg, Benny Halevy, Dave Boone,
	             Erik Habbinga, Kris Strecker, Walter Wong, Joshua Root,
	             Fabrice Bacchella, Zhenghua Xue, Qin Li, Darren Sawyer,
	             Vangel Bojaxhi, Ben England, Vikentsi Lapa,
	             Alexey Skidanov, Sudhir Kumar.

	Run began: Fri Jan  1 00:04:43 2027

	Record Size 1 kB
	File size set to 1024 kB
	Command line used: ./iozone -t 4 -i 6 -i 7 -r 1k -s 1m
	Output is in kBytes/sec
	Time Resolution = 0.000046 seconds.
	Processor cache size set to 1024 kBytes.
	Processor cache line size set to 32 bytes.
	File stride size set to 17 * record size.
	Throughput test with 4 processes
	Each process writes a 1024 kByte file in 1 kByte records
fsync: Resource temporarily unavailable
fsync: Resource temporarily unavailable
fsync: Resource temporarily unavailable
fsync: Resource temporarily unavailable

	Children see throughput for  4 fwriters 	=    2178.44 kB/sec
	Parent sees throughput for  4 fwriters 		=    2124.47 kB/sec
	Min throughput per process 			=     538.25 kB/sec 
	Max throughput per process 			=     555.28 kB/sec
	Avg throughput per process 			=     544.61 kB/sec
	Min xfer 					=    1024.00 kB

	Children see throughput for  4 freaders 	=    7860.89 kB/sec
	Parent sees throughput for  4 freaders 		=    7405.43 kB/sec
	Min throughput per process 			=    1880.55 kB/sec 
	Max throughput per process 			=    2091.55 kB/sec
	Avg throughput per process 			=    1965.22 kB/sec
	Min xfer 					=    1024.00 kB



iozone test complete.
iozone throughput pwrite/pread measurements
	Iozone: Performance Test of File I/O
	        Version $Revision: 3.506 $
		Compiled for 64 bit mode.
		Build: linux 

	Contributors:William Norcott, Don Capps, Isom Crawford, Kirby Collins
	             Al Slater, Scott Rhine, Mike Wisner, Ken Goss
	             Steve Landherr, Brad Smith, Mark Kelly, Dr. Alain CYR,
	             Randy Dunlap, Mark Montague, Dan Million, Gavin Brebner,
	             Jean-Marc Zucconi, Jeff Blomberg, Benny Halevy, Dave Boone,
	             Erik Habbinga, Kris Strecker, Walter Wong, Joshua Root,
	             Fabrice Bacchella, Zhenghua Xue, Qin Li, Darren Sawyer,
	             Vangel Bojaxhi, Ben England, Vikentsi Lapa,
	             Alexey Skidanov, Sudhir Kumar.

	Run began: Fri Jan  1 00:04:57 2027

	Record Size 1 kB
	File size set to 1024 kB
	Command line used: ./iozone -t 4 -i 9 -i 10 -r 1k -s 1m
	Output is in kBytes/sec
	Time Resolution = 0.000048 seconds.
	Processor cache size set to 1024 kBytes.
	Processor cache line size set to 32 bytes.
	File stride size set to 17 * record size.
	Throughput test with 4 processes
	Each process writes a 1024 kByte file in 1 kByte records

	Children see throughput for 4 pwrite writers 	=    2022.32 kB/sec
	Parent sees throughput for 4 pwrite writers 	=    1984.16 kB/sec
	Min throughput per process 			=     494.27 kB/sec 
	Max throughput per process 			=     510.47 kB/sec
	Avg throughput per process 			=     505.58 kB/sec
	Min xfer 					=    1003.00 kB

	Children see throughput for 4 pread readers 	=   12692.65 kB/sec
	Parent sees throughput for 4 pread readers 	=   11787.99 kB/sec
	Min throughput per process 			=    3120.27 kB/sec 
	Max throughput per process 			=    3279.68 kB/sec
	Avg throughput per process 			=    3173.16 kB/sec
	Min xfer 					=     981.00 kB



iozone test complete.
iozone throughtput pwritev/preadv measurements
	Iozone: Performance Test of File I/O
	        Version $Revision: 3.506 $
		Compiled for 64 bit mode.
		Build: linux 

	Contributors:William Norcott, Don Capps, Isom Crawford, Kirby Collins
	             Al Slater, Scott Rhine, Mike Wisner, Ken Goss
	             Steve Landherr, Brad Smith, Mark Kelly, Dr. Alain CYR,
	             Randy Dunlap, Mark Montague, Dan Million, Gavin Brebner,
	             Jean-Marc Zucconi, Jeff Blomberg, Benny Halevy, Dave Boone,
	             Erik Habbinga, Kris Strecker, Walter Wong, Joshua Root,
	             Fabrice Bacchella, Zhenghua Xue, Qin Li, Darren Sawyer,
	             Vangel Bojaxhi, Ben England, Vikentsi Lapa,
	             Alexey Skidanov, Sudhir Kumar.

	Run began: Fri Jan  1 00:05:15 2027

	Selected test not available on the version.
	Record Size 1 kB
	File size set to 1024 kB
	Command line used: ./iozone -t 4 -i 11 -i 12 -r 1k -s 1m
	Output is in kBytes/sec
	Time Resolution = 0.000046 seconds.
	Processor cache size set to 1024 kBytes.
	Processor cache line size set to 32 bytes.
	File stride size set to 17 * record size.
	Throughput test with 4 processes
	Each process writes a 1024 kByte file in 1 kByte records

	Children see throughput for  4 initial writers 	=    2371.42 kB/sec
	Parent sees throughput for  4 initial writers 	=    2313.45 kB/sec
	Min throughput per process 			=     575.61 kB/sec 
	Max throughput per process 			=     606.46 kB/sec
	Avg throughput per process 			=     592.86 kB/sec
	Min xfer 					=     989.00 kB

	Children see throughput for  4 rewriters 	=    2348.71 kB/sec
	Parent sees throughput for  4 rewriters 	=    2314.55 kB/sec
	Min throughput per process 			=     580.67 kB/sec 
	Max throughput per process 			=     593.33 kB/sec
	Avg throughput per process 			=     587.18 kB/sec
	Min xfer 					=    1008.00 kB



iozone test complete.
#### OS COMP TEST GROUP END iozone-musl ####
#### OS COMP TEST GROUP END iozone-musl ####
[initproc] done iozone_testcode.sh in /musl exit_code=0
#### OS COMP TEST GROUP START iozone-glibc ####
#### OS COMP TEST GROUP START iozone-glibc ####
iozone automatic measurements
	Iozone: Performance Test of File I/O
	        Version $Revision: 3.506 $
		Compiled for 64 bit mode.
		Build: linux 

	Contributors:William Norcott, Don Capps, Isom Crawford, Kirby Collins
	             Al Slater, Scott Rhine, Mike Wisner, Ken Goss
	             Steve Landherr, Brad Smith, Mark Kelly, Dr. Alain CYR,
	             Randy Dunlap, Mark Montague, Dan Million, Gavin Brebner,
	             Jean-Marc Zucconi, Jeff Blomberg, Benny Halevy, Dave Boone,
	             Erik Habbinga, Kris Strecker, Walter Wong, Joshua Root,
	             Fabrice Bacchella, Zhenghua Xue, Qin Li, Darren Sawyer,
	             Vangel Bojaxhi, Ben England, Vikentsi Lapa,
	             Alexey Skidanov, Sudhir Kumar.

	Run began: Fri Jan  1 00:05:33 2027

	Auto Mode
	Record Size 1 kB
	File size set to 4096 kB
	Command line used: ./iozone -a -r 1k -s 4m
	Output is in kBytes/sec
	Time Resolution = 0.000044 seconds.
	Processor cache size set to 1024 kBytes.
	Processor cache line size set to 32 bytes.
	File stride size set to 17 * record size.
                                                                    random    random      bkwd     record     stride                                        
              kB  reclen    write    rewrite      read    reread      read     write      read    rewrite       read    fwrite  frewrite     fread   freread
            4096       1fsync: Resource temporarily unavailable

iozone: interrupted

exiting iozone

iozone throughput write/read measurements
	Iozone: Performance Test of File I/O
	        Version $Revision: 3.506 $
		Compiled for 64 bit mode.
		Build: linux 

	Contributors:William Norcott, Don Capps, Isom Crawford, Kirby Collins
	             Al Slater, Scott Rhine, Mike Wisner, Ken Goss
	             Steve Landherr, Brad Smith, Mark Kelly, Dr. Alain CYR,
	             Randy Dunlap, Mark Montague, Dan Million, Gavin Brebner,
	             Jean-Marc Zucconi, Jeff Blomberg, Benny Halevy, Dave Boone,
	             Erik Habbinga, Kris Strecker, Walter Wong, Joshua Root,
	             Fabrice Bacchella, Zhenghua Xue, Qin Li, Darren Sawyer,
	             Vangel Bojaxhi, Ben England, Vikentsi Lapa,
	             Alexey Skidanov, Sudhir Kumar.

	Run began: Fri Jan  1 00:05:38 2027

	Record Size 1 kB
	File size set to 1024 kB
	Command line used: ./iozone -t 4 -i 0 -i 1 -r 1k -s 1m
	Output is in kBytes/sec
	Time Resolution = 0.000047 seconds.
	Processor cache size set to 1024 kBytes.
	Processor cache line size set to 32 bytes.
	File stride size set to 17 * record size.
	Throughput test with 4 processes
	Each process writes a 1024 kByte file in 1 kByte records

	Children see throughput for  4 initial writers 	=    1862.53 kB/sec
	Parent sees throughput for  4 initial writers 	=    1828.61 kB/sec
	Min throughput per process 			=     462.75 kB/sec 
	Max throughput per process 			=     472.40 kB/sec
	Avg throughput per process 			=     465.63 kB/sec
	Min xfer 					=    1002.00 kB

	Children see throughput for  4 rewriters 	=    2175.20 kB/sec
	Parent sees throughput for  4 rewriters 	=    2141.95 kB/sec
	Min throughput per process 			=     535.87 kB/sec 
	Max throughput per process 			=     553.85 kB/sec
	Avg throughput per process 			=     543.80 kB/sec
	Min xfer 					=     986.00 kB

	Children see throughput for  4 readers 		=   12008.81 kB/sec
	Parent sees throughput for  4 readers 		=   11104.15 kB/sec
	Min throughput per process 			=    2861.82 kB/sec 
	Max throughput per process 			=    3125.76 kB/sec
	Avg throughput per process 			=    3002.20 kB/sec
	Min xfer 					=     962.00 kB

	Children see throughput for 4 re-readers 	=   12345.99 kB/sec
	Parent sees throughput for 4 re-readers 	=   11438.50 kB/sec
	Min throughput per process 			=    2966.21 kB/sec 
	Max throughput per process 			=    3181.86 kB/sec
	Avg throughput per process 			=    3086.50 kB/sec
	Min xfer 					=     957.00 kB



iozone test complete.
iozone throughput random-read measurements
	Iozone: Performance Test of File I/O
	        Version $Revision: 3.506 $
		Compiled for 64 bit mode.
		Build: linux 

	Contributors:William Norcott, Don Capps, Isom Crawford, Kirby Collins
	             Al Slater, Scott Rhine, Mike Wisner, Ken Goss
	             Steve Landherr, Brad Smith, Mark Kelly, Dr. Alain CYR,
	             Randy Dunlap, Mark Montague, Dan Million, Gavin Brebner,
	             Jean-Marc Zucconi, Jeff Blomberg, Benny Halevy, Dave Boone,
	             Erik Habbinga, Kris Strecker, Walter Wong, Joshua Root,
	             Fabrice Bacchella, Zhenghua Xue, Qin Li, Darren Sawyer,
	             Vangel Bojaxhi, Ben England, Vikentsi Lapa,
	             Alexey Skidanov, Sudhir Kumar.

	Run began: Fri Jan  1 00:06:00 2027

	Record Size 1 kB
	File size set to 1024 kB
	Command line used: ./iozone -t 4 -i 0 -i 2 -r 1k -s 1m
	Output is in kBytes/sec
	Time Resolution = 0.000044 seconds.
	Processor cache size set to 1024 kBytes.
	Processor cache line size set to 32 bytes.
	File stride size set to 17 * record size.
	Throughput test with 4 processes
	Each process writes a 1024 kByte file in 1 kByte records

	Children see throughput for  4 initial writers 	=    2163.36 kB/sec
	Parent sees throughput for  4 initial writers 	=    2088.68 kB/sec
	Min throughput per process 			=     525.40 kB/sec 
	Max throughput per process 			=     553.78 kB/sec
	Avg throughput per process 			=     540.84 kB/sec
	Min xfer 					=     986.00 kB

	Children see throughput for  4 rewriters 	=    2108.50 kB/sec
	Parent sees throughput for  4 rewriters 	=    2080.28 kB/sec
	Min throughput per process 			=     508.11 kB/sec 
	Max throughput per process 			=     542.69 kB/sec
	Avg throughput per process 			=     527.12 kB/sec
	Min xfer 					=     956.00 kB

	Children see throughput for 4 random readers 	=   11326.24 kB/sec
	Parent sees throughput for 4 random readers 	=   10577.67 kB/sec
	Min throughput per process 			=    2755.20 kB/sec 
	Max throughput per process 			=    2926.26 kB/sec
	Avg throughput per process 			=    2831.56 kB/sec
	Min xfer 					=     994.00 kB

	Children see throughput for 4 random writers 	=    2284.59 kB/sec
	Parent sees throughput for 4 random writers 	=    2229.83 kB/sec
	Min throughput per process 			=     563.16 kB/sec 
	Max throughput per process 			=     579.34 kB/sec
	Avg throughput per process 			=     571.15 kB/sec
	Min xfer 					=    1003.00 kB



iozone test complete.
iozone throughput read-backwards measurements
	Iozone: Performance Test of File I/O
	        Version $Revision: 3.506 $
		Compiled for 64 bit mode.
		Build: linux 

	Contributors:William Norcott, Don Capps, Isom Crawford, Kirby Collins
	             Al Slater, Scott Rhine, Mike Wisner, Ken Goss
	             Steve Landherr, Brad Smith, Mark Kelly, Dr. Alain CYR,
	             Randy Dunlap, Mark Montague, Dan Million, Gavin Brebner,
	             Jean-Marc Zucconi, Jeff Blomberg, Benny Halevy, Dave Boone,
	             Erik Habbinga, Kris Strecker, Walter Wong, Joshua Root,
	             Fabrice Bacchella, Zhenghua Xue, Qin Li, Darren Sawyer,
	             Vangel Bojaxhi, Ben England, Vikentsi Lapa,
	             Alexey Skidanov, Sudhir Kumar.

	Run began: Fri Jan  1 00:06:27 2027

	Record Size 1 kB
	File size set to 1024 kB
	Command line used: ./iozone -t 4 -i 0 -i 3 -r 1k -s 1m
	Output is in kBytes/sec
	Time Resolution = 0.000046 seconds.
	Processor cache size set to 1024 kBytes.
	Processor cache line size set to 32 bytes.
	File stride size set to 17 * record size.
	Throughput test with 4 processes
	Each process writes a 1024 kByte file in 1 kByte records

	Children see throughput for  4 initial writers 	=    2101.31 kB/sec
	Parent sees throughput for  4 initial writers 	=    2036.92 kB/sec
	Min throughput per process 			=     514.48 kB/sec 
	Max throughput per process 			=     542.97 kB/sec
	Avg throughput per process 			=     525.33 kB/sec
	Min xfer 					=     987.00 kB

	Children see throughput for  4 rewriters 	=    2096.43 kB/sec
	Parent sees throughput for  4 rewriters 	=    2068.68 kB/sec
	Min throughput per process 			=     518.40 kB/sec 
	Max throughput per process 			=     531.47 kB/sec
	Avg throughput per process 			=     524.11 kB/sec
	Min xfer 					=     996.00 kB

	Children see throughput for 4 reverse readers 	=   11040.35 kB/sec
	Parent sees throughput for 4 reverse readers 	=   10302.80 kB/sec
	Min throughput per process 			=    2697.25 kB/sec 
	Max throughput per process 			=    2795.18 kB/sec
	Avg throughput per process 			=    2760.09 kB/sec
	Min xfer 					=     980.00 kB



iozone test complete.
iozone throughput stride-read measurements
	Iozone: Performance Test of File I/O
	        Version $Revision: 3.506 $
		Compiled for 64 bit mode.
		Build: linux 

	Contributors:William Norcott, Don Capps, Isom Crawford, Kirby Collins
	             Al Slater, Scott Rhine, Mike Wisner, Ken Goss
	             Steve Landherr, Brad Smith, Mark Kelly, Dr. Alain CYR,
	             Randy Dunlap, Mark Montague, Dan Million, Gavin Brebner,
	             Jean-Marc Zucconi, Jeff Blomberg, Benny Halevy, Dave Boone,
	             Erik Habbinga, Kris Strecker, Walter Wong, Joshua Root,
	             Fabrice Bacchella, Zhenghua Xue, Qin Li, Darren Sawyer,
	             Vangel Bojaxhi, Ben England, Vikentsi Lapa,
	             Alexey Skidanov, Sudhir Kumar.

	Run began: Fri Jan  1 00:06:49 2027

	Record Size 1 kB
	File size set to 1024 kB
	Command line used: ./iozone -t 4 -i 0 -i 5 -r 1k -s 1m
	Output is in kBytes/sec
	Time Resolution = 0.000044 seconds.
	Processor cache size set to 1024 kBytes.
	Processor cache line size set to 32 bytes.
	File stride size set to 17 * record size.
	Throughput test with 4 processes
	Each process writes a 1024 kByte file in 1 kByte records

	Children see throughput for  4 initial writers 	=    2248.51 kB/sec
	Parent sees throughput for  4 initial writers 	=    2203.43 kB/sec
	Min throughput per process 			=     551.20 kB/sec 
	Max throughput per process 			=     567.47 kB/sec
	Avg throughput per process 			=     562.13 kB/sec
	Min xfer 					=    1007.00 kB

	Children see throughput for  4 rewriters 	=    2270.32 kB/sec
	Parent sees throughput for  4 rewriters 	=    2237.73 kB/sec
	Min throughput per process 			=     555.38 kB/sec 
	Max throughput per process 			=     579.36 kB/sec
	Avg throughput per process 			=     567.58 kB/sec
	Min xfer 					=     994.00 kB

	Children see throughput for 4 stride readers 	=   11205.00 kB/sec
	Parent sees throughput for 4 stride readers 	=   10433.27 kB/sec
	Min throughput per process 			=    2749.94 kB/sec 
	Max throughput per process 			=    2843.29 kB/sec
	Avg throughput per process 			=    2801.25 kB/sec
	Min xfer 					=     992.00 kB



iozone test complete.
iozone throughput fwrite/fread measurements
	Iozone: Performance Test of File I/O
	        Version $Revision: 3.506 $
		Compiled for 64 bit mode.
		Build: linux 

	Contributors:William Norcott, Don Capps, Isom Crawford, Kirby Collins
	             Al Slater, Scott Rhine, Mike Wisner, Ken Goss
	             Steve Landherr, Brad Smith, Mark Kelly, Dr. Alain CYR,
	             Randy Dunlap, Mark Montague, Dan Million, Gavin Brebner,
	             Jean-Marc Zucconi, Jeff Blomberg, Benny Halevy, Dave Boone,
	             Erik Habbinga, Kris Strecker, Walter Wong, Joshua Root,
	             Fabrice Bacchella, Zhenghua Xue, Qin Li, Darren Sawyer,
	             Vangel Bojaxhi, Ben England, Vikentsi Lapa,
	             Alexey Skidanov, Sudhir Kumar.

	Run began: Fri Jan  1 00:07:10 2027

	Record Size 1 kB
	File size set to 1024 kB
	Command line used: ./iozone -t 4 -i 6 -i 7 -r 1k -s 1m
	Output is in kBytes/sec
	Time Resolution = 0.000047 seconds.
	Processor cache size set to 1024 kBytes.
	Processor cache line size set to 32 bytes.
	File stride size set to 17 * record size.
	Throughput test with 4 processes
	Each process writes a 1024 kByte file in 1 kByte records
fsync: Resource temporarily unavailable
fsync: Resource temporarily unavailable
fsync: Resource temporarily unavailable
fsync: Resource temporarily unavailable

	Children see throughput for  4 fwriters 	=    2267.28 kB/sec
	Parent sees throughput for  4 fwriters 		=    2209.30 kB/sec
	Min throughput per process 			=     558.17 kB/sec 
	Max throughput per process 			=     578.82 kB/sec
	Avg throughput per process 			=     566.82 kB/sec
	Min xfer 					=    1024.00 kB

	Children see throughput for  4 freaders 	=   12069.14 kB/sec
	Parent sees throughput for  4 freaders 		=   11125.63 kB/sec
	Min throughput per process 			=    2844.54 kB/sec 
	Max throughput per process 			=    3133.04 kB/sec
	Avg throughput per process 			=    3017.29 kB/sec
	Min xfer 					=    1024.00 kB



iozone test complete.
iozone throughput pwrite/pread measurements
	Iozone: Performance Test of File I/O
	        Version $Revision: 3.506 $
		Compiled for 64 bit mode.
		Build: linux 

	Contributors:William Norcott, Don Capps, Isom Crawford, Kirby Collins
	             Al Slater, Scott Rhine, Mike Wisner, Ken Goss
	             Steve Landherr, Brad Smith, Mark Kelly, Dr. Alain CYR,
	             Randy Dunlap, Mark Montague, Dan Million, Gavin Brebner,
	             Jean-Marc Zucconi, Jeff Blomberg, Benny Halevy, Dave Boone,
	             Erik Habbinga, Kris Strecker, Walter Wong, Joshua Root,
	             Fabrice Bacchella, Zhenghua Xue, Qin Li, Darren Sawyer,
	             Vangel Bojaxhi, Ben England, Vikentsi Lapa,
	             Alexey Skidanov, Sudhir Kumar.

	Run began: Fri Jan  1 00:07:25 2027

	Record Size 1 kB
	File size set to 1024 kB
	Command line used: ./iozone -t 4 -i 9 -i 10 -r 1k -s 1m
	Output is in kBytes/sec
	Time Resolution = 0.000044 seconds.
	Processor cache size set to 1024 kBytes.
	Processor cache line size set to 32 bytes.
	File stride size set to 17 * record size.
	Throughput test with 4 processes
	Each process writes a 1024 kByte file in 1 kByte records

	Children see throughput for 4 pwrite writers 	=    2375.44 kB/sec
	Parent sees throughput for 4 pwrite writers 	=    2312.16 kB/sec
	Min throughput per process 			=     581.61 kB/sec 
	Max throughput per process 			=     606.12 kB/sec
	Avg throughput per process 			=     593.86 kB/sec
	Min xfer 					=     997.00 kB

	Children see throughput for 4 pread readers 	=   13379.89 kB/sec
	Parent sees throughput for 4 pread readers 	=   12096.65 kB/sec
	Min throughput per process 			=    3104.41 kB/sec 
	Max throughput per process 			=    3555.89 kB/sec
	Avg throughput per process 			=    3344.97 kB/sec
	Min xfer 					=     900.00 kB



iozone test complete.
iozone throughtput pwritev/preadv measurements
	Iozone: Performance Test of File I/O
	        Version $Revision: 3.506 $
		Compiled for 64 bit mode.
		Build: linux 

	Contributors:William Norcott, Don Capps, Isom Crawford, Kirby Collins
	             Al Slater, Scott Rhine, Mike Wisner, Ken Goss
	             Steve Landherr, Brad Smith, Mark Kelly, Dr. Alain CYR,
	             Randy Dunlap, Mark Montague, Dan Million, Gavin Brebner,
	             Jean-Marc Zucconi, Jeff Blomberg, Benny Halevy, Dave Boone,
	             Erik Habbinga, Kris Strecker, Walter Wong, Joshua Root,
	             Fabrice Bacchella, Zhenghua Xue, Qin Li, Darren Sawyer,
	             Vangel Bojaxhi, Ben England, Vikentsi Lapa,
	             Alexey Skidanov, Sudhir Kumar.

	Run began: Fri Jan  1 00:07:44 2027

	Selected test not available on the version.
	Record Size 1 kB
	File size set to 1024 kB
	Command line used: ./iozone -t 4 -i 11 -i 12 -r 1k -s 1m
	Output is in kBytes/sec
	Time Resolution = 0.000047 seconds.
	Processor cache size set to 1024 kBytes.
	Processor cache line size set to 32 bytes.
	File stride size set to 17 * record size.
	Throughput test with 4 processes
	Each process writes a 1024 kByte file in 1 kByte records

	Children see throughput for  4 initial writers 	=    2243.28 kB/sec
	Parent sees throughput for  4 initial writers 	=    2188.23 kB/sec
	Min throughput per process 			=     551.27 kB/sec 
	Max throughput per process 			=     568.24 kB/sec
	Avg throughput per process 			=     560.82 kB/sec
	Min xfer 					=    1006.00 kB

	Children see throughput for  4 rewriters 	=    2253.62 kB/sec
	Parent sees throughput for  4 rewriters 	=    2222.38 kB/sec
	Min throughput per process 			=     556.88 kB/sec 
	Max throughput per process 			=     568.17 kB/sec
	Avg throughput per process 			=     563.41 kB/sec
	Min xfer 					=    1008.00 kB



iozone test complete.
#### OS COMP TEST GROUP END iozone-glibc ####
#### OS COMP TEST GROUP END iozone-glibc ####
[initproc] done iozone_testcode.sh in /glibc exit_code=0
[initproc] skip libcbench (mask bit7 not set)
[initproc] skip netperf (mask bit9 not set)
[initproc] skip iperf (mask bit6 not set)
[initproc] skip libctest (mask bit3 not set)
[initproc] skip cyclictest (mask bit10 not set)
[initproc] skip ltp (mask bit11 not set)
[initproc] skip cpython (mask bit12 not set)
[initproc] skip unixbench (mask bit5 not set)
[initproc] run_selected_groups done
make: Leaving directory '/app/os'
