[regression] Launching QEMU (no disks, timeout 120s)...

OpenSBI v1.0
   ____                    _____ ____ _____
  / __ \                  / ____|  _ \_   _|
 | |  | |_ __   ___ _ __ | (___ | |_) || |
 | |  | | '_ \ / _ \ '_ \ \___ \|  _ < | |
 | |__| | |_) |  __/ | | |____) | |_) || |_
  \____/| .__/ \___|_| |_|_____/|____/_____|
        | |
        |_|

Platform Name             : riscv-virtio,qemu
Platform Features         : medeleg
Platform HART Count       : 1
Platform IPI Device       : aclint-mswi
Platform Timer Device     : aclint-mtimer @ 10000000Hz
Platform Console Device   : uart8250
Platform HSM Device       : ---
Platform Reboot Device    : sifive_test
Platform Shutdown Device  : sifive_test
Firmware Base             : 0x80000000
Firmware Size             : 252 KB
Runtime SBI Version       : 0.3

Domain0 Name              : root
Domain0 Boot HART         : 0
Domain0 HARTs             : 0*
Domain0 Region00          : 0x0000000002000000-0x000000000200ffff (I)
Domain0 Region01          : 0x0000000080000000-0x000000008003ffff ()
Domain0 Region02          : 0x0000000000000000-0xffffffffffffffff (R,W,X)
Domain0 Next Address      : 0x0000000080200000
Domain0 Next Arg1         : 0x0000000082200000
Domain0 Next Mode         : S-mode
Domain0 SysReset          : yes

Boot HART ID              : 0
Boot HART Domain          : root
Boot HART ISA             : rv64imafdcsuh
Boot HART Features        : scounteren,mcounteren,mcountinhibit,time
Boot HART PMP Count       : 16
Boot HART PMP Granularity : 4
Boot HART PMP Address Bits: 54
Boot HART MHPM Count      : 16
Boot HART MIDELEG         : 0x0000000000001666
Boot HART MEDELEG         : 0x0000000000f0b509
[kernel] logger inited, level= Off
[kernel] Boot protocol: RiscvFdt, hart_id=0, dtb_paddr=0x82200000
[kernel] Console initialized.
[memory] 194744 usable physical frames across 1 region(s)
[memory] region0: [0x90748000, 0xc0000000) frames=194744
.text [0x80200000, 0x80430000)
.rodata [0x80430000, 0x80468000)
.data [0x80468000, 0x806e6000)
.bss [0x806e6000, 0x90748000)
mapping .text section
mapping .rodata section
mapping .data section
mapping .bss section
mapping physical memory region
mapping memory-mapped registers
[kernel] Hello, world!
[kernel] PRNG init warning: Entropy(DeviceUnavailable)
[memory] reclaimed linker frames: [0x80468000, 0x804e4000) frames=124
[initramfs] unpacked: files=32 dirs=21 symlinks=1 bytes=504427
[initramfs] VFS_ROOT initialized (ramfs + cpio unpack + dev/proc/tmp)
[kernel] Regression mode — skipping block init
[kernel] No net device, using null device (loopback only)
[kernel] net interface initialized (loopback only, no NIC)
[regression_init] starting regression suite
TAP version 13
1..23
[regression_usercopy_pipe] start
  pipe created: rfd=3 wfd=4
  wrote 8 bytes to pipe
  read(null, 8) returned -14 (expect -14)
  second read returned 8 bytes
[regression_usercopy_pipe] PASS
ok 1 usercopy_pipe
[regression_mmap_edge_cases] start
  mmap(len=0) returned -22 (expect -22)
  allocated page at 0x20000000
  mprotect(0x20000800, 2048, PROT_READ) returned -22
  first half write OK
  readback OK (0x43)
  MAP_FIXED at 0x20001000 returned 0x20001000
  first page marker intact after MAP_FIXED
[regression_mmap_edge_cases] PASS
ok 2 mmap_edge_cases
[regression_timer_realtime_jump] start
  timerfd created: fd=3
  timerfd armed: 500ms relative
  clock jumped +2s: 1798761601 -> 1798761603
  read(timerfd) returned 8 (expirations=1)
  timer fired 1 time(s) — OK
  monotonic timerfd armed: 100ms
  monotonic timerfd fired after 100ms (expirations=1)
[regression_timer_realtime_jump] PASS
ok 3 timer_realtime_jump
[regression_rename_long_name] start
  creating file with 255 byte name
  255-byte file created OK
  rename(255-byte → short) returned 0
  attempting file with 256 byte name
  openat(256-byte name) returned -36 — name rejected, OK
  rename(short → 4096-byte) returned 0 (must not panic)
[regression_rename_long_name] PASS
ok 4 rename_long_name
[regression_lwext4_trunc_hole] start: 8 pages, cold-reopen sparse-hole + batch read_pages + post-write persist
  phase 1: wrote 8 pages 0xa0..0xa7
  phase 1: synced and closed
  phase 2: truncated to 123 bytes inside page 0
  phase 2: synced and closed
  phase 3: extended back to 8 pages (cold reopen)
  phase 3a: retained partial-block prefix: 123 bytes all 0xa0 OK
  phase 3a: truncated same-block tail: 3973 bytes all 0x00 OK
  phase 3b: page-1 single (read_page): 4096 bytes all 0x00 OK
  phase 3c: pages-1-2 batch (read_pages): 8192 bytes all 0x00 OK
  phase 3d: wrote marker 0xbb to page 3
  phase 3: synced and closed
  phase 4a: page-3 marker persist: 4096 bytes all 0xbb OK
  phase 4b: page-2 adj hole: 4096 bytes all 0x00 OK
  phase 4c: page-4 adj hole: 4096 bytes all 0x00 OK
  phase 4d: retained prefix intact: 123 bytes all 0xa0 OK
  phase 4d: truncated tail remains zero: 3973 bytes all 0x00 OK
  phase 4: verified, closed
  phase 5a: sparse gap page 0: 4096 bytes all 0x00 OK
  phase 5b: sparse gap page 1: 4096 bytes all 0x00 OK
  phase 5c: sparse gap page 2: 4096 bytes all 0x00 OK
  phase 5d: new-block zero prefix: 123 bytes all 0x00 OK
  phase 5e: sparse marker: 17 bytes all 0xcc OK
  phase 5f: new-block zero suffix after extend: 3956 bytes all 0x00 OK
  phase 6a: leading extent survives hole truncate: 1 bytes all 0xdd OK
  phase 6b: retained sparse range stays zero: 8191 bytes all 0x00 OK
  phase 6c: data survives after-last no-op: 1 bytes all 0xdd OK
  phase 6: inter-extent hole and after-last truncate paths OK
  cleanup: test file removed
[regression_lwext4_trunc_hole] PASS
ok 5 lwext4_truncate_hole
[regression_clone_vm_second_slot] start
[regression_clone_vm_second_slot] PASS
ok 6 clone_vm_second_slot
[regression_pipe_wakeup] start: 64 hops
[regression_pipe_wakeup] PASS
ok 7 pipe_wakeup
[regression_signalfd] start
[regression_signalfd] PASS: blocked 98ms
ok 8 signalfd
[regression_pidfd] start
[regression_pidfd] PASS
ok 9 pidfd
[regression_net_unix_pair] start
[regression_net_unix_pair] stream_round_trip...
[regression_net_unix_pair] stream_round_trip=true
[regression_net_unix_pair] datagram_delivery=true
ok 10 net_unix_pair
ok 11 net_tcp_accept
ok 12 net_unix_connect
ok 13 net_udp
[regression_eventfd] start
[regression_eventfd] PASS
ok 14 eventfd
[regression_epoll] start
[regression_epoll] PASS
ok 15 epoll
[regression_futex] start
[regression_futex] PASS
ok 16 futex
[regression_timerfd] start
[regression_timerfd] PASS: blocked 48ms
ok 17 timerfd
[regression_ipc_sem] start
[regression_ipc_sem] PASS: blocked 102ms
ok 18 ipc_sem
[regression_nanosleep] start
[regression_nanosleep] PASS: blocked 50ms, remaining 149570000ns
ok 19 nanosleep
[regression_futex_requeue] start
[regression_futex_requeue] PASS
ok 20 futex_requeue
[regression_ipc_msg] start
[regression_ipc_msg] PASS
ok 21 ipc_msg
[regression_child_wait] start
[regression_child_wait] PASS
ok 22 child_wait
[regression_pipe_resize] skip # kernel bug: resize wakeup path
ok 23 pipe_resize # SKIP known kernel bug: resize wakeup
# results: 22 passed, 0 failed, 1 skipped, 23 total
[L4 REGRESSION RESULT: PASS]
=== REGRESSION PASS ===
make[2]: Leaving directory '/app/os'
make[1]: Leaving directory '/app/os'
