make: Entering directory '/app/os'
Rust toolchain preflight passed: nightly-2026-05-10

OpenSBI v1.5.1
   ____                    _____ ____ _____
  / __ \                  / ____|  _ \_   _|
 | |  | |_ __   ___ _ __ | (___ | |_) || |
 | |  | | '_ \ / _ \ '_ \ \___ \|  _ < | |
 | |__| | |_) |  __/ | | |____) | |_) || |_
  \____/| .__/ \___|_| |_|_____/|____/_____|
        | |
        |_|

Platform Name             : riscv-virtio,qemu
Platform Features         : medeleg
Platform HART Count       : 1
Platform IPI Device       : aclint-mswi
Platform Timer Device     : aclint-mtimer @ 10000000Hz
Platform Console Device   : uart8250
Platform HSM Device       : ---
Platform PMU Device       : ---
Platform Reboot Device    : syscon-reboot
Platform Shutdown Device  : syscon-poweroff
Platform Suspend Device   : ---
Platform CPPC Device      : ---
Firmware Base             : 0x80000000
Firmware Size             : 327 KB
Firmware RW Offset        : 0x40000
Firmware RW Size          : 71 KB
Firmware Heap Offset      : 0x49000
Firmware Heap Size        : 35 KB (total), 2 KB (reserved), 11 KB (used), 21 KB (free)
Firmware Scratch Size     : 4096 B (total), 416 B (used), 3680 B (free)
Runtime SBI Version       : 2.0

Domain0 Name              : root
Domain0 Boot HART         : 0
Domain0 HARTs             : 0*
Domain0 Region00          : 0x0000000000100000-0x0000000000100fff M: (I,R,W) S/U: (R,W)
Domain0 Region01          : 0x0000000010000000-0x0000000010000fff M: (I,R,W) S/U: (R,W)
Domain0 Region02          : 0x0000000002000000-0x000000000200ffff M: (I,R,W) S/U: ()
Domain0 Region03          : 0x0000000080040000-0x000000008005ffff M: (R,W) S/U: ()
Domain0 Region04          : 0x0000000080000000-0x000000008003ffff M: (R,X) S/U: ()
Domain0 Region05          : 0x000000000c400000-0x000000000c5fffff M: (I,R,W) S/U: (R,W)
Domain0 Region06          : 0x000000000c000000-0x000000000c3fffff M: (I,R,W) S/U: (R,W)
Domain0 Region07          : 0x0000000000000000-0xffffffffffffffff M: () S/U: (R,W,X)
Domain0 Next Address      : 0x0000000080200000
Domain0 Next Arg1         : 0x00000000bfe00000
Domain0 Next Mode         : S-mode
Domain0 SysReset          : yes
Domain0 SysSuspend        : yes

Boot HART ID              : 0
Boot HART Domain          : root
Boot HART Priv Version    : v1.12
Boot HART Base ISA        : rv64imafdch
Boot HART ISA Extensions  : sstc,zicntr,zihpm,zicboz,zicbom,sdtrig,svadu
Boot HART PMP Count       : 16
Boot HART PMP Granularity : 2 bits
Boot HART PMP Address Bits: 54
Boot HART MHPM Info       : 16 (0x0007fff8)
Boot HART Debug Triggers  : 2 triggers
Boot HART MIDELEG         : 0x0000000000001666
Boot HART MEDELEG         : 0x0000000000f0b509
[kernel] logger inited, level= Off
[kernel] Boot protocol: RiscvFdt, hart_id=0, dtb_paddr=0xbfe00000
[kernel] Console initialized.
[memory] 194424 usable physical frames across 2 region(s)
[memory] region0: [0x90886000, 0xbfe00000) frames=193914
[memory] region1: [0xbfe02000, 0xc0000000) frames=510
.text [0x80200000, 0x80428000)
.rodata [0x80428000, 0x8045f000)
.data [0x8045f000, 0x80824000)
.bss [0x80824000, 0x90886000)
mapping .text section
mapping .rodata section
mapping .data section
mapping .bss section
mapping physical memory region
mapping physical memory region
mapping memory-mapped registers
[kernel] Hello, world!
[kernel] PRNG init warning: Entropy(DeviceUnavailable)
[memory] reclaimed linker frames: [0x8045f000, 0x80822000) frames=963
[initramfs] unpacked: files=39 dirs=23 symlinks=1 bytes=3939693
[initramfs] VFS_ROOT initialized (ramfs + cpio unpack + dev/proc/tmp)
[kernel] block device 0: official fs (MMIO 0x10001000)
[kernel] block device 1: tools disk (MMIO 0x10002000)
[mbr] registered /dev/vdb1 (type=0x83, size=2048M)
[mbr] registered /dev/vdb2 (type=0xc, size=1280M)
[ext4] backend: another_ext4
[kernel] root device mounted at sdcard
[mbr] registered /dev/vdb1 (type=0x83, size=2048M)
[mbr] registered /dev/vdb2 (type=0xc, size=1280M)
[ext4] backend: another_ext4
[kernel] tools disk (vdb1) mounted at tools
[kernel] net interface initialized (RoutingDevice: lo + eth)
[init] pseudo-fs mount framework ready
[init] /tmp is bind-mounted from ext4 /sdcard/tmp
[init] /etc is bind-mounted from tools disk
[init] bind mount /tools/bin -> /bin
[init] bind mount /tools/sbin -> /sbin
[init] bind mount /tools/lib -> /lib
[init] bind mount /tools/usr -> /usr
[init] bind mount /tools/root -> /root: skipped (errno=2)
[init] PID1 profile=normal runner=/test-runner
[test-runner] synchronizing clock
[initproc] config source=/sdcard/os_test.conf mode=run mask=0x110 timer_smoke=false skip_apk=true
[initproc] ensuring base directories...
[initproc] runtime layout ready
[initproc] linking musl/glibc libs to /lib ...
[initproc] lib linking done, exit=0
[initproc] prepare lmbench compatibility ...
[initproc] lmbench compatibility done, exit=0
[initproc] install libgcc_s: already exists, skipping
[initproc] skip_apk=true: skipping install_apk_packages
[initproc] run_selected_groups start mask=0x110
[initproc] skip basic (mask bit0 not set)
[initproc] skip busybox (mask bit1 not set)
[initproc] skip lua (mask bit2 not set)
#### OS COMP TEST GROUP START lmbench-musl ####
#### OS COMP TEST GROUP START lmbench-musl ####
latency measurements
Simple syscall: 39.5071 microseconds
Simple read: 83.7351 microseconds
Simple write: 44.5818 microseconds
Simple stat: 185.3635 microseconds
Simple fstat: 91.0763 microseconds
Simple open/close: 225.3462 microseconds
Select on 100 fd's: 196.8966 microseconds
Signal handler installation: 99.5345 microseconds
Signal handler overhead: 142.0000 microseconds
Protection fault: 33.1667 microseconds
Pipe latency: 591.8351 microseconds
Process fork+exit: 5620.0000 microseconds
Process fork+execve: 6197.5000 microseconds
Process fork+/bin/sh -c: 273189.0000 microseconds
File /var/tmp/XXX write bandwidth:20009 KB/sec
Pagefaults on /var/tmp/XXX: 112.0703 microseconds
0.524288 620
file system latency
0k	14	2767	2886
1k	12	2046	3068
4k	11	2172	2832
10k	11	1892	2823
Bandwidth measurements
Pipe bandwidth: 39.29 MB/sec
0.524288 88.85
0.524288 92.45
0.524288 4336.22
0.524288 37.12
context switch overhead

"size=32k ovr=207.25
2 103.22
4 105.66
8 104.80
16 109.72
24 108.98
32 109.07
64 112.48
96 114.90
#### OS COMP TEST GROUP END lmbench-musl ####
#### OS COMP TEST GROUP END lmbench-musl ####
[initproc] done lmbench_testcode.sh in /musl exit_code=0
#### OS COMP TEST GROUP START lmbench-glibc ####
#### OS COMP TEST GROUP START lmbench-glibc ####
latency measurements
Simple syscall: 39.5072 microseconds
Simple read: 85.1594 microseconds
Simple write: 44.1371 microseconds
Simple stat: 186.1559 microseconds
Simple fstat: 97.6667 microseconds
Simple open/close: 226.5833 microseconds
Select on 100 fd's: 192.6452 microseconds
Signal handler installation: 95.2881 microseconds
Signal handler overhead: 141.0323 microseconds
Protection fault: 41.8333 microseconds
Pipe latency: 586.7941 microseconds
Process fork+exit: 6509.5000 microseconds
Process fork+execve: 12626.0000 microseconds
Process fork+/bin/sh -c: 286113.0000 microseconds
File /var/tmp/XXX write bandwidth:64484 KB/sec
Pagefaults on /var/tmp/XXX: 114.3984 microseconds
0.524288 634
file system latency
0k	13	2721	2676
1k	12	1903	2756
4k	10	1931	2707
10k	11	1856	2750
Bandwidth measurements
Pipe bandwidth: 35.35 MB/sec
0.524288 96.37
0.524288 89.90
0.524288 2533.20
0.524288 35.26
context switch overhead

"size=32k ovr=219.93
2 109.30
4 103.32
8 103.99
16 100.64
24 102.91
32 103.73
64 103.15
96 111.92
#### OS COMP TEST GROUP END lmbench-glibc ####
#### OS COMP TEST GROUP END lmbench-glibc ####
[initproc] done lmbench_testcode.sh in /glibc exit_code=0
#### OS COMP TEST GROUP START iozone-musl ####
#### OS COMP TEST GROUP START iozone-musl ####
iozone automatic measurements
	Iozone: Performance Test of File I/O
	        Version $Revision: 3.506 $
		Compiled for 64 bit mode.
		Build: linux 

	Contributors:William Norcott, Don Capps, Isom Crawford, Kirby Collins
	             Al Slater, Scott Rhine, Mike Wisner, Ken Goss
	             Steve Landherr, Brad Smith, Mark Kelly, Dr. Alain CYR,
	             Randy Dunlap, Mark Montague, Dan Million, Gavin Brebner,
	             Jean-Marc Zucconi, Jeff Blomberg, Benny Halevy, Dave Boone,
	             Erik Habbinga, Kris Strecker, Walter Wong, Joshua Root,
	             Fabrice Bacchella, Zhenghua Xue, Qin Li, Darren Sawyer,
	             Vangel Bojaxhi, Ben England, Vikentsi Lapa,
	             Alexey Skidanov, Sudhir Kumar.

	Run began: Fri Jan  1 00:03:39 2027

	Auto Mode
	Record Size 1 kB
	File size set to 4096 kB
	Command line used: ./iozone -a -r 1k -s 4m
	Output is in kBytes/sec
	Time Resolution = 0.000080 seconds.
	Processor cache size set to 1024 kBytes.
	Processor cache line size set to 32 bytes.
	File stride size set to 17 * record size.
                                                                    random    random      bkwd     record     stride                                        
              kB  reclen    write    rewrite      read    reread      read     write      read    rewrite       read    fwrite  frewrite     fread   freread
            4096       1      2300      2433      7617      7684      5604      2245      5567       2244       5667      2462      2490      5281      5359

iozone test complete.
iozone throughput write/read measurements
	Iozone: Performance Test of File I/O
	        Version $Revision: 3.506 $
		Compiled for 64 bit mode.
		Build: linux 

	Contributors:William Norcott, Don Capps, Isom Crawford, Kirby Collins
	             Al Slater, Scott Rhine, Mike Wisner, Ken Goss
	             Steve Landherr, Brad Smith, Mark Kelly, Dr. Alain CYR,
	             Randy Dunlap, Mark Montague, Dan Million, Gavin Brebner,
	             Jean-Marc Zucconi, Jeff Blomberg, Benny Halevy, Dave Boone,
	             Erik Habbinga, Kris Strecker, Walter Wong, Joshua Root,
	             Fabrice Bacchella, Zhenghua Xue, Qin Li, Darren Sawyer,
	             Vangel Bojaxhi, Ben England, Vikentsi Lapa,
	             Alexey Skidanov, Sudhir Kumar.

	Run began: Fri Jan  1 00:03:59 2027

	Record Size 1 kB
	File size set to 1024 kB
	Command line used: ./iozone -t 4 -i 0 -i 1 -r 1k -s 1m
	Output is in kBytes/sec
	Time Resolution = 0.000079 seconds.
	Processor cache size set to 1024 kBytes.
	Processor cache line size set to 32 bytes.
	File stride size set to 17 * record size.
	Throughput test with 4 processes
	Each process writes a 1024 kByte file in 1 kByte records

	Children see throughput for  4 initial writers 	=    2405.60 kB/sec
	Parent sees throughput for  4 initial writers 	=    1869.21 kB/sec
	Min throughput per process 			=     552.88 kB/sec 
	Max throughput per process 			=     669.84 kB/sec
	Avg throughput per process 			=     601.40 kB/sec
	Min xfer 					=     980.00 kB

	Children see throughput for  4 rewriters 	=    2556.42 kB/sec
	Parent sees throughput for  4 rewriters 	=    2274.50 kB/sec
	Min throughput per process 			=     590.59 kB/sec 
	Max throughput per process 			=     688.03 kB/sec
	Avg throughput per process 			=     639.11 kB/sec
	Min xfer 					=     980.00 kB

	Children see throughput for  4 readers 		=    7644.82 kB/sec
	Parent sees throughput for  4 readers 		=    6546.57 kB/sec
	Min throughput per process 			=    1706.97 kB/sec 
	Max throughput per process 			=    2118.89 kB/sec
	Avg throughput per process 			=    1911.21 kB/sec
	Min xfer 					=     988.00 kB

	Children see throughput for 4 re-readers 	=    8172.56 kB/sec
	Parent sees throughput for 4 re-readers 	=    7155.44 kB/sec
	Min throughput per process 			=    1926.33 kB/sec 
	Max throughput per process 			=    2118.28 kB/sec
	Avg throughput per process 			=    2043.14 kB/sec
	Min xfer 					=    1000.00 kB



iozone test complete.
iozone throughput random-read measurements
	Iozone: Performance Test of File I/O
	        Version $Revision: 3.506 $
		Compiled for 64 bit mode.
		Build: linux 

	Contributors:William Norcott, Don Capps, Isom Crawford, Kirby Collins
	             Al Slater, Scott Rhine, Mike Wisner, Ken Goss
	             Steve Landherr, Brad Smith, Mark Kelly, Dr. Alain CYR,
	             Randy Dunlap, Mark Montague, Dan Million, Gavin Brebner,
	             Jean-Marc Zucconi, Jeff Blomberg, Benny Halevy, Dave Boone,
	             Erik Habbinga, Kris Strecker, Walter Wong, Joshua Root,
	             Fabrice Bacchella, Zhenghua Xue, Qin Li, Darren Sawyer,
	             Vangel Bojaxhi, Ben England, Vikentsi Lapa,
	             Alexey Skidanov, Sudhir Kumar.

	Run began: Fri Jan  1 00:04:20 2027

	Record Size 1 kB
	File size set to 1024 kB
	Command line used: ./iozone -t 4 -i 0 -i 2 -r 1k -s 1m
	Output is in kBytes/sec
	Time Resolution = 0.000080 seconds.
	Processor cache size set to 1024 kBytes.
	Processor cache line size set to 32 bytes.
	File stride size set to 17 * record size.
	Throughput test with 4 processes
	Each process writes a 1024 kByte file in 1 kByte records

	Children see throughput for  4 initial writers 	=    2392.29 kB/sec
	Parent sees throughput for  4 initial writers 	=    1901.64 kB/sec
	Min throughput per process 			=     552.02 kB/sec 
	Max throughput per process 			=     666.01 kB/sec
	Avg throughput per process 			=     598.07 kB/sec
	Min xfer 					=     993.00 kB

	Children see throughput for  4 rewriters 	=    2309.77 kB/sec
	Parent sees throughput for  4 rewriters 	=    2118.29 kB/sec
	Min throughput per process 			=     535.48 kB/sec 
	Max throughput per process 			=     621.22 kB/sec
	Avg throughput per process 			=     577.44 kB/sec
	Min xfer 					=     968.00 kB

	Children see throughput for 4 random readers 	=    5870.01 kB/sec
	Parent sees throughput for 4 random readers 	=    5370.74 kB/sec
	Min throughput per process 			=    1380.10 kB/sec 
	Max throughput per process 			=    1500.88 kB/sec
	Avg throughput per process 			=    1467.50 kB/sec
	Min xfer 					=     997.00 kB

	Children see throughput for 4 random writers 	=    2227.34 kB/sec
	Parent sees throughput for 4 random writers 	=    1966.94 kB/sec
	Min throughput per process 			=     524.08 kB/sec 
	Max throughput per process 			=     589.01 kB/sec
	Avg throughput per process 			=     556.83 kB/sec
	Min xfer 					=     975.00 kB



iozone test complete.
iozone throughput read-backwards measurements
	Iozone: Performance Test of File I/O
	        Version $Revision: 3.506 $
		Compiled for 64 bit mode.
		Build: linux 

	Contributors:William Norcott, Don Capps, Isom Crawford, Kirby Collins
	             Al Slater, Scott Rhine, Mike Wisner, Ken Goss
	             Steve Landherr, Brad Smith, Mark Kelly, Dr. Alain CYR,
	             Randy Dunlap, Mark Montague, Dan Million, Gavin Brebner,
	             Jean-Marc Zucconi, Jeff Blomberg, Benny Halevy, Dave Boone,
	             Erik Habbinga, Kris Strecker, Walter Wong, Joshua Root,
	             Fabrice Bacchella, Zhenghua Xue, Qin Li, Darren Sawyer,
	             Vangel Bojaxhi, Ben England, Vikentsi Lapa,
	             Alexey Skidanov, Sudhir Kumar.

	Run began: Fri Jan  1 00:04:47 2027

	Record Size 1 kB
	File size set to 1024 kB
	Command line used: ./iozone -t 4 -i 0 -i 3 -r 1k -s 1m
	Output is in kBytes/sec
	Time Resolution = 0.000079 seconds.
	Processor cache size set to 1024 kBytes.
	Processor cache line size set to 32 bytes.
	File stride size set to 17 * record size.
	Throughput test with 4 processes
	Each process writes a 1024 kByte file in 1 kByte records

	Children see throughput for  4 initial writers 	=    2130.56 kB/sec
	Parent sees throughput for  4 initial writers 	=    1586.20 kB/sec
	Min throughput per process 			=     434.22 kB/sec 
	Max throughput per process 			=     673.70 kB/sec
	Avg throughput per process 			=     532.64 kB/sec
	Min xfer 					=     989.00 kB

	Children see throughput for  4 rewriters 	=    2473.64 kB/sec
	Parent sees throughput for  4 rewriters 	=    2117.96 kB/sec
	Min throughput per process 			=     572.68 kB/sec 
	Max throughput per process 			=     671.38 kB/sec
	Avg throughput per process 			=     618.41 kB/sec
	Min xfer 					=     999.00 kB

	Children see throughput for 4 reverse readers 	=    5891.97 kB/sec
	Parent sees throughput for 4 reverse readers 	=    5375.10 kB/sec
	Min throughput per process 			=    1373.01 kB/sec 
	Max throughput per process 			=    1577.84 kB/sec
	Avg throughput per process 			=    1472.99 kB/sec
	Min xfer 					=     954.00 kB



iozone test complete.
iozone throughput stride-read measurements
	Iozone: Performance Test of File I/O
	        Version $Revision: 3.506 $
		Compiled for 64 bit mode.
		Build: linux 

	Contributors:William Norcott, Don Capps, Isom Crawford, Kirby Collins
	             Al Slater, Scott Rhine, Mike Wisner, Ken Goss
	             Steve Landherr, Brad Smith, Mark Kelly, Dr. Alain CYR,
	             Randy Dunlap, Mark Montague, Dan Million, Gavin Brebner,
	             Jean-Marc Zucconi, Jeff Blomberg, Benny Halevy, Dave Boone,
	             Erik Habbinga, Kris Strecker, Walter Wong, Joshua Root,
	             Fabrice Bacchella, Zhenghua Xue, Qin Li, Darren Sawyer,
	             Vangel Bojaxhi, Ben England, Vikentsi Lapa,
	             Alexey Skidanov, Sudhir Kumar.

	Run began: Fri Jan  1 00:05:08 2027

	Record Size 1 kB
	File size set to 1024 kB
	Command line used: ./iozone -t 4 -i 0 -i 5 -r 1k -s 1m
	Output is in kBytes/sec
	Time Resolution = 0.000080 seconds.
	Processor cache size set to 1024 kBytes.
	Processor cache line size set to 32 bytes.
	File stride size set to 17 * record size.
	Throughput test with 4 processes
	Each process writes a 1024 kByte file in 1 kByte records

	Children see throughput for  4 initial writers 	=    2095.87 kB/sec
	Parent sees throughput for  4 initial writers 	=    1598.51 kB/sec
	Min throughput per process 			=     441.22 kB/sec 
	Max throughput per process 			=     688.15 kB/sec
	Avg throughput per process 			=     523.97 kB/sec
	Min xfer 					=     975.00 kB

	Children see throughput for  4 rewriters 	=    2453.22 kB/sec
	Parent sees throughput for  4 rewriters 	=    2235.30 kB/sec
	Min throughput per process 			=     564.25 kB/sec 
	Max throughput per process 			=     653.23 kB/sec
	Avg throughput per process 			=     613.30 kB/sec
	Min xfer 					=     976.00 kB

	Children see throughput for 4 stride readers 	=    5901.49 kB/sec
	Parent sees throughput for 4 stride readers 	=    5366.89 kB/sec
	Min throughput per process 			=    1415.37 kB/sec 
	Max throughput per process 			=    1505.09 kB/sec
	Avg throughput per process 			=    1475.37 kB/sec
	Min xfer 					=    1019.00 kB



iozone test complete.
iozone throughput fwrite/fread measurements
	Iozone: Performance Test of File I/O
	        Version $Revision: 3.506 $
		Compiled for 64 bit mode.
		Build: linux 

	Contributors:William Norcott, Don Capps, Isom Crawford, Kirby Collins
	             Al Slater, Scott Rhine, Mike Wisner, Ken Goss
	             Steve Landherr, Brad Smith, Mark Kelly, Dr. Alain CYR,
	             Randy Dunlap, Mark Montague, Dan Million, Gavin Brebner,
	             Jean-Marc Zucconi, Jeff Blomberg, Benny Halevy, Dave Boone,
	             Erik Habbinga, Kris Strecker, Walter Wong, Joshua Root,
	             Fabrice Bacchella, Zhenghua Xue, Qin Li, Darren Sawyer,
	             Vangel Bojaxhi, Ben England, Vikentsi Lapa,
	             Alexey Skidanov, Sudhir Kumar.

	Run began: Fri Jan  1 00:05:29 2027

	Record Size 1 kB
	File size set to 1024 kB
	Command line used: ./iozone -t 4 -i 6 -i 7 -r 1k -s 1m
	Output is in kBytes/sec
	Time Resolution = 0.000080 seconds.
	Processor cache size set to 1024 kBytes.
	Processor cache line size set to 32 bytes.
	File stride size set to 17 * record size.
	Throughput test with 4 processes
	Each process writes a 1024 kByte file in 1 kByte records

	Children see throughput for  4 fwriters 	=    1986.40 kB/sec
	Parent sees throughput for  4 fwriters 		=    1515.29 kB/sec
	Min throughput per process 			=     404.49 kB/sec 
	Max throughput per process 			=     654.20 kB/sec
	Avg throughput per process 			=     496.60 kB/sec
	Min xfer 					=    1024.00 kB

	Children see throughput for  4 freaders 	=    4645.12 kB/sec
	Parent sees throughput for  4 freaders 		=    3978.73 kB/sec
	Min throughput per process 			=    1002.55 kB/sec 
	Max throughput per process 			=    1490.08 kB/sec
	Avg throughput per process 			=    1161.28 kB/sec
	Min xfer 					=    1024.00 kB



iozone test complete.
iozone throughput pwrite/pread measurements
	Iozone: Performance Test of File I/O
	        Version $Revision: 3.506 $
		Compiled for 64 bit mode.
		Build: linux 

	Contributors:William Norcott, Don Capps, Isom Crawford, Kirby Collins
	             Al Slater, Scott Rhine, Mike Wisner, Ken Goss
	             Steve Landherr, Brad Smith, Mark Kelly, Dr. Alain CYR,
	             Randy Dunlap, Mark Montague, Dan Million, Gavin Brebner,
	             Jean-Marc Zucconi, Jeff Blomberg, Benny Halevy, Dave Boone,
	             Erik Habbinga, Kris Strecker, Walter Wong, Joshua Root,
	             Fabrice Bacchella, Zhenghua Xue, Qin Li, Darren Sawyer,
	             Vangel Bojaxhi, Ben England, Vikentsi Lapa,
	             Alexey Skidanov, Sudhir Kumar.

	Run began: Fri Jan  1 00:05:44 2027

	Record Size 1 kB
	File size set to 1024 kB
	Command line used: ./iozone -t 4 -i 9 -i 10 -r 1k -s 1m
	Output is in kBytes/sec
	Time Resolution = 0.000079 seconds.
	Processor cache size set to 1024 kBytes.
	Processor cache line size set to 32 bytes.
	File stride size set to 17 * record size.
	Throughput test with 4 processes
	Each process writes a 1024 kByte file in 1 kByte records

	Children see throughput for 4 pwrite writers 	=    2436.99 kB/sec
	Parent sees throughput for 4 pwrite writers 	=    1793.81 kB/sec
	Min throughput per process 			=     558.24 kB/sec 
	Max throughput per process 			=     706.73 kB/sec
	Avg throughput per process 			=     609.25 kB/sec
	Min xfer 					=     959.00 kB

	Children see throughput for 4 pread readers 	=    8721.36 kB/sec
	Parent sees throughput for 4 pread readers 	=    7623.33 kB/sec
	Min throughput per process 			=    2024.20 kB/sec 
	Max throughput per process 			=    2299.33 kB/sec
	Avg throughput per process 			=    2180.34 kB/sec
	Min xfer 					=     970.00 kB



iozone test complete.
iozone throughtput pwritev/preadv measurements
	Iozone: Performance Test of File I/O
	        Version $Revision: 3.506 $
		Compiled for 64 bit mode.
		Build: linux 

	Contributors:William Norcott, Don Capps, Isom Crawford, Kirby Collins
	             Al Slater, Scott Rhine, Mike Wisner, Ken Goss
	             Steve Landherr, Brad Smith, Mark Kelly, Dr. Alain CYR,
	             Randy Dunlap, Mark Montague, Dan Million, Gavin Brebner,
	             Jean-Marc Zucconi, Jeff Blomberg, Benny Halevy, Dave Boone,
	             Erik Habbinga, Kris Strecker, Walter Wong, Joshua Root,
	             Fabrice Bacchella, Zhenghua Xue, Qin Li, Darren Sawyer,
	             Vangel Bojaxhi, Ben England, Vikentsi Lapa,
	             Alexey Skidanov, Sudhir Kumar.

	Run began: Fri Jan  1 00:06:03 2027

	Selected test not available on the version.
	Record Size 1 kB
	File size set to 1024 kB
	Command line used: ./iozone -t 4 -i 11 -i 12 -r 1k -s 1m
	Output is in kBytes/sec
	Time Resolution = 0.000080 seconds.
	Processor cache size set to 1024 kBytes.
	Processor cache line size set to 32 bytes.
	File stride size set to 17 * record size.
	Throughput test with 4 processes
	Each process writes a 1024 kByte file in 1 kByte records

	Children see throughput for  4 initial writers 	=    2371.73 kB/sec
	Parent sees throughput for  4 initial writers 	=    1681.76 kB/sec
	Min throughput per process 			=     522.99 kB/sec 
	Max throughput per process 			=     688.68 kB/sec
	Avg throughput per process 			=     592.93 kB/sec
	Min xfer 					=     963.00 kB

	Children see throughput for  4 rewriters 	=    2393.51 kB/sec
	Parent sees throughput for  4 rewriters 	=    2181.39 kB/sec
	Min throughput per process 			=     570.22 kB/sec 
	Max throughput per process 			=     637.06 kB/sec
	Avg throughput per process 			=     598.38 kB/sec
	Min xfer 					=     983.00 kB



iozone test complete.
#### OS COMP TEST GROUP END iozone-musl ####
#### OS COMP TEST GROUP END iozone-musl ####
[initproc] done iozone_testcode.sh in /musl exit_code=0
#### OS COMP TEST GROUP START iozone-glibc ####
#### OS COMP TEST GROUP START iozone-glibc ####
iozone automatic measurements
	Iozone: Performance Test of File I/O
	        Version $Revision: 3.506 $
		Compiled for 64 bit mode.
		Build: linux 

	Contributors:William Norcott, Don Capps, Isom Crawford, Kirby Collins
	             Al Slater, Scott Rhine, Mike Wisner, Ken Goss
	             Steve Landherr, Brad Smith, Mark Kelly, Dr. Alain CYR,
	             Randy Dunlap, Mark Montague, Dan Million, Gavin Brebner,
	             Jean-Marc Zucconi, Jeff Blomberg, Benny Halevy, Dave Boone,
	             Erik Habbinga, Kris Strecker, Walter Wong, Joshua Root,
	             Fabrice Bacchella, Zhenghua Xue, Qin Li, Darren Sawyer,
	             Vangel Bojaxhi, Ben England, Vikentsi Lapa,
	             Alexey Skidanov, Sudhir Kumar.

	Run began: Fri Jan  1 00:06:20 2027

	Auto Mode
	Record Size 1 kB
	File size set to 4096 kB
	Command line used: ./iozone -a -r 1k -s 4m
	Output is in kBytes/sec
	Time Resolution = 0.000082 seconds.
	Processor cache size set to 1024 kBytes.
	Processor cache line size set to 32 bytes.
	File stride size set to 17 * record size.
                                                                    random    random      bkwd     record     stride                                        
              kB  reclen    write    rewrite      read    reread      read     write      read    rewrite       read    fwrite  frewrite     fread   freread
            4096       1      2478      2595      7975      8001      5796      2188      5770       2284       5855      2536      2555      7671      7713

iozone test complete.
iozone throughput write/read measurements
	Iozone: Performance Test of File I/O
	        Version $Revision: 3.506 $
		Compiled for 64 bit mode.
		Build: linux 

	Contributors:William Norcott, Don Capps, Isom Crawford, Kirby Collins
	             Al Slater, Scott Rhine, Mike Wisner, Ken Goss
	             Steve Landherr, Brad Smith, Mark Kelly, Dr. Alain CYR,
	             Randy Dunlap, Mark Montague, Dan Million, Gavin Brebner,
	             Jean-Marc Zucconi, Jeff Blomberg, Benny Halevy, Dave Boone,
	             Erik Habbinga, Kris Strecker, Walter Wong, Joshua Root,
	             Fabrice Bacchella, Zhenghua Xue, Qin Li, Darren Sawyer,
	             Vangel Bojaxhi, Ben England, Vikentsi Lapa,
	             Alexey Skidanov, Sudhir Kumar.

	Run began: Fri Jan  1 00:06:40 2027

	Record Size 1 kB
	File size set to 1024 kB
	Command line used: ./iozone -t 4 -i 0 -i 1 -r 1k -s 1m
	Output is in kBytes/sec
	Time Resolution = 0.000082 seconds.
	Processor cache size set to 1024 kBytes.
	Processor cache line size set to 32 bytes.
	File stride size set to 17 * record size.
	Throughput test with 4 processes
	Each process writes a 1024 kByte file in 1 kByte records

	Children see throughput for  4 initial writers 	=    2262.36 kB/sec
	Parent sees throughput for  4 initial writers 	=    1776.97 kB/sec
	Min throughput per process 			=     477.00 kB/sec 
	Max throughput per process 			=     670.01 kB/sec
	Avg throughput per process 			=     565.59 kB/sec
	Min xfer 					=     981.00 kB

	Children see throughput for  4 rewriters 	=    2660.77 kB/sec
	Parent sees throughput for  4 rewriters 	=    2389.33 kB/sec
	Min throughput per process 			=     613.74 kB/sec 
	Max throughput per process 			=     710.07 kB/sec
	Avg throughput per process 			=     665.19 kB/sec
	Min xfer 					=     986.00 kB

	Children see throughput for  4 readers 		=    8248.13 kB/sec
	Parent sees throughput for  4 readers 		=    7108.95 kB/sec
	Min throughput per process 			=    1960.14 kB/sec 
	Max throughput per process 			=    2122.71 kB/sec
	Avg throughput per process 			=    2062.03 kB/sec
	Min xfer 					=    1005.00 kB

	Children see throughput for 4 re-readers 	=    8031.81 kB/sec
	Parent sees throughput for 4 re-readers 	=    7052.71 kB/sec
	Min throughput per process 			=    1870.17 kB/sec 
	Max throughput per process 			=    2117.23 kB/sec
	Avg throughput per process 			=    2007.95 kB/sec
	Min xfer 					=     991.00 kB



iozone test complete.
iozone throughput random-read measurements
	Iozone: Performance Test of File I/O
	        Version $Revision: 3.506 $
		Compiled for 64 bit mode.
		Build: linux 

	Contributors:William Norcott, Don Capps, Isom Crawford, Kirby Collins
	             Al Slater, Scott Rhine, Mike Wisner, Ken Goss
	             Steve Landherr, Brad Smith, Mark Kelly, Dr. Alain CYR,
	             Randy Dunlap, Mark Montague, Dan Million, Gavin Brebner,
	             Jean-Marc Zucconi, Jeff Blomberg, Benny Halevy, Dave Boone,
	             Erik Habbinga, Kris Strecker, Walter Wong, Joshua Root,
	             Fabrice Bacchella, Zhenghua Xue, Qin Li, Darren Sawyer,
	             Vangel Bojaxhi, Ben England, Vikentsi Lapa,
	             Alexey Skidanov, Sudhir Kumar.

	Run began: Fri Jan  1 00:07:04 2027

	Record Size 1 kB
	File size set to 1024 kB
	Command line used: ./iozone -t 4 -i 0 -i 2 -r 1k -s 1m
	Output is in kBytes/sec
	Time Resolution = 0.000082 seconds.
	Processor cache size set to 1024 kBytes.
	Processor cache line size set to 32 bytes.
	File stride size set to 17 * record size.
	Throughput test with 4 processes
	Each process writes a 1024 kByte file in 1 kByte records

	Children see throughput for  4 initial writers 	=    2181.08 kB/sec
	Parent sees throughput for  4 initial writers 	=    1663.84 kB/sec
	Min throughput per process 			=     451.22 kB/sec 
	Max throughput per process 			=     639.67 kB/sec
	Avg throughput per process 			=     545.27 kB/sec
	Min xfer 					=     976.00 kB

	Children see throughput for  4 rewriters 	=    2387.18 kB/sec
	Parent sees throughput for  4 rewriters 	=    2173.71 kB/sec
	Min throughput per process 			=     550.64 kB/sec 
	Max throughput per process 			=     637.66 kB/sec
	Avg throughput per process 			=     596.79 kB/sec
	Min xfer 					=     976.00 kB

	Children see throughput for 4 random readers 	=    5870.44 kB/sec
	Parent sees throughput for 4 random readers 	=    5331.40 kB/sec
	Min throughput per process 			=    1354.81 kB/sec 
	Max throughput per process 			=    1577.76 kB/sec
	Avg throughput per process 			=    1467.61 kB/sec
	Min xfer 					=     941.00 kB

	Children see throughput for 4 random writers 	=    2058.62 kB/sec
	Parent sees throughput for 4 random writers 	=    1815.57 kB/sec
	Min throughput per process 			=     483.64 kB/sec 
	Max throughput per process 			=     542.78 kB/sec
	Avg throughput per process 			=     514.66 kB/sec
	Min xfer 					=     968.00 kB



iozone test complete.
iozone throughput read-backwards measurements
	Iozone: Performance Test of File I/O
	        Version $Revision: 3.506 $
		Compiled for 64 bit mode.
		Build: linux 

	Contributors:William Norcott, Don Capps, Isom Crawford, Kirby Collins
	             Al Slater, Scott Rhine, Mike Wisner, Ken Goss
	             Steve Landherr, Brad Smith, Mark Kelly, Dr. Alain CYR,
	             Randy Dunlap, Mark Montague, Dan Million, Gavin Brebner,
	             Jean-Marc Zucconi, Jeff Blomberg, Benny Halevy, Dave Boone,
	             Erik Habbinga, Kris Strecker, Walter Wong, Joshua Root,
	             Fabrice Bacchella, Zhenghua Xue, Qin Li, Darren Sawyer,
	             Vangel Bojaxhi, Ben England, Vikentsi Lapa,
	             Alexey Skidanov, Sudhir Kumar.

	Run began: Fri Jan  1 00:07:33 2027

	Record Size 1 kB
	File size set to 1024 kB
	Command line used: ./iozone -t 4 -i 0 -i 3 -r 1k -s 1m
	Output is in kBytes/sec
	Time Resolution = 0.000082 seconds.
	Processor cache size set to 1024 kBytes.
	Processor cache line size set to 32 bytes.
	File stride size set to 17 * record size.
	Throughput test with 4 processes
	Each process writes a 1024 kByte file in 1 kByte records

	Children see throughput for  4 initial writers 	=    2219.10 kB/sec
	Parent sees throughput for  4 initial writers 	=    1679.59 kB/sec
	Min throughput per process 			=     461.19 kB/sec 
	Max throughput per process 			=     654.06 kB/sec
	Avg throughput per process 			=     554.78 kB/sec
	Min xfer 					=    1007.00 kB

	Children see throughput for  4 rewriters 	=    2530.79 kB/sec
	Parent sees throughput for  4 rewriters 	=    2280.53 kB/sec
	Min throughput per process 			=     590.27 kB/sec 
	Max throughput per process 			=     670.69 kB/sec
	Avg throughput per process 			=     632.70 kB/sec
	Min xfer 					=     997.00 kB

	Children see throughput for 4 reverse readers 	=    6015.94 kB/sec
	Parent sees throughput for 4 reverse readers 	=    3893.92 kB/sec
	Min throughput per process 			=    1437.44 kB/sec 
	Max throughput per process 			=    1585.74 kB/sec
	Avg throughput per process 			=    1503.99 kB/sec
	Min xfer 					=     951.00 kB



iozone test complete.
iozone throughput stride-read measurements
	Iozone: Performance Test of File I/O
	        Version $Revision: 3.506 $
		Compiled for 64 bit mode.
		Build: linux 

	Contributors:William Norcott, Don Capps, Isom Crawford, Kirby Collins
	             Al Slater, Scott Rhine, Mike Wisner, Ken Goss
	             Steve Landherr, Brad Smith, Mark Kelly, Dr. Alain CYR,
	             Randy Dunlap, Mark Montague, Dan Million, Gavin Brebner,
	             Jean-Marc Zucconi, Jeff Blomberg, Benny Halevy, Dave Boone,
	             Erik Habbinga, Kris Strecker, Walter Wong, Joshua Root,
	             Fabrice Bacchella, Zhenghua Xue, Qin Li, Darren Sawyer,
	             Vangel Bojaxhi, Ben England, Vikentsi Lapa,
	             Alexey Skidanov, Sudhir Kumar.

	Run began: Fri Jan  1 00:07:57 2027

	Record Size 1 kB
	File size set to 1024 kB
	Command line used: ./iozone -t 4 -i 0 -i 5 -r 1k -s 1m
	Output is in kBytes/sec
	Time Resolution = 0.000082 seconds.
	Processor cache size set to 1024 kBytes.
	Processor cache line size set to 32 bytes.
	File stride size set to 17 * record size.
	Throughput test with 4 processes
	Each process writes a 1024 kByte file in 1 kByte records

	Children see throughput for  4 initial writers 	=    2270.53 kB/sec
	Parent sees throughput for  4 initial writers 	=    1743.78 kB/sec
	Min throughput per process 			=     473.05 kB/sec 
	Max throughput per process 			=     669.73 kB/sec
	Avg throughput per process 			=     567.63 kB/sec
	Min xfer 					=     980.00 kB

	Children see throughput for  4 rewriters 	=    2584.05 kB/sec
	Parent sees throughput for  4 rewriters 	=    2348.14 kB/sec
	Min throughput per process 			=     600.07 kB/sec 
	Max throughput per process 			=     689.53 kB/sec
	Avg throughput per process 			=     646.01 kB/sec
	Min xfer 					=     980.00 kB

	Children see throughput for 4 stride readers 	=    6098.13 kB/sec
	Parent sees throughput for 4 stride readers 	=    5556.33 kB/sec
	Min throughput per process 			=    1434.55 kB/sec 
	Max throughput per process 			=    1586.25 kB/sec
	Avg throughput per process 			=    1524.53 kB/sec
	Min xfer 					=     980.00 kB



iozone test complete.
iozone throughput fwrite/fread measurements
	Iozone: Performance Test of File I/O
	        Version $Revision: 3.506 $
		Compiled for 64 bit mode.
		Build: linux 

	Contributors:William Norcott, Don Capps, Isom Crawford, Kirby Collins
	             Al Slater, Scott Rhine, Mike Wisner, Ken Goss
	             Steve Landherr, Brad Smith, Mark Kelly, Dr. Alain CYR,
	             Randy Dunlap, Mark Montague, Dan Million, Gavin Brebner,
	             Jean-Marc Zucconi, Jeff Blomberg, Benny Halevy, Dave Boone,
	             Erik Habbinga, Kris Strecker, Walter Wong, Joshua Root,
	             Fabrice Bacchella, Zhenghua Xue, Qin Li, Darren Sawyer,
	             Vangel Bojaxhi, Ben England, Vikentsi Lapa,
	             Alexey Skidanov, Sudhir Kumar.

	Run began: Fri Jan  1 00:08:20 2027

	Record Size 1 kB
	File size set to 1024 kB
	Command line used: ./iozone -t 4 -i 6 -i 7 -r 1k -s 1m
	Output is in kBytes/sec
	Time Resolution = 0.000082 seconds.
	Processor cache size set to 1024 kBytes.
	Processor cache line size set to 32 bytes.
	File stride size set to 17 * record size.
	Throughput test with 4 processes
	Each process writes a 1024 kByte file in 1 kByte records

	Children see throughput for  4 fwriters 	=    2271.12 kB/sec
	Parent sees throughput for  4 fwriters 		=    1726.19 kB/sec
	Min throughput per process 			=     470.68 kB/sec 
	Max throughput per process 			=     669.66 kB/sec
	Avg throughput per process 			=     567.78 kB/sec
	Min xfer 					=    1024.00 kB

	Children see throughput for  4 freaders 	=    8010.43 kB/sec
	Parent sees throughput for  4 freaders 		=    7311.78 kB/sec
	Min throughput per process 			=    1908.74 kB/sec 
	Max throughput per process 			=    2100.20 kB/sec
	Avg throughput per process 			=    2002.61 kB/sec
	Min xfer 					=    1024.00 kB



iozone test complete.
iozone throughput pwrite/pread measurements
	Iozone: Performance Test of File I/O
	        Version $Revision: 3.506 $
		Compiled for 64 bit mode.
		Build: linux 

	Contributors:William Norcott, Don Capps, Isom Crawford, Kirby Collins
	             Al Slater, Scott Rhine, Mike Wisner, Ken Goss
	             Steve Landherr, Brad Smith, Mark Kelly, Dr. Alain CYR,
	             Randy Dunlap, Mark Montague, Dan Million, Gavin Brebner,
	             Jean-Marc Zucconi, Jeff Blomberg, Benny Halevy, Dave Boone,
	             Erik Habbinga, Kris Strecker, Walter Wong, Joshua Root,
	             Fabrice Bacchella, Zhenghua Xue, Qin Li, Darren Sawyer,
	             Vangel Bojaxhi, Ben England, Vikentsi Lapa,
	             Alexey Skidanov, Sudhir Kumar.

	Run began: Fri Jan  1 00:08:38 2027

	Record Size 1 kB
	File size set to 1024 kB
	Command line used: ./iozone -t 4 -i 9 -i 10 -r 1k -s 1m
	Output is in kBytes/sec
	Time Resolution = 0.000082 seconds.
	Processor cache size set to 1024 kBytes.
	Processor cache line size set to 32 bytes.
	File stride size set to 17 * record size.
	Throughput test with 4 processes
	Each process writes a 1024 kByte file in 1 kByte records

	Children see throughput for 4 pwrite writers 	=    2488.09 kB/sec
	Parent sees throughput for 4 pwrite writers 	=    1736.51 kB/sec
	Min throughput per process 			=     584.77 kB/sec 
	Max throughput per process 			=     688.16 kB/sec
	Avg throughput per process 			=     622.02 kB/sec
	Min xfer 					=     977.00 kB

	Children see throughput for 4 pread readers 	=    8586.18 kB/sec
	Parent sees throughput for 4 pread readers 	=    7574.80 kB/sec
	Min throughput per process 			=    2011.21 kB/sec 
	Max throughput per process 			=    2299.22 kB/sec
	Avg throughput per process 			=    2146.55 kB/sec
	Min xfer 					=     955.00 kB



iozone test complete.
iozone throughtput pwritev/preadv measurements
	Iozone: Performance Test of File I/O
	        Version $Revision: 3.506 $
		Compiled for 64 bit mode.
		Build: linux 

	Contributors:William Norcott, Don Capps, Isom Crawford, Kirby Collins
	             Al Slater, Scott Rhine, Mike Wisner, Ken Goss
	             Steve Landherr, Brad Smith, Mark Kelly, Dr. Alain CYR,
	             Randy Dunlap, Mark Montague, Dan Million, Gavin Brebner,
	             Jean-Marc Zucconi, Jeff Blomberg, Benny Halevy, Dave Boone,
	             Erik Habbinga, Kris Strecker, Walter Wong, Joshua Root,
	             Fabrice Bacchella, Zhenghua Xue, Qin Li, Darren Sawyer,
	             Vangel Bojaxhi, Ben England, Vikentsi Lapa,
	             Alexey Skidanov, Sudhir Kumar.

	Run began: Fri Jan  1 00:08:58 2027

	Selected test not available on the version.
	Record Size 1 kB
	File size set to 1024 kB
	Command line used: ./iozone -t 4 -i 11 -i 12 -r 1k -s 1m
	Output is in kBytes/sec
	Time Resolution = 0.000082 seconds.
	Processor cache size set to 1024 kBytes.
	Processor cache line size set to 32 bytes.
	File stride size set to 17 * record size.
	Throughput test with 4 processes
	Each process writes a 1024 kByte file in 1 kByte records

	Children see throughput for  4 initial writers 	=    2198.95 kB/sec
	Parent sees throughput for  4 initial writers 	=    1607.23 kB/sec
	Min throughput per process 			=     466.86 kB/sec 
	Max throughput per process 			=     669.89 kB/sec
	Avg throughput per process 			=     549.74 kB/sec
	Min xfer 					=     975.00 kB

	Children see throughput for  4 rewriters 	=    2616.68 kB/sec
	Parent sees throughput for  4 rewriters 	=    2370.66 kB/sec
	Min throughput per process 			=     633.47 kB/sec 
	Max throughput per process 			=     707.61 kB/sec
	Avg throughput per process 			=     654.17 kB/sec
	Min xfer 					=     977.00 kB



iozone test complete.
#### OS COMP TEST GROUP END iozone-glibc ####
#### OS COMP TEST GROUP END iozone-glibc ####
[initproc] done iozone_testcode.sh in /glibc exit_code=0
[initproc] skip libcbench (mask bit7 not set)
[initproc] skip netperf (mask bit9 not set)
[initproc] skip iperf (mask bit6 not set)
[initproc] skip libctest (mask bit3 not set)
[initproc] skip cyclictest (mask bit10 not set)
[initproc] skip ltp (mask bit11 not set)
[initproc] skip cpython (mask bit12 not set)
[initproc] skip unixbench (mask bit5 not set)
[initproc] run_selected_groups done
make: Leaving directory '/app/os'
