make: Entering directory '/app/os'
Rust toolchain preflight passed: nightly-2026-05-10

OpenSBI v1.5.1
   ____                    _____ ____ _____
  / __ \                  / ____|  _ \_   _|
 | |  | |_ __   ___ _ __ | (___ | |_) || |
 | |  | | '_ \ / _ \ '_ \ \___ \|  _ < | |
 | |__| | |_) |  __/ | | |____) | |_) || |_
  \____/| .__/ \___|_| |_|_____/|____/_____|
        | |
        |_|

Platform Name             : riscv-virtio,qemu
Platform Features         : medeleg
Platform HART Count       : 1
Platform IPI Device       : aclint-mswi
Platform Timer Device     : aclint-mtimer @ 10000000Hz
Platform Console Device   : uart8250
Platform HSM Device       : ---
Platform PMU Device       : ---
Platform Reboot Device    : syscon-reboot
Platform Shutdown Device  : syscon-poweroff
Platform Suspend Device   : ---
Platform CPPC Device      : ---
Firmware Base             : 0x80000000
Firmware Size             : 327 KB
Firmware RW Offset        : 0x40000
Firmware RW Size          : 71 KB
Firmware Heap Offset      : 0x49000
Firmware Heap Size        : 35 KB (total), 2 KB (reserved), 11 KB (used), 21 KB (free)
Firmware Scratch Size     : 4096 B (total), 416 B (used), 3680 B (free)
Runtime SBI Version       : 2.0

Domain0 Name              : root
Domain0 Boot HART         : 0
Domain0 HARTs             : 0*
Domain0 Region00          : 0x0000000000100000-0x0000000000100fff M: (I,R,W) S/U: (R,W)
Domain0 Region01          : 0x0000000010000000-0x0000000010000fff M: (I,R,W) S/U: (R,W)
Domain0 Region02          : 0x0000000002000000-0x000000000200ffff M: (I,R,W) S/U: ()
Domain0 Region03          : 0x0000000080040000-0x000000008005ffff M: (R,W) S/U: ()
Domain0 Region04          : 0x0000000080000000-0x000000008003ffff M: (R,X) S/U: ()
Domain0 Region05          : 0x000000000c400000-0x000000000c5fffff M: (I,R,W) S/U: (R,W)
Domain0 Region06          : 0x000000000c000000-0x000000000c3fffff M: (I,R,W) S/U: (R,W)
Domain0 Region07          : 0x0000000000000000-0xffffffffffffffff M: () S/U: (R,W,X)
Domain0 Next Address      : 0x0000000080200000
Domain0 Next Arg1         : 0x00000000bfe00000
Domain0 Next Mode         : S-mode
Domain0 SysReset          : yes
Domain0 SysSuspend        : yes

Boot HART ID              : 0
Boot HART Domain          : root
Boot HART Priv Version    : v1.12
Boot HART Base ISA        : rv64imafdch
Boot HART ISA Extensions  : sstc,zicntr,zihpm,zicboz,zicbom,sdtrig,svadu
Boot HART PMP Count       : 16
Boot HART PMP Granularity : 2 bits
Boot HART PMP Address Bits: 54
Boot HART MHPM Info       : 16 (0x0007fff8)
Boot HART Debug Triggers  : 2 triggers
Boot HART MIDELEG         : 0x0000000000001666
Boot HART MEDELEG         : 0x0000000000f0b509
[kernel] logger inited, level= Off
[kernel] Boot protocol: RiscvFdt, hart_id=0, dtb_paddr=0xbfe00000
[kernel] Console initialized.
[memory] 194424 usable physical frames across 2 region(s)
[memory] region0: [0x90886000, 0xbfe00000) frames=193914
[memory] region1: [0xbfe02000, 0xc0000000) frames=510
.text [0x80200000, 0x80428000)
.rodata [0x80428000, 0x8045f000)
.data [0x8045f000, 0x80824000)
.bss [0x80824000, 0x90886000)
mapping .text section
mapping .rodata section
mapping .data section
mapping .bss section
mapping physical memory region
mapping physical memory region
mapping memory-mapped registers
[kernel] Hello, world!
[kernel] PRNG init warning: Entropy(DeviceUnavailable)
[memory] reclaimed linker frames: [0x8045f000, 0x80822000) frames=963
[initramfs] unpacked: files=39 dirs=23 symlinks=1 bytes=3939693
[initramfs] VFS_ROOT initialized (ramfs + cpio unpack + dev/proc/tmp)
[kernel] block device 0: official fs (MMIO 0x10001000)
[kernel] block device 1: tools disk (MMIO 0x10002000)
[mbr] registered /dev/vdb1 (type=0x83, size=2048M)
[mbr] registered /dev/vdb2 (type=0xc, size=1280M)
[ext4] backend: another_ext4
[kernel] root device mounted at sdcard
[mbr] registered /dev/vdb1 (type=0x83, size=2048M)
[mbr] registered /dev/vdb2 (type=0xc, size=1280M)
[ext4] backend: another_ext4
[kernel] tools disk (vdb1) mounted at tools
[kernel] net interface initialized (RoutingDevice: lo + eth)
[init] pseudo-fs mount framework ready
[init] /tmp is bind-mounted from ext4 /sdcard/tmp
[init] /etc is bind-mounted from tools disk
[init] bind mount /tools/bin -> /bin
[init] bind mount /tools/sbin -> /sbin
[init] bind mount /tools/lib -> /lib
[init] bind mount /tools/usr -> /usr
[init] bind mount /tools/root -> /root: skipped (errno=2)
[init] PID1 profile=normal runner=/test-runner
[test-runner] synchronizing clock
[initproc] config source=/sdcard/os_test.conf mode=run mask=0x110 timer_smoke=false skip_apk=true
[initproc] ensuring base directories...
[initproc] runtime layout ready
[initproc] linking musl/glibc libs to /lib ...
[initproc] lib linking done, exit=0
[initproc] prepare lmbench compatibility ...
[initproc] lmbench compatibility done, exit=0
[initproc] install libgcc_s: already exists, skipping
[initproc] skip_apk=true: skipping install_apk_packages
[initproc] run_selected_groups start mask=0x110
[initproc] skip basic (mask bit0 not set)
[initproc] skip busybox (mask bit1 not set)
[initproc] skip lua (mask bit2 not set)
#### OS COMP TEST GROUP START lmbench-musl ####
#### OS COMP TEST GROUP START lmbench-musl ####
latency measurements
Simple syscall: 39.3971 microseconds
Simple read: 86.4706 microseconds
Simple write: 43.3538 microseconds
Simple stat: 191.6129 microseconds
Simple fstat: 93.6825 microseconds
Simple open/close: 224.8333 microseconds
Select on 100 fd's: 198.8214 microseconds
Signal handler installation: 99.4310 microseconds
Signal handler overhead: 129.3000 microseconds
Protection fault: 40.6898 microseconds
Pipe latency: 583.7461 microseconds
Process fork+exit: 5549.0000 microseconds
Process fork+execve: 6070.0000 microseconds
Process fork+/bin/sh -c: 279462.0000 microseconds
File /var/tmp/XXX write bandwidth:19953 KB/sec
Pagefaults on /var/tmp/XXX: 111.9375 microseconds
0.524288 622
file system latency
0k	15	2805	2891
1k	12	2076	2824
4k	11	2169	2846
10k	11	1933	2801
Bandwidth measurements
Pipe bandwidth: 41.09 MB/sec
0.524288 90.35
0.524288 76.67
0.524288 4186.30
0.524288 36.52
context switch overhead

"size=32k ovr=206.06
2 104.23
4 105.33
8 112.90
16 110.06
24 111.44
32 109.71
64 109.74
96 116.61
#### OS COMP TEST GROUP END lmbench-musl ####
#### OS COMP TEST GROUP END lmbench-musl ####
[initproc] done lmbench_testcode.sh in /musl exit_code=0
#### OS COMP TEST GROUP START lmbench-glibc ####
#### OS COMP TEST GROUP START lmbench-glibc ####
latency measurements
Simple syscall: 39.6786 microseconds
Simple read: 84.2319 microseconds
Simple write: 43.4773 microseconds
Simple stat: 190.5938 microseconds
Simple fstat: 99.2712 microseconds
Simple open/close: 227.4615 microseconds
Select on 100 fd's: 177.9310 microseconds
Signal handler installation: 93.7899 microseconds
Signal handler overhead: 131.1290 microseconds
Protection fault: 38.3333 microseconds
Pipe latency: 586.3523 microseconds
Process fork+exit: 6611.0000 microseconds
Process fork+execve: 12604.0000 microseconds
Process fork+/bin/sh -c: 299042.0000 microseconds
File /var/tmp/XXX write bandwidth:65255 KB/sec
Pagefaults on /var/tmp/XXX: 113.7773 microseconds
0.524288 615
file system latency
0k	15	2562	2754
1k	10	1964	2747
4k	12	1900	2708
10k	11	1807	2680
Bandwidth measurements
Pipe bandwidth: 41.19 MB/sec
0.524288 94.40
0.524288 89.93
0.524288 2673.23
0.524288 36.08
context switch overhead

"size=32k ovr=211.27
2 111.28
4 111.65
8 115.13
16 114.96
24 110.68
32 111.12
64 112.96
96 114.48
#### OS COMP TEST GROUP END lmbench-glibc ####
#### OS COMP TEST GROUP END lmbench-glibc ####
[initproc] done lmbench_testcode.sh in /glibc exit_code=0
#### OS COMP TEST GROUP START iozone-musl ####
#### OS COMP TEST GROUP START iozone-musl ####
iozone automatic measurements
	Iozone: Performance Test of File I/O
	        Version $Revision: 3.506 $
		Compiled for 64 bit mode.
		Build: linux 

	Contributors:William Norcott, Don Capps, Isom Crawford, Kirby Collins
	             Al Slater, Scott Rhine, Mike Wisner, Ken Goss
	             Steve Landherr, Brad Smith, Mark Kelly, Dr. Alain CYR,
	             Randy Dunlap, Mark Montague, Dan Million, Gavin Brebner,
	             Jean-Marc Zucconi, Jeff Blomberg, Benny Halevy, Dave Boone,
	             Erik Habbinga, Kris Strecker, Walter Wong, Joshua Root,
	             Fabrice Bacchella, Zhenghua Xue, Qin Li, Darren Sawyer,
	             Vangel Bojaxhi, Ben England, Vikentsi Lapa,
	             Alexey Skidanov, Sudhir Kumar.

	Run began: Fri Jan  1 00:03:12 2027

	Auto Mode
	Record Size 1 kB
	File size set to 4096 kB
	Command line used: ./iozone -a -r 1k -s 4m
	Output is in kBytes/sec
	Time Resolution = 0.000080 seconds.
	Processor cache size set to 1024 kBytes.
	Processor cache line size set to 32 bytes.
	File stride size set to 17 * record size.
                                                                    random    random      bkwd     record     stride                                        
              kB  reclen    write    rewrite      read    reread      read     write      read    rewrite       read    fwrite  frewrite     fread   freread
            4096       1      2516      2514      7739      7725      5627      2277      5556       2220       5632      2447      2503      5356      5390

iozone test complete.
iozone throughput write/read measurements
	Iozone: Performance Test of File I/O
	        Version $Revision: 3.506 $
		Compiled for 64 bit mode.
		Build: linux 

	Contributors:William Norcott, Don Capps, Isom Crawford, Kirby Collins
	             Al Slater, Scott Rhine, Mike Wisner, Ken Goss
	             Steve Landherr, Brad Smith, Mark Kelly, Dr. Alain CYR,
	             Randy Dunlap, Mark Montague, Dan Million, Gavin Brebner,
	             Jean-Marc Zucconi, Jeff Blomberg, Benny Halevy, Dave Boone,
	             Erik Habbinga, Kris Strecker, Walter Wong, Joshua Root,
	             Fabrice Bacchella, Zhenghua Xue, Qin Li, Darren Sawyer,
	             Vangel Bojaxhi, Ben England, Vikentsi Lapa,
	             Alexey Skidanov, Sudhir Kumar.

	Run began: Fri Jan  1 00:03:32 2027

	Record Size 1 kB
	File size set to 1024 kB
	Command line used: ./iozone -t 4 -i 0 -i 1 -r 1k -s 1m
	Output is in kBytes/sec
	Time Resolution = 0.000080 seconds.
	Processor cache size set to 1024 kBytes.
	Processor cache line size set to 32 bytes.
	File stride size set to 17 * record size.
	Throughput test with 4 processes
	Each process writes a 1024 kByte file in 1 kByte records

	Children see throughput for  4 initial writers 	=    2260.53 kB/sec
	Parent sees throughput for  4 initial writers 	=    1791.94 kB/sec
	Min throughput per process 			=     484.39 kB/sec 
	Max throughput per process 			=     640.09 kB/sec
	Avg throughput per process 			=     565.13 kB/sec
	Min xfer 					=    1001.00 kB

	Children see throughput for  4 rewriters 	=    2553.04 kB/sec
	Parent sees throughput for  4 rewriters 	=    2278.62 kB/sec
	Min throughput per process 			=     583.56 kB/sec 
	Max throughput per process 			=     673.28 kB/sec
	Avg throughput per process 			=     638.26 kB/sec
	Min xfer 					=    1000.00 kB

	Children see throughput for  4 readers 		=    7842.91 kB/sec
	Parent sees throughput for  4 readers 		=    6795.82 kB/sec
	Min throughput per process 			=    1783.79 kB/sec 
	Max throughput per process 			=    2115.05 kB/sec
	Avg throughput per process 			=    1960.73 kB/sec
	Min xfer 					=     986.00 kB

	Children see throughput for 4 re-readers 	=    8107.08 kB/sec
	Parent sees throughput for 4 re-readers 	=    7125.89 kB/sec
	Min throughput per process 			=    1916.38 kB/sec 
	Max throughput per process 			=    2116.14 kB/sec
	Avg throughput per process 			=    2026.77 kB/sec
	Min xfer 					=     982.00 kB



iozone test complete.
iozone throughput random-read measurements
	Iozone: Performance Test of File I/O
	        Version $Revision: 3.506 $
		Compiled for 64 bit mode.
		Build: linux 

	Contributors:William Norcott, Don Capps, Isom Crawford, Kirby Collins
	             Al Slater, Scott Rhine, Mike Wisner, Ken Goss
	             Steve Landherr, Brad Smith, Mark Kelly, Dr. Alain CYR,
	             Randy Dunlap, Mark Montague, Dan Million, Gavin Brebner,
	             Jean-Marc Zucconi, Jeff Blomberg, Benny Halevy, Dave Boone,
	             Erik Habbinga, Kris Strecker, Walter Wong, Joshua Root,
	             Fabrice Bacchella, Zhenghua Xue, Qin Li, Darren Sawyer,
	             Vangel Bojaxhi, Ben England, Vikentsi Lapa,
	             Alexey Skidanov, Sudhir Kumar.

	Run began: Fri Jan  1 00:03:53 2027

	Record Size 1 kB
	File size set to 1024 kB
	Command line used: ./iozone -t 4 -i 0 -i 2 -r 1k -s 1m
	Output is in kBytes/sec
	Time Resolution = 0.000080 seconds.
	Processor cache size set to 1024 kBytes.
	Processor cache line size set to 32 bytes.
	File stride size set to 17 * record size.
	Throughput test with 4 processes
	Each process writes a 1024 kByte file in 1 kByte records

	Children see throughput for  4 initial writers 	=    2238.48 kB/sec
	Parent sees throughput for  4 initial writers 	=    1871.75 kB/sec
	Min throughput per process 			=     497.95 kB/sec 
	Max throughput per process 			=     622.36 kB/sec
	Avg throughput per process 			=     559.62 kB/sec
	Min xfer 					=     994.00 kB

	Children see throughput for  4 rewriters 	=    2394.46 kB/sec
	Parent sees throughput for  4 rewriters 	=    2126.45 kB/sec
	Min throughput per process 			=     553.66 kB/sec 
	Max throughput per process 			=     622.89 kB/sec
	Avg throughput per process 			=     598.61 kB/sec
	Min xfer 					=     991.00 kB

	Children see throughput for 4 random readers 	=    5786.72 kB/sec
	Parent sees throughput for 4 random readers 	=    5295.31 kB/sec
	Min throughput per process 			=    1367.53 kB/sec 
	Max throughput per process 			=    1497.13 kB/sec
	Avg throughput per process 			=    1446.68 kB/sec
	Min xfer 					=    1011.00 kB

	Children see throughput for 4 random writers 	=    2214.05 kB/sec
	Parent sees throughput for 4 random writers 	=    2018.18 kB/sec
	Min throughput per process 			=     521.74 kB/sec 
	Max throughput per process 			=     581.03 kB/sec
	Avg throughput per process 			=     553.51 kB/sec
	Min xfer 					=     995.00 kB



iozone test complete.
iozone throughput read-backwards measurements
	Iozone: Performance Test of File I/O
	        Version $Revision: 3.506 $
		Compiled for 64 bit mode.
		Build: linux 

	Contributors:William Norcott, Don Capps, Isom Crawford, Kirby Collins
	             Al Slater, Scott Rhine, Mike Wisner, Ken Goss
	             Steve Landherr, Brad Smith, Mark Kelly, Dr. Alain CYR,
	             Randy Dunlap, Mark Montague, Dan Million, Gavin Brebner,
	             Jean-Marc Zucconi, Jeff Blomberg, Benny Halevy, Dave Boone,
	             Erik Habbinga, Kris Strecker, Walter Wong, Joshua Root,
	             Fabrice Bacchella, Zhenghua Xue, Qin Li, Darren Sawyer,
	             Vangel Bojaxhi, Ben England, Vikentsi Lapa,
	             Alexey Skidanov, Sudhir Kumar.

	Run began: Fri Jan  1 00:04:20 2027

	Record Size 1 kB
	File size set to 1024 kB
	Command line used: ./iozone -t 4 -i 0 -i 3 -r 1k -s 1m
	Output is in kBytes/sec
	Time Resolution = 0.000080 seconds.
	Processor cache size set to 1024 kBytes.
	Processor cache line size set to 32 bytes.
	File stride size set to 17 * record size.
	Throughput test with 4 processes
	Each process writes a 1024 kByte file in 1 kByte records

	Children see throughput for  4 initial writers 	=    2260.45 kB/sec
	Parent sees throughput for  4 initial writers 	=    1828.46 kB/sec
	Min throughput per process 			=     492.72 kB/sec 
	Max throughput per process 			=     652.93 kB/sec
	Avg throughput per process 			=     565.11 kB/sec
	Min xfer 					=    1006.00 kB

	Children see throughput for  4 rewriters 	=    2485.79 kB/sec
	Parent sees throughput for  4 rewriters 	=    2284.96 kB/sec
	Min throughput per process 			=     586.55 kB/sec 
	Max throughput per process 			=     655.08 kB/sec
	Avg throughput per process 			=     621.45 kB/sec
	Min xfer 					=     999.00 kB

	Children see throughput for 4 reverse readers 	=    5864.32 kB/sec
	Parent sees throughput for 4 reverse readers 	=    5348.73 kB/sec
	Min throughput per process 			=    1375.20 kB/sec 
	Max throughput per process 			=    1579.51 kB/sec
	Avg throughput per process 			=    1466.08 kB/sec
	Min xfer 					=     948.00 kB



iozone test complete.
iozone throughput stride-read measurements
	Iozone: Performance Test of File I/O
	        Version $Revision: 3.506 $
		Compiled for 64 bit mode.
		Build: linux 

	Contributors:William Norcott, Don Capps, Isom Crawford, Kirby Collins
	             Al Slater, Scott Rhine, Mike Wisner, Ken Goss
	             Steve Landherr, Brad Smith, Mark Kelly, Dr. Alain CYR,
	             Randy Dunlap, Mark Montague, Dan Million, Gavin Brebner,
	             Jean-Marc Zucconi, Jeff Blomberg, Benny Halevy, Dave Boone,
	             Erik Habbinga, Kris Strecker, Walter Wong, Joshua Root,
	             Fabrice Bacchella, Zhenghua Xue, Qin Li, Darren Sawyer,
	             Vangel Bojaxhi, Ben England, Vikentsi Lapa,
	             Alexey Skidanov, Sudhir Kumar.

	Run began: Fri Jan  1 00:04:41 2027

	Record Size 1 kB
	File size set to 1024 kB
	Command line used: ./iozone -t 4 -i 0 -i 5 -r 1k -s 1m
	Output is in kBytes/sec
	Time Resolution = 0.000079 seconds.
	Processor cache size set to 1024 kBytes.
	Processor cache line size set to 32 bytes.
	File stride size set to 17 * record size.
	Throughput test with 4 processes
	Each process writes a 1024 kByte file in 1 kByte records

	Children see throughput for  4 initial writers 	=    2363.00 kB/sec
	Parent sees throughput for  4 initial writers 	=    1904.61 kB/sec
	Min throughput per process 			=     528.45 kB/sec 
	Max throughput per process 			=     669.96 kB/sec
	Avg throughput per process 			=     590.75 kB/sec
	Min xfer 					=     975.00 kB

	Children see throughput for  4 rewriters 	=    2509.97 kB/sec
	Parent sees throughput for  4 rewriters 	=    2303.44 kB/sec
	Min throughput per process 			=     590.27 kB/sec 
	Max throughput per process 			=     670.56 kB/sec
	Avg throughput per process 			=     627.49 kB/sec
	Min xfer 					=     985.00 kB

	Children see throughput for 4 stride readers 	=    5878.36 kB/sec
	Parent sees throughput for 4 stride readers 	=    5379.02 kB/sec
	Min throughput per process 			=    1397.20 kB/sec 
	Max throughput per process 			=    1503.69 kB/sec
	Avg throughput per process 			=    1469.59 kB/sec
	Min xfer 					=    1010.00 kB



iozone test complete.
iozone throughput fwrite/fread measurements
	Iozone: Performance Test of File I/O
	        Version $Revision: 3.506 $
		Compiled for 64 bit mode.
		Build: linux 

	Contributors:William Norcott, Don Capps, Isom Crawford, Kirby Collins
	             Al Slater, Scott Rhine, Mike Wisner, Ken Goss
	             Steve Landherr, Brad Smith, Mark Kelly, Dr. Alain CYR,
	             Randy Dunlap, Mark Montague, Dan Million, Gavin Brebner,
	             Jean-Marc Zucconi, Jeff Blomberg, Benny Halevy, Dave Boone,
	             Erik Habbinga, Kris Strecker, Walter Wong, Joshua Root,
	             Fabrice Bacchella, Zhenghua Xue, Qin Li, Darren Sawyer,
	             Vangel Bojaxhi, Ben England, Vikentsi Lapa,
	             Alexey Skidanov, Sudhir Kumar.

	Run began: Fri Jan  1 00:05:01 2027

	Record Size 1 kB
	File size set to 1024 kB
	Command line used: ./iozone -t 4 -i 6 -i 7 -r 1k -s 1m
	Output is in kBytes/sec
	Time Resolution = 0.000080 seconds.
	Processor cache size set to 1024 kBytes.
	Processor cache line size set to 32 bytes.
	File stride size set to 17 * record size.
	Throughput test with 4 processes
	Each process writes a 1024 kByte file in 1 kByte records

	Children see throughput for  4 fwriters 	=    2320.00 kB/sec
	Parent sees throughput for  4 fwriters 		=    1870.72 kB/sec
	Min throughput per process 			=     504.94 kB/sec 
	Max throughput per process 			=     652.70 kB/sec
	Avg throughput per process 			=     580.00 kB/sec
	Min xfer 					=    1024.00 kB

	Children see throughput for  4 freaders 	=    5734.65 kB/sec
	Parent sees throughput for  4 freaders 		=    5382.37 kB/sec
	Min throughput per process 			=    1406.23 kB/sec 
	Max throughput per process 			=    1493.78 kB/sec
	Avg throughput per process 			=    1433.66 kB/sec
	Min xfer 					=    1024.00 kB



iozone test complete.
iozone throughput pwrite/pread measurements
	Iozone: Performance Test of File I/O
	        Version $Revision: 3.506 $
		Compiled for 64 bit mode.
		Build: linux 

	Contributors:William Norcott, Don Capps, Isom Crawford, Kirby Collins
	             Al Slater, Scott Rhine, Mike Wisner, Ken Goss
	             Steve Landherr, Brad Smith, Mark Kelly, Dr. Alain CYR,
	             Randy Dunlap, Mark Montague, Dan Million, Gavin Brebner,
	             Jean-Marc Zucconi, Jeff Blomberg, Benny Halevy, Dave Boone,
	             Erik Habbinga, Kris Strecker, Walter Wong, Joshua Root,
	             Fabrice Bacchella, Zhenghua Xue, Qin Li, Darren Sawyer,
	             Vangel Bojaxhi, Ben England, Vikentsi Lapa,
	             Alexey Skidanov, Sudhir Kumar.

	Run began: Fri Jan  1 00:05:16 2027

	Record Size 1 kB
	File size set to 1024 kB
	Command line used: ./iozone -t 4 -i 9 -i 10 -r 1k -s 1m
	Output is in kBytes/sec
	Time Resolution = 0.000080 seconds.
	Processor cache size set to 1024 kBytes.
	Processor cache line size set to 32 bytes.
	File stride size set to 17 * record size.
	Throughput test with 4 processes
	Each process writes a 1024 kByte file in 1 kByte records

	Children see throughput for 4 pwrite writers 	=    2331.12 kB/sec
	Parent sees throughput for 4 pwrite writers 	=    1822.38 kB/sec
	Min throughput per process 			=     493.41 kB/sec 
	Max throughput per process 			=     672.58 kB/sec
	Avg throughput per process 			=     582.78 kB/sec
	Min xfer 					=     985.00 kB

	Children see throughput for 4 pread readers 	=    8383.08 kB/sec
	Parent sees throughput for 4 pread readers 	=    7367.52 kB/sec
	Min throughput per process 			=    1911.28 kB/sec 
	Max throughput per process 			=    2285.99 kB/sec
	Avg throughput per process 			=    2095.77 kB/sec
	Min xfer 					=     947.00 kB



iozone test complete.
iozone throughtput pwritev/preadv measurements
	Iozone: Performance Test of File I/O
	        Version $Revision: 3.506 $
		Compiled for 64 bit mode.
		Build: linux 

	Contributors:William Norcott, Don Capps, Isom Crawford, Kirby Collins
	             Al Slater, Scott Rhine, Mike Wisner, Ken Goss
	             Steve Landherr, Brad Smith, Mark Kelly, Dr. Alain CYR,
	             Randy Dunlap, Mark Montague, Dan Million, Gavin Brebner,
	             Jean-Marc Zucconi, Jeff Blomberg, Benny Halevy, Dave Boone,
	             Erik Habbinga, Kris Strecker, Walter Wong, Joshua Root,
	             Fabrice Bacchella, Zhenghua Xue, Qin Li, Darren Sawyer,
	             Vangel Bojaxhi, Ben England, Vikentsi Lapa,
	             Alexey Skidanov, Sudhir Kumar.

	Run began: Fri Jan  1 00:05:35 2027

	Selected test not available on the version.
	Record Size 1 kB
	File size set to 1024 kB
	Command line used: ./iozone -t 4 -i 11 -i 12 -r 1k -s 1m
	Output is in kBytes/sec
	Time Resolution = 0.000080 seconds.
	Processor cache size set to 1024 kBytes.
	Processor cache line size set to 32 bytes.
	File stride size set to 17 * record size.
	Throughput test with 4 processes
	Each process writes a 1024 kByte file in 1 kByte records

	Children see throughput for  4 initial writers 	=    2256.47 kB/sec
	Parent sees throughput for  4 initial writers 	=    1683.00 kB/sec
	Min throughput per process 			=     503.90 kB/sec 
	Max throughput per process 			=     653.32 kB/sec
	Avg throughput per process 			=     564.12 kB/sec
	Min xfer 					=     978.00 kB

	Children see throughput for  4 rewriters 	=    2639.93 kB/sec
	Parent sees throughput for  4 rewriters 	=    2426.33 kB/sec
	Min throughput per process 			=     633.15 kB/sec 
	Max throughput per process 			=     706.76 kB/sec
	Avg throughput per process 			=     659.98 kB/sec
	Min xfer 					=     968.00 kB



iozone test complete.
#### OS COMP TEST GROUP END iozone-musl ####
#### OS COMP TEST GROUP END iozone-musl ####
[initproc] done iozone_testcode.sh in /musl exit_code=0
#### OS COMP TEST GROUP START iozone-glibc ####
#### OS COMP TEST GROUP START iozone-glibc ####
iozone automatic measurements
	Iozone: Performance Test of File I/O
	        Version $Revision: 3.506 $
		Compiled for 64 bit mode.
		Build: linux 

	Contributors:William Norcott, Don Capps, Isom Crawford, Kirby Collins
	             Al Slater, Scott Rhine, Mike Wisner, Ken Goss
	             Steve Landherr, Brad Smith, Mark Kelly, Dr. Alain CYR,
	             Randy Dunlap, Mark Montague, Dan Million, Gavin Brebner,
	             Jean-Marc Zucconi, Jeff Blomberg, Benny Halevy, Dave Boone,
	             Erik Habbinga, Kris Strecker, Walter Wong, Joshua Root,
	             Fabrice Bacchella, Zhenghua Xue, Qin Li, Darren Sawyer,
	             Vangel Bojaxhi, Ben England, Vikentsi Lapa,
	             Alexey Skidanov, Sudhir Kumar.

	Run began: Fri Jan  1 00:05:51 2027

	Auto Mode
	Record Size 1 kB
	File size set to 4096 kB
	Command line used: ./iozone -a -r 1k -s 4m
	Output is in kBytes/sec
	Time Resolution = 0.000080 seconds.
	Processor cache size set to 1024 kBytes.
	Processor cache line size set to 32 bytes.
	File stride size set to 17 * record size.
                                                                    random    random      bkwd     record     stride                                        
              kB  reclen    write    rewrite      read    reread      read     write      read    rewrite       read    fwrite  frewrite     fread   freread
            4096       1      2519      2542      7902      7881      5783      2292      5775       2355       5735      2474      2496      7549      7588

iozone test complete.
iozone throughput write/read measurements
	Iozone: Performance Test of File I/O
	        Version $Revision: 3.506 $
		Compiled for 64 bit mode.
		Build: linux 

	Contributors:William Norcott, Don Capps, Isom Crawford, Kirby Collins
	             Al Slater, Scott Rhine, Mike Wisner, Ken Goss
	             Steve Landherr, Brad Smith, Mark Kelly, Dr. Alain CYR,
	             Randy Dunlap, Mark Montague, Dan Million, Gavin Brebner,
	             Jean-Marc Zucconi, Jeff Blomberg, Benny Halevy, Dave Boone,
	             Erik Habbinga, Kris Strecker, Walter Wong, Joshua Root,
	             Fabrice Bacchella, Zhenghua Xue, Qin Li, Darren Sawyer,
	             Vangel Bojaxhi, Ben England, Vikentsi Lapa,
	             Alexey Skidanov, Sudhir Kumar.

	Run began: Fri Jan  1 00:06:11 2027

	Record Size 1 kB
	File size set to 1024 kB
	Command line used: ./iozone -t 4 -i 0 -i 1 -r 1k -s 1m
	Output is in kBytes/sec
	Time Resolution = 0.000082 seconds.
	Processor cache size set to 1024 kBytes.
	Processor cache line size set to 32 bytes.
	File stride size set to 17 * record size.
	Throughput test with 4 processes
	Each process writes a 1024 kByte file in 1 kByte records

	Children see throughput for  4 initial writers 	=    2294.49 kB/sec
	Parent sees throughput for  4 initial writers 	=    1767.61 kB/sec
	Min throughput per process 			=     515.10 kB/sec 
	Max throughput per process 			=     653.50 kB/sec
	Avg throughput per process 			=     573.62 kB/sec
	Min xfer 					=     981.00 kB

	Children see throughput for  4 rewriters 	=    2498.32 kB/sec
	Parent sees throughput for  4 rewriters 	=    2270.95 kB/sec
	Min throughput per process 			=     588.49 kB/sec 
	Max throughput per process 			=     653.90 kB/sec
	Avg throughput per process 			=     624.58 kB/sec
	Min xfer 					=    1002.00 kB

	Children see throughput for  4 readers 		=    6790.73 kB/sec
	Parent sees throughput for  4 readers 		=    6083.11 kB/sec
	Min throughput per process 			=    1598.61 kB/sec 
	Max throughput per process 			=    1801.33 kB/sec
	Avg throughput per process 			=    1697.68 kB/sec
	Min xfer 					=     959.00 kB

	Children see throughput for 4 re-readers 	=    8140.70 kB/sec
	Parent sees throughput for 4 re-readers 	=    7116.36 kB/sec
	Min throughput per process 			=    1949.60 kB/sec 
	Max throughput per process 			=    2110.56 kB/sec
	Avg throughput per process 			=    2035.18 kB/sec
	Min xfer 					=     990.00 kB



iozone test complete.
iozone throughput random-read measurements
	Iozone: Performance Test of File I/O
	        Version $Revision: 3.506 $
		Compiled for 64 bit mode.
		Build: linux 

	Contributors:William Norcott, Don Capps, Isom Crawford, Kirby Collins
	             Al Slater, Scott Rhine, Mike Wisner, Ken Goss
	             Steve Landherr, Brad Smith, Mark Kelly, Dr. Alain CYR,
	             Randy Dunlap, Mark Montague, Dan Million, Gavin Brebner,
	             Jean-Marc Zucconi, Jeff Blomberg, Benny Halevy, Dave Boone,
	             Erik Habbinga, Kris Strecker, Walter Wong, Joshua Root,
	             Fabrice Bacchella, Zhenghua Xue, Qin Li, Darren Sawyer,
	             Vangel Bojaxhi, Ben England, Vikentsi Lapa,
	             Alexey Skidanov, Sudhir Kumar.

	Run began: Fri Jan  1 00:06:35 2027

	Record Size 1 kB
	File size set to 1024 kB
	Command line used: ./iozone -t 4 -i 0 -i 2 -r 1k -s 1m
	Output is in kBytes/sec
	Time Resolution = 0.000082 seconds.
	Processor cache size set to 1024 kBytes.
	Processor cache line size set to 32 bytes.
	File stride size set to 17 * record size.
	Throughput test with 4 processes
	Each process writes a 1024 kByte file in 1 kByte records

	Children see throughput for  4 initial writers 	=    2293.80 kB/sec
	Parent sees throughput for  4 initial writers 	=    1712.58 kB/sec
	Min throughput per process 			=     494.26 kB/sec 
	Max throughput per process 			=     654.24 kB/sec
	Avg throughput per process 			=     573.45 kB/sec
	Min xfer 					=     969.00 kB

	Children see throughput for  4 rewriters 	=    2503.46 kB/sec
	Parent sees throughput for  4 rewriters 	=    2275.40 kB/sec
	Min throughput per process 			=     581.73 kB/sec 
	Max throughput per process 			=     669.95 kB/sec
	Avg throughput per process 			=     625.87 kB/sec
	Min xfer 					=     983.00 kB

	Children see throughput for 4 random readers 	=    5943.90 kB/sec
	Parent sees throughput for 4 random readers 	=    5361.44 kB/sec
	Min throughput per process 			=    1347.82 kB/sec 
	Max throughput per process 			=    1582.93 kB/sec
	Avg throughput per process 			=    1485.98 kB/sec
	Min xfer 					=     939.00 kB

	Children see throughput for 4 random writers 	=    2161.02 kB/sec
	Parent sees throughput for 4 random writers 	=    1916.34 kB/sec
	Min throughput per process 			=     492.92 kB/sec 
	Max throughput per process 			=     580.96 kB/sec
	Avg throughput per process 			=     540.26 kB/sec
	Min xfer 					=     978.00 kB



iozone test complete.
iozone throughput read-backwards measurements
	Iozone: Performance Test of File I/O
	        Version $Revision: 3.506 $
		Compiled for 64 bit mode.
		Build: linux 

	Contributors:William Norcott, Don Capps, Isom Crawford, Kirby Collins
	             Al Slater, Scott Rhine, Mike Wisner, Ken Goss
	             Steve Landherr, Brad Smith, Mark Kelly, Dr. Alain CYR,
	             Randy Dunlap, Mark Montague, Dan Million, Gavin Brebner,
	             Jean-Marc Zucconi, Jeff Blomberg, Benny Halevy, Dave Boone,
	             Erik Habbinga, Kris Strecker, Walter Wong, Joshua Root,
	             Fabrice Bacchella, Zhenghua Xue, Qin Li, Darren Sawyer,
	             Vangel Bojaxhi, Ben England, Vikentsi Lapa,
	             Alexey Skidanov, Sudhir Kumar.

	Run began: Fri Jan  1 00:07:04 2027

	Record Size 1 kB
	File size set to 1024 kB
	Command line used: ./iozone -t 4 -i 0 -i 3 -r 1k -s 1m
	Output is in kBytes/sec
	Time Resolution = 0.000081 seconds.
	Processor cache size set to 1024 kBytes.
	Processor cache line size set to 32 bytes.
	File stride size set to 17 * record size.
	Throughput test with 4 processes
	Each process writes a 1024 kByte file in 1 kByte records

	Children see throughput for  4 initial writers 	=    2293.68 kB/sec
	Parent sees throughput for  4 initial writers 	=    1821.46 kB/sec
	Min throughput per process 			=     496.01 kB/sec 
	Max throughput per process 			=     654.03 kB/sec
	Avg throughput per process 			=     573.42 kB/sec
	Min xfer 					=     997.00 kB

	Children see throughput for  4 rewriters 	=    2497.21 kB/sec
	Parent sees throughput for  4 rewriters 	=    2290.49 kB/sec
	Min throughput per process 			=     603.87 kB/sec 
	Max throughput per process 			=     670.15 kB/sec
	Avg throughput per process 			=     624.30 kB/sec
	Min xfer 					=     975.00 kB

	Children see throughput for 4 reverse readers 	=    6020.78 kB/sec
	Parent sees throughput for 4 reverse readers 	=    5427.68 kB/sec
	Min throughput per process 			=    1421.89 kB/sec 
	Max throughput per process 			=    1582.73 kB/sec
	Avg throughput per process 			=    1505.20 kB/sec
	Min xfer 					=     967.00 kB



iozone test complete.
iozone throughput stride-read measurements
	Iozone: Performance Test of File I/O
	        Version $Revision: 3.506 $
		Compiled for 64 bit mode.
		Build: linux 

	Contributors:William Norcott, Don Capps, Isom Crawford, Kirby Collins
	             Al Slater, Scott Rhine, Mike Wisner, Ken Goss
	             Steve Landherr, Brad Smith, Mark Kelly, Dr. Alain CYR,
	             Randy Dunlap, Mark Montague, Dan Million, Gavin Brebner,
	             Jean-Marc Zucconi, Jeff Blomberg, Benny Halevy, Dave Boone,
	             Erik Habbinga, Kris Strecker, Walter Wong, Joshua Root,
	             Fabrice Bacchella, Zhenghua Xue, Qin Li, Darren Sawyer,
	             Vangel Bojaxhi, Ben England, Vikentsi Lapa,
	             Alexey Skidanov, Sudhir Kumar.

	Run began: Fri Jan  1 00:07:27 2027

	Record Size 1 kB
	File size set to 1024 kB
	Command line used: ./iozone -t 4 -i 0 -i 5 -r 1k -s 1m
	Output is in kBytes/sec
	Time Resolution = 0.000082 seconds.
	Processor cache size set to 1024 kBytes.
	Processor cache line size set to 32 bytes.
	File stride size set to 17 * record size.
	Throughput test with 4 processes
	Each process writes a 1024 kByte file in 1 kByte records

	Children see throughput for  4 initial writers 	=    2049.46 kB/sec
	Parent sees throughput for  4 initial writers 	=    1557.46 kB/sec
	Min throughput per process 			=     415.33 kB/sec 
	Max throughput per process 			=     654.97 kB/sec
	Avg throughput per process 			=     512.37 kB/sec
	Min xfer 					=     993.00 kB

	Children see throughput for  4 rewriters 	=    2490.73 kB/sec
	Parent sees throughput for  4 rewriters 	=    2282.56 kB/sec
	Min throughput per process 			=     583.45 kB/sec 
	Max throughput per process 			=     655.20 kB/sec
	Avg throughput per process 			=     622.68 kB/sec
	Min xfer 					=     995.00 kB

	Children see throughput for 4 stride readers 	=    5943.56 kB/sec
	Parent sees throughput for 4 stride readers 	=    5319.91 kB/sec
	Min throughput per process 			=    1376.33 kB/sec 
	Max throughput per process 			=    1577.06 kB/sec
	Avg throughput per process 			=    1485.89 kB/sec
	Min xfer 					=     964.00 kB



iozone test complete.
iozone throughput fwrite/fread measurements
	Iozone: Performance Test of File I/O
	        Version $Revision: 3.506 $
		Compiled for 64 bit mode.
		Build: linux 

	Contributors:William Norcott, Don Capps, Isom Crawford, Kirby Collins
	             Al Slater, Scott Rhine, Mike Wisner, Ken Goss
	             Steve Landherr, Brad Smith, Mark Kelly, Dr. Alain CYR,
	             Randy Dunlap, Mark Montague, Dan Million, Gavin Brebner,
	             Jean-Marc Zucconi, Jeff Blomberg, Benny Halevy, Dave Boone,
	             Erik Habbinga, Kris Strecker, Walter Wong, Joshua Root,
	             Fabrice Bacchella, Zhenghua Xue, Qin Li, Darren Sawyer,
	             Vangel Bojaxhi, Ben England, Vikentsi Lapa,
	             Alexey Skidanov, Sudhir Kumar.

	Run began: Fri Jan  1 00:07:50 2027

	Record Size 1 kB
	File size set to 1024 kB
	Command line used: ./iozone -t 4 -i 6 -i 7 -r 1k -s 1m
	Output is in kBytes/sec
	Time Resolution = 0.000081 seconds.
	Processor cache size set to 1024 kBytes.
	Processor cache line size set to 32 bytes.
	File stride size set to 17 * record size.
	Throughput test with 4 processes
	Each process writes a 1024 kByte file in 1 kByte records

	Children see throughput for  4 fwriters 	=    2293.37 kB/sec
	Parent sees throughput for  4 fwriters 		=    1755.35 kB/sec
	Min throughput per process 			=     483.74 kB/sec 
	Max throughput per process 			=     669.88 kB/sec
	Avg throughput per process 			=     573.34 kB/sec
	Min xfer 					=    1024.00 kB

	Children see throughput for  4 freaders 	=    7866.49 kB/sec
	Parent sees throughput for  4 freaders 		=    7209.57 kB/sec
	Min throughput per process 			=    1912.50 kB/sec 
	Max throughput per process 			=    2100.89 kB/sec
	Avg throughput per process 			=    1966.62 kB/sec
	Min xfer 					=    1024.00 kB



iozone test complete.
iozone throughput pwrite/pread measurements
	Iozone: Performance Test of File I/O
	        Version $Revision: 3.506 $
		Compiled for 64 bit mode.
		Build: linux 

	Contributors:William Norcott, Don Capps, Isom Crawford, Kirby Collins
	             Al Slater, Scott Rhine, Mike Wisner, Ken Goss
	             Steve Landherr, Brad Smith, Mark Kelly, Dr. Alain CYR,
	             Randy Dunlap, Mark Montague, Dan Million, Gavin Brebner,
	             Jean-Marc Zucconi, Jeff Blomberg, Benny Halevy, Dave Boone,
	             Erik Habbinga, Kris Strecker, Walter Wong, Joshua Root,
	             Fabrice Bacchella, Zhenghua Xue, Qin Li, Darren Sawyer,
	             Vangel Bojaxhi, Ben England, Vikentsi Lapa,
	             Alexey Skidanov, Sudhir Kumar.

	Run began: Fri Jan  1 00:08:07 2027

	Record Size 1 kB
	File size set to 1024 kB
	Command line used: ./iozone -t 4 -i 9 -i 10 -r 1k -s 1m
	Output is in kBytes/sec
	Time Resolution = 0.000081 seconds.
	Processor cache size set to 1024 kBytes.
	Processor cache line size set to 32 bytes.
	File stride size set to 17 * record size.
	Throughput test with 4 processes
	Each process writes a 1024 kByte file in 1 kByte records

	Children see throughput for 4 pwrite writers 	=    2389.51 kB/sec
	Parent sees throughput for 4 pwrite writers 	=    1777.47 kB/sec
	Min throughput per process 			=     525.91 kB/sec 
	Max throughput per process 			=     669.99 kB/sec
	Avg throughput per process 			=     597.38 kB/sec
	Min xfer 					=     987.00 kB

	Children see throughput for 4 pread readers 	=    8644.37 kB/sec
	Parent sees throughput for 4 pread readers 	=    7478.82 kB/sec
	Min throughput per process 			=    2031.38 kB/sec 
	Max throughput per process 			=    2292.15 kB/sec
	Avg throughput per process 			=    2161.09 kB/sec
	Min xfer 					=     950.00 kB



iozone test complete.
iozone throughtput pwritev/preadv measurements
	Iozone: Performance Test of File I/O
	        Version $Revision: 3.506 $
		Compiled for 64 bit mode.
		Build: linux 

	Contributors:William Norcott, Don Capps, Isom Crawford, Kirby Collins
	             Al Slater, Scott Rhine, Mike Wisner, Ken Goss
	             Steve Landherr, Brad Smith, Mark Kelly, Dr. Alain CYR,
	             Randy Dunlap, Mark Montague, Dan Million, Gavin Brebner,
	             Jean-Marc Zucconi, Jeff Blomberg, Benny Halevy, Dave Boone,
	             Erik Habbinga, Kris Strecker, Walter Wong, Joshua Root,
	             Fabrice Bacchella, Zhenghua Xue, Qin Li, Darren Sawyer,
	             Vangel Bojaxhi, Ben England, Vikentsi Lapa,
	             Alexey Skidanov, Sudhir Kumar.

	Run began: Fri Jan  1 00:08:27 2027

	Selected test not available on the version.
	Record Size 1 kB
	File size set to 1024 kB
	Command line used: ./iozone -t 4 -i 11 -i 12 -r 1k -s 1m
	Output is in kBytes/sec
	Time Resolution = 0.000081 seconds.
	Processor cache size set to 1024 kBytes.
	Processor cache line size set to 32 bytes.
	File stride size set to 17 * record size.
	Throughput test with 4 processes
	Each process writes a 1024 kByte file in 1 kByte records

	Children see throughput for  4 initial writers 	=    2156.69 kB/sec
	Parent sees throughput for  4 initial writers 	=    1683.89 kB/sec
	Min throughput per process 			=     451.50 kB/sec 
	Max throughput per process 			=     636.40 kB/sec
	Avg throughput per process 			=     539.17 kB/sec
	Min xfer 					=     980.00 kB

	Children see throughput for  4 rewriters 	=    2445.70 kB/sec
	Parent sees throughput for  4 rewriters 	=    2214.77 kB/sec
	Min throughput per process 			=     582.82 kB/sec 
	Max throughput per process 			=     653.81 kB/sec
	Avg throughput per process 			=     611.42 kB/sec
	Min xfer 					=     992.00 kB



iozone test complete.
#### OS COMP TEST GROUP END iozone-glibc ####
#### OS COMP TEST GROUP END iozone-glibc ####
[initproc] done iozone_testcode.sh in /glibc exit_code=0
[initproc] skip libcbench (mask bit7 not set)
[initproc] skip netperf (mask bit9 not set)
[initproc] skip iperf (mask bit6 not set)
[initproc] skip libctest (mask bit3 not set)
[initproc] skip cyclictest (mask bit10 not set)
[initproc] skip ltp (mask bit11 not set)
[initproc] skip cpython (mask bit12 not set)
[initproc] skip unixbench (mask bit5 not set)
[initproc] run_selected_groups done
make: Leaving directory '/app/os'
