Rust toolchain preflight passed: nightly-2026-05-10

OpenSBI v1.5.1
   ____                    _____ ____ _____
  / __ \                  / ____|  _ \_   _|
 | |  | |_ __   ___ _ __ | (___ | |_) || |
 | |  | | '_ \ / _ \ '_ \ \___ \|  _ < | |
 | |__| | |_) |  __/ | | |____) | |_) || |_
  \____/| .__/ \___|_| |_|_____/|____/_____|
        | |
        |_|

Platform Name             : riscv-virtio,qemu
Platform Features         : medeleg
Platform HART Count       : 1
Platform IPI Device       : aclint-mswi
Platform Timer Device     : aclint-mtimer @ 10000000Hz
Platform Console Device   : uart8250
Platform HSM Device       : ---
Platform PMU Device       : ---
Platform Reboot Device    : syscon-reboot
Platform Shutdown Device  : syscon-poweroff
Platform Suspend Device   : ---
Platform CPPC Device      : ---
Firmware Base             : 0x80000000
Firmware Size             : 327 KB
Firmware RW Offset        : 0x40000
Firmware RW Size          : 71 KB
Firmware Heap Offset      : 0x49000
Firmware Heap Size        : 35 KB (total), 2 KB (reserved), 11 KB (used), 21 KB (free)
Firmware Scratch Size     : 4096 B (total), 416 B (used), 3680 B (free)
Runtime SBI Version       : 2.0

Domain0 Name              : root
Domain0 Boot HART         : 0
Domain0 HARTs             : 0*
Domain0 Region00          : 0x0000000000100000-0x0000000000100fff M: (I,R,W) S/U: (R,W)
Domain0 Region01          : 0x0000000010000000-0x0000000010000fff M: (I,R,W) S/U: (R,W)
Domain0 Region02          : 0x0000000002000000-0x000000000200ffff M: (I,R,W) S/U: ()
Domain0 Region03          : 0x0000000080040000-0x000000008005ffff M: (R,W) S/U: ()
Domain0 Region04          : 0x0000000080000000-0x000000008003ffff M: (R,X) S/U: ()
Domain0 Region05          : 0x000000000c400000-0x000000000c5fffff M: (I,R,W) S/U: (R,W)
Domain0 Region06          : 0x000000000c000000-0x000000000c3fffff M: (I,R,W) S/U: (R,W)
Domain0 Region07          : 0x0000000000000000-0xffffffffffffffff M: () S/U: (R,W,X)
Domain0 Next Address      : 0x0000000080200000
Domain0 Next Arg1         : 0x00000000bfe00000
Domain0 Next Mode         : S-mode
Domain0 SysReset          : yes
Domain0 SysSuspend        : yes

Boot HART ID              : 0
Boot HART Domain          : root
Boot HART Priv Version    : v1.12
Boot HART Base ISA        : rv64imafdch
Boot HART ISA Extensions  : sstc,zicntr,zihpm,zicboz,zicbom,sdtrig,svadu
Boot HART PMP Count       : 16
Boot HART PMP Granularity : 2 bits
Boot HART PMP Address Bits: 54
Boot HART MHPM Info       : 16 (0x0007fff8)
Boot HART Debug Triggers  : 2 triggers
Boot HART MIDELEG         : 0x0000000000001666
Boot HART MEDELEG         : 0x0000000000f0b509
[kernel] logger inited, level= Off
[kernel] Boot protocol: RiscvFdt, hart_id=0, dtb_paddr=0xbfe00000
[kernel] Console initialized.
[memory] 194422 usable physical frames across 2 region(s)
[memory] region0: [0x90888000, 0xbfe00000) frames=193912
[memory] region1: [0xbfe02000, 0xc0000000) frames=510
.text [0x80200000, 0x8042a000)
.rodata [0x8042a000, 0x80461000)
.data [0x80461000, 0x80826000)
.bss [0x80826000, 0x90888000)
mapping .text section
mapping .rodata section
mapping .data section
mapping .bss section
mapping physical memory region
mapping physical memory region
mapping memory-mapped registers
[kernel] Hello, world!
[kernel] PRNG init warning: Entropy(DeviceUnavailable)
[memory] reclaimed linker frames: [0x80461000, 0x80824000) frames=963
[initramfs] unpacked: files=39 dirs=23 symlinks=1 bytes=3939693
[initramfs] VFS_ROOT initialized (ramfs + cpio unpack + dev/proc/tmp)
[kernel] block device 0: official fs (MMIO 0x10001000)
[kernel] block device 1: tools disk (MMIO 0x10002000)
[mbr] registered /dev/vdb1 (type=0x83, size=2048M)
[mbr] registered /dev/vdb2 (type=0xc, size=1280M)
[ext4] backend: another_ext4
[kernel] root device mounted at sdcard
[mbr] registered /dev/vdb1 (type=0x83, size=2048M)
[mbr] registered /dev/vdb2 (type=0xc, size=1280M)
[ext4] backend: another_ext4
[kernel] tools disk (vdb1) mounted at tools
[kernel] net interface initialized (RoutingDevice: lo + eth)
[init] pseudo-fs mount framework ready
[init] /tmp is bind-mounted from ext4 /sdcard/tmp
[init] /etc is bind-mounted from tools disk
[init] bind mount /tools/bin -> /bin
[init] bind mount /tools/sbin -> /sbin
[init] bind mount /tools/lib -> /lib
[init] bind mount /tools/usr -> /usr
[init] bind mount /tools/root -> /root: skipped (errno=2)
[init] PID1 profile=normal runner=/test-runner
[test-runner] synchronizing clock
[initproc] config source=/sdcard/os_test.conf mode=run mask=0x110 timer_smoke=false skip_apk=true
[initproc] ensuring base directories...
[initproc] runtime layout ready
[initproc] linking musl/glibc libs to /lib ...
[initproc] lib linking done, exit=0
[initproc] prepare lmbench compatibility ...
[initproc] lmbench compatibility done, exit=0
[initproc] install libgcc_s: already exists, skipping
[initproc] skip_apk=true: skipping install_apk_packages
[initproc] run_selected_groups start mask=0x110
[initproc] skip basic (mask bit0 not set)
[initproc] skip busybox (mask bit1 not set)
[initproc] skip lua (mask bit2 not set)
#### OS COMP TEST GROUP START lmbench-musl ####
#### OS COMP TEST GROUP START lmbench-musl ####
latency measurements
Simple syscall: 36.9833 microseconds
Simple read: 85.6029 microseconds
Simple write: 42.4351 microseconds
Simple stat: 186.8438 microseconds
Simple fstat: 86.0862 microseconds
Simple open/close: 231.1481 microseconds
Select on 100 fd's: 345.1765 microseconds
Signal handler installation: 97.4576 microseconds
Signal handler overhead: 130.9118 microseconds
Protection fault: 35.6562 microseconds
Pipe latency: 571.3255 microseconds
Process fork+exit: 5468.0000 microseconds
Process fork+execve: 5967.0000 microseconds
Process fork+/bin/sh -c: 286029.0000 microseconds
File /var/tmp/XXX write bandwidth:20194 KB/sec
Pagefaults on /var/tmp/XXX: 108.3945 microseconds
0.524288 581
file system latency
0k	15	2760	2945
1k	12	2164	2889
4k	12	2091	2866
10k	12	2025	2865
Bandwidth measurements
Pipe bandwidth: 43.63 MB/sec
0.524288 101.44
0.524288 93.12
0.524288 4187.18
0.524288 37.25
context switch overhead

"size=32k ovr=205.79
2 84.60
4 99.26
8 99.17
16 97.71
24 104.87
32 97.11
64 106.89
96 102.15
#### OS COMP TEST GROUP END lmbench-musl ####
#### OS COMP TEST GROUP END lmbench-musl ####
[initproc] done lmbench_testcode.sh in /musl exit_code=0
#### OS COMP TEST GROUP START lmbench-glibc ####
#### OS COMP TEST GROUP START lmbench-glibc ####
latency measurements
Simple syscall: 37.6056 microseconds
Simple read: 81.3857 microseconds
Simple write: 43.1890 microseconds
Simple stat: 187.1875 microseconds
Simple fstat: 98.6333 microseconds
Simple open/close: 226.7600 microseconds
Select on 100 fd's: 324.0000 microseconds
Signal handler installation: 94.1833 microseconds
Signal handler overhead: 133.5312 microseconds
Protection fault: 39.3333 microseconds
Pipe latency: 670.9320 microseconds
Process fork+exit: 6639.0000 microseconds
Process fork+execve: 12459.0000 microseconds
Process fork+/bin/sh -c: 286173.0000 microseconds
File /var/tmp/XXX write bandwidth:65907 KB/sec
Pagefaults on /var/tmp/XXX: 110.5586 microseconds
0.524288 615
file system latency
0k	15	2676	2865
1k	12	2155	2923
4k	12	2071	2915
10k	11	1981	2911
Bandwidth measurements
Pipe bandwidth: 44.77 MB/sec
0.524288 98.98
0.524288 99.50
0.524288 2529.84
0.524288 36.28
context switch overhead

"size=32k ovr=202.98
2 98.76
4 102.96
8 101.97
16 105.39
24 105.89
32 102.80
64 107.63
96 109.76
#### OS COMP TEST GROUP END lmbench-glibc ####
#### OS COMP TEST GROUP END lmbench-glibc ####
[initproc] done lmbench_testcode.sh in /glibc exit_code=0
#### OS COMP TEST GROUP START iozone-musl ####
#### OS COMP TEST GROUP START iozone-musl ####
iozone automatic measurements
	Iozone: Performance Test of File I/O
	        Version $Revision: 3.506 $
		Compiled for 64 bit mode.
		Build: linux 

	Contributors:William Norcott, Don Capps, Isom Crawford, Kirby Collins
	             Al Slater, Scott Rhine, Mike Wisner, Ken Goss
	             Steve Landherr, Brad Smith, Mark Kelly, Dr. Alain CYR,
	             Randy Dunlap, Mark Montague, Dan Million, Gavin Brebner,
	             Jean-Marc Zucconi, Jeff Blomberg, Benny Halevy, Dave Boone,
	             Erik Habbinga, Kris Strecker, Walter Wong, Joshua Root,
	             Fabrice Bacchella, Zhenghua Xue, Qin Li, Darren Sawyer,
	             Vangel Bojaxhi, Ben England, Vikentsi Lapa,
	             Alexey Skidanov, Sudhir Kumar.

	Run began: Fri Jan  1 00:02:35 2027

	Auto Mode
	Record Size 1 kB
	File size set to 4096 kB
	Command line used: ./iozone -a -r 1k -s 4m
	Output is in kBytes/sec
	Time Resolution = 0.000074 seconds.
	Processor cache size set to 1024 kBytes.
	Processor cache line size set to 32 bytes.
	File stride size set to 17 * record size.
                                                                    random    random      bkwd     record     stride                                        
              kB  reclen    write    rewrite      read    reread      read     write      read    rewrite       read    fwrite  frewrite     fread   freread
            4096       1      2575      2358      8029      8016      5921      2141      5832       2221       5862      2392      2534      5573      5567

iozone test complete.
iozone throughput write/read measurements
	Iozone: Performance Test of File I/O
	        Version $Revision: 3.506 $
		Compiled for 64 bit mode.
		Build: linux 

	Contributors:William Norcott, Don Capps, Isom Crawford, Kirby Collins
	             Al Slater, Scott Rhine, Mike Wisner, Ken Goss
	             Steve Landherr, Brad Smith, Mark Kelly, Dr. Alain CYR,
	             Randy Dunlap, Mark Montague, Dan Million, Gavin Brebner,
	             Jean-Marc Zucconi, Jeff Blomberg, Benny Halevy, Dave Boone,
	             Erik Habbinga, Kris Strecker, Walter Wong, Joshua Root,
	             Fabrice Bacchella, Zhenghua Xue, Qin Li, Darren Sawyer,
	             Vangel Bojaxhi, Ben England, Vikentsi Lapa,
	             Alexey Skidanov, Sudhir Kumar.

	Run began: Fri Jan  1 00:02:54 2027

	Record Size 1 kB
	File size set to 1024 kB
	Command line used: ./iozone -t 4 -i 0 -i 1 -r 1k -s 1m
	Output is in kBytes/sec
	Time Resolution = 0.000075 seconds.
	Processor cache size set to 1024 kBytes.
	Processor cache line size set to 32 bytes.
	File stride size set to 17 * record size.
	Throughput test with 4 processes
	Each process writes a 1024 kByte file in 1 kByte records

	Children see throughput for  4 initial writers 	=    2557.31 kB/sec
	Parent sees throughput for  4 initial writers 	=    1845.19 kB/sec
	Min throughput per process 			=     600.84 kB/sec 
	Max throughput per process 			=     706.90 kB/sec
	Avg throughput per process 			=     639.33 kB/sec
	Min xfer 					=     980.00 kB

	Children see throughput for  4 rewriters 	=    2665.81 kB/sec
	Parent sees throughput for  4 rewriters 	=    2427.44 kB/sec
	Min throughput per process 			=     619.11 kB/sec 
	Max throughput per process 			=     708.87 kB/sec
	Avg throughput per process 			=     666.45 kB/sec
	Min xfer 					=     983.00 kB

	Children see throughput for  4 readers 		=    8514.44 kB/sec
	Parent sees throughput for  4 readers 		=    7103.36 kB/sec
	Min throughput per process 			=    1887.61 kB/sec 
	Max throughput per process 			=    2283.58 kB/sec
	Avg throughput per process 			=    2128.61 kB/sec
	Min xfer 					=     926.00 kB

	Children see throughput for 4 re-readers 	=    8378.49 kB/sec
	Parent sees throughput for 4 re-readers 	=    7313.26 kB/sec
	Min throughput per process 			=    1920.26 kB/sec 
	Max throughput per process 			=    2284.81 kB/sec
	Avg throughput per process 			=    2094.62 kB/sec
	Min xfer 					=     941.00 kB



iozone test complete.
iozone throughput random-read measurements
	Iozone: Performance Test of File I/O
	        Version $Revision: 3.506 $
		Compiled for 64 bit mode.
		Build: linux 

	Contributors:William Norcott, Don Capps, Isom Crawford, Kirby Collins
	             Al Slater, Scott Rhine, Mike Wisner, Ken Goss
	             Steve Landherr, Brad Smith, Mark Kelly, Dr. Alain CYR,
	             Randy Dunlap, Mark Montague, Dan Million, Gavin Brebner,
	             Jean-Marc Zucconi, Jeff Blomberg, Benny Halevy, Dave Boone,
	             Erik Habbinga, Kris Strecker, Walter Wong, Joshua Root,
	             Fabrice Bacchella, Zhenghua Xue, Qin Li, Darren Sawyer,
	             Vangel Bojaxhi, Ben England, Vikentsi Lapa,
	             Alexey Skidanov, Sudhir Kumar.

	Run began: Fri Jan  1 00:03:16 2027

	Record Size 1 kB
	File size set to 1024 kB
	Command line used: ./iozone -t 4 -i 0 -i 2 -r 1k -s 1m
	Output is in kBytes/sec
	Time Resolution = 0.000074 seconds.
	Processor cache size set to 1024 kBytes.
	Processor cache line size set to 32 bytes.
	File stride size set to 17 * record size.
	Throughput test with 4 processes
	Each process writes a 1024 kByte file in 1 kByte records

	Children see throughput for  4 initial writers 	=    2412.81 kB/sec
	Parent sees throughput for  4 initial writers 	=    1917.43 kB/sec
	Min throughput per process 			=     552.44 kB/sec 
	Max throughput per process 			=     671.84 kB/sec
	Avg throughput per process 			=     603.20 kB/sec
	Min xfer 					=     987.00 kB

	Children see throughput for  4 rewriters 	=    2534.33 kB/sec
	Parent sees throughput for  4 rewriters 	=    2299.61 kB/sec
	Min throughput per process 			=     583.96 kB/sec 
	Max throughput per process 			=     673.58 kB/sec
	Avg throughput per process 			=     633.58 kB/sec
	Min xfer 					=     983.00 kB

	Children see throughput for 4 random readers 	=    6084.51 kB/sec
	Parent sees throughput for 4 random readers 	=    5333.28 kB/sec
	Min throughput per process 			=    1436.44 kB/sec 
	Max throughput per process 			=    1583.05 kB/sec
	Avg throughput per process 			=    1521.13 kB/sec
	Min xfer 					=     976.00 kB

	Children see throughput for 4 random writers 	=    2217.15 kB/sec
	Parent sees throughput for 4 random writers 	=    2013.85 kB/sec
	Min throughput per process 			=     518.74 kB/sec 
	Max throughput per process 			=     581.57 kB/sec
	Avg throughput per process 			=     554.29 kB/sec
	Min xfer 					=     989.00 kB



iozone test complete.
iozone throughput read-backwards measurements
	Iozone: Performance Test of File I/O
	        Version $Revision: 3.506 $
		Compiled for 64 bit mode.
		Build: linux 

	Contributors:William Norcott, Don Capps, Isom Crawford, Kirby Collins
	             Al Slater, Scott Rhine, Mike Wisner, Ken Goss
	             Steve Landherr, Brad Smith, Mark Kelly, Dr. Alain CYR,
	             Randy Dunlap, Mark Montague, Dan Million, Gavin Brebner,
	             Jean-Marc Zucconi, Jeff Blomberg, Benny Halevy, Dave Boone,
	             Erik Habbinga, Kris Strecker, Walter Wong, Joshua Root,
	             Fabrice Bacchella, Zhenghua Xue, Qin Li, Darren Sawyer,
	             Vangel Bojaxhi, Ben England, Vikentsi Lapa,
	             Alexey Skidanov, Sudhir Kumar.

	Run began: Fri Jan  1 00:03:42 2027

	Record Size 1 kB
	File size set to 1024 kB
	Command line used: ./iozone -t 4 -i 0 -i 3 -r 1k -s 1m
	Output is in kBytes/sec
	Time Resolution = 0.000075 seconds.
	Processor cache size set to 1024 kBytes.
	Processor cache line size set to 32 bytes.
	File stride size set to 17 * record size.
	Throughput test with 4 processes
	Each process writes a 1024 kByte file in 1 kByte records

	Children see throughput for  4 initial writers 	=    2433.88 kB/sec
	Parent sees throughput for  4 initial writers 	=    1987.77 kB/sec
	Min throughput per process 			=     535.77 kB/sec 
	Max throughput per process 			=     672.24 kB/sec
	Avg throughput per process 			=     608.47 kB/sec
	Min xfer 					=     992.00 kB

	Children see throughput for  4 rewriters 	=    2604.57 kB/sec
	Parent sees throughput for  4 rewriters 	=    2321.43 kB/sec
	Min throughput per process 			=     610.62 kB/sec 
	Max throughput per process 			=     688.68 kB/sec
	Avg throughput per process 			=     651.14 kB/sec
	Min xfer 					=     996.00 kB

	Children see throughput for 4 reverse readers 	=    6105.83 kB/sec
	Parent sees throughput for 4 reverse readers 	=    5528.87 kB/sec
	Min throughput per process 			=    1453.46 kB/sec 
	Max throughput per process 			=    1586.88 kB/sec
	Avg throughput per process 			=    1526.46 kB/sec
	Min xfer 					=     984.00 kB



iozone test complete.
iozone throughput stride-read measurements
	Iozone: Performance Test of File I/O
	        Version $Revision: 3.506 $
		Compiled for 64 bit mode.
		Build: linux 

	Contributors:William Norcott, Don Capps, Isom Crawford, Kirby Collins
	             Al Slater, Scott Rhine, Mike Wisner, Ken Goss
	             Steve Landherr, Brad Smith, Mark Kelly, Dr. Alain CYR,
	             Randy Dunlap, Mark Montague, Dan Million, Gavin Brebner,
	             Jean-Marc Zucconi, Jeff Blomberg, Benny Halevy, Dave Boone,
	             Erik Habbinga, Kris Strecker, Walter Wong, Joshua Root,
	             Fabrice Bacchella, Zhenghua Xue, Qin Li, Darren Sawyer,
	             Vangel Bojaxhi, Ben England, Vikentsi Lapa,
	             Alexey Skidanov, Sudhir Kumar.

	Run began: Fri Jan  1 00:04:03 2027

	Record Size 1 kB
	File size set to 1024 kB
	Command line used: ./iozone -t 4 -i 0 -i 5 -r 1k -s 1m
	Output is in kBytes/sec
	Time Resolution = 0.000075 seconds.
	Processor cache size set to 1024 kBytes.
	Processor cache line size set to 32 bytes.
	File stride size set to 17 * record size.
	Throughput test with 4 processes
	Each process writes a 1024 kByte file in 1 kByte records

	Children see throughput for  4 initial writers 	=    2231.19 kB/sec
	Parent sees throughput for  4 initial writers 	=    1788.75 kB/sec
	Min throughput per process 			=     475.38 kB/sec 
	Max throughput per process 			=     670.82 kB/sec
	Avg throughput per process 			=     557.80 kB/sec
	Min xfer 					=    1002.00 kB

	Children see throughput for  4 rewriters 	=    2519.68 kB/sec
	Parent sees throughput for  4 rewriters 	=    2255.44 kB/sec
	Min throughput per process 			=     590.19 kB/sec 
	Max throughput per process 			=     670.09 kB/sec
	Avg throughput per process 			=     629.92 kB/sec
	Min xfer 					=     989.00 kB

	Children see throughput for 4 stride readers 	=    6130.99 kB/sec
	Parent sees throughput for 4 stride readers 	=    5516.70 kB/sec
	Min throughput per process 			=    1447.55 kB/sec 
	Max throughput per process 			=    1587.58 kB/sec
	Avg throughput per process 			=    1532.75 kB/sec
	Min xfer 					=     992.00 kB



iozone test complete.
iozone throughput fwrite/fread measurements
	Iozone: Performance Test of File I/O
	        Version $Revision: 3.506 $
		Compiled for 64 bit mode.
		Build: linux 

	Contributors:William Norcott, Don Capps, Isom Crawford, Kirby Collins
	             Al Slater, Scott Rhine, Mike Wisner, Ken Goss
	             Steve Landherr, Brad Smith, Mark Kelly, Dr. Alain CYR,
	             Randy Dunlap, Mark Montague, Dan Million, Gavin Brebner,
	             Jean-Marc Zucconi, Jeff Blomberg, Benny Halevy, Dave Boone,
	             Erik Habbinga, Kris Strecker, Walter Wong, Joshua Root,
	             Fabrice Bacchella, Zhenghua Xue, Qin Li, Darren Sawyer,
	             Vangel Bojaxhi, Ben England, Vikentsi Lapa,
	             Alexey Skidanov, Sudhir Kumar.

	Run began: Fri Jan  1 00:04:23 2027

	Record Size 1 kB
	File size set to 1024 kB
	Command line used: ./iozone -t 4 -i 6 -i 7 -r 1k -s 1m
	Output is in kBytes/sec
	Time Resolution = 0.000074 seconds.
	Processor cache size set to 1024 kBytes.
	Processor cache line size set to 32 bytes.
	File stride size set to 17 * record size.
	Throughput test with 4 processes
	Each process writes a 1024 kByte file in 1 kByte records

	Children see throughput for  4 fwriters 	=    2380.92 kB/sec
	Parent sees throughput for  4 fwriters 		=    1955.67 kB/sec
	Min throughput per process 			=     521.77 kB/sec 
	Max throughput per process 			=     670.04 kB/sec
	Avg throughput per process 			=     595.23 kB/sec
	Min xfer 					=    1024.00 kB

	Children see throughput for  4 freaders 	=    5911.77 kB/sec
	Parent sees throughput for  4 freaders 		=    5574.71 kB/sec
	Min throughput per process 			=    1467.58 kB/sec 
	Max throughput per process 			=    1488.68 kB/sec
	Avg throughput per process 			=    1477.94 kB/sec
	Min xfer 					=    1024.00 kB



iozone test complete.
iozone throughput pwrite/pread measurements
	Iozone: Performance Test of File I/O
	        Version $Revision: 3.506 $
		Compiled for 64 bit mode.
		Build: linux 

	Contributors:William Norcott, Don Capps, Isom Crawford, Kirby Collins
	             Al Slater, Scott Rhine, Mike Wisner, Ken Goss
	             Steve Landherr, Brad Smith, Mark Kelly, Dr. Alain CYR,
	             Randy Dunlap, Mark Montague, Dan Million, Gavin Brebner,
	             Jean-Marc Zucconi, Jeff Blomberg, Benny Halevy, Dave Boone,
	             Erik Habbinga, Kris Strecker, Walter Wong, Joshua Root,
	             Fabrice Bacchella, Zhenghua Xue, Qin Li, Darren Sawyer,
	             Vangel Bojaxhi, Ben England, Vikentsi Lapa,
	             Alexey Skidanov, Sudhir Kumar.

	Run began: Fri Jan  1 00:04:38 2027

	Record Size 1 kB
	File size set to 1024 kB
	Command line used: ./iozone -t 4 -i 9 -i 10 -r 1k -s 1m
	Output is in kBytes/sec
	Time Resolution = 0.000075 seconds.
	Processor cache size set to 1024 kBytes.
	Processor cache line size set to 32 bytes.
	File stride size set to 17 * record size.
	Throughput test with 4 processes
	Each process writes a 1024 kByte file in 1 kByte records

	Children see throughput for 4 pwrite writers 	=    2406.19 kB/sec
	Parent sees throughput for 4 pwrite writers 	=    1718.87 kB/sec
	Min throughput per process 			=     524.86 kB/sec 
	Max throughput per process 			=     688.68 kB/sec
	Avg throughput per process 			=     601.55 kB/sec
	Min xfer 					=     977.00 kB

	Children see throughput for 4 pread readers 	=    8922.15 kB/sec
	Parent sees throughput for 4 pread readers 	=    7797.98 kB/sec
	Min throughput per process 			=    2070.21 kB/sec 
	Max throughput per process 			=    2311.57 kB/sec
	Avg throughput per process 			=    2230.54 kB/sec
	Min xfer 					=     998.00 kB



iozone test complete.
iozone throughtput pwritev/preadv measurements
	Iozone: Performance Test of File I/O
	        Version $Revision: 3.506 $
		Compiled for 64 bit mode.
		Build: linux 

	Contributors:William Norcott, Don Capps, Isom Crawford, Kirby Collins
	             Al Slater, Scott Rhine, Mike Wisner, Ken Goss
	             Steve Landherr, Brad Smith, Mark Kelly, Dr. Alain CYR,
	             Randy Dunlap, Mark Montague, Dan Million, Gavin Brebner,
	             Jean-Marc Zucconi, Jeff Blomberg, Benny Halevy, Dave Boone,
	             Erik Habbinga, Kris Strecker, Walter Wong, Joshua Root,
	             Fabrice Bacchella, Zhenghua Xue, Qin Li, Darren Sawyer,
	             Vangel Bojaxhi, Ben England, Vikentsi Lapa,
	             Alexey Skidanov, Sudhir Kumar.

	Run began: Fri Jan  1 00:04:57 2027

	Selected test not available on the version.
	Record Size 1 kB
	File size set to 1024 kB
	Command line used: ./iozone -t 4 -i 11 -i 12 -r 1k -s 1m
	Output is in kBytes/sec
	Time Resolution = 0.000075 seconds.
	Processor cache size set to 1024 kBytes.
	Processor cache line size set to 32 bytes.
	File stride size set to 17 * record size.
	Throughput test with 4 processes
	Each process writes a 1024 kByte file in 1 kByte records

	Children see throughput for  4 initial writers 	=    2309.43 kB/sec
	Parent sees throughput for  4 initial writers 	=    1749.12 kB/sec
	Min throughput per process 			=     485.96 kB/sec 
	Max throughput per process 			=     669.82 kB/sec
	Avg throughput per process 			=     577.36 kB/sec
	Min xfer 					=     980.00 kB

	Children see throughput for  4 rewriters 	=    2771.39 kB/sec
	Parent sees throughput for  4 rewriters 	=    2524.30 kB/sec
	Min throughput per process 			=     651.14 kB/sec 
	Max throughput per process 			=     729.46 kB/sec
	Avg throughput per process 			=     692.85 kB/sec
	Min xfer 					=    1006.00 kB



iozone test complete.
#### OS COMP TEST GROUP END iozone-musl ####
#### OS COMP TEST GROUP END iozone-musl ####
[initproc] done iozone_testcode.sh in /musl exit_code=0
#### OS COMP TEST GROUP START iozone-glibc ####
#### OS COMP TEST GROUP START iozone-glibc ####
iozone automatic measurements
	Iozone: Performance Test of File I/O
	        Version $Revision: 3.506 $
		Compiled for 64 bit mode.
		Build: linux 

	Contributors:William Norcott, Don Capps, Isom Crawford, Kirby Collins
	             Al Slater, Scott Rhine, Mike Wisner, Ken Goss
	             Steve Landherr, Brad Smith, Mark Kelly, Dr. Alain CYR,
	             Randy Dunlap, Mark Montague, Dan Million, Gavin Brebner,
	             Jean-Marc Zucconi, Jeff Blomberg, Benny Halevy, Dave Boone,
	             Erik Habbinga, Kris Strecker, Walter Wong, Joshua Root,
	             Fabrice Bacchella, Zhenghua Xue, Qin Li, Darren Sawyer,
	             Vangel Bojaxhi, Ben England, Vikentsi Lapa,
	             Alexey Skidanov, Sudhir Kumar.

	Run began: Fri Jan  1 00:05:13 2027

	Auto Mode
	Record Size 1 kB
	File size set to 4096 kB
	Command line used: ./iozone -a -r 1k -s 4m
	Output is in kBytes/sec
	Time Resolution = 0.000077 seconds.
	Processor cache size set to 1024 kBytes.
	Processor cache line size set to 32 bytes.
	File stride size set to 17 * record size.
                                                                    random    random      bkwd     record     stride                                        
              kB  reclen    write    rewrite      read    reread      read     write      read    rewrite       read    fwrite  frewrite     fread   freread
            4096       1      2602      2553      7862      8000      5918      2281      5917       2286       5986      2517      2573      7797      7796

iozone test complete.
iozone throughput write/read measurements
	Iozone: Performance Test of File I/O
	        Version $Revision: 3.506 $
		Compiled for 64 bit mode.
		Build: linux 

	Contributors:William Norcott, Don Capps, Isom Crawford, Kirby Collins
	             Al Slater, Scott Rhine, Mike Wisner, Ken Goss
	             Steve Landherr, Brad Smith, Mark Kelly, Dr. Alain CYR,
	             Randy Dunlap, Mark Montague, Dan Million, Gavin Brebner,
	             Jean-Marc Zucconi, Jeff Blomberg, Benny Halevy, Dave Boone,
	             Erik Habbinga, Kris Strecker, Walter Wong, Joshua Root,
	             Fabrice Bacchella, Zhenghua Xue, Qin Li, Darren Sawyer,
	             Vangel Bojaxhi, Ben England, Vikentsi Lapa,
	             Alexey Skidanov, Sudhir Kumar.

	Run began: Fri Jan  1 00:05:33 2027

	Record Size 1 kB
	File size set to 1024 kB
	Command line used: ./iozone -t 4 -i 0 -i 1 -r 1k -s 1m
	Output is in kBytes/sec
	Time Resolution = 0.000076 seconds.
	Processor cache size set to 1024 kBytes.
	Processor cache line size set to 32 bytes.
	File stride size set to 17 * record size.
	Throughput test with 4 processes
	Each process writes a 1024 kByte file in 1 kByte records

	Children see throughput for  4 initial writers 	=    2380.51 kB/sec
	Parent sees throughput for  4 initial writers 	=    1814.43 kB/sec
	Min throughput per process 			=     528.59 kB/sec 
	Max throughput per process 			=     687.59 kB/sec
	Avg throughput per process 			=     595.13 kB/sec
	Min xfer 					=     978.00 kB

	Children see throughput for  4 rewriters 	=    2646.63 kB/sec
	Parent sees throughput for  4 rewriters 	=    2403.83 kB/sec
	Min throughput per process 			=     615.64 kB/sec 
	Max throughput per process 			=     707.24 kB/sec
	Avg throughput per process 			=     661.66 kB/sec
	Min xfer 					=     984.00 kB

	Children see throughput for  4 readers 		=    6860.97 kB/sec
	Parent sees throughput for  4 readers 		=    5301.75 kB/sec
	Min throughput per process 			=    1366.78 kB/sec 
	Max throughput per process 			=    2282.69 kB/sec
	Avg throughput per process 			=    1715.24 kB/sec
	Min xfer 					=     937.00 kB

	Children see throughput for 4 re-readers 	=    4882.87 kB/sec
	Parent sees throughput for 4 re-readers 	=    2623.74 kB/sec
	Min throughput per process 			=     725.05 kB/sec 
	Max throughput per process 			=    2286.12 kB/sec
	Avg throughput per process 			=    1220.72 kB/sec
	Min xfer 					=     948.00 kB



iozone test complete.
iozone throughput random-read measurements
	Iozone: Performance Test of File I/O
	        Version $Revision: 3.506 $
		Compiled for 64 bit mode.
		Build: linux 

	Contributors:William Norcott, Don Capps, Isom Crawford, Kirby Collins
	             Al Slater, Scott Rhine, Mike Wisner, Ken Goss
	             Steve Landherr, Brad Smith, Mark Kelly, Dr. Alain CYR,
	             Randy Dunlap, Mark Montague, Dan Million, Gavin Brebner,
	             Jean-Marc Zucconi, Jeff Blomberg, Benny Halevy, Dave Boone,
	             Erik Habbinga, Kris Strecker, Walter Wong, Joshua Root,
	             Fabrice Bacchella, Zhenghua Xue, Qin Li, Darren Sawyer,
	             Vangel Bojaxhi, Ben England, Vikentsi Lapa,
	             Alexey Skidanov, Sudhir Kumar.

	Run began: Fri Jan  1 00:05:58 2027

	Record Size 1 kB
	File size set to 1024 kB
	Command line used: ./iozone -t 4 -i 0 -i 2 -r 1k -s 1m
	Output is in kBytes/sec
	Time Resolution = 0.000077 seconds.
	Processor cache size set to 1024 kBytes.
	Processor cache line size set to 32 bytes.
	File stride size set to 17 * record size.
	Throughput test with 4 processes
	Each process writes a 1024 kByte file in 1 kByte records

	Children see throughput for  4 initial writers 	=    2252.83 kB/sec
	Parent sees throughput for  4 initial writers 	=    1734.31 kB/sec
	Min throughput per process 			=     472.19 kB/sec 
	Max throughput per process 			=     673.66 kB/sec
	Avg throughput per process 			=     563.21 kB/sec
	Min xfer 					=    1012.00 kB

	Children see throughput for  4 rewriters 	=    2566.11 kB/sec
	Parent sees throughput for  4 rewriters 	=    2322.55 kB/sec
	Min throughput per process 			=     599.11 kB/sec 
	Max throughput per process 			=     688.02 kB/sec
	Avg throughput per process 			=     641.53 kB/sec
	Min xfer 					=     978.00 kB

	Children see throughput for 4 random readers 	=    6108.48 kB/sec
	Parent sees throughput for 4 random readers 	=    5544.66 kB/sec
	Min throughput per process 			=    1465.31 kB/sec 
	Max throughput per process 			=    1590.23 kB/sec
	Avg throughput per process 			=    1527.12 kB/sec
	Min xfer 					=     996.00 kB

	Children see throughput for 4 random writers 	=    2312.95 kB/sec
	Parent sees throughput for 4 random writers 	=    2076.48 kB/sec
	Min throughput per process 			=     543.01 kB/sec 
	Max throughput per process 			=     607.22 kB/sec
	Avg throughput per process 			=     578.24 kB/sec
	Min xfer 					=     993.00 kB



iozone test complete.
iozone throughput read-backwards measurements
	Iozone: Performance Test of File I/O
	        Version $Revision: 3.506 $
		Compiled for 64 bit mode.
		Build: linux 

	Contributors:William Norcott, Don Capps, Isom Crawford, Kirby Collins
	             Al Slater, Scott Rhine, Mike Wisner, Ken Goss
	             Steve Landherr, Brad Smith, Mark Kelly, Dr. Alain CYR,
	             Randy Dunlap, Mark Montague, Dan Million, Gavin Brebner,
	             Jean-Marc Zucconi, Jeff Blomberg, Benny Halevy, Dave Boone,
	             Erik Habbinga, Kris Strecker, Walter Wong, Joshua Root,
	             Fabrice Bacchella, Zhenghua Xue, Qin Li, Darren Sawyer,
	             Vangel Bojaxhi, Ben England, Vikentsi Lapa,
	             Alexey Skidanov, Sudhir Kumar.

	Run began: Fri Jan  1 00:06:27 2027

	Record Size 1 kB
	File size set to 1024 kB
	Command line used: ./iozone -t 4 -i 0 -i 3 -r 1k -s 1m
	Output is in kBytes/sec
	Time Resolution = 0.000077 seconds.
	Processor cache size set to 1024 kBytes.
	Processor cache line size set to 32 bytes.
	File stride size set to 17 * record size.
	Throughput test with 4 processes
	Each process writes a 1024 kByte file in 1 kByte records

	Children see throughput for  4 initial writers 	=    2606.80 kB/sec
	Parent sees throughput for  4 initial writers 	=    1848.56 kB/sec
	Min throughput per process 			=     607.82 kB/sec 
	Max throughput per process 			=     687.41 kB/sec
	Avg throughput per process 			=     651.70 kB/sec
	Min xfer 					=     969.00 kB

	Children see throughput for  4 rewriters 	=    2510.01 kB/sec
	Parent sees throughput for  4 rewriters 	=    2275.33 kB/sec
	Min throughput per process 			=     572.91 kB/sec 
	Max throughput per process 			=     670.66 kB/sec
	Avg throughput per process 			=     627.50 kB/sec
	Min xfer 					=     972.00 kB

	Children see throughput for 4 reverse readers 	=    6216.62 kB/sec
	Parent sees throughput for 4 reverse readers 	=    5600.91 kB/sec
	Min throughput per process 			=    1468.10 kB/sec 
	Max throughput per process 			=    1595.10 kB/sec
	Avg throughput per process 			=    1554.16 kB/sec
	Min xfer 					=    1004.00 kB



iozone test complete.
iozone throughput stride-read measurements
	Iozone: Performance Test of File I/O
	        Version $Revision: 3.506 $
		Compiled for 64 bit mode.
		Build: linux 

	Contributors:William Norcott, Don Capps, Isom Crawford, Kirby Collins
	             Al Slater, Scott Rhine, Mike Wisner, Ken Goss
	             Steve Landherr, Brad Smith, Mark Kelly, Dr. Alain CYR,
	             Randy Dunlap, Mark Montague, Dan Million, Gavin Brebner,
	             Jean-Marc Zucconi, Jeff Blomberg, Benny Halevy, Dave Boone,
	             Erik Habbinga, Kris Strecker, Walter Wong, Joshua Root,
	             Fabrice Bacchella, Zhenghua Xue, Qin Li, Darren Sawyer,
	             Vangel Bojaxhi, Ben England, Vikentsi Lapa,
	             Alexey Skidanov, Sudhir Kumar.

	Run began: Fri Jan  1 00:06:50 2027

	Record Size 1 kB
	File size set to 1024 kB
	Command line used: ./iozone -t 4 -i 0 -i 5 -r 1k -s 1m
	Output is in kBytes/sec
	Time Resolution = 0.000076 seconds.
	Processor cache size set to 1024 kBytes.
	Processor cache line size set to 32 bytes.
	File stride size set to 17 * record size.
	Throughput test with 4 processes
	Each process writes a 1024 kByte file in 1 kByte records

	Children see throughput for  4 initial writers 	=    2677.69 kB/sec
	Parent sees throughput for  4 initial writers 	=    1463.80 kB/sec
	Min throughput per process 			=     650.26 kB/sec 
	Max throughput per process 			=     687.48 kB/sec
	Avg throughput per process 			=     669.42 kB/sec
	Min xfer 					=     987.00 kB

	Children see throughput for  4 rewriters 	=    2584.83 kB/sec
	Parent sees throughput for  4 rewriters 	=    2364.40 kB/sec
	Min throughput per process 			=     606.84 kB/sec 
	Max throughput per process 			=     688.33 kB/sec
	Avg throughput per process 			=     646.21 kB/sec
	Min xfer 					=     988.00 kB

	Children see throughput for 4 stride readers 	=    6247.60 kB/sec
	Parent sees throughput for 4 stride readers 	=    5686.85 kB/sec
	Min throughput per process 			=    1453.83 kB/sec 
	Max throughput per process 			=    1680.31 kB/sec
	Avg throughput per process 			=    1561.90 kB/sec
	Min xfer 					=     953.00 kB



iozone test complete.
iozone throughput fwrite/fread measurements
	Iozone: Performance Test of File I/O
	        Version $Revision: 3.506 $
		Compiled for 64 bit mode.
		Build: linux 

	Contributors:William Norcott, Don Capps, Isom Crawford, Kirby Collins
	             Al Slater, Scott Rhine, Mike Wisner, Ken Goss
	             Steve Landherr, Brad Smith, Mark Kelly, Dr. Alain CYR,
	             Randy Dunlap, Mark Montague, Dan Million, Gavin Brebner,
	             Jean-Marc Zucconi, Jeff Blomberg, Benny Halevy, Dave Boone,
	             Erik Habbinga, Kris Strecker, Walter Wong, Joshua Root,
	             Fabrice Bacchella, Zhenghua Xue, Qin Li, Darren Sawyer,
	             Vangel Bojaxhi, Ben England, Vikentsi Lapa,
	             Alexey Skidanov, Sudhir Kumar.

	Run began: Fri Jan  1 00:07:13 2027

	Record Size 1 kB
	File size set to 1024 kB
	Command line used: ./iozone -t 4 -i 6 -i 7 -r 1k -s 1m
	Output is in kBytes/sec
	Time Resolution = 0.000076 seconds.
	Processor cache size set to 1024 kBytes.
	Processor cache line size set to 32 bytes.
	File stride size set to 17 * record size.
	Throughput test with 4 processes
	Each process writes a 1024 kByte file in 1 kByte records

	Children see throughput for  4 fwriters 	=    2273.00 kB/sec
	Parent sees throughput for  4 fwriters 		=    1713.92 kB/sec
	Min throughput per process 			=     480.20 kB/sec 
	Max throughput per process 			=     670.80 kB/sec
	Avg throughput per process 			=     568.25 kB/sec
	Min xfer 					=    1024.00 kB

	Children see throughput for  4 freaders 	=    8171.93 kB/sec
	Parent sees throughput for  4 freaders 		=    7468.91 kB/sec
	Min throughput per process 			=    1960.69 kB/sec 
	Max throughput per process 			=    2107.51 kB/sec
	Avg throughput per process 			=    2042.98 kB/sec
	Min xfer 					=    1024.00 kB



iozone test complete.
iozone throughput pwrite/pread measurements
	Iozone: Performance Test of File I/O
	        Version $Revision: 3.506 $
		Compiled for 64 bit mode.
		Build: linux 

	Contributors:William Norcott, Don Capps, Isom Crawford, Kirby Collins
	             Al Slater, Scott Rhine, Mike Wisner, Ken Goss
	             Steve Landherr, Brad Smith, Mark Kelly, Dr. Alain CYR,
	             Randy Dunlap, Mark Montague, Dan Million, Gavin Brebner,
	             Jean-Marc Zucconi, Jeff Blomberg, Benny Halevy, Dave Boone,
	             Erik Habbinga, Kris Strecker, Walter Wong, Joshua Root,
	             Fabrice Bacchella, Zhenghua Xue, Qin Li, Darren Sawyer,
	             Vangel Bojaxhi, Ben England, Vikentsi Lapa,
	             Alexey Skidanov, Sudhir Kumar.

	Run began: Fri Jan  1 00:07:30 2027

	Record Size 1 kB
	File size set to 1024 kB
	Command line used: ./iozone -t 4 -i 9 -i 10 -r 1k -s 1m
	Output is in kBytes/sec
	Time Resolution = 0.000077 seconds.
	Processor cache size set to 1024 kBytes.
	Processor cache line size set to 32 bytes.
	File stride size set to 17 * record size.
	Throughput test with 4 processes
	Each process writes a 1024 kByte file in 1 kByte records

	Children see throughput for 4 pwrite writers 	=    2327.50 kB/sec
	Parent sees throughput for 4 pwrite writers 	=    1764.45 kB/sec
	Min throughput per process 			=     479.10 kB/sec 
	Max throughput per process 			=     689.96 kB/sec
	Avg throughput per process 			=     581.88 kB/sec
	Min xfer 					=     997.00 kB

	Children see throughput for 4 pread readers 	=    8784.05 kB/sec
	Parent sees throughput for 4 pread readers 	=    7722.07 kB/sec
	Min throughput per process 			=    2070.61 kB/sec 
	Max throughput per process 			=    2317.53 kB/sec
	Avg throughput per process 			=    2196.01 kB/sec
	Min xfer 					=     942.00 kB



iozone test complete.
iozone throughtput pwritev/preadv measurements
	Iozone: Performance Test of File I/O
	        Version $Revision: 3.506 $
		Compiled for 64 bit mode.
		Build: linux 

	Contributors:William Norcott, Don Capps, Isom Crawford, Kirby Collins
	             Al Slater, Scott Rhine, Mike Wisner, Ken Goss
	             Steve Landherr, Brad Smith, Mark Kelly, Dr. Alain CYR,
	             Randy Dunlap, Mark Montague, Dan Million, Gavin Brebner,
	             Jean-Marc Zucconi, Jeff Blomberg, Benny Halevy, Dave Boone,
	             Erik Habbinga, Kris Strecker, Walter Wong, Joshua Root,
	             Fabrice Bacchella, Zhenghua Xue, Qin Li, Darren Sawyer,
	             Vangel Bojaxhi, Ben England, Vikentsi Lapa,
	             Alexey Skidanov, Sudhir Kumar.

	Run began: Fri Jan  1 00:07:51 2027

	Selected test not available on the version.
	Record Size 1 kB
	File size set to 1024 kB
	Command line used: ./iozone -t 4 -i 11 -i 12 -r 1k -s 1m
	Output is in kBytes/sec
	Time Resolution = 0.000077 seconds.
	Processor cache size set to 1024 kBytes.
	Processor cache line size set to 32 bytes.
	File stride size set to 17 * record size.
	Throughput test with 4 processes
	Each process writes a 1024 kByte file in 1 kByte records

	Children see throughput for  4 initial writers 	=    2235.13 kB/sec
	Parent sees throughput for  4 initial writers 	=    1676.97 kB/sec
	Min throughput per process 			=     470.31 kB/sec 
	Max throughput per process 			=     654.12 kB/sec
	Avg throughput per process 			=     558.78 kB/sec
	Min xfer 					=     992.00 kB

	Children see throughput for  4 rewriters 	=    2514.46 kB/sec
	Parent sees throughput for  4 rewriters 	=    2295.74 kB/sec
	Min throughput per process 			=     590.33 kB/sec 
	Max throughput per process 			=     669.93 kB/sec
	Avg throughput per process 			=     628.62 kB/sec
	Min xfer 					=     986.00 kB



iozone test complete.
#### OS COMP TEST GROUP END iozone-glibc ####
#### OS COMP TEST GROUP END iozone-glibc ####
[initproc] done iozone_testcode.sh in /glibc exit_code=0
[initproc] skip libcbench (mask bit7 not set)
[initproc] skip netperf (mask bit9 not set)
[initproc] skip iperf (mask bit6 not set)
[initproc] skip libctest (mask bit3 not set)
[initproc] skip cyclictest (mask bit10 not set)
[initproc] skip ltp (mask bit11 not set)
[initproc] skip cpython (mask bit12 not set)
[initproc] skip unixbench (mask bit5 not set)
[initproc] run_selected_groups done
