Rust toolchain preflight passed: nightly-2026-05-10
[kernel] UART address: 0x1fe001e0
[bootstrap_init] address bits: hardware VALEN=48 PALEN=48, build VALEN=48 PALEN=48
[bootstrap_init] PRCfg1 { SAVE reg. number: 8, Timer bits: 48, max vector entry spacing: 7 }
[firmware] Using static memory configuration (no DTB or FDT parse failed)
[kernel] logger inited, level= Off
[kernel] Boot protocol: LoongArchLegacy, hart_id=1, dtb_paddr=0x0
[kernel] Console initialized.
[memory] 127689 usable physical frames across 1 region(s)
[memory] region0: [0x90d37000, 0xb0000000) frames=127689
.text [0x80000000, 0x802d4000)
.rodata [0x802d4000, 0x802f4000)
.data [0x80349000, 0x80c25000)
.bss [0x80c25000, 0x90d37000)
mapping .text section
mapping .rodata section
mapping .data section
mapping .bss section
mapping physical memory region
mapping memory-mapped registers
[kernel] Hello, world!
[get_timer_freq_first_time] clk freq: 100000000(from CPUCFG)
[machine_init] address bits: hardware VALEN=48 PALEN=48, build VALEN=48 PALEN=48
[CPUCFG 0x0] 1359888
[CPUCFG 0x1] 66253566
[CPUCFG 0x2] 6340815
[CPUCFG 0x3] 0
[CPUCFG 0x4] 100000000
[CPUCFG 0x5] 65537
[CPUCFG 0x6] 0
[CPUCFG 0x10] 11325
[CPUCFG 0x11] 101187587
[CPUCFG 0x12] 101187587
[CPUCFG 0x13] 101187599
[CPUCFG 0x14] 101580815
Misc { 32-bit addr plv(1,2,3):: false,false,false, rdtime allowed for plv(1,2,3):: false,false,false, Disable dirty bit check for plv(0,1,2):: false,false,false, Misalignment check for plv(0,1,2,4):: false,false,false,false }
RVACfg { rbits: 0 }
[machine_init] MMAP_BASE: 0xffffff8000000000
[PCI] ECAM base: 0x20000000
[PCI] Device DeviceFunction { bus: 0, device: 0, function: 0 }: vendor=0x1b36 device=0x8
[PCI] Device DeviceFunction { bus: 0, device: 1, function: 0 }: vendor=0x1af4 device=0x1001
[PCI] VirtIO device: Block
[PCI] Device DeviceFunction { bus: 0, device: 2, function: 0 }: vendor=0x1af4 device=0x1001
[PCI] VirtIO device: Block
[PCI] Device DeviceFunction { bus: 0, device: 3, function: 0 }: vendor=0x1af4 device=0x1000
[PCI] VirtIO device: Network
[kernel] PRNG init warning: Entropy(DeviceUnavailable)
[memory] reclaimed linker frames: [0x80349000, 0x80c0f000) frames=2246
[initramfs] unpacked: files=39 dirs=23 symlinks=1 bytes=9192669
[initramfs] VFS_ROOT initialized (ramfs + cpio unpack + dev/proc/tmp)
[PCI] ECAM base: 0x20000000
[PCI] Device DeviceFunction { bus: 0, device: 0, function: 0 }: vendor=0x1b36 device=0x8
[PCI] Device DeviceFunction { bus: 0, device: 1, function: 0 }: vendor=0x1af4 device=0x1001
[PCI] VirtIO device: Block
[PCI] Device DeviceFunction { bus: 0, device: 2, function: 0 }: vendor=0x1af4 device=0x1001
[PCI] VirtIO device: Block
[PCI] Device DeviceFunction { bus: 0, device: 3, function: 0 }: vendor=0x1af4 device=0x1000
[PCI] VirtIO device: Network
[PCI] Configuring BARs...
[PCI] BAR1: Width32, addr=0x0, size=0x1000
[PCI] BAR4: Width64, addr=0x0, size=0x4000
[PCI] BAR4 is 64-bit
[PCI] Device enabled.
[PCI] ECAM base: 0x20000000
[PCI] Device DeviceFunction { bus: 0, device: 0, function: 0 }: vendor=0x1b36 device=0x8
[PCI] Device DeviceFunction { bus: 0, device: 1, function: 0 }: vendor=0x1af4 device=0x1001
[PCI] VirtIO device: Block
[PCI] Configuring BARs...
[PCI] BAR1: Width32, addr=0x0, size=0x1000
[PCI] BAR4: Width64, addr=0x0, size=0x4000
[PCI] BAR4 is 64-bit
[PCI] Device enabled.
[PCI] Device DeviceFunction { bus: 0, device: 2, function: 0 }: vendor=0x1af4 device=0x1001
[PCI] VirtIO device: Block
[PCI] Configuring BARs...
[PCI] BAR1: Width32, addr=0x0, size=0x1000
[PCI] BAR4: Width64, addr=0x0, size=0x4000
[PCI] BAR4 is 64-bit
[PCI] Device enabled.
[PCI] Device DeviceFunction { bus: 0, device: 3, function: 0 }: vendor=0x1af4 device=0x1000
[PCI] VirtIO device: Network
[kernel] block device 0: official fs (DeviceFunction { bus: 0, device: 1, function: 0 })
[kernel] block device 1: tools disk (DeviceFunction { bus: 0, device: 2, function: 0 })
[mbr] registered /dev/vdb1 (type=0x83, size=2048M)
[mbr] registered /dev/vdb2 (type=0xc, size=1280M)
[ext4] backend: another_ext4
[kernel] root device mounted at sdcard
[mbr] registered /dev/vdb1 (type=0x83, size=2048M)
[mbr] registered /dev/vdb2 (type=0xc, size=1280M)
[ext4] backend: another_ext4
[kernel] tools disk (vdb1) mounted at tools
[kernel] net interface initialized (RoutingDevice: lo + eth)
[init] pseudo-fs mount framework ready
[init] /tmp is bind-mounted from ext4 /sdcard/tmp
[init] /etc is bind-mounted from tools disk
[init] bind mount /tools/bin -> /bin
[init] bind mount /tools/sbin -> /sbin
[init] bind mount /tools/lib -> /lib
[init] bind mount /tools/usr -> /usr
[init] bind mount /tools/root -> /root: skipped (errno=2)
[init] PID1 profile=normal runner=/test-runner
[test-runner] synchronizing clock
[initproc] config source=/sdcard/os_test.conf mode=run mask=0x110 timer_smoke=false skip_apk=true
[initproc] ensuring base directories...
[initproc] runtime layout ready
[initproc] linking musl/glibc libs to /lib ...
[initproc] lib linking done, exit=0
[initproc] prepare lmbench compatibility ...
[initproc] lmbench compatibility done, exit=0
[initproc] install libgcc_s: already exists, skipping
[initproc] skip_apk=true: skipping install_apk_packages
[initproc] run_selected_groups start mask=0x110
[initproc] skip basic (mask bit0 not set)
[initproc] skip busybox (mask bit1 not set)
[initproc] skip lua (mask bit2 not set)
#### OS COMP TEST GROUP START lmbench-musl ####
#### OS COMP TEST GROUP START lmbench-musl ####
latency measurements
Simple syscall: 4.6088 microseconds
Simple read: 46.4957 microseconds
Simple write: 5.0082 microseconds
Simple stat: 136.6977 microseconds
Simple fstat: 60.1489 microseconds
Simple open/close: 74.7143 microseconds
Select on 100 fd's: 155.1053 microseconds
Signal handler installation: 49.3564 microseconds
Signal handler overhead: 142.3250 microseconds
Protection fault: 1.8250 microseconds
Pipe latency: 461.2015 microseconds
Process fork+exit: 6143.0000 microseconds
Process fork+execve: 6582.0000 microseconds
Process fork+/bin/sh -c: 1141651.0000 microseconds
File /var/tmp/XXX write bandwidth:4476 KB/sec
Pagefaults on /var/tmp/XXX: 76.0352 microseconds
0.524288 408
file system latency
0k	30	5382	4771
1k	23	4467	4327
4k	20	3823	4351
10k	14	2566	4332
Bandwidth measurements
Pipe bandwidth: 33.49 MB/sec
0.524288 58.82
0.524288 57.81
0.524288 3340.53
0.524288 55.36
context switch overhead

"size=32k ovr=101.02
2 187.23
4 183.28
8 186.69
16 185.01
24 188.23
32 190.01
64 187.31
96 192.80
#### OS COMP TEST GROUP END lmbench-musl ####
#### OS COMP TEST GROUP END lmbench-musl ####
[initproc] done lmbench_testcode.sh in /musl exit_code=0
#### OS COMP TEST GROUP START lmbench-glibc ####
#### OS COMP TEST GROUP START lmbench-glibc ####
latency measurements
Simple syscall: 4.6165 microseconds
Simple read: 45.7480 microseconds
Simple write: 4.7860 microseconds
Simple stat: 140.8095 microseconds
Simple fstat: 61.2258 microseconds
Simple open/close: 77.7671 microseconds
Select on 100 fd's: 150.3846 microseconds
Signal handler installation: 52.3269 microseconds
Signal handler overhead: 134.8293 microseconds
Protection fault: 9.3902 microseconds
Pipe latency: 463.8760 microseconds
Process fork+exit: 9869.0000 microseconds
Process fork+execve: 16188.0000 microseconds
Process fork+/bin/sh -c: 1150021.0000 microseconds
File /var/tmp/XXX write bandwidth:55150 KB/sec
Pagefaults on /var/tmp/XXX: 76.1211 microseconds
0.524288 411
file system latency
0k	29	5330	4380
1k	23	4050	4691
4k	22	3571	4292
10k	15	2568	4300
Bandwidth measurements
Pipe bandwidth: 33.75 MB/sec
0.524288 54.53
0.524288 54.15
0.524288 3327.70
0.524288 54.86
context switch overhead

"size=32k ovr=105.45
2 166.95
4 173.80
8 175.30
16 172.20
24 173.13
32 176.11
64 169.89
96 174.49
#### OS COMP TEST GROUP END lmbench-glibc ####
#### OS COMP TEST GROUP END lmbench-glibc ####
[initproc] done lmbench_testcode.sh in /glibc exit_code=0
#### OS COMP TEST GROUP START iozone-musl ####
#### OS COMP TEST GROUP START iozone-musl ####
iozone automatic measurements
	Iozone: Performance Test of File I/O
	        Version $Revision: 3.506 $
		Compiled for 64 bit mode.
		Build: linux 

	Contributors:William Norcott, Don Capps, Isom Crawford, Kirby Collins
	             Al Slater, Scott Rhine, Mike Wisner, Ken Goss
	             Steve Landherr, Brad Smith, Mark Kelly, Dr. Alain CYR,
	             Randy Dunlap, Mark Montague, Dan Million, Gavin Brebner,
	             Jean-Marc Zucconi, Jeff Blomberg, Benny Halevy, Dave Boone,
	             Erik Habbinga, Kris Strecker, Walter Wong, Joshua Root,
	             Fabrice Bacchella, Zhenghua Xue, Qin Li, Darren Sawyer,
	             Vangel Bojaxhi, Ben England, Vikentsi Lapa,
	             Alexey Skidanov, Sudhir Kumar.

	Run began: Fri Jan  1 00:03:11 2027

	Auto Mode
	Record Size 1 kB
	File size set to 4096 kB
	Command line used: ./iozone -a -r 1k -s 4m
	Output is in kBytes/sec
	Time Resolution = 0.000053 seconds.
	Processor cache size set to 1024 kBytes.
	Processor cache line size set to 32 bytes.
	File stride size set to 17 * record size.
                                                                    random    random      bkwd     record     stride                                        
              kB  reclen    write    rewrite      read    reread      read     write      read    rewrite       read    fwrite  frewrite     fread   freread
            4096       1fsync: Argument list too long

iozone: interrupted

exiting iozone

iozone throughput write/read measurements
	Iozone: Performance Test of File I/O
	        Version $Revision: 3.506 $
		Compiled for 64 bit mode.
		Build: linux 

	Contributors:William Norcott, Don Capps, Isom Crawford, Kirby Collins
	             Al Slater, Scott Rhine, Mike Wisner, Ken Goss
	             Steve Landherr, Brad Smith, Mark Kelly, Dr. Alain CYR,
	             Randy Dunlap, Mark Montague, Dan Million, Gavin Brebner,
	             Jean-Marc Zucconi, Jeff Blomberg, Benny Halevy, Dave Boone,
	             Erik Habbinga, Kris Strecker, Walter Wong, Joshua Root,
	             Fabrice Bacchella, Zhenghua Xue, Qin Li, Darren Sawyer,
	             Vangel Bojaxhi, Ben England, Vikentsi Lapa,
	             Alexey Skidanov, Sudhir Kumar.

	Run began: Fri Jan  1 00:03:17 2027

	Record Size 1 kB
	File size set to 1024 kB
	Command line used: ./iozone -t 4 -i 0 -i 1 -r 1k -s 1m
	Output is in kBytes/sec
	Time Resolution = 0.000045 seconds.
	Processor cache size set to 1024 kBytes.
	Processor cache line size set to 32 bytes.
	File stride size set to 17 * record size.
	Throughput test with 4 processes
	Each process writes a 1024 kByte file in 1 kByte records

	Children see throughput for  4 initial writers 	=    1789.35 kB/sec
	Parent sees throughput for  4 initial writers 	=    1384.31 kB/sec
	Min throughput per process 			=     407.08 kB/sec 
	Max throughput per process 			=     507.97 kB/sec
	Avg throughput per process 			=     447.34 kB/sec
	Min xfer 					=     970.00 kB

	Children see throughput for  4 rewriters 	=    2062.93 kB/sec
	Parent sees throughput for  4 rewriters 	=    1836.92 kB/sec
	Min throughput per process 			=     491.19 kB/sec 
	Max throughput per process 			=     554.01 kB/sec
	Avg throughput per process 			=     515.73 kB/sec
	Min xfer 					=     993.00 kB

	Children see throughput for  4 readers 		=   11513.62 kB/sec
	Parent sees throughput for  4 readers 		=    9365.00 kB/sec
	Min throughput per process 			=    2688.28 kB/sec 
	Max throughput per process 			=    3155.25 kB/sec
	Avg throughput per process 			=    2878.41 kB/sec
	Min xfer 					=     949.00 kB

	Children see throughput for 4 re-readers 	=   12150.85 kB/sec
	Parent sees throughput for 4 re-readers 	=    9549.08 kB/sec
	Min throughput per process 			=    2927.37 kB/sec 
	Max throughput per process 			=    3149.76 kB/sec
	Avg throughput per process 			=    3037.71 kB/sec
	Min xfer 					=     957.00 kB



iozone test complete.
iozone throughput random-read measurements
	Iozone: Performance Test of File I/O
	        Version $Revision: 3.506 $
		Compiled for 64 bit mode.
		Build: linux 

	Contributors:William Norcott, Don Capps, Isom Crawford, Kirby Collins
	             Al Slater, Scott Rhine, Mike Wisner, Ken Goss
	             Steve Landherr, Brad Smith, Mark Kelly, Dr. Alain CYR,
	             Randy Dunlap, Mark Montague, Dan Million, Gavin Brebner,
	             Jean-Marc Zucconi, Jeff Blomberg, Benny Halevy, Dave Boone,
	             Erik Habbinga, Kris Strecker, Walter Wong, Joshua Root,
	             Fabrice Bacchella, Zhenghua Xue, Qin Li, Darren Sawyer,
	             Vangel Bojaxhi, Ben England, Vikentsi Lapa,
	             Alexey Skidanov, Sudhir Kumar.

	Run began: Fri Jan  1 00:03:40 2027

	Record Size 1 kB
	File size set to 1024 kB
	Command line used: ./iozone -t 4 -i 0 -i 2 -r 1k -s 1m
	Output is in kBytes/sec
	Time Resolution = 0.000045 seconds.
	Processor cache size set to 1024 kBytes.
	Processor cache line size set to 32 bytes.
	File stride size set to 17 * record size.
	Throughput test with 4 processes
	Each process writes a 1024 kByte file in 1 kByte records

	Children see throughput for  4 initial writers 	=    1894.64 kB/sec
	Parent sees throughput for  4 initial writers 	=    1537.12 kB/sec
	Min throughput per process 			=     414.22 kB/sec 
	Max throughput per process 			=     543.07 kB/sec
	Avg throughput per process 			=     473.66 kB/sec
	Min xfer 					=    1007.00 kB

	Children see throughput for  4 rewriters 	=    2065.61 kB/sec
	Parent sees throughput for  4 rewriters 	=    1839.51 kB/sec
	Min throughput per process 			=     482.53 kB/sec 
	Max throughput per process 			=     554.26 kB/sec
	Avg throughput per process 			=     516.40 kB/sec
	Min xfer 					=     988.00 kB

	Children see throughput for 4 random readers 	=    8773.38 kB/sec
	Parent sees throughput for 4 random readers 	=    6824.49 kB/sec
	Min throughput per process 			=     988.59 kB/sec 
	Max throughput per process 			=    2791.33 kB/sec
	Avg throughput per process 			=    2193.35 kB/sec
	Min xfer 					=     373.00 kB

	Children see throughput for 4 random writers 	=    1860.28 kB/sec
	Parent sees throughput for 4 random writers 	=    1600.03 kB/sec
	Min throughput per process 			=     422.61 kB/sec 
	Max throughput per process 			=     543.67 kB/sec
	Avg throughput per process 			=     465.07 kB/sec
	Min xfer 					=    1012.00 kB



iozone test complete.
iozone throughput read-backwards measurements
	Iozone: Performance Test of File I/O
	        Version $Revision: 3.506 $
		Compiled for 64 bit mode.
		Build: linux 

	Contributors:William Norcott, Don Capps, Isom Crawford, Kirby Collins
	             Al Slater, Scott Rhine, Mike Wisner, Ken Goss
	             Steve Landherr, Brad Smith, Mark Kelly, Dr. Alain CYR,
	             Randy Dunlap, Mark Montague, Dan Million, Gavin Brebner,
	             Jean-Marc Zucconi, Jeff Blomberg, Benny Halevy, Dave Boone,
	             Erik Habbinga, Kris Strecker, Walter Wong, Joshua Root,
	             Fabrice Bacchella, Zhenghua Xue, Qin Li, Darren Sawyer,
	             Vangel Bojaxhi, Ben England, Vikentsi Lapa,
	             Alexey Skidanov, Sudhir Kumar.

	Run began: Fri Jan  1 00:04:09 2027

	Record Size 1 kB
	File size set to 1024 kB
	Command line used: ./iozone -t 4 -i 0 -i 3 -r 1k -s 1m
	Output is in kBytes/sec
	Time Resolution = 0.000054 seconds.
	Processor cache size set to 1024 kBytes.
	Processor cache line size set to 32 bytes.
	File stride size set to 17 * record size.
	Throughput test with 4 processes
	Each process writes a 1024 kByte file in 1 kByte records

	Children see throughput for  4 initial writers 	=    1973.20 kB/sec
	Parent sees throughput for  4 initial writers 	=    1491.50 kB/sec
	Min throughput per process 			=     442.43 kB/sec 
	Max throughput per process 			=     554.11 kB/sec
	Avg throughput per process 			=     493.30 kB/sec
	Min xfer 					=    1001.00 kB

	Children see throughput for  4 rewriters 	=    1937.87 kB/sec
	Parent sees throughput for  4 rewriters 	=    1702.95 kB/sec
	Min throughput per process 			=     443.38 kB/sec 
	Max throughput per process 			=     543.77 kB/sec
	Avg throughput per process 			=     484.47 kB/sec
	Min xfer 					=    1009.00 kB

	Children see throughput for 4 reverse readers 	=   10743.57 kB/sec
	Parent sees throughput for 4 reverse readers 	=    8756.31 kB/sec
	Min throughput per process 			=    2580.48 kB/sec 
	Max throughput per process 			=    2807.39 kB/sec
	Avg throughput per process 			=    2685.89 kB/sec
	Min xfer 					=     964.00 kB



iozone test complete.
iozone throughput stride-read measurements
	Iozone: Performance Test of File I/O
	        Version $Revision: 3.506 $
		Compiled for 64 bit mode.
		Build: linux 

	Contributors:William Norcott, Don Capps, Isom Crawford, Kirby Collins
	             Al Slater, Scott Rhine, Mike Wisner, Ken Goss
	             Steve Landherr, Brad Smith, Mark Kelly, Dr. Alain CYR,
	             Randy Dunlap, Mark Montague, Dan Million, Gavin Brebner,
	             Jean-Marc Zucconi, Jeff Blomberg, Benny Halevy, Dave Boone,
	             Erik Habbinga, Kris Strecker, Walter Wong, Joshua Root,
	             Fabrice Bacchella, Zhenghua Xue, Qin Li, Darren Sawyer,
	             Vangel Bojaxhi, Ben England, Vikentsi Lapa,
	             Alexey Skidanov, Sudhir Kumar.

	Run began: Fri Jan  1 00:04:31 2027

	Record Size 1 kB
	File size set to 1024 kB
	Command line used: ./iozone -t 4 -i 0 -i 5 -r 1k -s 1m
	Output is in kBytes/sec
	Time Resolution = 0.000047 seconds.
	Processor cache size set to 1024 kBytes.
	Processor cache line size set to 32 bytes.
	File stride size set to 17 * record size.
	Throughput test with 4 processes
	Each process writes a 1024 kByte file in 1 kByte records

	Children see throughput for  4 initial writers 	=    1903.28 kB/sec
	Parent sees throughput for  4 initial writers 	=    1532.53 kB/sec
	Min throughput per process 			=     416.55 kB/sec 
	Max throughput per process 			=     543.43 kB/sec
	Avg throughput per process 			=     475.82 kB/sec
	Min xfer 					=    1012.00 kB

	Children see throughput for  4 rewriters 	=    2070.43 kB/sec
	Parent sees throughput for  4 rewriters 	=    1810.65 kB/sec
	Min throughput per process 			=     481.70 kB/sec 
	Max throughput per process 			=     553.80 kB/sec
	Avg throughput per process 			=     517.61 kB/sec
	Min xfer 					=     991.00 kB

	Children see throughput for 4 stride readers 	=   10770.51 kB/sec
	Parent sees throughput for 4 stride readers 	=    8794.28 kB/sec
	Min throughput per process 			=    2627.55 kB/sec 
	Max throughput per process 			=    2790.98 kB/sec
	Avg throughput per process 			=    2692.63 kB/sec
	Min xfer 					=     979.00 kB



iozone test complete.
iozone throughput fwrite/fread measurements
	Iozone: Performance Test of File I/O
	        Version $Revision: 3.506 $
		Compiled for 64 bit mode.
		Build: linux 

	Contributors:William Norcott, Don Capps, Isom Crawford, Kirby Collins
	             Al Slater, Scott Rhine, Mike Wisner, Ken Goss
	             Steve Landherr, Brad Smith, Mark Kelly, Dr. Alain CYR,
	             Randy Dunlap, Mark Montague, Dan Million, Gavin Brebner,
	             Jean-Marc Zucconi, Jeff Blomberg, Benny Halevy, Dave Boone,
	             Erik Habbinga, Kris Strecker, Walter Wong, Joshua Root,
	             Fabrice Bacchella, Zhenghua Xue, Qin Li, Darren Sawyer,
	             Vangel Bojaxhi, Ben England, Vikentsi Lapa,
	             Alexey Skidanov, Sudhir Kumar.

	Run began: Fri Jan  1 00:04:53 2027

	Record Size 1 kB
	File size set to 1024 kB
	Command line used: ./iozone -t 4 -i 6 -i 7 -r 1k -s 1m
	Output is in kBytes/sec
	Time Resolution = 0.000045 seconds.
	Processor cache size set to 1024 kBytes.
	Processor cache line size set to 32 bytes.
	File stride size set to 17 * record size.
	Throughput test with 4 processes
	Each process writes a 1024 kByte file in 1 kByte records

	Children see throughput for  4 fwriters 	=    1757.22 kB/sec
	Parent sees throughput for  4 fwriters 		=    1345.60 kB/sec
	Min throughput per process 			=     379.99 kB/sec 
	Max throughput per process 			=     543.08 kB/sec
	Avg throughput per process 			=     439.31 kB/sec
	Min xfer 					=    1024.00 kB

	Children see throughput for  4 freaders 	=    6783.11 kB/sec
	Parent sees throughput for  4 freaders 		=    5171.00 kB/sec
	Min throughput per process 			=    1344.97 kB/sec 
	Max throughput per process 			=    1959.16 kB/sec
	Avg throughput per process 			=    1695.78 kB/sec
	Min xfer 					=    1024.00 kB



iozone test complete.
iozone throughput pwrite/pread measurements
	Iozone: Performance Test of File I/O
	        Version $Revision: 3.506 $
		Compiled for 64 bit mode.
		Build: linux 

	Contributors:William Norcott, Don Capps, Isom Crawford, Kirby Collins
	             Al Slater, Scott Rhine, Mike Wisner, Ken Goss
	             Steve Landherr, Brad Smith, Mark Kelly, Dr. Alain CYR,
	             Randy Dunlap, Mark Montague, Dan Million, Gavin Brebner,
	             Jean-Marc Zucconi, Jeff Blomberg, Benny Halevy, Dave Boone,
	             Erik Habbinga, Kris Strecker, Walter Wong, Joshua Root,
	             Fabrice Bacchella, Zhenghua Xue, Qin Li, Darren Sawyer,
	             Vangel Bojaxhi, Ben England, Vikentsi Lapa,
	             Alexey Skidanov, Sudhir Kumar.

	Run began: Fri Jan  1 00:05:10 2027

	Record Size 1 kB
	File size set to 1024 kB
	Command line used: ./iozone -t 4 -i 9 -i 10 -r 1k -s 1m
	Output is in kBytes/sec
	Time Resolution = 0.000045 seconds.
	Processor cache size set to 1024 kBytes.
	Processor cache line size set to 32 bytes.
	File stride size set to 17 * record size.
	Throughput test with 4 processes
	Each process writes a 1024 kByte file in 1 kByte records

	Children see throughput for 4 pwrite writers 	=    1786.48 kB/sec
	Parent sees throughput for 4 pwrite writers 	=    1349.97 kB/sec
	Min throughput per process 			=     376.57 kB/sec 
	Max throughput per process 			=     531.43 kB/sec
	Avg throughput per process 			=     446.62 kB/sec
	Min xfer 					=    1005.00 kB

	Children see throughput for 4 pread readers 	=   12314.73 kB/sec
	Parent sees throughput for 4 pread readers 	=    9893.55 kB/sec
	Min throughput per process 			=    2807.99 kB/sec 
	Max throughput per process 			=    3539.60 kB/sec
	Avg throughput per process 			=    3078.68 kB/sec
	Min xfer 					=     897.00 kB



iozone test complete.
iozone throughtput pwritev/preadv measurements
	Iozone: Performance Test of File I/O
	        Version $Revision: 3.506 $
		Compiled for 64 bit mode.
		Build: linux 

	Contributors:William Norcott, Don Capps, Isom Crawford, Kirby Collins
	             Al Slater, Scott Rhine, Mike Wisner, Ken Goss
	             Steve Landherr, Brad Smith, Mark Kelly, Dr. Alain CYR,
	             Randy Dunlap, Mark Montague, Dan Million, Gavin Brebner,
	             Jean-Marc Zucconi, Jeff Blomberg, Benny Halevy, Dave Boone,
	             Erik Habbinga, Kris Strecker, Walter Wong, Joshua Root,
	             Fabrice Bacchella, Zhenghua Xue, Qin Li, Darren Sawyer,
	             Vangel Bojaxhi, Ben England, Vikentsi Lapa,
	             Alexey Skidanov, Sudhir Kumar.

	Run began: Fri Jan  1 00:05:31 2027

	Selected test not available on the version.
	Record Size 1 kB
	File size set to 1024 kB
	Command line used: ./iozone -t 4 -i 11 -i 12 -r 1k -s 1m
	Output is in kBytes/sec
	Time Resolution = 0.000045 seconds.
	Processor cache size set to 1024 kBytes.
	Processor cache line size set to 32 bytes.
	File stride size set to 17 * record size.
	Throughput test with 4 processes
	Each process writes a 1024 kByte file in 1 kByte records

	Children see throughput for  4 initial writers 	=    1863.44 kB/sec
	Parent sees throughput for  4 initial writers 	=    1378.52 kB/sec
	Min throughput per process 			=     383.79 kB/sec 
	Max throughput per process 			=     553.79 kB/sec
	Avg throughput per process 			=     465.86 kB/sec
	Min xfer 					=     996.00 kB

	Children see throughput for  4 rewriters 	=    1955.51 kB/sec
	Parent sees throughput for  4 rewriters 	=    1717.11 kB/sec
	Min throughput per process 			=     455.59 kB/sec 
	Max throughput per process 			=     553.90 kB/sec
	Avg throughput per process 			=     488.88 kB/sec
	Min xfer 					=    1001.00 kB



iozone test complete.
#### OS COMP TEST GROUP END iozone-musl ####
#### OS COMP TEST GROUP END iozone-musl ####
[initproc] done iozone_testcode.sh in /musl exit_code=0
#### OS COMP TEST GROUP START iozone-glibc ####
#### OS COMP TEST GROUP START iozone-glibc ####
iozone automatic measurements
	Iozone: Performance Test of File I/O
	        Version $Revision: 3.506 $
		Compiled for 64 bit mode.
		Build: linux 

	Contributors:William Norcott, Don Capps, Isom Crawford, Kirby Collins
	             Al Slater, Scott Rhine, Mike Wisner, Ken Goss
	             Steve Landherr, Brad Smith, Mark Kelly, Dr. Alain CYR,
	             Randy Dunlap, Mark Montague, Dan Million, Gavin Brebner,
	             Jean-Marc Zucconi, Jeff Blomberg, Benny Halevy, Dave Boone,
	             Erik Habbinga, Kris Strecker, Walter Wong, Joshua Root,
	             Fabrice Bacchella, Zhenghua Xue, Qin Li, Darren Sawyer,
	             Vangel Bojaxhi, Ben England, Vikentsi Lapa,
	             Alexey Skidanov, Sudhir Kumar.

	Run began: Fri Jan  1 00:05:51 2027

	Auto Mode
	Record Size 1 kB
	File size set to 4096 kB
	Command line used: ./iozone -a -r 1k -s 4m
	Output is in kBytes/sec
	Time Resolution = 0.000043 seconds.
	Processor cache size set to 1024 kBytes.
	Processor cache line size set to 32 bytes.
	File stride size set to 17 * record size.
                                                                    random    random      bkwd     record     stride                                        
              kB  reclen    write    rewrite      read    reread      read     write      read    rewrite       read    fwrite  frewrite     fread   freread
            4096       1      2050      2142      6291      4224      4061      2000      5748       2017       4073      2024      2038      5923      4120

iozone test complete.
iozone throughput write/read measurements
	Iozone: Performance Test of File I/O
	        Version $Revision: 3.506 $
		Compiled for 64 bit mode.
		Build: linux 

	Contributors:William Norcott, Don Capps, Isom Crawford, Kirby Collins
	             Al Slater, Scott Rhine, Mike Wisner, Ken Goss
	             Steve Landherr, Brad Smith, Mark Kelly, Dr. Alain CYR,
	             Randy Dunlap, Mark Montague, Dan Million, Gavin Brebner,
	             Jean-Marc Zucconi, Jeff Blomberg, Benny Halevy, Dave Boone,
	             Erik Habbinga, Kris Strecker, Walter Wong, Joshua Root,
	             Fabrice Bacchella, Zhenghua Xue, Qin Li, Darren Sawyer,
	             Vangel Bojaxhi, Ben England, Vikentsi Lapa,
	             Alexey Skidanov, Sudhir Kumar.

	Run began: Fri Jan  1 00:06:17 2027

	Record Size 1 kB
	File size set to 1024 kB
	Command line used: ./iozone -t 4 -i 0 -i 1 -r 1k -s 1m
	Output is in kBytes/sec
	Time Resolution = 0.000044 seconds.
	Processor cache size set to 1024 kBytes.
	Processor cache line size set to 32 bytes.
	File stride size set to 17 * record size.
	Throughput test with 4 processes
	Each process writes a 1024 kByte file in 1 kByte records

	Children see throughput for  4 initial writers 	=    1781.72 kB/sec
	Parent sees throughput for  4 initial writers 	=    1331.79 kB/sec
	Min throughput per process 			=     366.87 kB/sec 
	Max throughput per process 			=     531.50 kB/sec
	Avg throughput per process 			=     445.43 kB/sec
	Min xfer 					=    1006.00 kB

	Children see throughput for  4 rewriters 	=    2027.53 kB/sec
	Parent sees throughput for  4 rewriters 	=    1776.13 kB/sec
	Min throughput per process 			=     465.20 kB/sec 
	Max throughput per process 			=     555.30 kB/sec
	Avg throughput per process 			=     506.88 kB/sec
	Min xfer 					=    1002.00 kB

	Children see throughput for  4 readers 		=   11932.94 kB/sec
	Parent sees throughput for  4 readers 		=    9459.51 kB/sec
	Min throughput per process 			=    2916.80 kB/sec 
	Max throughput per process 			=    3151.84 kB/sec
	Avg throughput per process 			=    2983.23 kB/sec
	Min xfer 					=     993.00 kB

	Children see throughput for 4 re-readers 	=   11860.20 kB/sec
	Parent sees throughput for 4 re-readers 	=    9402.09 kB/sec
	Min throughput per process 			=    2899.04 kB/sec 
	Max throughput per process 			=    3142.60 kB/sec
	Avg throughput per process 			=    2965.05 kB/sec
	Min xfer 					=     986.00 kB



iozone test complete.
iozone throughput random-read measurements
	Iozone: Performance Test of File I/O
	        Version $Revision: 3.506 $
		Compiled for 64 bit mode.
		Build: linux 

	Contributors:William Norcott, Don Capps, Isom Crawford, Kirby Collins
	             Al Slater, Scott Rhine, Mike Wisner, Ken Goss
	             Steve Landherr, Brad Smith, Mark Kelly, Dr. Alain CYR,
	             Randy Dunlap, Mark Montague, Dan Million, Gavin Brebner,
	             Jean-Marc Zucconi, Jeff Blomberg, Benny Halevy, Dave Boone,
	             Erik Habbinga, Kris Strecker, Walter Wong, Joshua Root,
	             Fabrice Bacchella, Zhenghua Xue, Qin Li, Darren Sawyer,
	             Vangel Bojaxhi, Ben England, Vikentsi Lapa,
	             Alexey Skidanov, Sudhir Kumar.

	Run began: Fri Jan  1 00:06:42 2027

	Record Size 1 kB
	File size set to 1024 kB
	Command line used: ./iozone -t 4 -i 0 -i 2 -r 1k -s 1m
	Output is in kBytes/sec
	Time Resolution = 0.000043 seconds.
	Processor cache size set to 1024 kBytes.
	Processor cache line size set to 32 bytes.
	File stride size set to 17 * record size.
	Throughput test with 4 processes
	Each process writes a 1024 kByte file in 1 kByte records

	Children see throughput for  4 initial writers 	=    1886.18 kB/sec
	Parent sees throughput for  4 initial writers 	=    1406.21 kB/sec
	Min throughput per process 			=     392.02 kB/sec 
	Max throughput per process 			=     555.15 kB/sec
	Avg throughput per process 			=     471.54 kB/sec
	Min xfer 					=    1008.00 kB

	Children see throughput for  4 rewriters 	=    2109.82 kB/sec
	Parent sees throughput for  4 rewriters 	=    1890.80 kB/sec
	Min throughput per process 			=     506.13 kB/sec 
	Max throughput per process 			=     566.34 kB/sec
	Avg throughput per process 			=     527.46 kB/sec
	Min xfer 					=     992.00 kB

	Children see throughput for 4 random readers 	=   10596.69 kB/sec
	Parent sees throughput for 4 random readers 	=    8348.22 kB/sec
	Min throughput per process 			=    2409.30 kB/sec 
	Max throughput per process 			=    3111.86 kB/sec
	Avg throughput per process 			=    2649.17 kB/sec
	Min xfer 					=     896.00 kB

	Children see throughput for 4 random writers 	=    1937.70 kB/sec
	Parent sees throughput for 4 random writers 	=    1688.04 kB/sec
	Min throughput per process 			=     446.45 kB/sec 
	Max throughput per process 			=     542.53 kB/sec
	Avg throughput per process 			=     484.42 kB/sec
	Min xfer 					=    1006.00 kB



iozone test complete.
iozone throughput read-backwards measurements
	Iozone: Performance Test of File I/O
	        Version $Revision: 3.506 $
		Compiled for 64 bit mode.
		Build: linux 

	Contributors:William Norcott, Don Capps, Isom Crawford, Kirby Collins
	             Al Slater, Scott Rhine, Mike Wisner, Ken Goss
	             Steve Landherr, Brad Smith, Mark Kelly, Dr. Alain CYR,
	             Randy Dunlap, Mark Montague, Dan Million, Gavin Brebner,
	             Jean-Marc Zucconi, Jeff Blomberg, Benny Halevy, Dave Boone,
	             Erik Habbinga, Kris Strecker, Walter Wong, Joshua Root,
	             Fabrice Bacchella, Zhenghua Xue, Qin Li, Darren Sawyer,
	             Vangel Bojaxhi, Ben England, Vikentsi Lapa,
	             Alexey Skidanov, Sudhir Kumar.

	Run began: Fri Jan  1 00:07:12 2027

	Record Size 1 kB
	File size set to 1024 kB
	Command line used: ./iozone -t 4 -i 0 -i 3 -r 1k -s 1m
	Output is in kBytes/sec
	Time Resolution = 0.000044 seconds.
	Processor cache size set to 1024 kBytes.
	Processor cache line size set to 32 bytes.
	File stride size set to 17 * record size.
	Throughput test with 4 processes
	Each process writes a 1024 kByte file in 1 kByte records

	Children see throughput for  4 initial writers 	=    1842.91 kB/sec
	Parent sees throughput for  4 initial writers 	=    1332.54 kB/sec
	Min throughput per process 			=     408.25 kB/sec 
	Max throughput per process 			=     542.37 kB/sec
	Avg throughput per process 			=     460.73 kB/sec
	Min xfer 					=     984.00 kB

	Children see throughput for  4 rewriters 	=    1997.87 kB/sec
	Parent sees throughput for  4 rewriters 	=    1728.82 kB/sec
	Min throughput per process 			=     463.69 kB/sec 
	Max throughput per process 			=     555.83 kB/sec
	Avg throughput per process 			=     499.47 kB/sec
	Min xfer 					=    1016.00 kB

	Children see throughput for 4 reverse readers 	=   10802.52 kB/sec
	Parent sees throughput for 4 reverse readers 	=    8780.30 kB/sec
	Min throughput per process 			=    2624.68 kB/sec 
	Max throughput per process 			=    2801.06 kB/sec
	Avg throughput per process 			=    2700.63 kB/sec
	Min xfer 					=    1002.00 kB



iozone test complete.
iozone throughput stride-read measurements
	Iozone: Performance Test of File I/O
	        Version $Revision: 3.506 $
		Compiled for 64 bit mode.
		Build: linux 

	Contributors:William Norcott, Don Capps, Isom Crawford, Kirby Collins
	             Al Slater, Scott Rhine, Mike Wisner, Ken Goss
	             Steve Landherr, Brad Smith, Mark Kelly, Dr. Alain CYR,
	             Randy Dunlap, Mark Montague, Dan Million, Gavin Brebner,
	             Jean-Marc Zucconi, Jeff Blomberg, Benny Halevy, Dave Boone,
	             Erik Habbinga, Kris Strecker, Walter Wong, Joshua Root,
	             Fabrice Bacchella, Zhenghua Xue, Qin Li, Darren Sawyer,
	             Vangel Bojaxhi, Ben England, Vikentsi Lapa,
	             Alexey Skidanov, Sudhir Kumar.

	Run began: Fri Jan  1 00:07:37 2027

	Record Size 1 kB
	File size set to 1024 kB
	Command line used: ./iozone -t 4 -i 0 -i 5 -r 1k -s 1m
	Output is in kBytes/sec
	Time Resolution = 0.000044 seconds.
	Processor cache size set to 1024 kBytes.
	Processor cache line size set to 32 bytes.
	File stride size set to 17 * record size.
	Throughput test with 4 processes
	Each process writes a 1024 kByte file in 1 kByte records

	Children see throughput for  4 initial writers 	=    2010.54 kB/sec
	Parent sees throughput for  4 initial writers 	=    1403.86 kB/sec
	Min throughput per process 			=     461.07 kB/sec 
	Max throughput per process 			=     542.06 kB/sec
	Avg throughput per process 			=     502.64 kB/sec
	Min xfer 					=     989.00 kB

	Children see throughput for  4 rewriters 	=    1954.34 kB/sec
	Parent sees throughput for  4 rewriters 	=    1687.79 kB/sec
	Min throughput per process 			=     452.32 kB/sec 
	Max throughput per process 			=     554.80 kB/sec
	Avg throughput per process 			=     488.59 kB/sec
	Min xfer 					=    1003.00 kB

	Children see throughput for 4 stride readers 	=   10591.22 kB/sec
	Parent sees throughput for 4 stride readers 	=    8593.00 kB/sec
	Min throughput per process 			=    2562.08 kB/sec 
	Max throughput per process 			=    2806.19 kB/sec
	Avg throughput per process 			=    2647.81 kB/sec
	Min xfer 					=     980.00 kB



iozone test complete.
iozone throughput fwrite/fread measurements
	Iozone: Performance Test of File I/O
	        Version $Revision: 3.506 $
		Compiled for 64 bit mode.
		Build: linux 

	Contributors:William Norcott, Don Capps, Isom Crawford, Kirby Collins
	             Al Slater, Scott Rhine, Mike Wisner, Ken Goss
	             Steve Landherr, Brad Smith, Mark Kelly, Dr. Alain CYR,
	             Randy Dunlap, Mark Montague, Dan Million, Gavin Brebner,
	             Jean-Marc Zucconi, Jeff Blomberg, Benny Halevy, Dave Boone,
	             Erik Habbinga, Kris Strecker, Walter Wong, Joshua Root,
	             Fabrice Bacchella, Zhenghua Xue, Qin Li, Darren Sawyer,
	             Vangel Bojaxhi, Ben England, Vikentsi Lapa,
	             Alexey Skidanov, Sudhir Kumar.

	Run began: Fri Jan  1 00:08:01 2027

	Record Size 1 kB
	File size set to 1024 kB
	Command line used: ./iozone -t 4 -i 6 -i 7 -r 1k -s 1m
	Output is in kBytes/sec
	Time Resolution = 0.000043 seconds.
	Processor cache size set to 1024 kBytes.
	Processor cache line size set to 32 bytes.
	File stride size set to 17 * record size.
	Throughput test with 4 processes
	Each process writes a 1024 kByte file in 1 kByte records

	Children see throughput for  4 fwriters 	=    1926.09 kB/sec
	Parent sees throughput for  4 fwriters 		=    1392.84 kB/sec
	Min throughput per process 			=     434.25 kB/sec 
	Max throughput per process 			=     554.05 kB/sec
	Avg throughput per process 			=     481.52 kB/sec
	Min xfer 					=    1024.00 kB

	Children see throughput for  4 freaders 	=   12014.49 kB/sec
	Parent sees throughput for  4 freaders 		=    9507.98 kB/sec
	Min throughput per process 			=    2844.06 kB/sec 
	Max throughput per process 			=    3140.80 kB/sec
	Avg throughput per process 			=    3003.62 kB/sec
	Min xfer 					=    1024.00 kB



iozone test complete.
iozone throughput pwrite/pread measurements
	Iozone: Performance Test of File I/O
	        Version $Revision: 3.506 $
		Compiled for 64 bit mode.
		Build: linux 

	Contributors:William Norcott, Don Capps, Isom Crawford, Kirby Collins
	             Al Slater, Scott Rhine, Mike Wisner, Ken Goss
	             Steve Landherr, Brad Smith, Mark Kelly, Dr. Alain CYR,
	             Randy Dunlap, Mark Montague, Dan Million, Gavin Brebner,
	             Jean-Marc Zucconi, Jeff Blomberg, Benny Halevy, Dave Boone,
	             Erik Habbinga, Kris Strecker, Walter Wong, Joshua Root,
	             Fabrice Bacchella, Zhenghua Xue, Qin Li, Darren Sawyer,
	             Vangel Bojaxhi, Ben England, Vikentsi Lapa,
	             Alexey Skidanov, Sudhir Kumar.

	Run began: Fri Jan  1 00:08:20 2027

	Record Size 1 kB
	File size set to 1024 kB
	Command line used: ./iozone -t 4 -i 9 -i 10 -r 1k -s 1m
	Output is in kBytes/sec
	Time Resolution = 0.000043 seconds.
	Processor cache size set to 1024 kBytes.
	Processor cache line size set to 32 bytes.
	File stride size set to 17 * record size.
	Throughput test with 4 processes
	Each process writes a 1024 kByte file in 1 kByte records

	Children see throughput for 4 pwrite writers 	=    1799.17 kB/sec
	Parent sees throughput for 4 pwrite writers 	=    1282.88 kB/sec
	Min throughput per process 			=     386.06 kB/sec 
	Max throughput per process 			=     520.07 kB/sec
	Avg throughput per process 			=     449.79 kB/sec
	Min xfer 					=     994.00 kB

	Children see throughput for 4 pread readers 	=   12458.45 kB/sec
	Parent sees throughput for 4 pread readers 	=    9922.15 kB/sec
	Min throughput per process 			=    2864.49 kB/sec 
	Max throughput per process 			=    3552.62 kB/sec
	Avg throughput per process 			=    3114.61 kB/sec
	Min xfer 					=     921.00 kB



iozone test complete.
iozone throughtput pwritev/preadv measurements
	Iozone: Performance Test of File I/O
	        Version $Revision: 3.506 $
		Compiled for 64 bit mode.
		Build: linux 

	Contributors:William Norcott, Don Capps, Isom Crawford, Kirby Collins
	             Al Slater, Scott Rhine, Mike Wisner, Ken Goss
	             Steve Landherr, Brad Smith, Mark Kelly, Dr. Alain CYR,
	             Randy Dunlap, Mark Montague, Dan Million, Gavin Brebner,
	             Jean-Marc Zucconi, Jeff Blomberg, Benny Halevy, Dave Boone,
	             Erik Habbinga, Kris Strecker, Walter Wong, Joshua Root,
	             Fabrice Bacchella, Zhenghua Xue, Qin Li, Darren Sawyer,
	             Vangel Bojaxhi, Ben England, Vikentsi Lapa,
	             Alexey Skidanov, Sudhir Kumar.

	Run began: Fri Jan  1 00:08:41 2027

	Selected test not available on the version.
	Record Size 1 kB
	File size set to 1024 kB
	Command line used: ./iozone -t 4 -i 11 -i 12 -r 1k -s 1m
	Output is in kBytes/sec
	Time Resolution = 0.000043 seconds.
	Processor cache size set to 1024 kBytes.
	Processor cache line size set to 32 bytes.
	File stride size set to 17 * record size.
	Throughput test with 4 processes
	Each process writes a 1024 kByte file in 1 kByte records

	Children see throughput for  4 initial writers 	=    1896.54 kB/sec
	Parent sees throughput for  4 initial writers 	=    1431.02 kB/sec
	Min throughput per process 			=     394.13 kB/sec 
	Max throughput per process 			=     556.46 kB/sec
	Avg throughput per process 			=     474.13 kB/sec
	Min xfer 					=    1015.00 kB

	Children see throughput for  4 rewriters 	=    1965.41 kB/sec
	Parent sees throughput for  4 rewriters 	=    1719.00 kB/sec
	Min throughput per process 			=     448.39 kB/sec 
	Max throughput per process 			=     555.73 kB/sec
	Avg throughput per process 			=     491.35 kB/sec
	Min xfer 					=    1009.00 kB



iozone test complete.
#### OS COMP TEST GROUP END iozone-glibc ####
#### OS COMP TEST GROUP END iozone-glibc ####
[initproc] done iozone_testcode.sh in /glibc exit_code=0
[initproc] skip libcbench (mask bit7 not set)
[initproc] skip netperf (mask bit9 not set)
[initproc] skip iperf (mask bit6 not set)
[initproc] skip libctest (mask bit3 not set)
[initproc] skip cyclictest (mask bit10 not set)
[initproc] skip ltp (mask bit11 not set)
[initproc] skip cpython (mask bit12 not set)
[initproc] skip unixbench (mask bit5 not set)
[initproc] run_selected_groups done
