Rust toolchain preflight passed: nightly-2026-05-10

OpenSBI v1.5.1
   ____                    _____ ____ _____
  / __ \                  / ____|  _ \_   _|
 | |  | |_ __   ___ _ __ | (___ | |_) || |
 | |  | | '_ \ / _ \ '_ \ \___ \|  _ < | |
 | |__| | |_) |  __/ | | |____) | |_) || |_
  \____/| .__/ \___|_| |_|_____/|____/_____|
        | |
        |_|

Platform Name             : riscv-virtio,qemu
Platform Features         : medeleg
Platform HART Count       : 1
Platform IPI Device       : aclint-mswi
Platform Timer Device     : aclint-mtimer @ 10000000Hz
Platform Console Device   : uart8250
Platform HSM Device       : ---
Platform PMU Device       : ---
Platform Reboot Device    : syscon-reboot
Platform Shutdown Device  : syscon-poweroff
Platform Suspend Device   : ---
Platform CPPC Device      : ---
Firmware Base             : 0x80000000
Firmware Size             : 327 KB
Firmware RW Offset        : 0x40000
Firmware RW Size          : 71 KB
Firmware Heap Offset      : 0x49000
Firmware Heap Size        : 35 KB (total), 2 KB (reserved), 11 KB (used), 21 KB (free)
Firmware Scratch Size     : 4096 B (total), 416 B (used), 3680 B (free)
Runtime SBI Version       : 2.0

Domain0 Name              : root
Domain0 Boot HART         : 0
Domain0 HARTs             : 0*
Domain0 Region00          : 0x0000000000100000-0x0000000000100fff M: (I,R,W) S/U: (R,W)
Domain0 Region01          : 0x0000000010000000-0x0000000010000fff M: (I,R,W) S/U: (R,W)
Domain0 Region02          : 0x0000000002000000-0x000000000200ffff M: (I,R,W) S/U: ()
Domain0 Region03          : 0x0000000080040000-0x000000008005ffff M: (R,W) S/U: ()
Domain0 Region04          : 0x0000000080000000-0x000000008003ffff M: (R,X) S/U: ()
Domain0 Region05          : 0x000000000c400000-0x000000000c5fffff M: (I,R,W) S/U: (R,W)
Domain0 Region06          : 0x000000000c000000-0x000000000c3fffff M: (I,R,W) S/U: (R,W)
Domain0 Region07          : 0x0000000000000000-0xffffffffffffffff M: () S/U: (R,W,X)
Domain0 Next Address      : 0x0000000080200000
Domain0 Next Arg1         : 0x00000000bfe00000
Domain0 Next Mode         : S-mode
Domain0 SysReset          : yes
Domain0 SysSuspend        : yes

Boot HART ID              : 0
Boot HART Domain          : root
Boot HART Priv Version    : v1.12
Boot HART Base ISA        : rv64imafdch
Boot HART ISA Extensions  : sstc,zicntr,zihpm,zicboz,zicbom,sdtrig,svadu
Boot HART PMP Count       : 16
Boot HART PMP Granularity : 2 bits
Boot HART PMP Address Bits: 54
Boot HART MHPM Info       : 16 (0x0007fff8)
Boot HART Debug Triggers  : 2 triggers
Boot HART MIDELEG         : 0x0000000000001666
Boot HART MEDELEG         : 0x0000000000f0b509
[kernel] logger inited, level= Off
[kernel] Boot protocol: RiscvFdt, hart_id=0, dtb_paddr=0xbfe00000
[kernel] Console initialized.
[memory] 194422 usable physical frames across 2 region(s)
[memory] region0: [0x90888000, 0xbfe00000) frames=193912
[memory] region1: [0xbfe02000, 0xc0000000) frames=510
.text [0x80200000, 0x8042a000)
.rodata [0x8042a000, 0x80461000)
.data [0x80461000, 0x80826000)
.bss [0x80826000, 0x90888000)
mapping .text section
mapping .rodata section
mapping .data section
mapping .bss section
mapping physical memory region
mapping physical memory region
mapping memory-mapped registers
[kernel] Hello, world!
[kernel] PRNG init warning: Entropy(DeviceUnavailable)
[memory] reclaimed linker frames: [0x80461000, 0x80824000) frames=963
[initramfs] unpacked: files=39 dirs=23 symlinks=1 bytes=3939693
[initramfs] VFS_ROOT initialized (ramfs + cpio unpack + dev/proc/tmp)
[kernel] block device 0: official fs (MMIO 0x10001000)
[kernel] block device 1: tools disk (MMIO 0x10002000)
[mbr] registered /dev/vdb1 (type=0x83, size=2048M)
[mbr] registered /dev/vdb2 (type=0xc, size=1280M)
[ext4] backend: another_ext4
[kernel] root device mounted at sdcard
[mbr] registered /dev/vdb1 (type=0x83, size=2048M)
[mbr] registered /dev/vdb2 (type=0xc, size=1280M)
[ext4] backend: another_ext4
[kernel] tools disk (vdb1) mounted at tools
[kernel] net interface initialized (RoutingDevice: lo + eth)
[init] pseudo-fs mount framework ready
[init] /tmp is bind-mounted from ext4 /sdcard/tmp
[init] /etc is bind-mounted from tools disk
[init] bind mount /tools/bin -> /bin
[init] bind mount /tools/sbin -> /sbin
[init] bind mount /tools/lib -> /lib
[init] bind mount /tools/usr -> /usr
[init] bind mount /tools/root -> /root: skipped (errno=2)
[init] PID1 profile=normal runner=/test-runner
[test-runner] synchronizing clock
[initproc] config source=/sdcard/os_test.conf mode=run mask=0x110 timer_smoke=false skip_apk=true
[initproc] ensuring base directories...
[initproc] runtime layout ready
[initproc] linking musl/glibc libs to /lib ...
[initproc] lib linking done, exit=0
[initproc] prepare lmbench compatibility ...
[initproc] lmbench compatibility done, exit=0
[initproc] install libgcc_s: already exists, skipping
[initproc] skip_apk=true: skipping install_apk_packages
[initproc] run_selected_groups start mask=0x110
[initproc] skip basic (mask bit0 not set)
[initproc] skip busybox (mask bit1 not set)
[initproc] skip lua (mask bit2 not set)
#### OS COMP TEST GROUP START lmbench-musl ####
#### OS COMP TEST GROUP START lmbench-musl ####
latency measurements
Simple syscall: 35.5342 microseconds
Simple read: 84.3235 microseconds
Simple write: 44.3385 microseconds
Simple stat: 187.5938 microseconds
Simple fstat: 90.2203 microseconds
Simple open/close: 221.0417 microseconds
Select on 100 fd's: 348.9375 microseconds
Signal handler installation: 97.0339 microseconds
Signal handler overhead: 132.9412 microseconds
Protection fault: 47.5161 microseconds
Pipe latency: 584.3190 microseconds
Process fork+exit: 6043.0000 microseconds
Process fork+execve: 6131.0000 microseconds
Process fork+/bin/sh -c: 286175.0000 microseconds
File /var/tmp/XXX write bandwidth:20212 KB/sec
Pagefaults on /var/tmp/XXX: 107.7812 microseconds
0.524288 582
file system latency
0k	28	2764	2967
1k	21	1854	2482
4k	20	1780	2473
10k	19	1710	2453
Bandwidth measurements
Pipe bandwidth: 37.01 MB/sec
0.524288 101.27
0.524288 93.71
0.524288 4191.45
0.524288 37.94
context switch overhead

"size=32k ovr=196.41
2 103.54
4 101.44
8 115.30
16 113.16
24 119.13
32 115.81
64 115.36
96 116.81
#### OS COMP TEST GROUP END lmbench-musl ####
#### OS COMP TEST GROUP END lmbench-musl ####
[initproc] done lmbench_testcode.sh in /musl exit_code=0
#### OS COMP TEST GROUP START lmbench-glibc ####
#### OS COMP TEST GROUP START lmbench-glibc ####
latency measurements
Simple syscall: 38.2148 microseconds
Simple read: 83.8286 microseconds
Simple write: 40.0155 microseconds
Simple stat: 190.9355 microseconds
Simple fstat: 97.2545 microseconds
Simple open/close: 225.9259 microseconds
Select on 100 fd's: 364.8750 microseconds
Signal handler installation: 95.7119 microseconds
Signal handler overhead: 135.1429 microseconds
Protection fault: 40.0000 microseconds
Pipe latency: 582.6859 microseconds
Process fork+exit: 6625.0000 microseconds
Process fork+execve: 12662.0000 microseconds
Process fork+/bin/sh -c: 286235.0000 microseconds
File /var/tmp/XXX write bandwidth:63012 KB/sec
Pagefaults on /var/tmp/XXX: 110.2773 microseconds
0.524288 605
file system latency
0k	14	2606	2953
1k	12	2235	2807
4k	11	2003	2791
10k	10	1861	2798
Bandwidth measurements
Pipe bandwidth: 43.87 MB/sec
0.524288 101.65
0.524288 92.53
0.524288 2749.57
0.524288 36.16
context switch overhead

"size=32k ovr=210.40
2 104.71
4 101.60
8 98.85
16 106.97
24 105.39
32 101.91
64 109.96
96 105.20
#### OS COMP TEST GROUP END lmbench-glibc ####
#### OS COMP TEST GROUP END lmbench-glibc ####
[initproc] done lmbench_testcode.sh in /glibc exit_code=0
#### OS COMP TEST GROUP START iozone-musl ####
#### OS COMP TEST GROUP START iozone-musl ####
iozone automatic measurements
	Iozone: Performance Test of File I/O
	        Version $Revision: 3.506 $
		Compiled for 64 bit mode.
		Build: linux 

	Contributors:William Norcott, Don Capps, Isom Crawford, Kirby Collins
	             Al Slater, Scott Rhine, Mike Wisner, Ken Goss
	             Steve Landherr, Brad Smith, Mark Kelly, Dr. Alain CYR,
	             Randy Dunlap, Mark Montague, Dan Million, Gavin Brebner,
	             Jean-Marc Zucconi, Jeff Blomberg, Benny Halevy, Dave Boone,
	             Erik Habbinga, Kris Strecker, Walter Wong, Joshua Root,
	             Fabrice Bacchella, Zhenghua Xue, Qin Li, Darren Sawyer,
	             Vangel Bojaxhi, Ben England, Vikentsi Lapa,
	             Alexey Skidanov, Sudhir Kumar.

	Run began: Fri Jan  1 00:02:36 2027

	Auto Mode
	Record Size 1 kB
	File size set to 4096 kB
	Command line used: ./iozone -a -r 1k -s 4m
	Output is in kBytes/sec
	Time Resolution = 0.000076 seconds.
	Processor cache size set to 1024 kBytes.
	Processor cache line size set to 32 bytes.
	File stride size set to 17 * record size.
                                                                    random    random      bkwd     record     stride                                        
              kB  reclen    write    rewrite      read    reread      read     write      read    rewrite       read    fwrite  frewrite     fread   freread
            4096       1      2428      2468      7601      7862      5795      2067      5750       2139       5825      2322      2393      5496      5512

iozone test complete.
iozone throughput write/read measurements
	Iozone: Performance Test of File I/O
	        Version $Revision: 3.506 $
		Compiled for 64 bit mode.
		Build: linux 

	Contributors:William Norcott, Don Capps, Isom Crawford, Kirby Collins
	             Al Slater, Scott Rhine, Mike Wisner, Ken Goss
	             Steve Landherr, Brad Smith, Mark Kelly, Dr. Alain CYR,
	             Randy Dunlap, Mark Montague, Dan Million, Gavin Brebner,
	             Jean-Marc Zucconi, Jeff Blomberg, Benny Halevy, Dave Boone,
	             Erik Habbinga, Kris Strecker, Walter Wong, Joshua Root,
	             Fabrice Bacchella, Zhenghua Xue, Qin Li, Darren Sawyer,
	             Vangel Bojaxhi, Ben England, Vikentsi Lapa,
	             Alexey Skidanov, Sudhir Kumar.

	Run began: Fri Jan  1 00:02:56 2027

	Record Size 1 kB
	File size set to 1024 kB
	Command line used: ./iozone -t 4 -i 0 -i 1 -r 1k -s 1m
	Output is in kBytes/sec
	Time Resolution = 0.000075 seconds.
	Processor cache size set to 1024 kBytes.
	Processor cache line size set to 32 bytes.
	File stride size set to 17 * record size.
	Throughput test with 4 processes
	Each process writes a 1024 kByte file in 1 kByte records

	Children see throughput for  4 initial writers 	=    2235.72 kB/sec
	Parent sees throughput for  4 initial writers 	=    1813.85 kB/sec
	Min throughput per process 			=     485.63 kB/sec 
	Max throughput per process 			=     636.61 kB/sec
	Avg throughput per process 			=     558.93 kB/sec
	Min xfer 					=     988.00 kB

	Children see throughput for  4 rewriters 	=    2446.38 kB/sec
	Parent sees throughput for  4 rewriters 	=    2183.76 kB/sec
	Min throughput per process 			=     581.18 kB/sec 
	Max throughput per process 			=     653.68 kB/sec
	Avg throughput per process 			=     611.60 kB/sec
	Min xfer 					=     989.00 kB

	Children see throughput for  4 readers 		=    8261.20 kB/sec
	Parent sees throughput for  4 readers 		=    7317.26 kB/sec
	Min throughput per process 			=    1952.36 kB/sec 
	Max throughput per process 			=    2131.87 kB/sec
	Avg throughput per process 			=    2065.30 kB/sec
	Min xfer 					=     998.00 kB

	Children see throughput for 4 re-readers 	=    8324.47 kB/sec
	Parent sees throughput for 4 re-readers 	=    6917.21 kB/sec
	Min throughput per process 			=    1801.99 kB/sec 
	Max throughput per process 			=    2283.09 kB/sec
	Avg throughput per process 			=    2081.12 kB/sec
	Min xfer 					=     940.00 kB



iozone test complete.
iozone throughput random-read measurements
	Iozone: Performance Test of File I/O
	        Version $Revision: 3.506 $
		Compiled for 64 bit mode.
		Build: linux 

	Contributors:William Norcott, Don Capps, Isom Crawford, Kirby Collins
	             Al Slater, Scott Rhine, Mike Wisner, Ken Goss
	             Steve Landherr, Brad Smith, Mark Kelly, Dr. Alain CYR,
	             Randy Dunlap, Mark Montague, Dan Million, Gavin Brebner,
	             Jean-Marc Zucconi, Jeff Blomberg, Benny Halevy, Dave Boone,
	             Erik Habbinga, Kris Strecker, Walter Wong, Joshua Root,
	             Fabrice Bacchella, Zhenghua Xue, Qin Li, Darren Sawyer,
	             Vangel Bojaxhi, Ben England, Vikentsi Lapa,
	             Alexey Skidanov, Sudhir Kumar.

	Run began: Fri Jan  1 00:03:18 2027

	Record Size 1 kB
	File size set to 1024 kB
	Command line used: ./iozone -t 4 -i 0 -i 2 -r 1k -s 1m
	Output is in kBytes/sec
	Time Resolution = 0.000075 seconds.
	Processor cache size set to 1024 kBytes.
	Processor cache line size set to 32 bytes.
	File stride size set to 17 * record size.
	Throughput test with 4 processes
	Each process writes a 1024 kByte file in 1 kByte records

	Children see throughput for  4 initial writers 	=    2528.78 kB/sec
	Parent sees throughput for  4 initial writers 	=    1732.56 kB/sec
	Min throughput per process 			=     605.74 kB/sec 
	Max throughput per process 			=     652.37 kB/sec
	Avg throughput per process 			=     632.20 kB/sec
	Min xfer 					=     968.00 kB

	Children see throughput for  4 rewriters 	=    2420.83 kB/sec
	Parent sees throughput for  4 rewriters 	=    2228.85 kB/sec
	Min throughput per process 			=     573.99 kB/sec 
	Max throughput per process 			=     639.59 kB/sec
	Avg throughput per process 			=     605.21 kB/sec
	Min xfer 					=     998.00 kB

	Children see throughput for 4 random readers 	=    5954.87 kB/sec
	Parent sees throughput for 4 random readers 	=    5372.98 kB/sec
	Min throughput per process 			=    1413.70 kB/sec 
	Max throughput per process 			=    1580.03 kB/sec
	Avg throughput per process 			=    1488.72 kB/sec
	Min xfer 					=     973.00 kB

	Children see throughput for 4 random writers 	=    2150.98 kB/sec
	Parent sees throughput for 4 random writers 	=    1956.06 kB/sec
	Min throughput per process 			=     502.76 kB/sec 
	Max throughput per process 			=     568.40 kB/sec
	Avg throughput per process 			=     537.75 kB/sec
	Min xfer 					=     990.00 kB



iozone test complete.
iozone throughput read-backwards measurements
	Iozone: Performance Test of File I/O
	        Version $Revision: 3.506 $
		Compiled for 64 bit mode.
		Build: linux 

	Contributors:William Norcott, Don Capps, Isom Crawford, Kirby Collins
	             Al Slater, Scott Rhine, Mike Wisner, Ken Goss
	             Steve Landherr, Brad Smith, Mark Kelly, Dr. Alain CYR,
	             Randy Dunlap, Mark Montague, Dan Million, Gavin Brebner,
	             Jean-Marc Zucconi, Jeff Blomberg, Benny Halevy, Dave Boone,
	             Erik Habbinga, Kris Strecker, Walter Wong, Joshua Root,
	             Fabrice Bacchella, Zhenghua Xue, Qin Li, Darren Sawyer,
	             Vangel Bojaxhi, Ben England, Vikentsi Lapa,
	             Alexey Skidanov, Sudhir Kumar.

	Run began: Fri Jan  1 00:03:45 2027

	Record Size 1 kB
	File size set to 1024 kB
	Command line used: ./iozone -t 4 -i 0 -i 3 -r 1k -s 1m
	Output is in kBytes/sec
	Time Resolution = 0.000075 seconds.
	Processor cache size set to 1024 kBytes.
	Processor cache line size set to 32 bytes.
	File stride size set to 17 * record size.
	Throughput test with 4 processes
	Each process writes a 1024 kByte file in 1 kByte records

	Children see throughput for  4 initial writers 	=    2315.21 kB/sec
	Parent sees throughput for  4 initial writers 	=    1922.76 kB/sec
	Min throughput per process 			=     514.77 kB/sec 
	Max throughput per process 			=     639.39 kB/sec
	Avg throughput per process 			=     578.80 kB/sec
	Min xfer 					=     994.00 kB

	Children see throughput for  4 rewriters 	=    2438.50 kB/sec
	Parent sees throughput for  4 rewriters 	=    2226.21 kB/sec
	Min throughput per process 			=     578.98 kB/sec 
	Max throughput per process 			=     654.14 kB/sec
	Avg throughput per process 			=     609.63 kB/sec
	Min xfer 					=     983.00 kB

	Children see throughput for 4 reverse readers 	=    5860.91 kB/sec
	Parent sees throughput for 4 reverse readers 	=    5182.33 kB/sec
	Min throughput per process 			=    1369.53 kB/sec 
	Max throughput per process 			=    1579.82 kB/sec
	Avg throughput per process 			=    1465.23 kB/sec
	Min xfer 					=     976.00 kB



iozone test complete.
iozone throughput stride-read measurements
	Iozone: Performance Test of File I/O
	        Version $Revision: 3.506 $
		Compiled for 64 bit mode.
		Build: linux 

	Contributors:William Norcott, Don Capps, Isom Crawford, Kirby Collins
	             Al Slater, Scott Rhine, Mike Wisner, Ken Goss
	             Steve Landherr, Brad Smith, Mark Kelly, Dr. Alain CYR,
	             Randy Dunlap, Mark Montague, Dan Million, Gavin Brebner,
	             Jean-Marc Zucconi, Jeff Blomberg, Benny Halevy, Dave Boone,
	             Erik Habbinga, Kris Strecker, Walter Wong, Joshua Root,
	             Fabrice Bacchella, Zhenghua Xue, Qin Li, Darren Sawyer,
	             Vangel Bojaxhi, Ben England, Vikentsi Lapa,
	             Alexey Skidanov, Sudhir Kumar.

	Run began: Fri Jan  1 00:04:06 2027

	Record Size 1 kB
	File size set to 1024 kB
	Command line used: ./iozone -t 4 -i 0 -i 5 -r 1k -s 1m
	Output is in kBytes/sec
	Time Resolution = 0.000075 seconds.
	Processor cache size set to 1024 kBytes.
	Processor cache line size set to 32 bytes.
	File stride size set to 17 * record size.
	Throughput test with 4 processes
	Each process writes a 1024 kByte file in 1 kByte records

	Children see throughput for  4 initial writers 	=    2398.77 kB/sec
	Parent sees throughput for  4 initial writers 	=    1950.45 kB/sec
	Min throughput per process 			=     513.66 kB/sec 
	Max throughput per process 			=     689.76 kB/sec
	Avg throughput per process 			=     599.69 kB/sec
	Min xfer 					=     978.00 kB

	Children see throughput for  4 rewriters 	=    2714.19 kB/sec
	Parent sees throughput for  4 rewriters 	=    2480.15 kB/sec
	Min throughput per process 			=     637.78 kB/sec 
	Max throughput per process 			=     727.44 kB/sec
	Avg throughput per process 			=     678.55 kB/sec
	Min xfer 					=     973.00 kB

	Children see throughput for 4 stride readers 	=    6083.86 kB/sec
	Parent sees throughput for 4 stride readers 	=    5522.39 kB/sec
	Min throughput per process 			=    1432.23 kB/sec 
	Max throughput per process 			=    1582.28 kB/sec
	Avg throughput per process 			=    1520.96 kB/sec
	Min xfer 					=     977.00 kB



iozone test complete.
iozone throughput fwrite/fread measurements
	Iozone: Performance Test of File I/O
	        Version $Revision: 3.506 $
		Compiled for 64 bit mode.
		Build: linux 

	Contributors:William Norcott, Don Capps, Isom Crawford, Kirby Collins
	             Al Slater, Scott Rhine, Mike Wisner, Ken Goss
	             Steve Landherr, Brad Smith, Mark Kelly, Dr. Alain CYR,
	             Randy Dunlap, Mark Montague, Dan Million, Gavin Brebner,
	             Jean-Marc Zucconi, Jeff Blomberg, Benny Halevy, Dave Boone,
	             Erik Habbinga, Kris Strecker, Walter Wong, Joshua Root,
	             Fabrice Bacchella, Zhenghua Xue, Qin Li, Darren Sawyer,
	             Vangel Bojaxhi, Ben England, Vikentsi Lapa,
	             Alexey Skidanov, Sudhir Kumar.

	Run began: Fri Jan  1 00:04:26 2027

	Record Size 1 kB
	File size set to 1024 kB
	Command line used: ./iozone -t 4 -i 6 -i 7 -r 1k -s 1m
	Output is in kBytes/sec
	Time Resolution = 0.000075 seconds.
	Processor cache size set to 1024 kBytes.
	Processor cache line size set to 32 bytes.
	File stride size set to 17 * record size.
	Throughput test with 4 processes
	Each process writes a 1024 kByte file in 1 kByte records

	Children see throughput for  4 fwriters 	=    2256.50 kB/sec
	Parent sees throughput for  4 fwriters 		=    1894.37 kB/sec
	Min throughput per process 			=     504.91 kB/sec 
	Max throughput per process 			=     630.82 kB/sec
	Avg throughput per process 			=     564.13 kB/sec
	Min xfer 					=    1024.00 kB

	Children see throughput for  4 freaders 	=    5786.44 kB/sec
	Parent sees throughput for  4 freaders 		=    5349.58 kB/sec
	Min throughput per process 			=    1349.75 kB/sec 
	Max throughput per process 			=    1581.68 kB/sec
	Avg throughput per process 			=    1446.61 kB/sec
	Min xfer 					=    1024.00 kB



iozone test complete.
iozone throughput pwrite/pread measurements
	Iozone: Performance Test of File I/O
	        Version $Revision: 3.506 $
		Compiled for 64 bit mode.
		Build: linux 

	Contributors:William Norcott, Don Capps, Isom Crawford, Kirby Collins
	             Al Slater, Scott Rhine, Mike Wisner, Ken Goss
	             Steve Landherr, Brad Smith, Mark Kelly, Dr. Alain CYR,
	             Randy Dunlap, Mark Montague, Dan Million, Gavin Brebner,
	             Jean-Marc Zucconi, Jeff Blomberg, Benny Halevy, Dave Boone,
	             Erik Habbinga, Kris Strecker, Walter Wong, Joshua Root,
	             Fabrice Bacchella, Zhenghua Xue, Qin Li, Darren Sawyer,
	             Vangel Bojaxhi, Ben England, Vikentsi Lapa,
	             Alexey Skidanov, Sudhir Kumar.

	Run began: Fri Jan  1 00:04:41 2027

	Record Size 1 kB
	File size set to 1024 kB
	Command line used: ./iozone -t 4 -i 9 -i 10 -r 1k -s 1m
	Output is in kBytes/sec
	Time Resolution = 0.000076 seconds.
	Processor cache size set to 1024 kBytes.
	Processor cache line size set to 32 bytes.
	File stride size set to 17 * record size.
	Throughput test with 4 processes
	Each process writes a 1024 kByte file in 1 kByte records

	Children see throughput for 4 pwrite writers 	=    2232.20 kB/sec
	Parent sees throughput for 4 pwrite writers 	=    1685.50 kB/sec
	Min throughput per process 			=     455.04 kB/sec 
	Max throughput per process 			=     652.80 kB/sec
	Avg throughput per process 			=     558.05 kB/sec
	Min xfer 					=     965.00 kB

	Children see throughput for 4 pread readers 	=    8727.21 kB/sec
	Parent sees throughput for 4 pread readers 	=    7668.89 kB/sec
	Min throughput per process 			=    2009.73 kB/sec 
	Max throughput per process 			=    2300.24 kB/sec
	Avg throughput per process 			=    2181.80 kB/sec
	Min xfer 					=     998.00 kB



iozone test complete.
iozone throughtput pwritev/preadv measurements
	Iozone: Performance Test of File I/O
	        Version $Revision: 3.506 $
		Compiled for 64 bit mode.
		Build: linux 

	Contributors:William Norcott, Don Capps, Isom Crawford, Kirby Collins
	             Al Slater, Scott Rhine, Mike Wisner, Ken Goss
	             Steve Landherr, Brad Smith, Mark Kelly, Dr. Alain CYR,
	             Randy Dunlap, Mark Montague, Dan Million, Gavin Brebner,
	             Jean-Marc Zucconi, Jeff Blomberg, Benny Halevy, Dave Boone,
	             Erik Habbinga, Kris Strecker, Walter Wong, Joshua Root,
	             Fabrice Bacchella, Zhenghua Xue, Qin Li, Darren Sawyer,
	             Vangel Bojaxhi, Ben England, Vikentsi Lapa,
	             Alexey Skidanov, Sudhir Kumar.

	Run began: Fri Jan  1 00:05:00 2027

	Selected test not available on the version.
	Record Size 1 kB
	File size set to 1024 kB
	Command line used: ./iozone -t 4 -i 11 -i 12 -r 1k -s 1m
	Output is in kBytes/sec
	Time Resolution = 0.000075 seconds.
	Processor cache size set to 1024 kBytes.
	Processor cache line size set to 32 bytes.
	File stride size set to 17 * record size.
	Throughput test with 4 processes
	Each process writes a 1024 kByte file in 1 kByte records

	Children see throughput for  4 initial writers 	=    2284.05 kB/sec
	Parent sees throughput for  4 initial writers 	=    1698.71 kB/sec
	Min throughput per process 			=     533.52 kB/sec 
	Max throughput per process 			=     637.00 kB/sec
	Avg throughput per process 			=     571.01 kB/sec
	Min xfer 					=     970.00 kB

	Children see throughput for  4 rewriters 	=    2395.80 kB/sec
	Parent sees throughput for  4 rewriters 	=    2195.65 kB/sec
	Min throughput per process 			=     568.08 kB/sec 
	Max throughput per process 			=     637.61 kB/sec
	Avg throughput per process 			=     598.95 kB/sec
	Min xfer 					=     990.00 kB



iozone test complete.
#### OS COMP TEST GROUP END iozone-musl ####
#### OS COMP TEST GROUP END iozone-musl ####
[initproc] done iozone_testcode.sh in /musl exit_code=0
#### OS COMP TEST GROUP START iozone-glibc ####
#### OS COMP TEST GROUP START iozone-glibc ####
iozone automatic measurements
	Iozone: Performance Test of File I/O
	        Version $Revision: 3.506 $
		Compiled for 64 bit mode.
		Build: linux 

	Contributors:William Norcott, Don Capps, Isom Crawford, Kirby Collins
	             Al Slater, Scott Rhine, Mike Wisner, Ken Goss
	             Steve Landherr, Brad Smith, Mark Kelly, Dr. Alain CYR,
	             Randy Dunlap, Mark Montague, Dan Million, Gavin Brebner,
	             Jean-Marc Zucconi, Jeff Blomberg, Benny Halevy, Dave Boone,
	             Erik Habbinga, Kris Strecker, Walter Wong, Joshua Root,
	             Fabrice Bacchella, Zhenghua Xue, Qin Li, Darren Sawyer,
	             Vangel Bojaxhi, Ben England, Vikentsi Lapa,
	             Alexey Skidanov, Sudhir Kumar.

	Run began: Fri Jan  1 00:05:18 2027

	Auto Mode
	Record Size 1 kB
	File size set to 4096 kB
	Command line used: ./iozone -a -r 1k -s 4m
	Output is in kBytes/sec
	Time Resolution = 0.000077 seconds.
	Processor cache size set to 1024 kBytes.
	Processor cache line size set to 32 bytes.
	File stride size set to 17 * record size.
                                                                    random    random      bkwd     record     stride                                        
              kB  reclen    write    rewrite      read    reread      read     write      read    rewrite       read    fwrite  frewrite     fread   freread
            4096       1      2482      2545      8039      8133      5904      2150      5938       2228       5965      2396      2516      7860      7879

iozone test complete.
iozone throughput write/read measurements
	Iozone: Performance Test of File I/O
	        Version $Revision: 3.506 $
		Compiled for 64 bit mode.
		Build: linux 

	Contributors:William Norcott, Don Capps, Isom Crawford, Kirby Collins
	             Al Slater, Scott Rhine, Mike Wisner, Ken Goss
	             Steve Landherr, Brad Smith, Mark Kelly, Dr. Alain CYR,
	             Randy Dunlap, Mark Montague, Dan Million, Gavin Brebner,
	             Jean-Marc Zucconi, Jeff Blomberg, Benny Halevy, Dave Boone,
	             Erik Habbinga, Kris Strecker, Walter Wong, Joshua Root,
	             Fabrice Bacchella, Zhenghua Xue, Qin Li, Darren Sawyer,
	             Vangel Bojaxhi, Ben England, Vikentsi Lapa,
	             Alexey Skidanov, Sudhir Kumar.

	Run began: Fri Jan  1 00:05:38 2027

	Record Size 1 kB
	File size set to 1024 kB
	Command line used: ./iozone -t 4 -i 0 -i 1 -r 1k -s 1m
	Output is in kBytes/sec
	Time Resolution = 0.000078 seconds.
	Processor cache size set to 1024 kBytes.
	Processor cache line size set to 32 bytes.
	File stride size set to 17 * record size.
	Throughput test with 4 processes
	Each process writes a 1024 kByte file in 1 kByte records

	Children see throughput for  4 initial writers 	=    2529.24 kB/sec
	Parent sees throughput for  4 initial writers 	=    1737.74 kB/sec
	Min throughput per process 			=     610.74 kB/sec 
	Max throughput per process 			=     652.58 kB/sec
	Avg throughput per process 			=     632.31 kB/sec
	Min xfer 					=     976.00 kB

	Children see throughput for  4 rewriters 	=    2447.14 kB/sec
	Parent sees throughput for  4 rewriters 	=    2139.89 kB/sec
	Min throughput per process 			=     561.10 kB/sec 
	Max throughput per process 			=     652.44 kB/sec
	Avg throughput per process 			=     611.78 kB/sec
	Min xfer 					=     973.00 kB

	Children see throughput for  4 readers 		=    8309.10 kB/sec
	Parent sees throughput for  4 readers 		=    7267.73 kB/sec
	Min throughput per process 			=    1927.17 kB/sec 
	Max throughput per process 			=    2281.28 kB/sec
	Avg throughput per process 			=    2077.28 kB/sec
	Min xfer 					=     927.00 kB

	Children see throughput for 4 re-readers 	=    8506.52 kB/sec
	Parent sees throughput for 4 re-readers 	=    6983.67 kB/sec
	Min throughput per process 			=    1994.07 kB/sec 
	Max throughput per process 			=    2284.84 kB/sec
	Avg throughput per process 			=    2126.63 kB/sec
	Min xfer 					=     942.00 kB



iozone test complete.
iozone throughput random-read measurements
	Iozone: Performance Test of File I/O
	        Version $Revision: 3.506 $
		Compiled for 64 bit mode.
		Build: linux 

	Contributors:William Norcott, Don Capps, Isom Crawford, Kirby Collins
	             Al Slater, Scott Rhine, Mike Wisner, Ken Goss
	             Steve Landherr, Brad Smith, Mark Kelly, Dr. Alain CYR,
	             Randy Dunlap, Mark Montague, Dan Million, Gavin Brebner,
	             Jean-Marc Zucconi, Jeff Blomberg, Benny Halevy, Dave Boone,
	             Erik Habbinga, Kris Strecker, Walter Wong, Joshua Root,
	             Fabrice Bacchella, Zhenghua Xue, Qin Li, Darren Sawyer,
	             Vangel Bojaxhi, Ben England, Vikentsi Lapa,
	             Alexey Skidanov, Sudhir Kumar.

	Run began: Fri Jan  1 00:06:02 2027

	Record Size 1 kB
	File size set to 1024 kB
	Command line used: ./iozone -t 4 -i 0 -i 2 -r 1k -s 1m
	Output is in kBytes/sec
	Time Resolution = 0.000086 seconds.
	Processor cache size set to 1024 kBytes.
	Processor cache line size set to 32 bytes.
	File stride size set to 17 * record size.
	Throughput test with 4 processes
	Each process writes a 1024 kByte file in 1 kByte records

	Children see throughput for  4 initial writers 	=    2273.07 kB/sec
	Parent sees throughput for  4 initial writers 	=    1717.21 kB/sec
	Min throughput per process 			=     509.00 kB/sec 
	Max throughput per process 			=     654.49 kB/sec
	Avg throughput per process 			=     568.27 kB/sec
	Min xfer 					=     981.00 kB

	Children see throughput for  4 rewriters 	=    2397.82 kB/sec
	Parent sees throughput for  4 rewriters 	=    2160.51 kB/sec
	Min throughput per process 			=     571.21 kB/sec 
	Max throughput per process 			=     636.84 kB/sec
	Avg throughput per process 			=     599.46 kB/sec
	Min xfer 					=     996.00 kB

	Children see throughput for 4 random readers 	=    4469.38 kB/sec
	Parent sees throughput for 4 random readers 	=    3558.38 kB/sec
	Min throughput per process 			=     949.06 kB/sec 
	Max throughput per process 			=    1490.33 kB/sec
	Avg throughput per process 			=    1117.34 kB/sec
	Min xfer 					=     962.00 kB

	Children see throughput for 4 random writers 	=    2227.05 kB/sec
	Parent sees throughput for 4 random writers 	=    2040.28 kB/sec
	Min throughput per process 			=     523.95 kB/sec 
	Max throughput per process 			=     580.99 kB/sec
	Avg throughput per process 			=     556.76 kB/sec
	Min xfer 					=     993.00 kB



iozone test complete.
iozone throughput read-backwards measurements
	Iozone: Performance Test of File I/O
	        Version $Revision: 3.506 $
		Compiled for 64 bit mode.
		Build: linux 

	Contributors:William Norcott, Don Capps, Isom Crawford, Kirby Collins
	             Al Slater, Scott Rhine, Mike Wisner, Ken Goss
	             Steve Landherr, Brad Smith, Mark Kelly, Dr. Alain CYR,
	             Randy Dunlap, Mark Montague, Dan Million, Gavin Brebner,
	             Jean-Marc Zucconi, Jeff Blomberg, Benny Halevy, Dave Boone,
	             Erik Habbinga, Kris Strecker, Walter Wong, Joshua Root,
	             Fabrice Bacchella, Zhenghua Xue, Qin Li, Darren Sawyer,
	             Vangel Bojaxhi, Ben England, Vikentsi Lapa,
	             Alexey Skidanov, Sudhir Kumar.

	Run began: Fri Jan  1 00:06:32 2027

	Record Size 1 kB
	File size set to 1024 kB
	Command line used: ./iozone -t 4 -i 0 -i 3 -r 1k -s 1m
	Output is in kBytes/sec
	Time Resolution = 0.000077 seconds.
	Processor cache size set to 1024 kBytes.
	Processor cache line size set to 32 bytes.
	File stride size set to 17 * record size.
	Throughput test with 4 processes
	Each process writes a 1024 kByte file in 1 kByte records

	Children see throughput for  4 initial writers 	=    2226.78 kB/sec
	Parent sees throughput for  4 initial writers 	=    1770.15 kB/sec
	Min throughput per process 			=     481.42 kB/sec 
	Max throughput per process 			=     639.76 kB/sec
	Avg throughput per process 			=     556.69 kB/sec
	Min xfer 					=     995.00 kB

	Children see throughput for  4 rewriters 	=    2408.87 kB/sec
	Parent sees throughput for  4 rewriters 	=    2218.62 kB/sec
	Min throughput per process 			=     565.53 kB/sec 
	Max throughput per process 			=     637.63 kB/sec
	Avg throughput per process 			=     602.22 kB/sec
	Min xfer 					=     985.00 kB

	Children see throughput for 4 reverse readers 	=    6128.11 kB/sec
	Parent sees throughput for 4 reverse readers 	=    5543.33 kB/sec
	Min throughput per process 			=    1442.29 kB/sec 
	Max throughput per process 			=    1589.81 kB/sec
	Avg throughput per process 			=    1532.03 kB/sec
	Min xfer 					=     981.00 kB



iozone test complete.
iozone throughput stride-read measurements
	Iozone: Performance Test of File I/O
	        Version $Revision: 3.506 $
		Compiled for 64 bit mode.
		Build: linux 

	Contributors:William Norcott, Don Capps, Isom Crawford, Kirby Collins
	             Al Slater, Scott Rhine, Mike Wisner, Ken Goss
	             Steve Landherr, Brad Smith, Mark Kelly, Dr. Alain CYR,
	             Randy Dunlap, Mark Montague, Dan Million, Gavin Brebner,
	             Jean-Marc Zucconi, Jeff Blomberg, Benny Halevy, Dave Boone,
	             Erik Habbinga, Kris Strecker, Walter Wong, Joshua Root,
	             Fabrice Bacchella, Zhenghua Xue, Qin Li, Darren Sawyer,
	             Vangel Bojaxhi, Ben England, Vikentsi Lapa,
	             Alexey Skidanov, Sudhir Kumar.

	Run began: Fri Jan  1 00:06:55 2027

	Record Size 1 kB
	File size set to 1024 kB
	Command line used: ./iozone -t 4 -i 0 -i 5 -r 1k -s 1m
	Output is in kBytes/sec
	Time Resolution = 0.000077 seconds.
	Processor cache size set to 1024 kBytes.
	Processor cache line size set to 32 bytes.
	File stride size set to 17 * record size.
	Throughput test with 4 processes
	Each process writes a 1024 kByte file in 1 kByte records

	Children see throughput for  4 initial writers 	=    2214.89 kB/sec
	Parent sees throughput for  4 initial writers 	=    1584.75 kB/sec
	Min throughput per process 			=     503.98 kB/sec 
	Max throughput per process 			=     653.99 kB/sec
	Avg throughput per process 			=     553.72 kB/sec
	Min xfer 					=     967.00 kB

	Children see throughput for  4 rewriters 	=    2556.36 kB/sec
	Parent sees throughput for  4 rewriters 	=    2348.41 kB/sec
	Min throughput per process 			=     603.70 kB/sec 
	Max throughput per process 			=     672.92 kB/sec
	Avg throughput per process 			=     639.09 kB/sec
	Min xfer 					=     999.00 kB

	Children see throughput for 4 stride readers 	=    6022.27 kB/sec
	Parent sees throughput for 4 stride readers 	=    4454.64 kB/sec
	Min throughput per process 			=    1388.80 kB/sec 
	Max throughput per process 			=    1585.19 kB/sec
	Avg throughput per process 			=    1505.57 kB/sec
	Min xfer 					=     987.00 kB



iozone test complete.
iozone throughput fwrite/fread measurements
	Iozone: Performance Test of File I/O
	        Version $Revision: 3.506 $
		Compiled for 64 bit mode.
		Build: linux 

	Contributors:William Norcott, Don Capps, Isom Crawford, Kirby Collins
	             Al Slater, Scott Rhine, Mike Wisner, Ken Goss
	             Steve Landherr, Brad Smith, Mark Kelly, Dr. Alain CYR,
	             Randy Dunlap, Mark Montague, Dan Million, Gavin Brebner,
	             Jean-Marc Zucconi, Jeff Blomberg, Benny Halevy, Dave Boone,
	             Erik Habbinga, Kris Strecker, Walter Wong, Joshua Root,
	             Fabrice Bacchella, Zhenghua Xue, Qin Li, Darren Sawyer,
	             Vangel Bojaxhi, Ben England, Vikentsi Lapa,
	             Alexey Skidanov, Sudhir Kumar.

	Run began: Fri Jan  1 00:07:18 2027

	Record Size 1 kB
	File size set to 1024 kB
	Command line used: ./iozone -t 4 -i 6 -i 7 -r 1k -s 1m
	Output is in kBytes/sec
	Time Resolution = 0.000072 seconds.
	Processor cache size set to 1024 kBytes.
	Processor cache line size set to 32 bytes.
	File stride size set to 17 * record size.
	Throughput test with 4 processes
	Each process writes a 1024 kByte file in 1 kByte records

	Children see throughput for  4 fwriters 	=    2297.52 kB/sec
	Parent sees throughput for  4 fwriters 		=    1748.01 kB/sec
	Min throughput per process 			=     474.46 kB/sec 
	Max throughput per process 			=     670.14 kB/sec
	Avg throughput per process 			=     574.38 kB/sec
	Min xfer 					=    1024.00 kB

	Children see throughput for  4 freaders 	=    8255.48 kB/sec
	Parent sees throughput for  4 freaders 		=    7520.14 kB/sec
	Min throughput per process 			=    1953.37 kB/sec 
	Max throughput per process 			=    2106.15 kB/sec
	Avg throughput per process 			=    2063.87 kB/sec
	Min xfer 					=    1024.00 kB



iozone test complete.
iozone throughput pwrite/pread measurements
	Iozone: Performance Test of File I/O
	        Version $Revision: 3.506 $
		Compiled for 64 bit mode.
		Build: linux 

	Contributors:William Norcott, Don Capps, Isom Crawford, Kirby Collins
	             Al Slater, Scott Rhine, Mike Wisner, Ken Goss
	             Steve Landherr, Brad Smith, Mark Kelly, Dr. Alain CYR,
	             Randy Dunlap, Mark Montague, Dan Million, Gavin Brebner,
	             Jean-Marc Zucconi, Jeff Blomberg, Benny Halevy, Dave Boone,
	             Erik Habbinga, Kris Strecker, Walter Wong, Joshua Root,
	             Fabrice Bacchella, Zhenghua Xue, Qin Li, Darren Sawyer,
	             Vangel Bojaxhi, Ben England, Vikentsi Lapa,
	             Alexey Skidanov, Sudhir Kumar.

	Run began: Fri Jan  1 00:07:35 2027

	Record Size 1 kB
	File size set to 1024 kB
	Command line used: ./iozone -t 4 -i 9 -i 10 -r 1k -s 1m
	Output is in kBytes/sec
	Time Resolution = 0.000077 seconds.
	Processor cache size set to 1024 kBytes.
	Processor cache line size set to 32 bytes.
	File stride size set to 17 * record size.
	Throughput test with 4 processes
	Each process writes a 1024 kByte file in 1 kByte records

	Children see throughput for 4 pwrite writers 	=    2389.59 kB/sec
	Parent sees throughput for 4 pwrite writers 	=    1719.63 kB/sec
	Min throughput per process 			=     564.59 kB/sec 
	Max throughput per process 			=     655.58 kB/sec
	Avg throughput per process 			=     597.40 kB/sec
	Min xfer 					=     979.00 kB

	Children see throughput for 4 pread readers 	=    8011.45 kB/sec
	Parent sees throughput for 4 pread readers 	=    3719.12 kB/sec
	Min throughput per process 			=    1383.63 kB/sec 
	Max throughput per process 			=    2311.74 kB/sec
	Avg throughput per process 			=    2002.86 kB/sec
	Min xfer 					=     991.00 kB



iozone test complete.
iozone throughtput pwritev/preadv measurements
	Iozone: Performance Test of File I/O
	        Version $Revision: 3.506 $
		Compiled for 64 bit mode.
		Build: linux 

	Contributors:William Norcott, Don Capps, Isom Crawford, Kirby Collins
	             Al Slater, Scott Rhine, Mike Wisner, Ken Goss
	             Steve Landherr, Brad Smith, Mark Kelly, Dr. Alain CYR,
	             Randy Dunlap, Mark Montague, Dan Million, Gavin Brebner,
	             Jean-Marc Zucconi, Jeff Blomberg, Benny Halevy, Dave Boone,
	             Erik Habbinga, Kris Strecker, Walter Wong, Joshua Root,
	             Fabrice Bacchella, Zhenghua Xue, Qin Li, Darren Sawyer,
	             Vangel Bojaxhi, Ben England, Vikentsi Lapa,
	             Alexey Skidanov, Sudhir Kumar.

	Run began: Fri Jan  1 00:07:56 2027

	Selected test not available on the version.
	Record Size 1 kB
	File size set to 1024 kB
	Command line used: ./iozone -t 4 -i 11 -i 12 -r 1k -s 1m
	Output is in kBytes/sec
	Time Resolution = 0.000077 seconds.
	Processor cache size set to 1024 kBytes.
	Processor cache line size set to 32 bytes.
	File stride size set to 17 * record size.
	Throughput test with 4 processes
	Each process writes a 1024 kByte file in 1 kByte records

	Children see throughput for  4 initial writers 	=    2277.73 kB/sec
	Parent sees throughput for  4 initial writers 	=    1655.93 kB/sec
	Min throughput per process 			=     509.34 kB/sec 
	Max throughput per process 			=     653.60 kB/sec
	Avg throughput per process 			=     569.43 kB/sec
	Min xfer 					=     980.00 kB

	Children see throughput for  4 rewriters 	=    2247.52 kB/sec
	Parent sees throughput for  4 rewriters 	=    2046.95 kB/sec
	Min throughput per process 			=     538.81 kB/sec 
	Max throughput per process 			=     594.79 kB/sec
	Avg throughput per process 			=     561.88 kB/sec
	Min xfer 					=     988.00 kB



iozone test complete.
#### OS COMP TEST GROUP END iozone-glibc ####
#### OS COMP TEST GROUP END iozone-glibc ####
[initproc] done iozone_testcode.sh in /glibc exit_code=0
[initproc] skip libcbench (mask bit7 not set)
[initproc] skip netperf (mask bit9 not set)
[initproc] skip iperf (mask bit6 not set)
[initproc] skip libctest (mask bit3 not set)
[initproc] skip cyclictest (mask bit10 not set)
[initproc] skip ltp (mask bit11 not set)
[initproc] skip cpython (mask bit12 not set)
[initproc] skip unixbench (mask bit5 not set)
[initproc] run_selected_groups done
