make: Entering directory '/app/os'
Rust toolchain preflight passed: nightly-2026-05-10
[kernel] UART address: 0x1fe001e0
[bootstrap_init] address bits: hardware VALEN=48 PALEN=48, build VALEN=48 PALEN=48
[bootstrap_init] PRCfg1 { SAVE reg. number: 8, Timer bits: 48, max vector entry spacing: 7 }
[firmware] Using static memory configuration (no DTB or FDT parse failed)
[kernel] logger inited, level= Off
[kernel] Boot protocol: LoongArchLegacy, hart_id=1, dtb_paddr=0x0
[kernel] Console initialized.
[memory] 127684 usable physical frames across 1 region(s)
[memory] region0: [0x90d3c000, 0xb0000000) frames=127684
.text [0x80000000, 0x802d7000)
.rodata [0x802d7000, 0x802f9000)
.data [0x8034e000, 0x80c2a000)
.bss [0x80c2a000, 0x90d3c000)
mapping .text section
mapping .rodata section
mapping .data section
mapping .bss section
mapping physical memory region
mapping memory-mapped registers
[kernel] Hello, world!
[get_timer_freq_first_time] clk freq: 100000000(from CPUCFG)
[machine_init] address bits: hardware VALEN=48 PALEN=48, build VALEN=48 PALEN=48
[CPUCFG 0x0] 1359888
[CPUCFG 0x1] 66253566
[CPUCFG 0x2] 6340815
[CPUCFG 0x3] 0
[CPUCFG 0x4] 100000000
[CPUCFG 0x5] 65537
[CPUCFG 0x6] 0
[CPUCFG 0x10] 11325
[CPUCFG 0x11] 101187587
[CPUCFG 0x12] 101187587
[CPUCFG 0x13] 101187599
[CPUCFG 0x14] 101580815
Misc { 32-bit addr plv(1,2,3):: false,false,false, rdtime allowed for plv(1,2,3):: false,false,false, Disable dirty bit check for plv(0,1,2):: false,false,false, Misalignment check for plv(0,1,2,4):: false,false,false,false }
RVACfg { rbits: 0 }
[machine_init] MMAP_BASE: 0xffffff8000000000
[PCI] ECAM base: 0x20000000
[PCI] Device DeviceFunction { bus: 0, device: 0, function: 0 }: vendor=0x1b36 device=0x8
[PCI] Device DeviceFunction { bus: 0, device: 1, function: 0 }: vendor=0x1af4 device=0x1001
[PCI] VirtIO device: Block
[PCI] Device DeviceFunction { bus: 0, device: 2, function: 0 }: vendor=0x1af4 device=0x1001
[PCI] VirtIO device: Block
[PCI] Device DeviceFunction { bus: 0, device: 3, function: 0 }: vendor=0x1af4 device=0x1000
[PCI] VirtIO device: Network
[kernel] PRNG init warning: Entropy(DeviceUnavailable)
[memory] reclaimed linker frames: [0x8034e000, 0x80c14000) frames=2246
[initramfs] unpacked: files=39 dirs=23 symlinks=1 bytes=9192128
[initramfs] VFS_ROOT initialized (ramfs + cpio unpack + dev/proc/tmp)
[PCI] ECAM base: 0x20000000
[PCI] Device DeviceFunction { bus: 0, device: 0, function: 0 }: vendor=0x1b36 device=0x8
[PCI] Device DeviceFunction { bus: 0, device: 1, function: 0 }: vendor=0x1af4 device=0x1001
[PCI] VirtIO device: Block
[PCI] Device DeviceFunction { bus: 0, device: 2, function: 0 }: vendor=0x1af4 device=0x1001
[PCI] VirtIO device: Block
[PCI] Device DeviceFunction { bus: 0, device: 3, function: 0 }: vendor=0x1af4 device=0x1000
[PCI] VirtIO device: Network
[PCI] Configuring BARs...
[PCI] BAR1: Width32, addr=0x0, size=0x1000
[PCI] BAR4: Width64, addr=0x0, size=0x4000
[PCI] BAR4 is 64-bit
[PCI] Device enabled.
[PCI] ECAM base: 0x20000000
[PCI] Device DeviceFunction { bus: 0, device: 0, function: 0 }: vendor=0x1b36 device=0x8
[PCI] Device DeviceFunction { bus: 0, device: 1, function: 0 }: vendor=0x1af4 device=0x1001
[PCI] VirtIO device: Block
[PCI] Configuring BARs...
[PCI] BAR1: Width32, addr=0x0, size=0x1000
[PCI] BAR4: Width64, addr=0x0, size=0x4000
[PCI] BAR4 is 64-bit
[PCI] Device enabled.
[PCI] Device DeviceFunction { bus: 0, device: 2, function: 0 }: vendor=0x1af4 device=0x1001
[PCI] VirtIO device: Block
[PCI] Configuring BARs...
[PCI] BAR1: Width32, addr=0x0, size=0x1000
[PCI] BAR4: Width64, addr=0x0, size=0x4000
[PCI] BAR4 is 64-bit
[PCI] Device enabled.
[PCI] Device DeviceFunction { bus: 0, device: 3, function: 0 }: vendor=0x1af4 device=0x1000
[PCI] VirtIO device: Network
[kernel] block device 0: official fs (DeviceFunction { bus: 0, device: 1, function: 0 })
[kernel] block device 1: tools disk (DeviceFunction { bus: 0, device: 2, function: 0 })
[mbr] registered /dev/vdb1 (type=0x83, size=2048M)
[mbr] registered /dev/vdb2 (type=0xc, size=1280M)
[ext4] backend: another_ext4
[kernel] root device mounted at sdcard
[mbr] registered /dev/vdb1 (type=0x83, size=2048M)
[mbr] registered /dev/vdb2 (type=0xc, size=1280M)
[ext4] backend: another_ext4
[kernel] tools disk (vdb1) mounted at tools
[kernel] net interface initialized (RoutingDevice: lo + eth)
[init] pseudo-fs mount framework ready
[init] /tmp is bind-mounted from ext4 /sdcard/tmp
[init] /etc is bind-mounted from tools disk
[init] bind mount /tools/bin -> /bin
[init] bind mount /tools/sbin -> /sbin
[init] bind mount /tools/lib -> /lib
[init] bind mount /tools/usr -> /usr
[init] bind mount /tools/root -> /root: skipped (errno=2)
[init] PID1 profile=normal runner=/test-runner
[test-runner] synchronizing clock
[initproc] config source=/sdcard/os_test.conf mode=run mask=0x800 timer_smoke=false skip_apk=true
[initproc] ensuring base directories...
[initproc] runtime layout ready
[initproc] linking musl/glibc libs to /lib ...
[initproc] lib linking done, exit=0
[initproc] prepare lmbench compatibility ...
[initproc] lmbench compatibility done, exit=0
[initproc] install libgcc_s: already exists, skipping
[initproc] skip_apk=true: skipping install_apk_packages
[initproc] run_selected_groups start mask=0x800
[initproc] skip basic (mask bit0 not set)
[initproc] skip busybox (mask bit1 not set)
[initproc] skip lua (mask bit2 not set)
[initproc] skip lmbench (mask bit8 not set)
[initproc] skip iozone (mask bit4 not set)
[initproc] skip libcbench (mask bit7 not set)
[initproc] skip netperf (mask bit9 not set)
[initproc] skip iperf (mask bit6 not set)
[initproc] skip libctest (mask bit3 not set)
[initproc] skip cyclictest (mask bit10 not set)
#### OS COMP TEST GROUP START ltp-glibc ####
[ltprunner] suite 'fs': parsed 68 cases
[ltprunner] suite 'fs_perms_simple': parsed 18 cases
[ltprunner] suite 'fs_readonly': parsed 55 cases
[ltprunner] suite 'syscalls': parsed 1411 cases
[ltprunner] suite 'fcntl-locktests': parsed 1 cases
[ltprunner] libc=glibc
[ltprunner] ltproot=/glibc/ltp
[ltprunner] suites=fs,fs_perms_simple,fs_readonly,syscalls,fcntl-locktests
[ltprunner] raw cases=1553
[ltprunner] include=open03,open04,close01,close02,read01,read02,write01,write02,write06,lseek01,stat02,fstat02,lstat02,statx01,statx02,access01,getcwd01,chdir04,getdents01,dup01,dup02,dup03,dup04,dup05,dup06,dup07,dup201,dup202,dup203,dup204,dup205,dup206,dup207,dup3_01,fcntl01,fcntl02,fcntl03,fcntl04,fcntl05,fcntl08,fcntl13,fcntl14,creat01,creat03,creat05,unlink05,unlink07,unlink08,link02,link04,link05,readlink01,readlink03,ftruncate01,chown01,rmdir01,symlink01,pipe13,fsync01
[ltprunner] exclude=rt_sigtimedwait01,timerfd04,timerfd_settime02,acct01,acct02,acct02_helper,cacheflush01,clock_gettime03,clock_nanosleep03,clone303,eventfd06,fork13,fork14,futex_waitv01,futex_waitv02,futex_waitv03,futex_wake04,get_mempolicy01,get_mempolicy02,kill13,madvise06,madvise07,madvise08,madvise09,madvise11,memfd_create03,memfd_create04,msgctl05,msgstress01,process_madvise01,prctl06,prctl06_execve,prctl07,prctl10,rt_tgsigqueueinfo01,semctl08,set_thread_area01,sgetmask01,signal06,ssetmask01,sysinfo03,timer_create01,timer_create02,userfaultfd01,ustat01,ustat02
[ltprunner] filtered=59 start_idx=146
[ltprunner] group_timeout_secs=23950
[ltprunner] case_timeout_secs=150
=== LTP SUITE syscalls ===
[ltprunner] #146 suite=syscalls case=access01
RUN LTP CASE access01
ERROR: ld.so: object '/ltp_proto_compat.so' from LD_PRELOAD cannot be preloaded (cannot open shared object file): ignored.
tst_memutils.c:152: [1;34mTINFO: [0moom_score_adj does not exist, skipping the adjustment
tst_test.c:1733: [1;34mTINFO: [0mLTP version: 20240524
tst_test.c:1617: [1;34mTINFO: [0mTimeout per run is 0h 01m 00s
tst_memutils.c:152: [1;34mTINFO: [0moom_score_adj does not exist, skipping the adjustment
access01.c:245: [1;32mTPASS: [0maccess(accessfile_rwx, F_OK) as root passed
access01.c:245: [1;32mTPASS: [0maccess(accessfile_rwx, F_OK) as nobody passed
access01.c:245: [1;32mTPASS: [0maccess(accessfile_rwx, X_OK) as root passed
access01.c:245: [1;32mTPASS: [0maccess(accessfile_rwx, X_OK) as nobody passed
access01.c:245: [1;32mTPASS: [0maccess(accessfile_rwx, W_OK) as root passed
access01.c:245: [1;32mTPASS: [0maccess(accessfile_rwx, W_OK) as nobody passed
access01.c:245: [1;32mTPASS: [0maccess(accessfile_rwx, R_OK) as root passed
access01.c:245: [1;32mTPASS: [0maccess(accessfile_rwx, R_OK) as nobody passed
access01.c:245: [1;32mTPASS: [0maccess(accessfile_rwx, R_OK|W_OK) as root passed
access01.c:245: [1;32mTPASS: [0maccess(accessfile_rwx, R_OK|W_OK) as nobody passed
access01.c:245: [1;32mTPASS: [0maccess(accessfile_rwx, R_OK|X_OK) as root passed
access01.c:245: [1;32mTPASS: [0maccess(accessfile_rwx, R_OK|X_OK) as nobody passed
access01.c:245: [1;32mTPASS: [0maccess(accessfile_rwx, W_OK|X_OK) as root passed
access01.c:245: [1;32mTPASS: [0maccess(accessfile_rwx, W_OK|X_OK) as nobody passed
access01.c:245: [1;32mTPASS: [0maccess(accessfile_rwx, R_OK|W_OK|X_OK) as root passed
access01.c:245: [1;32mTPASS: [0maccess(accessfile_rwx, R_OK|W_OK|X_OK) as nobody passed
access01.c:245: [1;32mTPASS: [0maccess(accessfile_x, X_OK) as root passed
access01.c:245: [1;32mTPASS: [0maccess(accessfile_x, X_OK) as nobody passed
access01.c:245: [1;32mTPASS: [0maccess(accessfile_w, W_OK) as root passed
access01.c:245: [1;32mTPASS: [0maccess(accessfile_w, W_OK) as nobody passed
access01.c:245: [1;32mTPASS: [0maccess(accessfile_r, R_OK) as root passed
access01.c:245: [1;32mTPASS: [0maccess(accessfile_r, R_OK) as nobody passed
access01.c:242: [1;32mTPASS: [0maccess(accessfile_r, X_OK) as root : EACCES (13)
access01.c:242: [1;32mTPASS: [0maccess(accessfile_r, X_OK) as nobody : EACCES (13)
access01.c:242: [1;32mTPASS: [0maccess(accessfile_r, W_OK) as nobody : EACCES (13)
access01.c:242: [1;32mTPASS: [0maccess(accessfile_w, R_OK) as nobody : EACCES (13)
access01.c:242: [1;32mTPASS: [0maccess(accessfile_w, X_OK) as root : EACCES (13)
access01.c:242: [1;32mTPASS: [0maccess(accessfile_w, X_OK) as nobody : EACCES (13)
access01.c:242: [1;32mTPASS: [0maccess(accessfile_x, R_OK) as nobody : EACCES (13)
access01.c:242: [1;32mTPASS: [0maccess(accessfile_x, W_OK) as nobody : EACCES (13)
access01.c:242: [1;32mTPASS: [0maccess(accessfile_r, W_OK|X_OK) as root : EACCES (13)
access01.c:242: [1;32mTPASS: [0maccess(accessfile_r, W_OK|X_OK) as nobody : EACCES (13)
access01.c:242: [1;32mTPASS: [0maccess(accessfile_r, R_OK|X_OK) as root : EACCES (13)
access01.c:242: [1;32mTPASS: [0maccess(accessfile_r, R_OK|X_OK) as nobody : EACCES (13)
access01.c:242: [1;32mTPASS: [0maccess(accessfile_r, R_OK|W_OK) as nobody : EACCES (13)
access01.c:242: [1;32mTPASS: [0maccess(accessfile_r, R_OK|W_OK|X_OK) as root : EACCES (13)
access01.c:242: [1;32mTPASS: [0maccess(accessfile_r, R_OK|W_OK|X_OK) as nobody : EACCES (13)
access01.c:242: [1;32mTPASS: [0maccess(accessfile_w, W_OK|X_OK) as root : EACCES (13)
access01.c:242: [1;32mTPASS: [0maccess(accessfile_w, W_OK|X_OK) as nobody : EACCES (13)
access01.c:242: [1;32mTPASS: [0maccess(accessfile_w, R_OK|X_OK) as root : EACCES (13)
access01.c:242: [1;32mTPASS: [0maccess(accessfile_w, R_OK|X_OK) as nobody : EACCES (13)
access01.c:242: [1;32mTPASS: [0maccess(accessfile_w, R_OK|W_OK) as nobody : EACCES (13)
access01.c:242: [1;32mTPASS: [0maccess(accessfile_w, R_OK|W_OK|X_OK) as root : EACCES (13)
access01.c:242: [1;32mTPASS: [0maccess(accessfile_w, R_OK|W_OK|X_OK) as nobody : EACCES (13)
access01.c:242: [1;32mTPASS: [0maccess(accessfile_x, W_OK|X_OK) as nobody : EACCES (13)
access01.c:242: [1;32mTPASS: [0maccess(accessfile_x, R_OK|X_OK) as nobody : EACCES (13)
access01.c:242: [1;32mTPASS: [0maccess(accessfile_x, R_OK|W_OK) as nobody : EACCES (13)
access01.c:242: [1;32mTPASS: [0maccess(accessfile_x, R_OK|W_OK|X_OK) as nobody : EACCES (13)
access01.c:245: [1;32mTPASS: [0maccess(accessfile_r, W_OK) as root passed
access01.c:245: [1;32mTPASS: [0maccess(accessfile_r, R_OK|W_OK) as root passed
access01.c:245: [1;32mTPASS: [0maccess(accessfile_w, R_OK) as root passed
access01.c:245: [1;32mTPASS: [0maccess(accessfile_w, R_OK|W_OK) as root passed
access01.c:245: [1;32mTPASS: [0maccess(accessfile_x, R_OK) as root passed
access01.c:245: [1;32mTPASS: [0maccess(accessfile_x, W_OK) as root passed
access01.c:245: [1;32mTPASS: [0maccess(accessfile_x, R_OK|W_OK) as root passed
access01.c:245: [1;32mTPASS: [0maccess(accessdir_r/accessfile_r, F_OK) as root passed
access01.c:245: [1;32mTPASS: [0maccess(accessdir_r/accessfile_r, R_OK) as root passed
access01.c:245: [1;32mTPASS: [0maccess(accessdir_r/accessfile_r, W_OK) as root passed
access01.c:245: [1;32mTPASS: [0maccess(accessdir_r/accessfile_w, F_OK) as root passed
access01.c:245: [1;32mTPASS: [0maccess(accessdir_r/accessfile_w, R_OK) as root passed
access01.c:245: [1;32mTPASS: [0maccess(accessdir_r/accessfile_w, W_OK) as root passed
access01.c:245: [1;32mTPASS: [0maccess(accessdir_r/accessfile_x, F_OK) as root passed
access01.c:245: [1;32mTPASS: [0maccess(accessdir_r/accessfile_x, R_OK) as root passed
access01.c:245: [1;32mTPASS: [0maccess(accessdir_r/accessfile_x, W_OK) as root passed
access01.c:245: [1;32mTPASS: [0maccess(accessdir_r/accessfile_x, X_OK) as root passed
access01.c:245: [1;32mTPASS: [0maccess(accessdir_w/accessfile_r, F_OK) as root passed
access01.c:245: [1;32mTPASS: [0maccess(accessdir_w/accessfile_r, R_OK) as root passed
access01.c:245: [1;32mTPASS: [0maccess(accessdir_w/accessfile_r, W_OK) as root passed
access01.c:245: [1;32mTPASS: [0maccess(accessdir_w/accessfile_w, F_OK) as root passed
access01.c:245: [1;32mTPASS: [0maccess(accessdir_w/accessfile_w, R_OK) as root passed
access01.c:245: [1;32mTPASS: [0maccess(accessdir_w/accessfile_w, W_OK) as root passed
access01.c:245: [1;32mTPASS: [0maccess(accessdir_w/accessfile_x, F_OK) as root passed
access01.c:245: [1;32mTPASS: [0maccess(accessdir_w/accessfile_x, R_OK) as root passed
access01.c:245: [1;32mTPASS: [0maccess(accessdir_w/accessfile_x, W_OK) as root passed
access01.c:245: [1;32mTPASS: [0maccess(accessdir_w/accessfile_x, X_OK) as root passed
access01.c:245: [1;32mTPASS: [0maccess(accessdir_x/accessfile_r, F_OK) as root passed
access01.c:245: [1;32mTPASS: [0maccess(accessdir_x/accessfile_r, F_OK) as nobody passed
access01.c:245: [1;32mTPASS: [0maccess(accessdir_x/accessfile_r, R_OK) as root passed
access01.c:245: [1;32mTPASS: [0maccess(accessdir_x/accessfile_r, R_OK) as nobody passed
access01.c:245: [1;32mTPASS: [0maccess(accessdir_x/accessfile_r, W_OK) as root passed
access01.c:245: [1;32mTPASS: [0maccess(accessdir_x/accessfile_w, F_OK) as root passed
access01.c:245: [1;32mTPASS: [0maccess(accessdir_x/accessfile_w, F_OK) as nobody passed
access01.c:245: [1;32mTPASS: [0maccess(accessdir_x/accessfile_w, R_OK) as root passed
access01.c:245: [1;32mTPASS: [0maccess(accessdir_x/accessfile_w, W_OK) as root passed
access01.c:245: [1;32mTPASS: [0maccess(accessdir_x/accessfile_w, W_OK) as nobody passed
access01.c:245: [1;32mTPASS: [0maccess(accessdir_x/accessfile_x, F_OK) as root passed
access01.c:245: [1;32mTPASS: [0maccess(accessdir_x/accessfile_x, F_OK) as nobody passed
access01.c:245: [1;32mTPASS: [0maccess(accessdir_x/accessfile_x, R_OK) as root passed
access01.c:245: [1;32mTPASS: [0maccess(accessdir_x/accessfile_x, W_OK) as root passed
access01.c:245: [1;32mTPASS: [0maccess(accessdir_x/accessfile_x, X_OK) as root passed
access01.c:245: [1;32mTPASS: [0maccess(accessdir_x/accessfile_x, X_OK) as nobody passed
access01.c:245: [1;32mTPASS: [0maccess(accessdir_rw/accessfile_r, F_OK) as root passed
access01.c:245: [1;32mTPASS: [0maccess(accessdir_rw/accessfile_r, R_OK) as root passed
access01.c:245: [1;32mTPASS: [0maccess(accessdir_rw/accessfile_r, W_OK) as root passed
access01.c:245: [1;32mTPASS: [0maccess(accessdir_rw/accessfile_w, F_OK) as root passed
access01.c:245: [1;32mTPASS: [0maccess(accessdir_rw/accessfile_w, R_OK) as root passed
access01.c:245: [1;32mTPASS: [0maccess(accessdir_rw/accessfile_w, W_OK) as root passed
access01.c:245: [1;32mTPASS: [0maccess(accessdir_rw/accessfile_x, F_OK) as root passed
access01.c:245: [1;32mTPASS: [0maccess(accessdir_rw/accessfile_x, R_OK) as root passed
access01.c:245: [1;32mTPASS: [0maccess(accessdir_rw/accessfile_x, W_OK) as root passed
access01.c:245: [1;32mTPASS: [0maccess(accessdir_rw/accessfile_x, X_OK) as root passed
access01.c:245: [1;32mTPASS: [0maccess(accessdir_rx/accessfile_r, F_OK) as root passed
access01.c:245: [1;32mTPASS: [0maccess(accessdir_rx/accessfile_r, F_OK) as nobody passed
access01.c:245: [1;32mTPASS: [0maccess(accessdir_rx/accessfile_r, R_OK) as root passed
access01.c:245: [1;32mTPASS: [0maccess(accessdir_rx/accessfile_r, R_OK) as nobody passed
access01.c:245: [1;32mTPASS: [0maccess(accessdir_rx/accessfile_r, W_OK) as root passed
access01.c:245: [1;32mTPASS: [0maccess(accessdir_rx/accessfile_w, F_OK) as root passed
access01.c:245: [1;32mTPASS: [0maccess(accessdir_rx/accessfile_w, F_OK) as nobody passed
access01.c:245: [1;32mTPASS: [0maccess(accessdir_rx/accessfile_w, R_OK) as root passed
access01.c:245: [1;32mTPASS: [0maccess(accessdir_rx/accessfile_w, W_OK) as root passed
access01.c:245: [1;32mTPASS: [0maccess(accessdir_rx/accessfile_w, W_OK) as nobody passed
access01.c:245: [1;32mTPASS: [0maccess(accessdir_rx/accessfile_x, F_OK) as root passed
access01.c:245: [1;32mTPASS: [0maccess(accessdir_rx/accessfile_x, F_OK) as nobody passed
access01.c:245: [1;32mTPASS: [0maccess(accessdir_rx/accessfile_x, R_OK) as root passed
access01.c:245: [1;32mTPASS: [0maccess(accessdir_rx/accessfile_x, W_OK) as root passed
access01.c:245: [1;32mTPASS: [0maccess(accessdir_rx/accessfile_x, X_OK) as root passed
access01.c:245: [1;32mTPASS: [0maccess(accessdir_rx/accessfile_x, X_OK) as nobody passed
access01.c:245: [1;32mTPASS: [0maccess(accessdir_wx/accessfile_r, F_OK) as root passed
access01.c:245: [1;32mTPASS: [0maccess(accessdir_wx/accessfile_r, F_OK) as nobody passed
access01.c:245: [1;32mTPASS: [0maccess(accessdir_wx/accessfile_r, R_OK) as root passed
access01.c:245: [1;32mTPASS: [0maccess(accessdir_wx/accessfile_r, R_OK) as nobody passed
access01.c:245: [1;32mTPASS: [0maccess(accessdir_wx/accessfile_r, W_OK) as root passed
access01.c:245: [1;32mTPASS: [0maccess(accessdir_wx/accessfile_w, F_OK) as root passed
access01.c:245: [1;32mTPASS: [0maccess(accessdir_wx/accessfile_w, F_OK) as nobody passed
access01.c:245: [1;32mTPASS: [0maccess(accessdir_wx/accessfile_w, R_OK) as root passed
access01.c:245: [1;32mTPASS: [0maccess(accessdir_wx/accessfile_w, W_OK) as root passed
access01.c:245: [1;32mTPASS: [0maccess(accessdir_wx/accessfile_w, W_OK) as nobody passed
access01.c:245: [1;32mTPASS: [0maccess(accessdir_wx/accessfile_x, F_OK) as root passed
access01.c:245: [1;32mTPASS: [0maccess(accessdir_wx/accessfile_x, F_OK) as nobody passed
access01.c:245: [1;32mTPASS: [0maccess(accessdir_wx/accessfile_x, R_OK) as root passed
access01.c:245: [1;32mTPASS: [0maccess(accessdir_wx/accessfile_x, W_OK) as root passed
access01.c:245: [1;32mTPASS: [0maccess(accessdir_wx/accessfile_x, X_OK) as root passed
access01.c:245: [1;32mTPASS: [0maccess(accessdir_wx/accessfile_x, X_OK) as nobody passed
access01.c:242: [1;32mTPASS: [0maccess(accessdir_r/accessfile_r, F_OK) as nobody : EACCES (13)
access01.c:242: [1;32mTPASS: [0maccess(accessdir_r/accessfile_r, R_OK) as nobody : EACCES (13)
access01.c:242: [1;32mTPASS: [0maccess(accessdir_r/accessfile_r, W_OK) as nobody : EACCES (13)
access01.c:242: [1;32mTPASS: [0maccess(accessdir_r/accessfile_r, X_OK) as root : EACCES (13)
access01.c:242: [1;32mTPASS: [0maccess(accessdir_r/accessfile_r, X_OK) as nobody : EACCES (13)
access01.c:242: [1;32mTPASS: [0maccess(accessdir_r/accessfile_w, F_OK) as nobody : EACCES (13)
access01.c:242: [1;32mTPASS: [0maccess(accessdir_r/accessfile_w, R_OK) as nobody : EACCES (13)
access01.c:242: [1;32mTPASS: [0maccess(accessdir_r/accessfile_w, W_OK) as nobody : EACCES (13)
access01.c:242: [1;32mTPASS: [0maccess(accessdir_r/accessfile_w, X_OK) as root : EACCES (13)
access01.c:242: [1;32mTPASS: [0maccess(accessdir_r/accessfile_w, X_OK) as nobody : EACCES (13)
access01.c:242: [1;32mTPASS: [0maccess(accessdir_r/accessfile_x, F_OK) as nobody : EACCES (13)
access01.c:242: [1;32mTPASS: [0maccess(accessdir_r/accessfile_x, R_OK) as nobody : EACCES (13)
access01.c:242: [1;32mTPASS: [0maccess(accessdir_r/accessfile_x, W_OK) as nobody : EACCES (13)
access01.c:242: [1;32mTPASS: [0maccess(accessdir_r/accessfile_x, X_OK) as nobody : EACCES (13)
access01.c:242: [1;32mTPASS: [0maccess(accessdir_w/accessfile_r, F_OK) as nobody : EACCES (13)
access01.c:242: [1;32mTPASS: [0maccess(accessdir_w/accessfile_r, R_OK) as nobody : EACCES (13)
access01.c:242: [1;32mTPASS: [0maccess(accessdir_w/accessfile_r, W_OK) as nobody : EACCES (13)
access01.c:242: [1;32mTPASS: [0maccess(accessdir_w/accessfile_r, X_OK) as root : EACCES (13)
access01.c:242: [1;32mTPASS: [0maccess(accessdir_w/accessfile_r, X_OK) as nobody : EACCES (13)
access01.c:242: [1;32mTPASS: [0maccess(accessdir_w/accessfile_w, F_OK) as nobody : EACCES (13)
access01.c:242: [1;32mTPASS: [0maccess(accessdir_w/accessfile_w, R_OK) as nobody : EACCES (13)
access01.c:242: [1;32mTPASS: [0maccess(accessdir_w/accessfile_w, W_OK) as nobody : EACCES (13)
access01.c:242: [1;32mTPASS: [0maccess(accessdir_w/accessfile_w, X_OK) as root : EACCES (13)
access01.c:242: [1;32mTPASS: [0maccess(accessdir_w/accessfile_w, X_OK) as nobody : EACCES (13)
access01.c:242: [1;32mTPASS: [0maccess(accessdir_w/accessfile_x, F_OK) as nobody : EACCES (13)
access01.c:242: [1;32mTPASS: [0maccess(accessdir_w/accessfile_x, R_OK) as nobody : EACCES (13)
access01.c:242: [1;32mTPASS: [0maccess(accessdir_w/accessfile_x, W_OK) as nobody : EACCES (13)
access01.c:242: [1;32mTPASS: [0maccess(accessdir_w/accessfile_x, X_OK) as nobody : EACCES (13)
access01.c:242: [1;32mTPASS: [0maccess(accessdir_x/accessfile_r, W_OK) as nobody : EACCES (13)
access01.c:242: [1;32mTPASS: [0maccess(accessdir_x/accessfile_r, X_OK) as root : EACCES (13)
access01.c:242: [1;32mTPASS: [0maccess(accessdir_x/accessfile_r, X_OK) as nobody : EACCES (13)
access01.c:242: [1;32mTPASS: [0maccess(accessdir_x/accessfile_w, R_OK) as nobody : EACCES (13)
access01.c:242: [1;32mTPASS: [0maccess(accessdir_x/accessfile_w, X_OK) as root : EACCES (13)
access01.c:242: [1;32mTPASS: [0maccess(accessdir_x/accessfile_w, X_OK) as nobody : EACCES (13)
access01.c:242: [1;32mTPASS: [0maccess(accessdir_x/accessfile_x, R_OK) as nobody : EACCES (13)
access01.c:242: [1;32mTPASS: [0maccess(accessdir_x/accessfile_x, W_OK) as nobody : EACCES (13)
access01.c:242: [1;32mTPASS: [0maccess(accessdir_rw/accessfile_r, F_OK) as nobody : EACCES (13)
access01.c:242: [1;32mTPASS: [0maccess(accessdir_rw/accessfile_r, R_OK) as nobody : EACCES (13)
access01.c:242: [1;32mTPASS: [0maccess(accessdir_rw/accessfile_r, W_OK) as nobody : EACCES (13)
access01.c:242: [1;32mTPASS: [0maccess(accessdir_rw/accessfile_r, X_OK) as root : EACCES (13)
access01.c:242: [1;32mTPASS: [0maccess(accessdir_rw/accessfile_r, X_OK) as nobody : EACCES (13)
access01.c:242: [1;32mTPASS: [0maccess(accessdir_rw/accessfile_w, F_OK) as nobody : EACCES (13)
access01.c:242: [1;32mTPASS: [0maccess(accessdir_rw/accessfile_w, R_OK) as nobody : EACCES (13)
access01.c:242: [1;32mTPASS: [0maccess(accessdir_rw/accessfile_w, W_OK) as nobody : EACCES (13)
access01.c:242: [1;32mTPASS: [0maccess(accessdir_rw/accessfile_w, X_OK) as root : EACCES (13)
access01.c:242: [1;32mTPASS: [0maccess(accessdir_rw/accessfile_w, X_OK) as nobody : EACCES (13)
access01.c:242: [1;32mTPASS: [0maccess(accessdir_rw/accessfile_x, F_OK) as nobody : EACCES (13)
access01.c:242: [1;32mTPASS: [0maccess(accessdir_rw/accessfile_x, R_OK) as nobody : EACCES (13)
access01.c:242: [1;32mTPASS: [0maccess(accessdir_rw/accessfile_x, W_OK) as nobody : EACCES (13)
access01.c:242: [1;32mTPASS: [0maccess(accessdir_rw/accessfile_x, X_OK) as nobody : EACCES (13)
access01.c:242: [1;32mTPASS: [0maccess(accessdir_rx/accessfile_r, W_OK) as nobody : EACCES (13)
access01.c:242: [1;32mTPASS: [0maccess(accessdir_rx/accessfile_r, X_OK) as root : EACCES (13)
access01.c:242: [1;32mTPASS: [0maccess(accessdir_rx/accessfile_r, X_OK) as nobody : EACCES (13)
access01.c:242: [1;32mTPASS: [0maccess(accessdir_rx/accessfile_w, R_OK) as nobody : EACCES (13)
access01.c:242: [1;32mTPASS: [0maccess(accessdir_rx/accessfile_w, X_OK) as root : EACCES (13)
access01.c:242: [1;32mTPASS: [0maccess(accessdir_rx/accessfile_w, X_OK) as nobody : EACCES (13)
access01.c:242: [1;32mTPASS: [0maccess(accessdir_rx/accessfile_x, R_OK) as nobody : EACCES (13)
access01.c:242: [1;32mTPASS: [0maccess(accessdir_rx/accessfile_x, W_OK) as nobody : EACCES (13)
access01.c:242: [1;32mTPASS: [0maccess(accessdir_wx/accessfile_r, W_OK) as nobody : EACCES (13)
access01.c:242: [1;32mTPASS: [0maccess(accessdir_wx/accessfile_r, X_OK) as root : EACCES (13)
access01.c:242: [1;32mTPASS: [0maccess(accessdir_wx/accessfile_r, X_OK) as nobody : EACCES (13)
access01.c:242: [1;32mTPASS: [0maccess(accessdir_wx/accessfile_w, R_OK) as nobody : EACCES (13)
access01.c:242: [1;32mTPASS: [0maccess(accessdir_wx/accessfile_w, X_OK) as root : EACCES (13)
access01.c:242: [1;32mTPASS: [0maccess(accessdir_wx/accessfile_w, X_OK) as nobody : EACCES (13)
access01.c:242: [1;32mTPASS: [0maccess(accessdir_wx/accessfile_x, R_OK) as nobody : EACCES (13)
access01.c:242: [1;32mTPASS: [0maccess(accessdir_wx/accessfile_x, W_OK) as nobody : EACCES (13)

Summary:
passed   199
failed   0
broken   0
skipped  0
warnings 0
PASS LTP CASE access01 : 0
LTP CASE RESULT access01 : PASS (0)
[ltprunner] #191 suite=syscalls case=chdir04
RUN LTP CASE chdir04
ERROR: ld.so: object '/ltp_proto_compat.so' from LD_PRELOAD cannot be preloaded (cannot open shared object file): ignored.
tst_memutils.c:152: [1;34mTINFO: [0moom_score_adj does not exist, skipping the adjustment
tst_test.c:1733: [1;34mTINFO: [0mLTP version: 20240524
tst_test.c:1617: [1;34mTINFO: [0mTimeout per run is 0h 01m 00s
tst_memutils.c:152: [1;34mTINFO: [0moom_score_adj does not exist, skipping the adjustment
chdir04.c:29: [1;32mTPASS: [0mchdir() : ENAMETOOLONG (36)
chdir04.c:29: [1;32mTPASS: [0mchdir() : ENOENT (2)
chdir04.c:29: [1;32mTPASS: [0mchdir() : EFAULT (14)

Summary:
passed   3
failed   0
broken   0
skipped  0
warnings 0
PASS LTP CASE chdir04 : 0
LTP CASE RESULT chdir04 : PASS (0)
[ltprunner] #198 suite=syscalls case=chown01
RUN LTP CASE chown01
ERROR: ld.so: object '/ltp_proto_compat.so' from LD_PRELOAD cannot be preloaded (cannot open shared object file): ignored.
tst_memutils.c:152: [1;34mTINFO: [0moom_score_adj does not exist, skipping the adjustment
tst_test.c:1733: [1;34mTINFO: [0mLTP version: 20240524
tst_test.c:1617: [1;34mTINFO: [0mTimeout per run is 0h 01m 00s
tst_memutils.c:152: [1;34mTINFO: [0moom_score_adj does not exist, skipping the adjustment
chown01.c:24: [1;32mTPASS: [0mchown(chown01_testfile,0,0) passed

Summary:
passed   1
failed   0
broken   0
skipped  0
warnings 0
PASS LTP CASE chown01 : 0
LTP CASE RESULT chown01 : PASS (0)
[ltprunner] #239 suite=syscalls case=close01
RUN LTP CASE close01
ERROR: ld.so: object '/ltp_proto_compat.so' from LD_PRELOAD cannot be preloaded (cannot open shared object file): ignored.
tst_memutils.c:152: [1;34mTINFO: [0moom_score_adj does not exist, skipping the adjustment
tst_test.c:1733: [1;34mTINFO: [0mLTP version: 20240524
tst_test.c:1617: [1;34mTINFO: [0mTimeout per run is 0h 01m 00s
tst_memutils.c:152: [1;34mTINFO: [0moom_score_adj does not exist, skipping the adjustment
close01.c:50: [1;32mTPASS: [0mclose a file fd passed
close01.c:50: [1;32mTPASS: [0mclose a pipe fd passed
close01.c:50: [1;32mTPASS: [0mclose a socket fd passed

Summary:
passed   3
failed   0
broken   0
skipped  0
warnings 0
PASS LTP CASE close01 : 0
LTP CASE RESULT close01 : PASS (0)
[ltprunner] #240 suite=syscalls case=close02
RUN LTP CASE close02
ERROR: ld.so: object '/ltp_proto_compat.so' from LD_PRELOAD cannot be preloaded (cannot open shared object file): ignored.
tst_memutils.c:152: [1;34mTINFO: [0moom_score_adj does not exist, skipping the adjustment
tst_test.c:1733: [1;34mTINFO: [0mLTP version: 20240524
tst_test.c:1617: [1;34mTINFO: [0mTimeout per run is 0h 01m 00s
tst_memutils.c:152: [1;34mTINFO: [0moom_score_adj does not exist, skipping the adjustment
close02.c:20: [1;32mTPASS: [0mclose(-1) : EBADF (9)

Summary:
passed   1
failed   0
broken   0
skipped  0
warnings 0
PASS LTP CASE close02 : 0
LTP CASE RESULT close02 : PASS (0)
[ltprunner] #246 suite=syscalls case=creat01
RUN LTP CASE creat01
ERROR: ld.so: object '/ltp_proto_compat.so' from LD_PRELOAD cannot be preloaded (cannot open shared object file): ignored.
tst_memutils.c:152: [1;34mTINFO: [0moom_score_adj does not exist, skipping the adjustment
tst_test.c:1733: [1;34mTINFO: [0mLTP version: 20240524
tst_test.c:1617: [1;34mTINFO: [0mTimeout per run is 0h 01m 00s
tst_memutils.c:152: [1;34mTINFO: [0moom_score_adj does not exist, skipping the adjustment
creat01.c:50: [1;32mTPASS: [0mcreat() truncated file to 0 bytes
creat01.c:55: [1;32mTPASS: [0mfile was created and written to successfully
creat01.c:60: [1;32mTPASS: [0mread failed expectedly: EBADF (9)
creat01.c:50: [1;32mTPASS: [0mcreat() truncated file to 0 bytes
creat01.c:55: [1;32mTPASS: [0mfile was created and written to successfully
creat01.c:60: [1;32mTPASS: [0mread failed expectedly: EBADF (9)

Summary:
passed   6
failed   0
broken   0
skipped  0
warnings 0
PASS LTP CASE creat01 : 0
LTP CASE RESULT creat01 : PASS (0)
[ltprunner] #247 suite=syscalls case=creat03
RUN LTP CASE creat03
ERROR: ld.so: object '/ltp_proto_compat.so' from LD_PRELOAD cannot be preloaded (cannot open shared object file): ignored.
tst_memutils.c:152: [1;34mTINFO: [0moom_score_adj does not exist, skipping the adjustment
tst_test.c:1733: [1;34mTINFO: [0mLTP version: 20240524
tst_test.c:1617: [1;34mTINFO: [0mTimeout per run is 0h 01m 00s
tst_memutils.c:152: [1;34mTINFO: [0moom_score_adj does not exist, skipping the adjustment
creat03.c:36: [1;34mTINFO: [0mCreated file has mode = 0100674
creat03.c:41: [1;32mTPASS: [0msave text bit cleared

Summary:
passed   1
failed   0
broken   0
skipped  0
warnings 0
PASS LTP CASE creat03 : 0
LTP CASE RESULT creat03 : PASS (0)
[ltprunner] #249 suite=syscalls case=creat05
RUN LTP CASE creat05
ERROR: ld.so: object '/ltp_proto_compat.so' from LD_PRELOAD cannot be preloaded (cannot open shared object file): ignored.
tst_memutils.c:152: [1;34mTINFO: [0moom_score_adj does not exist, skipping the adjustment
tst_test.c:1733: [1;34mTINFO: [0mLTP version: 20240524
tst_test.c:1617: [1;34mTINFO: [0mTimeout per run is 0h 01m 00s
tst_memutils.c:152: [1;34mTINFO: [0moom_score_adj does not exist, skipping the adjustment
creat05.c:49: [1;34mTINFO: [0mgetdtablesize() = 4096
Test timeouted, sending SIGKILL!
Test timeouted, sending SIGKILL!
tst_test.c:1671: [1;34mTINFO: [0mIf you are running on slow machine, try exporting LTP_TIMEOUT_MUL > 1
tst_test.c:1673: [1;31mTBROK: [0mTest killed! (timeout?)

Summary:
passed   0
failed   0
broken   1
skipped  0
warnings 0
FAIL LTP CASE creat05 : 2
LTP CASE RESULT creat05 : FAIL (2)
[ltprunner] #257 suite=syscalls case=dup01
RUN LTP CASE dup01
ERROR: ld.so: object '/ltp_proto_compat.so' from LD_PRELOAD cannot be preloaded (cannot open shared object file): ignored.
tst_memutils.c:152: [1;34mTINFO: [0moom_score_adj does not exist, skipping the adjustment
tst_test.c:1733: [1;34mTINFO: [0mLTP version: 20240524
tst_test.c:1617: [1;34mTINFO: [0mTimeout per run is 0h 01m 00s
tst_memutils.c:152: [1;34mTINFO: [0moom_score_adj does not exist, skipping the adjustment
dup01.c:24: [1;32mTPASS: [0mdup(fd) returned fd 4
dup01.c:27: [1;32mTPASS: [0mbuf1.st_ino == buf2.st_ino (6079)

Summary:
passed   2
failed   0
broken   0
skipped  0
warnings 0
PASS LTP CASE dup01 : 0
LTP CASE RESULT dup01 : PASS (0)
[ltprunner] #258 suite=syscalls case=dup02
RUN LTP CASE dup02
ERROR: ld.so: object '/ltp_proto_compat.so' from LD_PRELOAD cannot be preloaded (cannot open shared object file): ignored.
tst_memutils.c:152: [1;34mTINFO: [0moom_score_adj does not exist, skipping the adjustment
tst_test.c:1733: [1;34mTINFO: [0mLTP version: 20240524
tst_test.c:1617: [1;34mTINFO: [0mTimeout per run is 0h 01m 00s
tst_memutils.c:152: [1;34mTINFO: [0moom_score_adj does not exist, skipping the adjustment
dup02.c:29: [1;32mTPASS: [0mdup(-1) : EBADF (9)
dup02.c:29: [1;32mTPASS: [0mdup(1500) : EBADF (9)

Summary:
passed   2
failed   0
broken   0
skipped  0
warnings 0
PASS LTP CASE dup02 : 0
LTP CASE RESULT dup02 : PASS (0)
[ltprunner] #259 suite=syscalls case=dup03
RUN LTP CASE dup03
ERROR: ld.so: object '/ltp_proto_compat.so' from LD_PRELOAD cannot be preloaded (cannot open shared object file): ignored.
tst_memutils.c:152: [1;34mTINFO: [0moom_score_adj does not exist, skipping the adjustment
tst_test.c:1733: [1;34mTINFO: [0mLTP version: 20240524
tst_test.c:1617: [1;34mTINFO: [0mTimeout per run is 0h 01m 00s
tst_memutils.c:152: [1;34mTINFO: [0moom_score_adj does not exist, skipping the adjustment
dup03.c:22: [1;32mTPASS: [0mdup(3) : EMFILE (24)

Summary:
passed   1
failed   0
broken   0
skipped  0
warnings 0
PASS LTP CASE dup03 : 0
LTP CASE RESULT dup03 : PASS (0)
[ltprunner] #260 suite=syscalls case=dup04
RUN LTP CASE dup04
ERROR: ld.so: object '/ltp_proto_compat.so' from LD_PRELOAD cannot be preloaded (cannot open shared object file): ignored.
tst_memutils.c:152: [1;34mTINFO: [0moom_score_adj does not exist, skipping the adjustment
tst_test.c:1733: [1;34mTINFO: [0mLTP version: 20240524
tst_test.c:1617: [1;34mTINFO: [0mTimeout per run is 0h 01m 00s
tst_memutils.c:152: [1;34mTINFO: [0moom_score_adj does not exist, skipping the adjustment
dup04.c:24: [1;32mTPASS: [0mdup(3) read end of the pipe returned fd 5
dup04.c:27: [1;32mTPASS: [0mdup(4) write end of the pipe returned fd 5

Summary:
passed   2
failed   0
broken   0
skipped  0
warnings 0
PASS LTP CASE dup04 : 0
LTP CASE RESULT dup04 : PASS (0)
[ltprunner] #261 suite=syscalls case=dup05
RUN LTP CASE dup05
ERROR: ld.so: object '/ltp_proto_compat.so' from LD_PRELOAD cannot be preloaded (cannot open shared object file): ignored.
tst_memutils.c:152: [1;34mTINFO: [0moom_score_adj does not exist, skipping the adjustment
tst_test.c:1733: [1;34mTINFO: [0mLTP version: 20240524
tst_test.c:1617: [1;34mTINFO: [0mTimeout per run is 0h 01m 00s
tst_memutils.c:152: [1;34mTINFO: [0moom_score_adj does not exist, skipping the adjustment
dup05.c:22: [1;32mTPASS: [0mdup(3) returned fd 4

Summary:
passed   1
failed   0
broken   0
skipped  0
warnings 0
PASS LTP CASE dup05 : 0
LTP CASE RESULT dup05 : PASS (0)
[ltprunner] #262 suite=syscalls case=dup06
RUN LTP CASE dup06
ERROR: ld.so: object '/ltp_proto_compat.so' from LD_PRELOAD cannot be preloaded (cannot open shared object file): ignored.
tst_memutils.c:152: [1;34mTINFO: [0moom_score_adj does not exist, skipping the adjustment
tst_test.c:1733: [1;34mTINFO: [0mLTP version: 20240524
tst_test.c:1617: [1;34mTINFO: [0mTimeout per run is 0h 01m 00s
tst_memutils.c:152: [1;34mTINFO: [0moom_score_adj does not exist, skipping the adjustment
dup06.c:64: [1;32mTPASS: [0mTest passed

Summary:
passed   1
failed   0
broken   0
skipped  0
warnings 0
PASS LTP CASE dup06 : 0
LTP CASE RESULT dup06 : PASS (0)
[ltprunner] #263 suite=syscalls case=dup07
RUN LTP CASE dup07
ERROR: ld.so: object '/ltp_proto_compat.so' from LD_PRELOAD cannot be preloaded (cannot open shared object file): ignored.
tst_memutils.c:152: [1;34mTINFO: [0moom_score_adj does not exist, skipping the adjustment
tst_test.c:1733: [1;34mTINFO: [0mLTP version: 20240524
tst_test.c:1617: [1;34mTINFO: [0mTimeout per run is 0h 01m 00s
tst_memutils.c:152: [1;34mTINFO: [0moom_score_adj does not exist, skipping the adjustment
dup07.c:44: [1;32mTPASS: [0mPassed in read only mode
dup07.c:44: [1;32mTPASS: [0mPassed in write only mode
dup07.c:44: [1;32mTPASS: [0mPassed in read/write mode

Summary:
passed   3
failed   0
broken   0
skipped  0
warnings 0
PASS LTP CASE dup07 : 0
LTP CASE RESULT dup07 : PASS (0)
[ltprunner] #264 suite=syscalls case=dup201
RUN LTP CASE dup201
ERROR: ld.so: object '/ltp_proto_compat.so' from LD_PRELOAD cannot be preloaded (cannot open shared object file): ignored.
tst_memutils.c:152: [1;34mTINFO: [0moom_score_adj does not exist, skipping the adjustment
tst_test.c:1733: [1;34mTINFO: [0mLTP version: 20240524
tst_test.c:1617: [1;34mTINFO: [0mTimeout per run is 0h 01m 00s
tst_memutils.c:152: [1;34mTINFO: [0moom_score_adj does not exist, skipping the adjustment
dup201.c:47: [1;32mTPASS: [0mdup2(-1, 5) : EBADF (9)
dup201.c:47: [1;32mTPASS: [0mdup2(4096, 5) : EBADF (9)
dup201.c:47: [1;32mTPASS: [0mdup2(0, -1) : EBADF (9)
dup201.c:47: [1;32mTPASS: [0mdup2(0, 4096) : EBADF (9)

Summary:
passed   4
failed   0
broken   0
skipped  0
warnings 0
PASS LTP CASE dup201 : 0
LTP CASE RESULT dup201 : PASS (0)
[ltprunner] #265 suite=syscalls case=dup202
RUN LTP CASE dup202
ERROR: ld.so: object '/ltp_proto_compat.so' from LD_PRELOAD cannot be preloaded (cannot open shared object file): ignored.
tst_memutils.c:152: [1;34mTINFO: [0moom_score_adj does not exist, skipping the adjustment
tst_test.c:1733: [1;34mTINFO: [0mLTP version: 20240524
tst_test.c:1617: [1;34mTINFO: [0mTimeout per run is 0h 01m 00s
tst_memutils.c:152: [1;34mTINFO: [0moom_score_adj does not exist, skipping the adjustment
dup202.c:104: [1;32mTPASS: [0moriginal(100444) and duped(100444) are the same mode
dup202.c:104: [1;32mTPASS: [0moriginal(100222) and duped(100222) are the same mode
dup202.c:104: [1;32mTPASS: [0moriginal(100666) and duped(100666) are the same mode
dup202.c:93: [1;34mTINFO: [0moriginal mode 0777, new mode 0444 after chmod
dup202.c:104: [1;32mTPASS: [0moriginal(100444) and duped(100444) are the same mode
dup202.c:93: [1;34mTINFO: [0moriginal mode 0777, new mode 0222 after chmod
dup202.c:104: [1;32mTPASS: [0moriginal(100222) and duped(100222) are the same mode
dup202.c:93: [1;34mTINFO: [0moriginal mode 0777, new mode 0666 after chmod
dup202.c:104: [1;32mTPASS: [0moriginal(100666) and duped(100666) are the same mode

Summary:
passed   6
failed   0
broken   0
skipped  0
warnings 0
PASS LTP CASE dup202 : 0
LTP CASE RESULT dup202 : PASS (0)
[ltprunner] #266 suite=syscalls case=dup203
RUN LTP CASE dup203
ERROR: ld.so: object '/ltp_proto_compat.so' from LD_PRELOAD cannot be preloaded (cannot open shared object file): ignored.
tst_memutils.c:152: [1;34mTINFO: [0moom_score_adj does not exist, skipping the adjustment
tst_test.c:1733: [1;34mTINFO: [0mLTP version: 20240524
tst_test.c:1617: [1;34mTINFO: [0mTimeout per run is 0h 01m 00s
tst_memutils.c:152: [1;34mTINFO: [0moom_score_adj does not exist, skipping the adjustment
dup203.c:40: [1;34mTINFO: [0mTest duping over an open fd
dup203.c:74: [1;32mTPASS: [0mtest the content of file is correct
dup203.c:81: [1;32mTPASS: [0mtest the FD_CLOEXEC flag is correct
dup203.c:40: [1;34mTINFO: [0mTest duping over a close fd
dup203.c:74: [1;32mTPASS: [0mtest the content of file is correct
dup203.c:81: [1;32mTPASS: [0mtest the FD_CLOEXEC flag is correct

Summary:
passed   4
failed   0
broken   0
skipped  0
warnings 0
PASS LTP CASE dup203 : 0
LTP CASE RESULT dup203 : PASS (0)
[ltprunner] #267 suite=syscalls case=dup204
RUN LTP CASE dup204
ERROR: ld.so: object '/ltp_proto_compat.so' from LD_PRELOAD cannot be preloaded (cannot open shared object file): ignored.
tst_memutils.c:152: [1;34mTINFO: [0moom_score_adj does not exist, skipping the adjustment
tst_test.c:1733: [1;34mTINFO: [0mLTP version: 20240524
tst_test.c:1617: [1;34mTINFO: [0mTimeout per run is 0h 01m 00s
tst_memutils.c:152: [1;34mTINFO: [0moom_score_adj does not exist, skipping the adjustment
dup204.c:38: [1;32mTPASS: [0mdup2(fd[i], nfd[i]) passed
dup204.c:45: [1;32mTPASS: [0moldbuf.st_ino == newbuf.st_ino (0)
dup204.c:38: [1;32mTPASS: [0mdup2(fd[i], nfd[i]) passed
dup204.c:45: [1;32mTPASS: [0moldbuf.st_ino == newbuf.st_ino (0)

Summary:
passed   4
failed   0
broken   0
skipped  0
warnings 0
PASS LTP CASE dup204 : 0
LTP CASE RESULT dup204 : PASS (0)
[ltprunner] #268 suite=syscalls case=dup205
RUN LTP CASE dup205
ERROR: ld.so: object '/ltp_proto_compat.so' from LD_PRELOAD cannot be preloaded (cannot open shared object file): ignored.
tst_memutils.c:152: [1;34mTINFO: [0moom_score_adj does not exist, skipping the adjustment
tst_test.c:1733: [1;34mTINFO: [0mLTP version: 20240524
tst_test.c:1617: [1;34mTINFO: [0mTimeout per run is 0h 01m 00s
tst_memutils.c:152: [1;34mTINFO: [0moom_score_adj does not exist, skipping the adjustment
dup205.c:69: [1;32mTPASS: [0mTest passed

Summary:
passed   1
failed   0
broken   0
skipped  0
warnings 0
PASS LTP CASE dup205 : 0
LTP CASE RESULT dup205 : PASS (0)
[ltprunner] #269 suite=syscalls case=dup206
RUN LTP CASE dup206
ERROR: ld.so: object '/ltp_proto_compat.so' from LD_PRELOAD cannot be preloaded (cannot open shared object file): ignored.
tst_memutils.c:152: [1;34mTINFO: [0moom_score_adj does not exist, skipping the adjustment
tst_test.c:1733: [1;34mTINFO: [0mLTP version: 20240524
tst_test.c:1617: [1;34mTINFO: [0mTimeout per run is 0h 01m 00s
tst_memutils.c:152: [1;34mTINFO: [0moom_score_adj does not exist, skipping the adjustment
dup206.c:29: [1;32mTPASS: [0mdup2(3, 3) returns newfd(3)

Summary:
passed   1
failed   0
broken   0
skipped  0
warnings 0
PASS LTP CASE dup206 : 0
LTP CASE RESULT dup206 : PASS (0)
[ltprunner] #270 suite=syscalls case=dup207
RUN LTP CASE dup207
ERROR: ld.so: object '/ltp_proto_compat.so' from LD_PRELOAD cannot be preloaded (cannot open shared object file): ignored.
tst_memutils.c:152: [1;34mTINFO: [0moom_score_adj does not exist, skipping the adjustment
tst_test.c:1733: [1;34mTINFO: [0mLTP version: 20240524
tst_test.c:1617: [1;34mTINFO: [0mTimeout per run is 0h 01m 00s
tst_memutils.c:152: [1;34mTINFO: [0moom_score_adj does not exist, skipping the adjustment
dup207.c:55: [1;34mTINFO: [0mTest offset with lseek before dup2
dup207.c:71: [1;32mTPASS: [0mGet expected buf bcdefg
dup207.c:55: [1;34mTINFO: [0mTest offset with lseek after dup2
dup207.c:71: [1;32mTPASS: [0mGet expected buf cdefg

Summary:
passed   2
failed   0
broken   0
skipped  0
warnings 0
PASS LTP CASE dup207 : 0
LTP CASE RESULT dup207 : PASS (0)
[ltprunner] #271 suite=syscalls case=dup3_01
RUN LTP CASE dup3_01
ERROR: ld.so: object '/ltp_proto_compat.so' from LD_PRELOAD cannot be preloaded (cannot open shared object file): ignored.
tst_memutils.c:152: [1;34mTINFO: [0moom_score_adj does not exist, skipping the adjustment
tst_test.c:1733: [1;34mTINFO: [0mLTP version: 20240524
tst_test.c:1617: [1;34mTINFO: [0mTimeout per run is 0h 01m 00s
tst_memutils.c:152: [1;34mTINFO: [0moom_score_adj does not exist, skipping the adjustment
dup3_01.c:56: [1;32mTPASS: [0mdup3(1, 4, 0) set close-on-exec flag
dup3_01.c:49: [1;32mTPASS: [0mdup3(1, 4, O_CLOEXEC) set close-on-exec flag

Summary:
passed   2
failed   0
broken   0
skipped  0
warnings 0
PASS LTP CASE dup3_01 : 0
LTP CASE RESULT dup3_01 : PASS (0)
[ltprunner] #364 suite=syscalls case=fcntl01
RUN LTP CASE fcntl01
ERROR: ld.so: object '/ltp_proto_compat.so' from LD_PRELOAD cannot be preloaded (cannot open shared object file): ignored.
PASS LTP CASE fcntl01 : 0
LTP CASE RESULT fcntl01 : PASS (0)
[ltprunner] #366 suite=syscalls case=fcntl02
RUN LTP CASE fcntl02
ERROR: ld.so: object '/ltp_proto_compat.so' from LD_PRELOAD cannot be preloaded (cannot open shared object file): ignored.
tst_memutils.c:152: [1;34mTINFO: [0moom_score_adj does not exist, skipping the adjustment
tst_test.c:1733: [1;34mTINFO: [0mLTP version: 20240524
tst_test.c:1617: [1;34mTINFO: [0mTimeout per run is 0h 01m 00s
tst_memutils.c:152: [1;34mTINFO: [0moom_score_adj does not exist, skipping the adjustment
fcntl02.c:41: [1;32mTPASS: [0mfcntl(fcntl02_210, F_DUPFD, 0) returned 4
fcntl02.c:41: [1;32mTPASS: [0mfcntl(fcntl02_210, F_DUPFD, 1) returned 4
fcntl02.c:41: [1;32mTPASS: [0mfcntl(fcntl02_210, F_DUPFD, 2) returned 4
fcntl02.c:41: [1;32mTPASS: [0mfcntl(fcntl02_210, F_DUPFD, 3) returned 4
fcntl02.c:41: [1;32mTPASS: [0mfcntl(fcntl02_210, F_DUPFD, 10) returned 10
fcntl02.c:41: [1;32mTPASS: [0mfcntl(fcntl02_210, F_DUPFD, 100) returned 100

Summary:
passed   6
failed   0
broken   0
skipped  0
warnings 0
PASS LTP CASE fcntl02 : 0
LTP CASE RESULT fcntl02 : PASS (0)
[ltprunner] #368 suite=syscalls case=fcntl03
RUN LTP CASE fcntl03
ERROR: ld.so: object '/ltp_proto_compat.so' from LD_PRELOAD cannot be preloaded (cannot open shared object file): ignored.
tst_memutils.c:152: [1;34mTINFO: [0moom_score_adj does not exist, skipping the adjustment
tst_test.c:1733: [1;34mTINFO: [0mLTP version: 20240524
tst_test.c:1617: [1;34mTINFO: [0mTimeout per run is 0h 01m 00s
tst_memutils.c:152: [1;34mTINFO: [0moom_score_adj does not exist, skipping the adjustment
fcntl03.c:32: [1;32mTPASS: [0mfcntl(fcntl03_212, F_GETFD, 0) returned 0

Summary:
passed   1
failed   0
broken   0
skipped  0
warnings 0
PASS LTP CASE fcntl03 : 0
LTP CASE RESULT fcntl03 : PASS (0)
[ltprunner] #370 suite=syscalls case=fcntl04
RUN LTP CASE fcntl04
ERROR: ld.so: object '/ltp_proto_compat.so' from LD_PRELOAD cannot be preloaded (cannot open shared object file): ignored.
tst_memutils.c:152: [1;34mTINFO: [0moom_score_adj does not exist, skipping the adjustment
tst_test.c:1733: [1;34mTINFO: [0mLTP version: 20240524
tst_test.c:1617: [1;34mTINFO: [0mTimeout per run is 0h 01m 00s
tst_memutils.c:152: [1;34mTINFO: [0moom_score_adj does not exist, skipping the adjustment
fcntl04.c:38: [1;32mTPASS: [0mfcntl(fcntl04_214, F_GETFL, 0) returned 2

Summary:
passed   1
failed   0
broken   0
skipped  0
warnings 0
PASS LTP CASE fcntl04 : 0
LTP CASE RESULT fcntl04 : PASS (0)
[ltprunner] #372 suite=syscalls case=fcntl05
RUN LTP CASE fcntl05
ERROR: ld.so: object '/ltp_proto_compat.so' from LD_PRELOAD cannot be preloaded (cannot open shared object file): ignored.
tst_memutils.c:152: [1;34mTINFO: [0moom_score_adj does not exist, skipping the adjustment
tst_test.c:1733: [1;34mTINFO: [0mLTP version: 20240524
tst_test.c:1617: [1;34mTINFO: [0mTimeout per run is 0h 01m 00s
tst_memutils.c:152: [1;34mTINFO: [0moom_score_adj does not exist, skipping the adjustment
fcntl05.c:42: [1;32mTPASS: [0mfcntl(3, F_GETLK, &flocks) passed
fcntl05.c:43: [1;32mTPASS: [0mflocks.l_type == F_UNLCK (2)
fcntl05.c:44: [1;32mTPASS: [0mflocks.l_whence == SEEK_CUR (1)
fcntl05.c:45: [1;32mTPASS: [0mflocks.l_start == 0 (0)
fcntl05.c:46: [1;32mTPASS: [0mflocks.l_len == 0 (0)
fcntl05.c:47: [1;32mTPASS: [0mflocks.l_pid == pid (216)

Summary:
passed   6
failed   0
broken   0
skipped  0
warnings 0
PASS LTP CASE fcntl05 : 0
LTP CASE RESULT fcntl05 : PASS (0)
[ltprunner] #376 suite=syscalls case=fcntl08
RUN LTP CASE fcntl08
ERROR: ld.so: object '/ltp_proto_compat.so' from LD_PRELOAD cannot be preloaded (cannot open shared object file): ignored.
tst_memutils.c:152: [1;34mTINFO: [0moom_score_adj does not exist, skipping the adjustment
tst_test.c:1733: [1;34mTINFO: [0mLTP version: 20240524
tst_test.c:1617: [1;34mTINFO: [0mTimeout per run is 0h 01m 00s
tst_memutils.c:152: [1;34mTINFO: [0moom_score_adj does not exist, skipping the adjustment
fcntl08.c:34: [1;32mTPASS: [0mfcntl(fd, F_SETFL, O_NDELAY | O_APPEND | O_NONBLOCK) passed

Summary:
passed   1
failed   0
broken   0
skipped  0
warnings 0
PASS LTP CASE fcntl08 : 0
LTP CASE RESULT fcntl08 : PASS (0)
[ltprunner] #386 suite=syscalls case=fcntl13
RUN LTP CASE fcntl13
ERROR: ld.so: object '/ltp_proto_compat.so' from LD_PRELOAD cannot be preloaded (cannot open shared object file): ignored.
tst_memutils.c:152: [1;34mTINFO: [0moom_score_adj does not exist, skipping the adjustment
tst_test.c:1733: [1;34mTINFO: [0mLTP version: 20240524
tst_test.c:1617: [1;34mTINFO: [0mTimeout per run is 0h 01m 00s
tst_memutils.c:152: [1;34mTINFO: [0moom_score_adj does not exist, skipping the adjustment
fcntl13.c:47: [1;32mTPASS: [0mfcntl(1, F_SETLK, flock) : EFAULT (14)
fcntl13.c:47: [1;32mTPASS: [0mfcntl(1, F_BADCMD, flock) : EINVAL (22)
fcntl13.c:47: [1;32mTPASS: [0mfcntl(1, F_SETLK, flock) : EINVAL (22)
fcntl13.c:47: [1;32mTPASS: [0mfcntl(-1, F_GETLK, flock) : EBADF (9)

Summary:
passed   4
failed   0
broken   0
skipped  0
warnings 0
PASS LTP CASE fcntl13 : 0
LTP CASE RESULT fcntl13 : PASS (0)
[ltprunner] #388 suite=syscalls case=fcntl14
RUN LTP CASE fcntl14
ERROR: ld.so: object '/ltp_proto_compat.so' from LD_PRELOAD cannot be preloaded (cannot open shared object file): ignored.
fcntl14     0  [1;34mTINFO[0m  :  Enter block 1: without mandatory locking
fcntl14     1  [1;32mTPASS[0m  :  testcase:1 PASSED
fcntl14     2  [1;32mTPASS[0m  :  testcase:2 PASSED
fcntl14     3  [1;32mTPASS[0m  :  testcase:3 PASSED
fcntl14     4  [1;32mTPASS[0m  :  testcase:4 PASSED
fcntl14     5  [1;32mTPASS[0m  :  testcase:5 PASSED
fcntl14     6  [1;32mTPASS[0m  :  testcase:6 PASSED
fcntl14     7  [1;32mTPASS[0m  :  testcase:7 PASSED
fcntl14     8  [1;32mTPASS[0m  :  testcase:8 PASSED
fcntl14     9  [1;32mTPASS[0m  :  testcase:9 PASSED
fcntl14    10  [1;32mTPASS[0m  :  testcase:10 PASSED
fcntl14    11  [1;32mTPASS[0m  :  testcase:11 PASSED
fcntl14    12  [1;32mTPASS[0m  :  testcase:12 PASSED
fcntl14    13  [1;32mTPASS[0m  :  testcase:13 PASSED
fcntl14    14  [1;32mTPASS[0m  :  testcase:14 PASSED
fcntl14    15  [1;32mTPASS[0m  :  testcase:15 PASSED
fcntl14    16  [1;32mTPASS[0m  :  testcase:16 PASSED
fcntl14    17  [1;32mTPASS[0m  :  testcase:17 PASSED
fcntl14    18  [1;32mTPASS[0m  :  testcase:18 PASSED
fcntl14    19  [1;32mTPASS[0m  :  testcase:19 PASSED
fcntl14    20  [1;32mTPASS[0m  :  testcase:20 PASSED
fcntl14    21  [1;32mTPASS[0m  :  testcase:21 PASSED
fcntl14    22  [1;32mTPASS[0m  :  testcase:22 PASSED
fcntl14    23  [1;32mTPASS[0m  :  testcase:23 PASSED
fcntl14    24  [1;32mTPASS[0m  :  testcase:24 PASSED
fcntl14    25  [1;32mTPASS[0m  :  testcase:25 PASSED
fcntl14    26  [1;32mTPASS[0m  :  testcase:26 PASSED
fcntl14    27  [1;32mTPASS[0m  :  testcase:27 PASSED
fcntl14    28  [1;32mTPASS[0m  :  testcase:28 PASSED
fcntl14    29  [1;32mTPASS[0m  :  testcase:29 PASSED
fcntl14    30  [1;32mTPASS[0m  :  testcase:30 PASSED
fcntl14    31  [1;32mTPASS[0m  :  testcase:31 PASSED
fcntl14    32  [1;32mTPASS[0m  :  testcase:32 PASSED
fcntl14    33  [1;32mTPASS[0m  :  testcase:33 PASSED
fcntl14    34  [1;32mTPASS[0m  :  testcase:34 PASSED
fcntl14    35  [1;32mTPASS[0m  :  testcase:35 PASSED
fcntl14    36  [1;32mTPASS[0m  :  testcase:36 PASSED
fcntl14    37  [1;32mTPASS[0m  :  Block 1, test 1 PASSED
fcntl14    38  [1;32mTPASS[0m  :  testcase:37 PASSED
fcntl14    39  [1;32mTPASS[0m  :  testcase:38 PASSED
fcntl14    40  [1;32mTPASS[0m  :  testcase:39 PASSED
fcntl14    41  [1;32mTPASS[0m  :  testcase:40 PASSED
fcntl14    42  [1;32mTPASS[0m  :  testcase:41 PASSED
fcntl14    43  [1;32mTPASS[0m  :  testcase:42 PASSED
fcntl14    44  [1;32mTPASS[0m  :  testcase:43 PASSED
fcntl14    45  [1;32mTPASS[0m  :  testcase:44 PASSED
fcntl14    46  [1;32mTPASS[0m  :  testcase:45 PASSED
fcntl14    47  [1;32mTPASS[0m  :  Block 1, test 2 PASSED
fcntl14     0  [1;34mTINFO[0m  :  Exit block 1
fcntl14     0  [1;34mTINFO[0m  :  Enter block 2: with mandatory locking
fcntl14    48  [1;32mTPASS[0m  :  testcase:1 PASSED
fcntl14    49  [1;32mTPASS[0m  :  testcase:2 PASSED
fcntl14    50  [1;32mTPASS[0m  :  testcase:3 PASSED
fcntl14    51  [1;32mTPASS[0m  :  testcase:4 PASSED
fcntl14    52  [1;32mTPASS[0m  :  testcase:5 PASSED
fcntl14    53  [1;32mTPASS[0m  :  testcase:6 PASSED
fcntl14    54  [1;32mTPASS[0m  :  testcase:7 PASSED
fcntl14    55  [1;32mTPASS[0m  :  testcase:8 PASSED
fcntl14    56  [1;32mTPASS[0m  :  testcase:9 PASSED
fcntl14    57  [1;32mTPASS[0m  :  testcase:10 PASSED
fcntl14    58  [1;32mTPASS[0m  :  testcase:11 PASSED
fcntl14    59  [1;32mTPASS[0m  :  testcase:12 PASSED
fcntl14    60  [1;32mTPASS[0m  :  testcase:13 PASSED
fcntl14    61  [1;32mTPASS[0m  :  testcase:14 PASSED
fcntl14    62  [1;32mTPASS[0m  :  testcase:15 PASSED
fcntl14    63  [1;32mTPASS[0m  :  testcase:16 PASSED
fcntl14    64  [1;32mTPASS[0m  :  testcase:17 PASSED
fcntl14    65  [1;32mTPASS[0m  :  testcase:18 PASSED
fcntl14    66  [1;32mTPASS[0m  :  testcase:19 PASSED
fcntl14    67  [1;32mTPASS[0m  :  testcase:20 PASSED
fcntl14    68  [1;32mTPASS[0m  :  testcase:21 PASSED
fcntl14    69  [1;32mTPASS[0m  :  testcase:22 PASSED
fcntl14    70  [1;32mTPASS[0m  :  testcase:23 PASSED
fcntl14    71  [1;32mTPASS[0m  :  testcase:24 PASSED
fcntl14    72  [1;32mTPASS[0m  :  testcase:25 PASSED
fcntl14    73  [1;32mTPASS[0m  :  testcase:26 PASSED
fcntl14    74  [1;32mTPASS[0m  :  testcase:27 PASSED
fcntl14    75  [1;32mTPASS[0m  :  testcase:28 PASSED
fcntl14    76  [1;32mTPASS[0m  :  testcase:29 PASSED
fcntl14    77  [1;32mTPASS[0m  :  testcase:30 PASSED
fcntl14    78  [1;32mTPASS[0m  :  testcase:31 PASSED
fcntl14    79  [1;32mTPASS[0m  :  testcase:32 PASSED
fcntl14    80  [1;32mTPASS[0m  :  testcase:33 PASSED
fcntl14    81  [1;32mTPASS[0m  :  testcase:34 PASSED
fcntl14    82  [1;32mTPASS[0m  :  testcase:35 PASSED
fcntl14    83  [1;32mTPASS[0m  :  testcase:36 PASSED
fcntl14    84  [1;32mTPASS[0m  :  Block 2, test 1 PASSED
fcntl14    85  [1;32mTPASS[0m  :  testcase:37 PASSED
fcntl14    86  [1;32mTPASS[0m  :  testcase:38 PASSED
fcntl14    87  [1;32mTPASS[0m  :  testcase:39 PASSED
fcntl14    88  [1;32mTPASS[0m  :  testcase:40 PASSED
fcntl14    89  [1;32mTPASS[0m  :  testcase:41 PASSED
fcntl14    90  [1;32mTPASS[0m  :  testcase:42 PASSED
fcntl14    91  [1;32mTPASS[0m  :  testcase:43 PASSED
fcntl14    92  [1;32mTPASS[0m  :  testcase:44 PASSED
fcntl14    93  [1;32mTPASS[0m  :  testcase:45 PASSED
fcntl14    94  [1;32mTPASS[0m  :  Block 2, test 2 PASSED
fcntl14     0  [1;34mTINFO[0m  :  Exit block 2
fcntl14     0  [1;34mTINFO[0m  :  Enter block 3
fcntl14    95  [1;32mTPASS[0m  :  Test with negative whence locking PASSED
fcntl14     0  [1;34mTINFO[0m  :  Exit block 3
fcntl14     0  [1;34mTINFO[0m  :  Enter block 4
fcntl14    96  [1;32mTPASS[0m  :  Test of locks on file PASSED
fcntl14     0  [1;34mTINFO[0m  :  Exit block 4
PASS LTP CASE fcntl14 : 0
LTP CASE RESULT fcntl14 : PASS (0)
[ltprunner] #479 suite=syscalls case=fstat02
RUN LTP CASE fstat02
ERROR: ld.so: object '/ltp_proto_compat.so' from LD_PRELOAD cannot be preloaded (cannot open shared object file): ignored.
tst_memutils.c:152: [1;34mTINFO: [0moom_score_adj does not exist, skipping the adjustment
tst_test.c:1733: [1;34mTINFO: [0mLTP version: 20240524
tst_test.c:1617: [1;34mTINFO: [0mTimeout per run is 0h 01m 00s
tst_memutils.c:152: [1;34mTINFO: [0moom_score_adj does not exist, skipping the adjustment
fstat02.c:30: [1;32mTPASS: [0mfstat(fildes, &stat_buf) passed
fstat02.c:31: [1;32mTPASS: [0mstat_buf.st_uid == user_id (0)
fstat02.c:32: [1;32mTPASS: [0mstat_buf.st_gid == group_id (0)
fstat02.c:33: [1;32mTPASS: [0mstat_buf.st_size == FILE_SIZE (1024)
fstat02.c:34: [1;32mTPASS: [0mstat_buf.st_mode & 0777 == FILE_MODE (420)
fstat02.c:35: [1;32mTPASS: [0mstat_buf.st_nlink == NLINK (2)

Summary:
passed   6
failed   0
broken   0
skipped  0
warnings 0
PASS LTP CASE fstat02 : 0
LTP CASE RESULT fstat02 : PASS (0)
[ltprunner] #488 suite=syscalls case=fsync01
RUN LTP CASE fsync01
ERROR: ld.so: object '/ltp_proto_compat.so' from LD_PRELOAD cannot be preloaded (cannot open shared object file): ignored.
tst_device.c:317: [1;34mTINFO: [0mUsing test device LTP_DEV='/dev/vdb2'
tst_memutils.c:152: [1;34mTINFO: [0moom_score_adj does not exist, skipping the adjustment
tst_test.c:1733: [1;34mTINFO: [0mLTP version: 20240524
tst_test.c:1617: [1;34mTINFO: [0mTimeout per run is 0h 01m 00s
tst_supported_fs_types.c:161: [1;34mTINFO: [0mWARNING: testing only ext4
tst_supported_fs_types.c:97: [1;34mTINFO: [0mKernel supports ext4
tst_supported_fs_types.c:58: [1;34mTINFO: [0mmkfs.ext4 does not exist
tst_test.c:1689: [1;33mTCONF: [0mThere are no supported filesystems

Summary:
passed   0
failed   0
broken   0
skipped  1
warnings 0
SKIP LTP CASE fsync01 : 32
LTP CASE RESULT fsync01 : SKIP (32)
[ltprunner] #492 suite=syscalls case=ftruncate01
RUN LTP CASE ftruncate01
ERROR: ld.so: object '/ltp_proto_compat.so' from LD_PRELOAD cannot be preloaded (cannot open shared object file): ignored.
tst_memutils.c:152: [1;34mTINFO: [0moom_score_adj does not exist, skipping the adjustment
tst_test.c:1733: [1;34mTINFO: [0mLTP version: 20240524
tst_test.c:1617: [1;34mTINFO: [0mTimeout per run is 0h 01m 00s
tst_memutils.c:152: [1;34mTINFO: [0moom_score_adj does not exist, skipping the adjustment
ftruncate01.c:65: [1;34mTINFO: [0mTruncated length smaller than file size
ftruncate01.c:60: [1;32mTPASS: [0mftruncate() succeeded
ftruncate01.c:74: [1;34mTINFO: [0mTruncated length exceeds file size
ftruncate01.c:60: [1;32mTPASS: [0mftruncate() succeeded

Summary:
passed   2
failed   0
broken   0
skipped  0
warnings 0
PASS LTP CASE ftruncate01 : 0
LTP CASE RESULT ftruncate01 : PASS (0)
[ltprunner] #501 suite=syscalls case=getcwd01
RUN LTP CASE getcwd01
ERROR: ld.so: object '/ltp_proto_compat.so' from LD_PRELOAD cannot be preloaded (cannot open shared object file): ignored.
tst_memutils.c:152: [1;34mTINFO: [0moom_score_adj does not exist, skipping the adjustment
tst_test.c:1733: [1;34mTINFO: [0mLTP version: 20240524
tst_test.c:1617: [1;34mTINFO: [0mTimeout per run is 0h 01m 00s
tst_memutils.c:152: [1;34mTINFO: [0moom_score_adj does not exist, skipping the adjustment
getcwd01.c:48: [1;32mTPASS: [0mtst_syscall(__NR_getcwd, tc->buf, tc->size) : EFAULT (14)
getcwd01.c:48: [1;32mTPASS: [0mtst_syscall(__NR_getcwd, tc->buf, tc->size) : EFAULT (14)
getcwd01.c:48: [1;32mTPASS: [0mtst_syscall(__NR_getcwd, tc->buf, tc->size) : ERANGE (34)
getcwd01.c:48: [1;32mTPASS: [0mtst_syscall(__NR_getcwd, tc->buf, tc->size) : ERANGE (34)
getcwd01.c:48: [1;32mTPASS: [0mtst_syscall(__NR_getcwd, tc->buf, tc->size) : ERANGE (34)

Summary:
passed   5
failed   0
broken   0
skipped  0
warnings 0
PASS LTP CASE getcwd01 : 0
LTP CASE RESULT getcwd01 : PASS (0)
[ltprunner] #505 suite=syscalls case=getdents01
RUN LTP CASE getdents01
ERROR: ld.so: object '/ltp_proto_compat.so' from LD_PRELOAD cannot be preloaded (cannot open shared object file): ignored.
tst_buffers.c:57: [1;34mTINFO: [0mTest is using guarded buffers
tst_memutils.c:152: [1;34mTINFO: [0moom_score_adj does not exist, skipping the adjustment
tst_test.c:1733: [1;34mTINFO: [0mLTP version: 20240524
tst_test.c:1617: [1;34mTINFO: [0mTimeout per run is 0h 01m 00s
tst_memutils.c:152: [1;34mTINFO: [0moom_score_adj does not exist, skipping the adjustment
getdents.h:148: [1;34mTINFO: [0mTesting the SYS_getdents syscall
getdents.h:45: [1;33mTCONF: [0msyscall(-1) __NR_getdents not supported on your arch
tst_memutils.c:152: [1;34mTINFO: [0moom_score_adj does not exist, skipping the adjustment
getdents.h:151: [1;34mTINFO: [0mTesting the SYS_getdents64 syscall
getdents01.c:92: [1;34mTINFO: [0mFound '.'
getdents01.c:92: [1;34mTINFO: [0mFound '..'
getdents01.c:92: [1;34mTINFO: [0mFound 'dir'
getdents01.c:92: [1;34mTINFO: [0mFound 'file'
getdents01.c:92: [1;34mTINFO: [0mFound 'symlink'
getdents01.c:126: [1;32mTPASS: [0mAll entries found
tst_memutils.c:152: [1;34mTINFO: [0moom_score_adj does not exist, skipping the adjustment
getdents.h:157: [1;33mTCONF: [0mlibc getdents() is not implemented
tst_memutils.c:152: [1;34mTINFO: [0moom_score_adj does not exist, skipping the adjustment
getdents.h:162: [1;34mTINFO: [0mTesting libc getdents64()
getdents01.c:92: [1;34mTINFO: [0mFound '.'
getdents01.c:92: [1;34mTINFO: [0mFound '..'
getdents01.c:92: [1;34mTINFO: [0mFound 'dir'
getdents01.c:92: [1;34mTINFO: [0mFound 'file'
getdents01.c:92: [1;34mTINFO: [0mFound 'symlink'
getdents01.c:126: [1;32mTPASS: [0mAll entries found

Summary:
passed   2
failed   0
broken   0
skipped  2
warnings 0
PASS LTP CASE getdents01 : 0
LTP CASE RESULT getdents01 : PASS (0)
[ltprunner] #702 suite=syscalls case=link02
RUN LTP CASE link02
ERROR: ld.so: object '/ltp_proto_compat.so' from LD_PRELOAD cannot be preloaded (cannot open shared object file): ignored.
tst_memutils.c:152: [1;34mTINFO: [0moom_score_adj does not exist, skipping the adjustment
tst_test.c:1733: [1;34mTINFO: [0mLTP version: 20240524
tst_test.c:1617: [1;34mTINFO: [0mTimeout per run is 0h 01m 00s
tst_memutils.c:152: [1;34mTINFO: [0moom_score_adj does not exist, skipping the adjustment
link02.c:26: [1;32mTPASS: [0mlink(OLDPATH, NEWPATH) passed
link02.c:35: [1;32mTPASS: [0mlink(oldpath,newpath) returned 0 and stat link counts match

Summary:
passed   2
failed   0
broken   0
skipped  0
warnings 0
PASS LTP CASE link02 : 0
LTP CASE RESULT link02 : PASS (0)
[ltprunner] #703 suite=syscalls case=link04
RUN LTP CASE link04
ERROR: ld.so: object '/ltp_proto_compat.so' from LD_PRELOAD cannot be preloaded (cannot open shared object file): ignored.
tst_memutils.c:152: [1;34mTINFO: [0moom_score_adj does not exist, skipping the adjustment
tst_test.c:1733: [1;34mTINFO: [0mLTP version: 20240524
tst_test.c:1617: [1;34mTINFO: [0mTimeout per run is 0h 01m 00s
tst_memutils.c:152: [1;34mTINFO: [0moom_score_adj does not exist, skipping the adjustment
link04.c:90: [1;32mTPASS: [0mlink(<non-existent file>, <nefile>): ENOENT (2)
link04.c:90: [1;32mTPASS: [0mlink(<path is empty string>, <nefile>): ENOENT (2)
link04.c:90: [1;32mTPASS: [0mlink(<path contains a non-existent file>, <nefile>): ENOENT (2)
link04.c:90: [1;32mTPASS: [0mlink(<path contains a regular file>, <nefile>): ENOTDIR (20)
link04.c:90: [1;32mTPASS: [0mlink(<pathname too long>, <nefile>): ENAMETOOLONG (36)
link04.c:90: [1;32mTPASS: [0mlink(<invalid address>, <nefile>): EFAULT (14)
link04.c:90: [1;32mTPASS: [0mlink(<regfile>, <empty string>): ENOENT (2)
link04.c:90: [1;32mTPASS: [0mlink(<regfile>, <path contains a non-existent file>): ENOENT (2)
link04.c:90: [1;32mTPASS: [0mlink(<regfile>, <path contains a regular file>): ENOENT (2)
link04.c:90: [1;32mTPASS: [0mlink(<regfile>, <pathname too long>): ENAMETOOLONG (36)
link04.c:90: [1;32mTPASS: [0mlink(<regfile>, <invalid address>): EFAULT (14)
link04.c:90: [1;32mTPASS: [0mlink(<regfile>, <regfile2>): EEXIST (17)
link04.c:90: [1;32mTPASS: [0mlink(<Write access diretory>, <newpath>): EACCES (13)
link04.c:90: [1;32mTPASS: [0mlink(<Search access diretory>, <dir2/testdir_1/new_tfile_2>): EACCES (13)

Summary:
passed   14
failed   0
broken   0
skipped  0
warnings 0
PASS LTP CASE link04 : 0
LTP CASE RESULT link04 : PASS (0)
[ltprunner] #704 suite=syscalls case=link05
RUN LTP CASE link05
ERROR: ld.so: object '/ltp_proto_compat.so' from LD_PRELOAD cannot be preloaded (cannot open shared object file): ignored.
tst_memutils.c:152: [1;34mTINFO: [0moom_score_adj does not exist, skipping the adjustment
tst_test.c:1733: [1;34mTINFO: [0mLTP version: 20240524
tst_test.c:1617: [1;34mTINFO: [0mTimeout per run is 0h 01m 00s
tst_memutils.c:152: [1;34mTINFO: [0moom_score_adj does not exist, skipping the adjustment
link05.c:56: [1;32mTPASS: [0mlink(lkfile_385, lkfile_385[1-1000]) ret 0 for 1000 files, stat linkcounts match 1000

Summary:
passed   1
failed   0
broken   0
skipped  0
warnings 0
PASS LTP CASE link05 : 0
LTP CASE RESULT link05 : PASS (0)
[ltprunner] #719 suite=syscalls case=lseek01
RUN LTP CASE lseek01
ERROR: ld.so: object '/ltp_proto_compat.so' from LD_PRELOAD cannot be preloaded (cannot open shared object file): ignored.
tst_memutils.c:152: [1;34mTINFO: [0moom_score_adj does not exist, skipping the adjustment
tst_test.c:1733: [1;34mTINFO: [0mLTP version: 20240524
tst_test.c:1617: [1;34mTINFO: [0mTimeout per run is 0h 01m 00s
tst_memutils.c:152: [1;34mTINFO: [0moom_score_adj does not exist, skipping the adjustment
lseek01.c:67: [1;32mTPASS: [0mlseek(tfile, 4, SEEK_SET) read correct data
lseek01.c:67: [1;32mTPASS: [0mlseek(tfile, -2, SEEK_CUR) read correct data
lseek01.c:67: [1;32mTPASS: [0mlseek(tfile, -4, SEEK_END) read correct data
lseek01.c:67: [1;32mTPASS: [0mlseek(tfile, 0, SEEK_END) read correct data

Summary:
passed   4
failed   0
broken   0
skipped  0
warnings 0
PASS LTP CASE lseek01 : 0
LTP CASE RESULT lseek01 : PASS (0)
[ltprunner] #727 suite=syscalls case=lstat02
RUN LTP CASE lstat02
ERROR: ld.so: object '/ltp_proto_compat.so' from LD_PRELOAD cannot be preloaded (cannot open shared object file): ignored.
tst_memutils.c:152: [1;34mTINFO: [0moom_score_adj does not exist, skipping the adjustment
tst_test.c:1733: [1;34mTINFO: [0mLTP version: 20240524
tst_test.c:1617: [1;34mTINFO: [0mTimeout per run is 0h 01m 00s
tst_memutils.c:152: [1;34mTINFO: [0moom_score_adj does not exist, skipping the adjustment
lstat02.c:72: [1;32mTPASS: [0mlstat() failed as expected: EACCES (13)
lstat02.c:72: [1;32mTPASS: [0mlstat() failed as expected: ENOENT (2)
lstat02.c:72: [1;32mTPASS: [0mlstat() failed as expected: EFAULT (14)
lstat02.c:72: [1;32mTPASS: [0mlstat() failed as expected: ENAMETOOLONG (36)
lstat02.c:72: [1;32mTPASS: [0mlstat() failed as expected: ENOTDIR (20)
lstat02.c:72: [1;32mTPASS: [0mlstat() failed as expected: ELOOP (40)

Summary:
passed   6
failed   0
broken   0
skipped  0
warnings 0
PASS LTP CASE lstat02 : 0
LTP CASE RESULT lstat02 : PASS (0)
[ltprunner] #881 suite=syscalls case=open03
RUN LTP CASE open03
ERROR: ld.so: object '/ltp_proto_compat.so' from LD_PRELOAD cannot be preloaded (cannot open shared object file): ignored.
tst_memutils.c:152: [1;34mTINFO: [0moom_score_adj does not exist, skipping the adjustment
tst_test.c:1733: [1;34mTINFO: [0mLTP version: 20240524
tst_test.c:1617: [1;34mTINFO: [0mTimeout per run is 0h 01m 00s
tst_memutils.c:152: [1;34mTINFO: [0moom_score_adj does not exist, skipping the adjustment
open03.c:19: [1;32mTPASS: [0mopen(TEST_FILE, O_RDWR | O_CREAT, 0700) returned fd 3

Summary:
passed   1
failed   0
broken   0
skipped  0
warnings 0
PASS LTP CASE open03 : 0
LTP CASE RESULT open03 : PASS (0)
[ltprunner] #882 suite=syscalls case=open04
RUN LTP CASE open04
ERROR: ld.so: object '/ltp_proto_compat.so' from LD_PRELOAD cannot be preloaded (cannot open shared object file): ignored.
tst_memutils.c:152: [1;34mTINFO: [0moom_score_adj does not exist, skipping the adjustment
tst_test.c:1733: [1;34mTINFO: [0mLTP version: 20240524
tst_test.c:1617: [1;34mTINFO: [0mTimeout per run is 0h 01m 00s
tst_memutils.c:152: [1;34mTINFO: [0moom_score_adj does not exist, skipping the adjustment
Test timeouted, sending SIGKILL!
Test timeouted, sending SIGKILL!
tst_test.c:1671: [1;34mTINFO: [0mIf you are running on slow machine, try exporting LTP_TIMEOUT_MUL > 1
tst_test.c:1673: [1;31mTBROK: [0mTest killed! (timeout?)

Summary:
passed   0
failed   0
broken   1
skipped  0
warnings 0
FAIL LTP CASE open04 : 2
LTP CASE RESULT open04 : FAIL (2)
[ltprunner] #946 suite=syscalls case=pipe13
RUN LTP CASE pipe13
ERROR: ld.so: object '/ltp_proto_compat.so' from LD_PRELOAD cannot be preloaded (cannot open shared object file): ignored.
tst_memutils.c:152: [1;34mTINFO: [0moom_score_adj does not exist, skipping the adjustment
tst_test.c:1733: [1;34mTINFO: [0mLTP version: 20240524
tst_test.c:1617: [1;34mTINFO: [0mTimeout per run is 0h 01m 00s
tst_memutils.c:152: [1;34mTINFO: [0moom_score_adj does not exist, skipping the adjustment
pipe13.c:50: [1;34mTINFO: [0mCreating 2 child processes
pipe13.c:91: [1;32mTPASS: [0mClosed pipe waked up everyone
pipe13.c:50: [1;34mTINFO: [0mCreating 10 child processes
pipe13.c:91: [1;32mTPASS: [0mClosed pipe waked up everyone
pipe13.c:50: [1;34mTINFO: [0mCreating 27 child processes
pipe13.c:91: [1;32mTPASS: [0mClosed pipe waked up everyone
pipe13.c:50: [1;34mTINFO: [0mCreating 100 child processes
pipe13.c:91: [1;32mTPASS: [0mClosed pipe waked up everyone

Summary:
passed   4
failed   0
broken   0
skipped  0
warnings 0
PASS LTP CASE pipe13 : 0
LTP CASE RESULT pipe13 : PASS (0)
[ltprunner] #1037 suite=syscalls case=read01
RUN LTP CASE read01
ERROR: ld.so: object '/ltp_proto_compat.so' from LD_PRELOAD cannot be preloaded (cannot open shared object file): ignored.
tst_memutils.c:152: [1;34mTINFO: [0moom_score_adj does not exist, skipping the adjustment
tst_test.c:1733: [1;34mTINFO: [0mLTP version: 20240524
tst_test.c:1617: [1;34mTINFO: [0mTimeout per run is 0h 01m 00s
tst_memutils.c:152: [1;34mTINFO: [0moom_score_adj does not exist, skipping the adjustment
read01.c:24: [1;32mTPASS: [0mread(2) returned 512

Summary:
passed   1
failed   0
broken   0
skipped  0
warnings 0
PASS LTP CASE read01 : 0
LTP CASE RESULT read01 : PASS (0)
[ltprunner] #1038 suite=syscalls case=read02
RUN LTP CASE read02
ERROR: ld.so: object '/ltp_proto_compat.so' from LD_PRELOAD cannot be preloaded (cannot open shared object file): ignored.
tst_memutils.c:152: [1;34mTINFO: [0moom_score_adj does not exist, skipping the adjustment
tst_test.c:1733: [1;34mTINFO: [0mLTP version: 20240524
tst_test.c:1617: [1;34mTINFO: [0mTimeout per run is 0h 01m 00s
tst_memutils.c:152: [1;34mTINFO: [0moom_score_adj does not exist, skipping the adjustment
read02.c:84: [1;32mTPASS: [0mread() failed as expected: EBADF (9)
read02.c:84: [1;32mTPASS: [0mread() failed as expected: EISDIR (21)
read02.c:84: [1;32mTPASS: [0mread() failed as expected: EFAULT (14)
read02.c:73: [1;32mTPASS: [0mO_DIRECT unaligned reads fallbacks to buffered I/O
read02.c:73: [1;32mTPASS: [0mO_DIRECT unaligned reads fallbacks to buffered I/O

Summary:
passed   5
failed   0
broken   0
skipped  0
warnings 0
PASS LTP CASE read02 : 0
LTP CASE RESULT read02 : PASS (0)
[ltprunner] #1046 suite=syscalls case=readlink01
RUN LTP CASE readlink01
ERROR: ld.so: object '/ltp_proto_compat.so' from LD_PRELOAD cannot be preloaded (cannot open shared object file): ignored.
tst_memutils.c:152: [1;34mTINFO: [0moom_score_adj does not exist, skipping the adjustment
tst_test.c:1733: [1;34mTINFO: [0mLTP version: 20240524
tst_test.c:1617: [1;34mTINFO: [0mTimeout per run is 0h 01m 00s
tst_memutils.c:152: [1;34mTINFO: [0moom_score_adj does not exist, skipping the adjustment
readlink01.c:64: [1;34mTINFO: [0mRunning test as root
readlink01.c:45: [1;32mTPASS: [0mreadlink() functionality on 'slink_file' was correct
readlink01.c:55: [1;34mTINFO: [0mRunning test as nobody
readlink01.c:45: [1;32mTPASS: [0mreadlink() functionality on 'slink_file' was correct

Summary:
passed   2
failed   0
broken   0
skipped  0
warnings 0
PASS LTP CASE readlink01 : 0
LTP CASE RESULT readlink01 : PASS (0)
[ltprunner] #1047 suite=syscalls case=readlink03
RUN LTP CASE readlink03
ERROR: ld.so: object '/ltp_proto_compat.so' from LD_PRELOAD cannot be preloaded (cannot open shared object file): ignored.
tst_memutils.c:152: [1;34mTINFO: [0moom_score_adj does not exist, skipping the adjustment
tst_test.c:1733: [1;34mTINFO: [0mLTP version: 20240524
tst_test.c:1617: [1;34mTINFO: [0mTimeout per run is 0h 01m 00s
tst_memutils.c:152: [1;34mTINFO: [0moom_score_adj does not exist, skipping the adjustment
readlink03.c:86: [1;32mTPASS: [0mreadlink() failed as expected: EACCES (13)
readlink03.c:86: [1;32mTPASS: [0mreadlink() failed as expected: EINVAL (22)
readlink03.c:86: [1;32mTPASS: [0mreadlink() failed as expected: EINVAL (22)
readlink03.c:86: [1;32mTPASS: [0mreadlink() failed as expected: ENAMETOOLONG (36)
readlink03.c:86: [1;32mTPASS: [0mreadlink() failed as expected: ENOENT (2)
readlink03.c:86: [1;32mTPASS: [0mreadlink() failed as expected: ENOTDIR (20)
readlink03.c:86: [1;32mTPASS: [0mreadlink() failed as expected: ELOOP (40)
readlink03.c:86: [1;32mTPASS: [0mreadlink() failed as expected: EFAULT (14)

Summary:
passed   8
failed   0
broken   0
skipped  0
warnings 0
PASS LTP CASE readlink03 : 0
LTP CASE RESULT readlink03 : PASS (0)
[ltprunner] #1087 suite=syscalls case=rmdir01
RUN LTP CASE rmdir01
ERROR: ld.so: object '/ltp_proto_compat.so' from LD_PRELOAD cannot be preloaded (cannot open shared object file): ignored.
tst_memutils.c:152: [1;34mTINFO: [0moom_score_adj does not exist, skipping the adjustment
tst_test.c:1733: [1;34mTINFO: [0mLTP version: 20240524
tst_test.c:1617: [1;34mTINFO: [0mTimeout per run is 0h 01m 00s
tst_memutils.c:152: [1;34mTINFO: [0moom_score_adj does not exist, skipping the adjustment
rmdir01.c:33: [1;32mTPASS: [0mrmdir(testdir) success

Summary:
passed   1
failed   0
broken   0
skipped  0
warnings 0
PASS LTP CASE rmdir01 : 0
LTP CASE RESULT rmdir01 : PASS (0)
[ltprunner] #1359 suite=syscalls case=stat02
RUN LTP CASE stat02
ERROR: ld.so: object '/ltp_proto_compat.so' from LD_PRELOAD cannot be preloaded (cannot open shared object file): ignored.
tst_memutils.c:152: [1;34mTINFO: [0moom_score_adj does not exist, skipping the adjustment
tst_test.c:1733: [1;34mTINFO: [0mLTP version: 20240524
tst_test.c:1617: [1;34mTINFO: [0mTimeout per run is 0h 01m 00s
tst_memutils.c:152: [1;34mTINFO: [0moom_score_adj does not exist, skipping the adjustment
stat02.c:67: [1;32mTPASS: [0mFile size reported as expected
stat02.c:67: [1;32mTPASS: [0mFile size reported as expected

Summary:
passed   2
failed   0
broken   0
skipped  0
warnings 0
PASS LTP CASE stat02 : 0
LTP CASE RESULT stat02 : PASS (0)
[ltprunner] #1382 suite=syscalls case=symlink01
RUN LTP CASE symlink01
ERROR: ld.so: object '/ltp_proto_compat.so' from LD_PRELOAD cannot be preloaded (cannot open shared object file): ignored.
symlink01    1  [1;32mTPASS[0m  :  Creation of symbolic link file to no object file is ok
symlink01    2  [1;32mTPASS[0m  :  Creation of symbolic link file to no object file is ok
symlink01    3  [1;32mTPASS[0m  :  Creation of symbolic link file and object file via symbolic link is ok
symlink01    4  [1;32mTPASS[0m  :  Creating an existing symbolic link file error is caught
symlink01    5  [1;32mTPASS[0m  :  Creating a symbolic link which exceeds maximum pathname error is caught
PASS LTP CASE symlink01 : 0
LTP CASE RESULT symlink01 : PASS (0)
[ltprunner] #1441 suite=syscalls case=unlink05
RUN LTP CASE unlink05
ERROR: ld.so: object '/ltp_proto_compat.so' from LD_PRELOAD cannot be preloaded (cannot open shared object file): ignored.
tst_memutils.c:152: [1;34mTINFO: [0moom_score_adj does not exist, skipping the adjustment
tst_test.c:1733: [1;34mTINFO: [0mLTP version: 20240524
tst_test.c:1617: [1;34mTINFO: [0mTimeout per run is 0h 01m 00s
tst_memutils.c:152: [1;34mTINFO: [0moom_score_adj does not exist, skipping the adjustment
unlink05.c:61: [1;32mTPASS: [0munlink(file) succeeded
unlink05.c:61: [1;32mTPASS: [0munlink(fifo) succeeded

Summary:
passed   2
failed   0
broken   0
skipped  0
warnings 0
PASS LTP CASE unlink05 : 0
LTP CASE RESULT unlink05 : PASS (0)
[ltprunner] #1442 suite=syscalls case=unlink07
RUN LTP CASE unlink07
ERROR: ld.so: object '/ltp_proto_compat.so' from LD_PRELOAD cannot be preloaded (cannot open shared object file): ignored.
tst_memutils.c:152: [1;34mTINFO: [0moom_score_adj does not exist, skipping the adjustment
tst_test.c:1733: [1;34mTINFO: [0mLTP version: 20240524
tst_test.c:1617: [1;34mTINFO: [0mTimeout per run is 0h 01m 00s
tst_memutils.c:152: [1;34mTINFO: [0moom_score_adj does not exist, skipping the adjustment
unlink07.c:46: [1;32mTPASS: [0mnon-existent file : ENOENT (2)
unlink07.c:46: [1;32mTPASS: [0mpath is empty string : ENOENT (2)
unlink07.c:46: [1;32mTPASS: [0mpath contains a non-existent file : ENOENT (2)
unlink07.c:46: [1;32mTPASS: [0minvalid address : EFAULT (14)
unlink07.c:46: [1;32mTPASS: [0mpath contains a regular file : ENOTDIR (20)
unlink07.c:46: [1;32mTPASS: [0mpathname too long : ENAMETOOLONG (36)

Summary:
passed   6
failed   0
broken   0
skipped  0
warnings 0
PASS LTP CASE unlink07 : 0
LTP CASE RESULT unlink07 : PASS (0)
[ltprunner] #1443 suite=syscalls case=unlink08
RUN LTP CASE unlink08
ERROR: ld.so: object '/ltp_proto_compat.so' from LD_PRELOAD cannot be preloaded (cannot open shared object file): ignored.
tst_memutils.c:152: [1;34mTINFO: [0moom_score_adj does not exist, skipping the adjustment
tst_test.c:1733: [1;34mTINFO: [0mLTP version: 20240524
tst_test.c:1617: [1;34mTINFO: [0mTimeout per run is 0h 01m 00s
tst_memutils.c:152: [1;34mTINFO: [0moom_score_adj does not exist, skipping the adjustment
unlink08.c:40: [1;32mTPASS: [0munwritable directory : EACCES (13)
unlink08.c:40: [1;32mTPASS: [0munsearchable directory : EACCES (13)
unlink08.c:40: [1;32mTPASS: [0mdirectory : EISDIR (21)
unlink08.c:40: [1;32mTPASS: [0mdirectory : EISDIR (21)

Summary:
passed   4
failed   0
broken   0
skipped  0
warnings 0
PASS LTP CASE unlink08 : 0
LTP CASE RESULT unlink08 : PASS (0)
[ltprunner] #1500 suite=syscalls case=write01
RUN LTP CASE write01
ERROR: ld.so: object '/ltp_proto_compat.so' from LD_PRELOAD cannot be preloaded (cannot open shared object file): ignored.
tst_memutils.c:152: [1;34mTINFO: [0moom_score_adj does not exist, skipping the adjustment
tst_test.c:1733: [1;34mTINFO: [0mLTP version: 20240524
tst_test.c:1617: [1;34mTINFO: [0mTimeout per run is 0h 01m 00s
tst_memutils.c:152: [1;34mTINFO: [0moom_score_adj does not exist, skipping the adjustment
write01.c:40: [1;32mTPASS: [0mwrite() passed

Summary:
passed   1
failed   0
broken   0
skipped  0
warnings 0
PASS LTP CASE write01 : 0
LTP CASE RESULT write01 : PASS (0)
[ltprunner] #1501 suite=syscalls case=write02
RUN LTP CASE write02
ERROR: ld.so: object '/ltp_proto_compat.so' from LD_PRELOAD cannot be preloaded (cannot open shared object file): ignored.
tst_memutils.c:152: [1;34mTINFO: [0moom_score_adj does not exist, skipping the adjustment
tst_test.c:1733: [1;34mTINFO: [0mLTP version: 20240524
tst_test.c:1617: [1;34mTINFO: [0mTimeout per run is 0h 01m 00s
tst_memutils.c:152: [1;34mTINFO: [0moom_score_adj does not exist, skipping the adjustment
write02.c:20: [1;32mTPASS: [0mwrite(fd, NULL, 0) returned 0
write02.c:22: [1;32mTPASS: [0mExpect: write(fd, NULL, 0) == 0

Summary:
passed   2
failed   0
broken   0
skipped  0
warnings 0
PASS LTP CASE write02 : 0
LTP CASE RESULT write02 : PASS (0)
[ltprunner] #1505 suite=syscalls case=write06
RUN LTP CASE write06
ERROR: ld.so: object '/ltp_proto_compat.so' from LD_PRELOAD cannot be preloaded (cannot open shared object file): ignored.
tst_buffers.c:57: [1;34mTINFO: [0mTest is using guarded buffers
tst_memutils.c:152: [1;34mTINFO: [0moom_score_adj does not exist, skipping the adjustment
tst_test.c:1733: [1;34mTINFO: [0mLTP version: 20240524
tst_test.c:1617: [1;34mTINFO: [0mTimeout per run is 0h 01m 00s
tst_memutils.c:152: [1;34mTINFO: [0moom_score_adj does not exist, skipping the adjustment
write06.c:59: [1;32mTPASS: [0mOffset is correct after write 3072
write06.c:65: [1;32mTPASS: [0mCorrect file size after append 3072

Summary:
passed   2
failed   0
broken   0
skipped  0
warnings 0
PASS LTP CASE write06 : 0
LTP CASE RESULT write06 : PASS (0)
[ltprunner] #1536 suite=syscalls case=statx01
RUN LTP CASE statx01
ERROR: ld.so: object '/ltp_proto_compat.so' from LD_PRELOAD cannot be preloaded (cannot open shared object file): ignored.
tst_memutils.c:152: [1;34mTINFO: [0moom_score_adj does not exist, skipping the adjustment
tst_test.c:1733: [1;34mTINFO: [0mLTP version: 20240524
tst_test.c:1617: [1;34mTINFO: [0mTimeout per run is 0h 01m 00s
tst_memutils.c:152: [1;34mTINFO: [0moom_score_adj does not exist, skipping the adjustment
statx01.c:105: [1;32mTPASS: [0mstatx(AT_FDCWD, test_file, 0, 0, &buff)
statx01.c:112: [1;32mTPASS: [0mstx_uid(0) is correct
statx01.c:118: [1;32mTPASS: [0mstx_gid(0) is correct
statx01.c:124: [1;32mTPASS: [0mstx_size(256) is correct
statx01.c:132: [1;32mTPASS: [0mstx_mode(33188) is correct
statx01.c:138: [1;32mTPASS: [0mstx_blocks(0) is valid
statx01.c:145: [1;32mTPASS: [0mstx_nlink(1) is correct
statx01.c:62: [1;33mTCONF: [0mstx_mnt_id is not supported until linux 5.8
statx01.c:163: [1;32mTPASS: [0mstatx(AT_FDCWD, mntpoint/blk_dev, 0, 0, &buff)
statx01.c:173: [1;31mTFAIL: [0mstx_rdev_major(0) is different from expected(8)
statx01.c:178: [1;32mTPASS: [0mstx_rdev_minor(1) is correct

Summary:
passed   9
failed   1
broken   0
skipped  1
warnings 0
FAIL LTP CASE statx01 : 1
LTP CASE RESULT statx01 : FAIL (1)
[ltprunner] #1537 suite=syscalls case=statx02
RUN LTP CASE statx02
ERROR: ld.so: object '/ltp_proto_compat.so' from LD_PRELOAD cannot be preloaded (cannot open shared object file): ignored.
tst_memutils.c:152: [1;34mTINFO: [0moom_score_adj does not exist, skipping the adjustment
tst_test.c:1733: [1;34mTINFO: [0mLTP version: 20240524
tst_test.c:1617: [1;34mTINFO: [0mTimeout per run is 0h 01m 00s
tst_memutils.c:152: [1;34mTINFO: [0moom_score_adj does not exist, skipping the adjustment
statx02.c:46: [1;32mTPASS: [0mstatx(file_fd, "", AT_EMPTY_PATH, 0, &buf)
statx02.c:53: [1;32mTPASS: [0mstx_size(14) is correct
statx02.c:70: [1;32mTPASS: [0mstatx(AT_FDCWD, test_temp, 0, 0, &fbuf)
statx02.c:79: [1;32mTPASS: [0mstatx(AT_FDCWD, test_temp_ln, AT_SYMLINK_NOFOLLOW, 0,&lbuf)
statx02.c:88: [1;32mTPASS: [0mStatx symlink flag worked as expected

Summary:
passed   5
failed   0
broken   0
skipped  0
warnings 0
PASS LTP CASE statx02 : 0
LTP CASE RESULT statx02 : PASS (0)
[ltprunner] done. executed=59 passed=55 failed=3 skipped=1 total_ms=473507 rate=7 cases/min
#### OS COMP TEST GROUP END ltp-glibc ####
[initproc] skip cpython (mask bit12 not set)
[initproc] skip unixbench (mask bit5 not set)
[initproc] run_selected_groups done
make: Leaving directory '/app/os'
