Rust toolchain preflight passed: nightly-2026-05-10
[kernel] UART address: 0x1fe001e0
[bootstrap_init] address bits: hardware VALEN=48 PALEN=48, build VALEN=48 PALEN=48
[bootstrap_init] PRCfg1 { SAVE reg. number: 8, Timer bits: 48, max vector entry spacing: 7 }
[firmware] Using static memory configuration (no DTB or FDT parse failed)
[kernel] logger inited, level= Off
[kernel] Boot protocol: LoongArchLegacy, hart_id=1, dtb_paddr=0x0
[kernel] Console initialized.
[memory] 127689 usable physical frames across 1 region(s)
[memory] region0: [0x90d37000, 0xb0000000) frames=127689
.text [0x80000000, 0x802d4000)
.rodata [0x802d4000, 0x802f4000)
.data [0x80349000, 0x80c25000)
.bss [0x80c25000, 0x90d37000)
mapping .text section
mapping .rodata section
mapping .data section
mapping .bss section
mapping physical memory region
mapping memory-mapped registers
[kernel] Hello, world!
[get_timer_freq_first_time] clk freq: 100000000(from CPUCFG)
[machine_init] address bits: hardware VALEN=48 PALEN=48, build VALEN=48 PALEN=48
[CPUCFG 0x0] 1359888
[CPUCFG 0x1] 66253566
[CPUCFG 0x2] 6340815
[CPUCFG 0x3] 0
[CPUCFG 0x4] 100000000
[CPUCFG 0x5] 65537
[CPUCFG 0x6] 0
[CPUCFG 0x10] 11325
[CPUCFG 0x11] 101187587
[CPUCFG 0x12] 101187587
[CPUCFG 0x13] 101187599
[CPUCFG 0x14] 101580815
Misc { 32-bit addr plv(1,2,3):: false,false,false, rdtime allowed for plv(1,2,3):: false,false,false, Disable dirty bit check for plv(0,1,2):: false,false,false, Misalignment check for plv(0,1,2,4):: false,false,false,false }
RVACfg { rbits: 0 }
[machine_init] MMAP_BASE: 0xffffff8000000000
[PCI] ECAM base: 0x20000000
[PCI] Device DeviceFunction { bus: 0, device: 0, function: 0 }: vendor=0x1b36 device=0x8
[PCI] Device DeviceFunction { bus: 0, device: 1, function: 0 }: vendor=0x1af4 device=0x1001
[PCI] VirtIO device: Block
[PCI] Device DeviceFunction { bus: 0, device: 2, function: 0 }: vendor=0x1af4 device=0x1001
[PCI] VirtIO device: Block
[PCI] Device DeviceFunction { bus: 0, device: 3, function: 0 }: vendor=0x1af4 device=0x1000
[PCI] VirtIO device: Network
[kernel] PRNG init warning: Entropy(DeviceUnavailable)
[memory] reclaimed linker frames: [0x80349000, 0x80c0f000) frames=2246
[initramfs] unpacked: files=39 dirs=23 symlinks=1 bytes=9192669
[initramfs] VFS_ROOT initialized (ramfs + cpio unpack + dev/proc/tmp)
[PCI] ECAM base: 0x20000000
[PCI] Device DeviceFunction { bus: 0, device: 0, function: 0 }: vendor=0x1b36 device=0x8
[PCI] Device DeviceFunction { bus: 0, device: 1, function: 0 }: vendor=0x1af4 device=0x1001
[PCI] VirtIO device: Block
[PCI] Device DeviceFunction { bus: 0, device: 2, function: 0 }: vendor=0x1af4 device=0x1001
[PCI] VirtIO device: Block
[PCI] Device DeviceFunction { bus: 0, device: 3, function: 0 }: vendor=0x1af4 device=0x1000
[PCI] VirtIO device: Network
[PCI] Configuring BARs...
[PCI] BAR1: Width32, addr=0x0, size=0x1000
[PCI] BAR4: Width64, addr=0x0, size=0x4000
[PCI] BAR4 is 64-bit
[PCI] Device enabled.
[PCI] ECAM base: 0x20000000
[PCI] Device DeviceFunction { bus: 0, device: 0, function: 0 }: vendor=0x1b36 device=0x8
[PCI] Device DeviceFunction { bus: 0, device: 1, function: 0 }: vendor=0x1af4 device=0x1001
[PCI] VirtIO device: Block
[PCI] Configuring BARs...
[PCI] BAR1: Width32, addr=0x0, size=0x1000
[PCI] BAR4: Width64, addr=0x0, size=0x4000
[PCI] BAR4 is 64-bit
[PCI] Device enabled.
[PCI] Device DeviceFunction { bus: 0, device: 2, function: 0 }: vendor=0x1af4 device=0x1001
[PCI] VirtIO device: Block
[PCI] Configuring BARs...
[PCI] BAR1: Width32, addr=0x0, size=0x1000
[PCI] BAR4: Width64, addr=0x0, size=0x4000
[PCI] BAR4 is 64-bit
[PCI] Device enabled.
[PCI] Device DeviceFunction { bus: 0, device: 3, function: 0 }: vendor=0x1af4 device=0x1000
[PCI] VirtIO device: Network
[kernel] block device 0: official fs (DeviceFunction { bus: 0, device: 1, function: 0 })
[kernel] block device 1: tools disk (DeviceFunction { bus: 0, device: 2, function: 0 })
[mbr] registered /dev/vdb1 (type=0x83, size=2048M)
[mbr] registered /dev/vdb2 (type=0xc, size=1280M)
[ext4] backend: another_ext4
[kernel] root device mounted at sdcard
[mbr] registered /dev/vdb1 (type=0x83, size=2048M)
[mbr] registered /dev/vdb2 (type=0xc, size=1280M)
[ext4] backend: another_ext4
[kernel] tools disk (vdb1) mounted at tools
[kernel] net interface initialized (RoutingDevice: lo + eth)
[init] pseudo-fs mount framework ready
[init] /tmp is bind-mounted from ext4 /sdcard/tmp
[init] /etc is bind-mounted from tools disk
[init] bind mount /tools/bin -> /bin
[init] bind mount /tools/sbin -> /sbin
[init] bind mount /tools/lib -> /lib
[init] bind mount /tools/usr -> /usr
[init] bind mount /tools/root -> /root: skipped (errno=2)
[init] PID1 profile=normal runner=/test-runner
[test-runner] synchronizing clock
[initproc] config source=/sdcard/os_test.conf mode=run mask=0x110 timer_smoke=false skip_apk=true
[initproc] ensuring base directories...
[initproc] runtime layout ready
[initproc] linking musl/glibc libs to /lib ...
[initproc] lib linking done, exit=0
[initproc] prepare lmbench compatibility ...
[initproc] lmbench compatibility done, exit=0
[initproc] install libgcc_s: already exists, skipping
[initproc] skip_apk=true: skipping install_apk_packages
[initproc] run_selected_groups start mask=0x110
[initproc] skip basic (mask bit0 not set)
[initproc] skip busybox (mask bit1 not set)
[initproc] skip lua (mask bit2 not set)
#### OS COMP TEST GROUP START lmbench-musl ####
#### OS COMP TEST GROUP START lmbench-musl ####
latency measurements
Simple syscall: 4.6909 microseconds
Simple read: 46.7155 microseconds
Simple write: 5.1024 microseconds
Simple stat: 138.2143 microseconds
Simple fstat: 60.3011 microseconds
Simple open/close: 70.0132 microseconds
Select on 100 fd's: 154.2286 microseconds
Signal handler installation: 51.3451 microseconds
Signal handler overhead: 143.4324 microseconds
Protection fault: 2.8108 microseconds
Pipe latency: 462.4312 microseconds
Process fork+exit: 6003.0000 microseconds
Process fork+execve: 6578.0000 microseconds
Process fork+/bin/sh -c: 1116668.0000 microseconds
File /var/tmp/XXX write bandwidth:4445 KB/sec
Pagefaults on /var/tmp/XXX: 75.8516 microseconds
0.524288 415
file system latency
0k	30	5874	4725
1k	23	4422	4658
4k	20	3832	4371
10k	15	2544	4592
Bandwidth measurements
Pipe bandwidth: 33.85 MB/sec
0.524288 54.92
0.524288 52.90
0.524288 3314.20
0.524288 54.06
context switch overhead

"size=32k ovr=102.07
2 174.83
4 181.88
8 186.64
16 184.15
24 188.60
32 184.65
64 184.26
96 186.76
#### OS COMP TEST GROUP END lmbench-musl ####
#### OS COMP TEST GROUP END lmbench-musl ####
[initproc] done lmbench_testcode.sh in /musl exit_code=0
#### OS COMP TEST GROUP START lmbench-glibc ####
#### OS COMP TEST GROUP START lmbench-glibc ####
latency measurements
Simple syscall: 4.7263 microseconds
Simple read: 45.8537 microseconds
Simple write: 4.9955 microseconds
Simple stat: 140.3810 microseconds
Simple fstat: 61.8222 microseconds
Simple open/close: 70.1918 microseconds
Select on 100 fd's: 151.2308 microseconds
Signal handler installation: 51.2667 microseconds
Signal handler overhead: 134.4250 microseconds
Protection fault: 8.6341 microseconds
Pipe latency: 464.1423 microseconds
Process fork+exit: 9841.0000 microseconds
Process fork+execve: 16165.0000 microseconds
Process fork+/bin/sh -c: 1149269.0000 microseconds
File /var/tmp/XXX write bandwidth:54830 KB/sec
Pagefaults on /var/tmp/XXX: 76.3125 microseconds
0.524288 415
file system latency
0k	30	5447	4815
1k	25	4148	4779
4k	20	3606	4599
10k	14	2537	4583
Bandwidth measurements
Pipe bandwidth: 34.16 MB/sec
0.524288 54.93
0.524288 54.25
0.524288 3324.37
0.524288 54.74
context switch overhead

"size=32k ovr=104.73
2 171.67
4 172.97
8 174.85
16 174.39
24 174.77
32 176.58
64 171.77
96 174.06
#### OS COMP TEST GROUP END lmbench-glibc ####
#### OS COMP TEST GROUP END lmbench-glibc ####
[initproc] done lmbench_testcode.sh in /glibc exit_code=0
#### OS COMP TEST GROUP START iozone-musl ####
#### OS COMP TEST GROUP START iozone-musl ####
iozone automatic measurements
	Iozone: Performance Test of File I/O
	        Version $Revision: 3.506 $
		Compiled for 64 bit mode.
		Build: linux 

	Contributors:William Norcott, Don Capps, Isom Crawford, Kirby Collins
	             Al Slater, Scott Rhine, Mike Wisner, Ken Goss
	             Steve Landherr, Brad Smith, Mark Kelly, Dr. Alain CYR,
	             Randy Dunlap, Mark Montague, Dan Million, Gavin Brebner,
	             Jean-Marc Zucconi, Jeff Blomberg, Benny Halevy, Dave Boone,
	             Erik Habbinga, Kris Strecker, Walter Wong, Joshua Root,
	             Fabrice Bacchella, Zhenghua Xue, Qin Li, Darren Sawyer,
	             Vangel Bojaxhi, Ben England, Vikentsi Lapa,
	             Alexey Skidanov, Sudhir Kumar.

	Run began: Fri Jan  1 00:03:15 2027

	Auto Mode
	Record Size 1 kB
	File size set to 4096 kB
	Command line used: ./iozone -a -r 1k -s 4m
	Output is in kBytes/sec
	Time Resolution = 0.000053 seconds.
	Processor cache size set to 1024 kBytes.
	Processor cache line size set to 32 bytes.
	File stride size set to 17 * record size.
                                                                    random    random      bkwd     record     stride                                        
              kB  reclen    write    rewrite      read    reread      read     write      read    rewrite       read    fwrite  frewrite     fread   freread
            4096       1fsync: Argument list too long

iozone: interrupted

exiting iozone

iozone throughput write/read measurements
	Iozone: Performance Test of File I/O
	        Version $Revision: 3.506 $
		Compiled for 64 bit mode.
		Build: linux 

	Contributors:William Norcott, Don Capps, Isom Crawford, Kirby Collins
	             Al Slater, Scott Rhine, Mike Wisner, Ken Goss
	             Steve Landherr, Brad Smith, Mark Kelly, Dr. Alain CYR,
	             Randy Dunlap, Mark Montague, Dan Million, Gavin Brebner,
	             Jean-Marc Zucconi, Jeff Blomberg, Benny Halevy, Dave Boone,
	             Erik Habbinga, Kris Strecker, Walter Wong, Joshua Root,
	             Fabrice Bacchella, Zhenghua Xue, Qin Li, Darren Sawyer,
	             Vangel Bojaxhi, Ben England, Vikentsi Lapa,
	             Alexey Skidanov, Sudhir Kumar.

	Run began: Fri Jan  1 00:03:22 2027

	Record Size 1 kB
	File size set to 1024 kB
	Command line used: ./iozone -t 4 -i 0 -i 1 -r 1k -s 1m
	Output is in kBytes/sec
	Time Resolution = 0.000045 seconds.
	Processor cache size set to 1024 kBytes.
	Processor cache line size set to 32 bytes.
	File stride size set to 17 * record size.
	Throughput test with 4 processes
	Each process writes a 1024 kByte file in 1 kByte records

	Children see throughput for  4 initial writers 	=    1812.86 kB/sec
	Parent sees throughput for  4 initial writers 	=    1353.37 kB/sec
	Min throughput per process 			=     413.08 kB/sec 
	Max throughput per process 			=     515.53 kB/sec
	Avg throughput per process 			=     453.21 kB/sec
	Min xfer 					=     977.00 kB

	Children see throughput for  4 rewriters 	=    1954.86 kB/sec
	Parent sees throughput for  4 rewriters 	=    1724.28 kB/sec
	Min throughput per process 			=     452.66 kB/sec 
	Max throughput per process 			=     543.14 kB/sec
	Avg throughput per process 			=     488.71 kB/sec
	Min xfer 					=    1013.00 kB

	Children see throughput for  4 readers 		=    9499.12 kB/sec
	Parent sees throughput for  4 readers 		=    7530.77 kB/sec
	Min throughput per process 			=    1491.21 kB/sec 
	Max throughput per process 			=    3128.44 kB/sec
	Avg throughput per process 			=    2374.78 kB/sec
	Min xfer 					=     637.00 kB

	Children see throughput for 4 re-readers 	=   11963.09 kB/sec
	Parent sees throughput for 4 re-readers 	=    9398.81 kB/sec
	Min throughput per process 			=    2814.35 kB/sec 
	Max throughput per process 			=    3159.10 kB/sec
	Avg throughput per process 			=    2990.77 kB/sec
	Min xfer 					=     962.00 kB



iozone test complete.
iozone throughput random-read measurements
	Iozone: Performance Test of File I/O
	        Version $Revision: 3.506 $
		Compiled for 64 bit mode.
		Build: linux 

	Contributors:William Norcott, Don Capps, Isom Crawford, Kirby Collins
	             Al Slater, Scott Rhine, Mike Wisner, Ken Goss
	             Steve Landherr, Brad Smith, Mark Kelly, Dr. Alain CYR,
	             Randy Dunlap, Mark Montague, Dan Million, Gavin Brebner,
	             Jean-Marc Zucconi, Jeff Blomberg, Benny Halevy, Dave Boone,
	             Erik Habbinga, Kris Strecker, Walter Wong, Joshua Root,
	             Fabrice Bacchella, Zhenghua Xue, Qin Li, Darren Sawyer,
	             Vangel Bojaxhi, Ben England, Vikentsi Lapa,
	             Alexey Skidanov, Sudhir Kumar.

	Run began: Fri Jan  1 00:03:45 2027

	Record Size 1 kB
	File size set to 1024 kB
	Command line used: ./iozone -t 4 -i 0 -i 2 -r 1k -s 1m
	Output is in kBytes/sec
	Time Resolution = 0.000045 seconds.
	Processor cache size set to 1024 kBytes.
	Processor cache line size set to 32 bytes.
	File stride size set to 17 * record size.
	Throughput test with 4 processes
	Each process writes a 1024 kByte file in 1 kByte records

	Children see throughput for  4 initial writers 	=    1894.67 kB/sec
	Parent sees throughput for  4 initial writers 	=    1490.69 kB/sec
	Min throughput per process 			=     404.08 kB/sec 
	Max throughput per process 			=     543.28 kB/sec
	Avg throughput per process 			=     473.67 kB/sec
	Min xfer 					=    1005.00 kB

	Children see throughput for  4 rewriters 	=    1929.43 kB/sec
	Parent sees throughput for  4 rewriters 	=    1679.27 kB/sec
	Min throughput per process 			=     444.71 kB/sec 
	Max throughput per process 			=     543.17 kB/sec
	Avg throughput per process 			=     482.36 kB/sec
	Min xfer 					=    1007.00 kB

	Children see throughput for 4 random readers 	=    9012.22 kB/sec
	Parent sees throughput for 4 random readers 	=    7329.41 kB/sec
	Min throughput per process 			=     978.70 kB/sec 
	Max throughput per process 			=    2798.37 kB/sec
	Avg throughput per process 			=    2253.06 kB/sec
	Min xfer 					=     372.00 kB

	Children see throughput for 4 random writers 	=    2019.93 kB/sec
	Parent sees throughput for 4 random writers 	=    1790.60 kB/sec
	Min throughput per process 			=     470.52 kB/sec 
	Max throughput per process 			=     542.61 kB/sec
	Avg throughput per process 			=     504.98 kB/sec
	Min xfer 					=    1004.00 kB



iozone test complete.
iozone throughput read-backwards measurements
	Iozone: Performance Test of File I/O
	        Version $Revision: 3.506 $
		Compiled for 64 bit mode.
		Build: linux 

	Contributors:William Norcott, Don Capps, Isom Crawford, Kirby Collins
	             Al Slater, Scott Rhine, Mike Wisner, Ken Goss
	             Steve Landherr, Brad Smith, Mark Kelly, Dr. Alain CYR,
	             Randy Dunlap, Mark Montague, Dan Million, Gavin Brebner,
	             Jean-Marc Zucconi, Jeff Blomberg, Benny Halevy, Dave Boone,
	             Erik Habbinga, Kris Strecker, Walter Wong, Joshua Root,
	             Fabrice Bacchella, Zhenghua Xue, Qin Li, Darren Sawyer,
	             Vangel Bojaxhi, Ben England, Vikentsi Lapa,
	             Alexey Skidanov, Sudhir Kumar.

	Run began: Fri Jan  1 00:04:14 2027

	Record Size 1 kB
	File size set to 1024 kB
	Command line used: ./iozone -t 4 -i 0 -i 3 -r 1k -s 1m
	Output is in kBytes/sec
	Time Resolution = 0.000046 seconds.
	Processor cache size set to 1024 kBytes.
	Processor cache line size set to 32 bytes.
	File stride size set to 17 * record size.
	Throughput test with 4 processes
	Each process writes a 1024 kByte file in 1 kByte records

	Children see throughput for  4 initial writers 	=    1965.47 kB/sec
	Parent sees throughput for  4 initial writers 	=    1596.39 kB/sec
	Min throughput per process 			=     437.64 kB/sec 
	Max throughput per process 			=     554.86 kB/sec
	Avg throughput per process 			=     491.37 kB/sec
	Min xfer 					=    1003.00 kB

	Children see throughput for  4 rewriters 	=    2092.34 kB/sec
	Parent sees throughput for  4 rewriters 	=    1839.89 kB/sec
	Min throughput per process 			=     498.17 kB/sec 
	Max throughput per process 			=     554.85 kB/sec
	Avg throughput per process 			=     523.08 kB/sec
	Min xfer 					=    1009.00 kB

	Children see throughput for 4 reverse readers 	=   10577.04 kB/sec
	Parent sees throughput for 4 reverse readers 	=    8627.93 kB/sec
	Min throughput per process 			=    2565.49 kB/sec 
	Max throughput per process 			=    2790.07 kB/sec
	Avg throughput per process 			=    2644.26 kB/sec
	Min xfer 					=     970.00 kB



iozone test complete.
iozone throughput stride-read measurements
	Iozone: Performance Test of File I/O
	        Version $Revision: 3.506 $
		Compiled for 64 bit mode.
		Build: linux 

	Contributors:William Norcott, Don Capps, Isom Crawford, Kirby Collins
	             Al Slater, Scott Rhine, Mike Wisner, Ken Goss
	             Steve Landherr, Brad Smith, Mark Kelly, Dr. Alain CYR,
	             Randy Dunlap, Mark Montague, Dan Million, Gavin Brebner,
	             Jean-Marc Zucconi, Jeff Blomberg, Benny Halevy, Dave Boone,
	             Erik Habbinga, Kris Strecker, Walter Wong, Joshua Root,
	             Fabrice Bacchella, Zhenghua Xue, Qin Li, Darren Sawyer,
	             Vangel Bojaxhi, Ben England, Vikentsi Lapa,
	             Alexey Skidanov, Sudhir Kumar.

	Run began: Fri Jan  1 00:04:36 2027

	Record Size 1 kB
	File size set to 1024 kB
	Command line used: ./iozone -t 4 -i 0 -i 5 -r 1k -s 1m
	Output is in kBytes/sec
	Time Resolution = 0.000045 seconds.
	Processor cache size set to 1024 kBytes.
	Processor cache line size set to 32 bytes.
	File stride size set to 17 * record size.
	Throughput test with 4 processes
	Each process writes a 1024 kByte file in 1 kByte records

	Children see throughput for  4 initial writers 	=    1997.80 kB/sec
	Parent sees throughput for  4 initial writers 	=    1445.89 kB/sec
	Min throughput per process 			=     478.71 kB/sec 
	Max throughput per process 			=     542.73 kB/sec
	Avg throughput per process 			=     499.45 kB/sec
	Min xfer 					=     999.00 kB

	Children see throughput for  4 rewriters 	=    2135.65 kB/sec
	Parent sees throughput for  4 rewriters 	=    1887.01 kB/sec
	Min throughput per process 			=     498.96 kB/sec 
	Max throughput per process 			=     579.22 kB/sec
	Avg throughput per process 			=     533.91 kB/sec
	Min xfer 					=     989.00 kB

	Children see throughput for 4 stride readers 	=   10895.68 kB/sec
	Parent sees throughput for 4 stride readers 	=    8890.93 kB/sec
	Min throughput per process 			=    2659.56 kB/sec 
	Max throughput per process 			=    2798.21 kB/sec
	Avg throughput per process 			=    2723.92 kB/sec
	Min xfer 					=     994.00 kB



iozone test complete.
iozone throughput fwrite/fread measurements
	Iozone: Performance Test of File I/O
	        Version $Revision: 3.506 $
		Compiled for 64 bit mode.
		Build: linux 

	Contributors:William Norcott, Don Capps, Isom Crawford, Kirby Collins
	             Al Slater, Scott Rhine, Mike Wisner, Ken Goss
	             Steve Landherr, Brad Smith, Mark Kelly, Dr. Alain CYR,
	             Randy Dunlap, Mark Montague, Dan Million, Gavin Brebner,
	             Jean-Marc Zucconi, Jeff Blomberg, Benny Halevy, Dave Boone,
	             Erik Habbinga, Kris Strecker, Walter Wong, Joshua Root,
	             Fabrice Bacchella, Zhenghua Xue, Qin Li, Darren Sawyer,
	             Vangel Bojaxhi, Ben England, Vikentsi Lapa,
	             Alexey Skidanov, Sudhir Kumar.

	Run began: Fri Jan  1 00:04:57 2027

	Record Size 1 kB
	File size set to 1024 kB
	Command line used: ./iozone -t 4 -i 6 -i 7 -r 1k -s 1m
	Output is in kBytes/sec
	Time Resolution = 0.000046 seconds.
	Processor cache size set to 1024 kBytes.
	Processor cache line size set to 32 bytes.
	File stride size set to 17 * record size.
	Throughput test with 4 processes
	Each process writes a 1024 kByte file in 1 kByte records

	Children see throughput for  4 fwriters 	=    1711.83 kB/sec
	Parent sees throughput for  4 fwriters 		=    1237.23 kB/sec
	Min throughput per process 			=     345.65 kB/sec 
	Max throughput per process 			=     554.54 kB/sec
	Avg throughput per process 			=     427.96 kB/sec
	Min xfer 					=    1024.00 kB

	Children see throughput for  4 freaders 	=    7809.49 kB/sec
	Parent sees throughput for  4 freaders 		=    7113.10 kB/sec
	Min throughput per process 			=    1935.81 kB/sec 
	Max throughput per process 			=    1962.48 kB/sec
	Avg throughput per process 			=    1952.37 kB/sec
	Min xfer 					=    1024.00 kB



iozone test complete.
iozone throughput pwrite/pread measurements
	Iozone: Performance Test of File I/O
	        Version $Revision: 3.506 $
		Compiled for 64 bit mode.
		Build: linux 

	Contributors:William Norcott, Don Capps, Isom Crawford, Kirby Collins
	             Al Slater, Scott Rhine, Mike Wisner, Ken Goss
	             Steve Landherr, Brad Smith, Mark Kelly, Dr. Alain CYR,
	             Randy Dunlap, Mark Montague, Dan Million, Gavin Brebner,
	             Jean-Marc Zucconi, Jeff Blomberg, Benny Halevy, Dave Boone,
	             Erik Habbinga, Kris Strecker, Walter Wong, Joshua Root,
	             Fabrice Bacchella, Zhenghua Xue, Qin Li, Darren Sawyer,
	             Vangel Bojaxhi, Ben England, Vikentsi Lapa,
	             Alexey Skidanov, Sudhir Kumar.

	Run began: Fri Jan  1 00:05:14 2027

	Record Size 1 kB
	File size set to 1024 kB
	Command line used: ./iozone -t 4 -i 9 -i 10 -r 1k -s 1m
	Output is in kBytes/sec
	Time Resolution = 0.000045 seconds.
	Processor cache size set to 1024 kBytes.
	Processor cache line size set to 32 bytes.
	File stride size set to 17 * record size.
	Throughput test with 4 processes
	Each process writes a 1024 kByte file in 1 kByte records

	Children see throughput for 4 pwrite writers 	=    1852.89 kB/sec
	Parent sees throughput for 4 pwrite writers 	=    1352.05 kB/sec
	Min throughput per process 			=     411.36 kB/sec 
	Max throughput per process 			=     520.70 kB/sec
	Avg throughput per process 			=     463.22 kB/sec
	Min xfer 					=    1000.00 kB

	Children see throughput for 4 pread readers 	=   12895.47 kB/sec
	Parent sees throughput for 4 pread readers 	=   10171.83 kB/sec
	Min throughput per process 			=    3082.68 kB/sec 
	Max throughput per process 			=    3536.41 kB/sec
	Avg throughput per process 			=    3223.87 kB/sec
	Min xfer 					=    1012.00 kB



iozone test complete.
iozone throughtput pwritev/preadv measurements
	Iozone: Performance Test of File I/O
	        Version $Revision: 3.506 $
		Compiled for 64 bit mode.
		Build: linux 

	Contributors:William Norcott, Don Capps, Isom Crawford, Kirby Collins
	             Al Slater, Scott Rhine, Mike Wisner, Ken Goss
	             Steve Landherr, Brad Smith, Mark Kelly, Dr. Alain CYR,
	             Randy Dunlap, Mark Montague, Dan Million, Gavin Brebner,
	             Jean-Marc Zucconi, Jeff Blomberg, Benny Halevy, Dave Boone,
	             Erik Habbinga, Kris Strecker, Walter Wong, Joshua Root,
	             Fabrice Bacchella, Zhenghua Xue, Qin Li, Darren Sawyer,
	             Vangel Bojaxhi, Ben England, Vikentsi Lapa,
	             Alexey Skidanov, Sudhir Kumar.

	Run began: Fri Jan  1 00:05:36 2027

	Selected test not available on the version.
	Record Size 1 kB
	File size set to 1024 kB
	Command line used: ./iozone -t 4 -i 11 -i 12 -r 1k -s 1m
	Output is in kBytes/sec
	Time Resolution = 0.000045 seconds.
	Processor cache size set to 1024 kBytes.
	Processor cache line size set to 32 bytes.
	File stride size set to 17 * record size.
	Throughput test with 4 processes
	Each process writes a 1024 kByte file in 1 kByte records

	Children see throughput for  4 initial writers 	=    1772.22 kB/sec
	Parent sees throughput for  4 initial writers 	=    1264.13 kB/sec
	Min throughput per process 			=     359.50 kB/sec 
	Max throughput per process 			=     532.21 kB/sec
	Avg throughput per process 			=     443.05 kB/sec
	Min xfer 					=    1004.00 kB

	Children see throughput for  4 rewriters 	=    1961.84 kB/sec
	Parent sees throughput for  4 rewriters 	=    1737.82 kB/sec
	Min throughput per process 			=     463.32 kB/sec 
	Max throughput per process 			=     553.74 kB/sec
	Avg throughput per process 			=     490.46 kB/sec
	Min xfer 					=     993.00 kB



iozone test complete.
#### OS COMP TEST GROUP END iozone-musl ####
#### OS COMP TEST GROUP END iozone-musl ####
[initproc] done iozone_testcode.sh in /musl exit_code=0
#### OS COMP TEST GROUP START iozone-glibc ####
#### OS COMP TEST GROUP START iozone-glibc ####
iozone automatic measurements
	Iozone: Performance Test of File I/O
	        Version $Revision: 3.506 $
		Compiled for 64 bit mode.
		Build: linux 

	Contributors:William Norcott, Don Capps, Isom Crawford, Kirby Collins
	             Al Slater, Scott Rhine, Mike Wisner, Ken Goss
	             Steve Landherr, Brad Smith, Mark Kelly, Dr. Alain CYR,
	             Randy Dunlap, Mark Montague, Dan Million, Gavin Brebner,
	             Jean-Marc Zucconi, Jeff Blomberg, Benny Halevy, Dave Boone,
	             Erik Habbinga, Kris Strecker, Walter Wong, Joshua Root,
	             Fabrice Bacchella, Zhenghua Xue, Qin Li, Darren Sawyer,
	             Vangel Bojaxhi, Ben England, Vikentsi Lapa,
	             Alexey Skidanov, Sudhir Kumar.

	Run began: Fri Jan  1 00:05:56 2027

	Auto Mode
	Record Size 1 kB
	File size set to 4096 kB
	Command line used: ./iozone -a -r 1k -s 4m
	Output is in kBytes/sec
	Time Resolution = 0.000043 seconds.
	Processor cache size set to 1024 kBytes.
	Processor cache line size set to 32 bytes.
	File stride size set to 17 * record size.
                                                                    random    random      bkwd     record     stride                                        
              kB  reclen    write    rewrite      read    reread      read     write      read    rewrite       read    fwrite  frewrite     fread   freread
            4096       1      2071      2118     11881     11697     10505      1989     10836       2008      10813      1989      2112     11386     11320

iozone test complete.
iozone throughput write/read measurements
	Iozone: Performance Test of File I/O
	        Version $Revision: 3.506 $
		Compiled for 64 bit mode.
		Build: linux 

	Contributors:William Norcott, Don Capps, Isom Crawford, Kirby Collins
	             Al Slater, Scott Rhine, Mike Wisner, Ken Goss
	             Steve Landherr, Brad Smith, Mark Kelly, Dr. Alain CYR,
	             Randy Dunlap, Mark Montague, Dan Million, Gavin Brebner,
	             Jean-Marc Zucconi, Jeff Blomberg, Benny Halevy, Dave Boone,
	             Erik Habbinga, Kris Strecker, Walter Wong, Joshua Root,
	             Fabrice Bacchella, Zhenghua Xue, Qin Li, Darren Sawyer,
	             Vangel Bojaxhi, Ben England, Vikentsi Lapa,
	             Alexey Skidanov, Sudhir Kumar.

	Run began: Fri Jan  1 00:06:18 2027

	Record Size 1 kB
	File size set to 1024 kB
	Command line used: ./iozone -t 4 -i 0 -i 1 -r 1k -s 1m
	Output is in kBytes/sec
	Time Resolution = 0.000044 seconds.
	Processor cache size set to 1024 kBytes.
	Processor cache line size set to 32 bytes.
	File stride size set to 17 * record size.
	Throughput test with 4 processes
	Each process writes a 1024 kByte file in 1 kByte records

	Children see throughput for  4 initial writers 	=    1803.22 kB/sec
	Parent sees throughput for  4 initial writers 	=    1337.38 kB/sec
	Min throughput per process 			=     385.32 kB/sec 
	Max throughput per process 			=     531.98 kB/sec
	Avg throughput per process 			=     450.80 kB/sec
	Min xfer 					=    1003.00 kB

	Children see throughput for  4 rewriters 	=    2065.71 kB/sec
	Parent sees throughput for  4 rewriters 	=    1833.69 kB/sec
	Min throughput per process 			=     495.75 kB/sec 
	Max throughput per process 			=     553.86 kB/sec
	Avg throughput per process 			=     516.43 kB/sec
	Min xfer 					=     987.00 kB

	Children see throughput for  4 readers 		=   11609.61 kB/sec
	Parent sees throughput for  4 readers 		=    9186.21 kB/sec
	Min throughput per process 			=    2787.95 kB/sec 
	Max throughput per process 			=    3137.38 kB/sec
	Avg throughput per process 			=    2902.40 kB/sec
	Min xfer 					=     969.00 kB

	Children see throughput for 4 re-readers 	=   12136.11 kB/sec
	Parent sees throughput for 4 re-readers 	=    9386.81 kB/sec
	Min throughput per process 			=    2911.70 kB/sec 
	Max throughput per process 			=    3119.44 kB/sec
	Avg throughput per process 			=    3034.03 kB/sec
	Min xfer 					=     959.00 kB



iozone test complete.
iozone throughput random-read measurements
	Iozone: Performance Test of File I/O
	        Version $Revision: 3.506 $
		Compiled for 64 bit mode.
		Build: linux 

	Contributors:William Norcott, Don Capps, Isom Crawford, Kirby Collins
	             Al Slater, Scott Rhine, Mike Wisner, Ken Goss
	             Steve Landherr, Brad Smith, Mark Kelly, Dr. Alain CYR,
	             Randy Dunlap, Mark Montague, Dan Million, Gavin Brebner,
	             Jean-Marc Zucconi, Jeff Blomberg, Benny Halevy, Dave Boone,
	             Erik Habbinga, Kris Strecker, Walter Wong, Joshua Root,
	             Fabrice Bacchella, Zhenghua Xue, Qin Li, Darren Sawyer,
	             Vangel Bojaxhi, Ben England, Vikentsi Lapa,
	             Alexey Skidanov, Sudhir Kumar.

	Run began: Fri Jan  1 00:06:44 2027

	Record Size 1 kB
	File size set to 1024 kB
	Command line used: ./iozone -t 4 -i 0 -i 2 -r 1k -s 1m
	Output is in kBytes/sec
	Time Resolution = 0.000044 seconds.
	Processor cache size set to 1024 kBytes.
	Processor cache line size set to 32 bytes.
	File stride size set to 17 * record size.
	Throughput test with 4 processes
	Each process writes a 1024 kByte file in 1 kByte records

	Children see throughput for  4 initial writers 	=    1801.54 kB/sec
	Parent sees throughput for  4 initial writers 	=    1315.27 kB/sec
	Min throughput per process 			=     363.33 kB/sec 
	Max throughput per process 			=     543.52 kB/sec
	Avg throughput per process 			=     450.39 kB/sec
	Min xfer 					=    1001.00 kB

	Children see throughput for  4 rewriters 	=    2002.61 kB/sec
	Parent sees throughput for  4 rewriters 	=    1797.39 kB/sec
	Min throughput per process 			=     471.75 kB/sec 
	Max throughput per process 			=     531.38 kB/sec
	Avg throughput per process 			=     500.65 kB/sec
	Min xfer 					=    1006.00 kB

	Children see throughput for 4 random readers 	=   10976.39 kB/sec
	Parent sees throughput for 4 random readers 	=    7919.66 kB/sec
	Min throughput per process 			=    2710.16 kB/sec 
	Max throughput per process 			=    2800.11 kB/sec
	Avg throughput per process 			=    2744.10 kB/sec
	Min xfer 					=    1011.00 kB

	Children see throughput for 4 random writers 	=    2043.67 kB/sec
	Parent sees throughput for 4 random writers 	=    1700.39 kB/sec
	Min throughput per process 			=     458.19 kB/sec 
	Max throughput per process 			=     553.86 kB/sec
	Avg throughput per process 			=     510.92 kB/sec
	Min xfer 					=     995.00 kB



iozone test complete.
iozone throughput read-backwards measurements
	Iozone: Performance Test of File I/O
	        Version $Revision: 3.506 $
		Compiled for 64 bit mode.
		Build: linux 

	Contributors:William Norcott, Don Capps, Isom Crawford, Kirby Collins
	             Al Slater, Scott Rhine, Mike Wisner, Ken Goss
	             Steve Landherr, Brad Smith, Mark Kelly, Dr. Alain CYR,
	             Randy Dunlap, Mark Montague, Dan Million, Gavin Brebner,
	             Jean-Marc Zucconi, Jeff Blomberg, Benny Halevy, Dave Boone,
	             Erik Habbinga, Kris Strecker, Walter Wong, Joshua Root,
	             Fabrice Bacchella, Zhenghua Xue, Qin Li, Darren Sawyer,
	             Vangel Bojaxhi, Ben England, Vikentsi Lapa,
	             Alexey Skidanov, Sudhir Kumar.

	Run began: Fri Jan  1 00:07:16 2027

	Record Size 1 kB
	File size set to 1024 kB
	Command line used: ./iozone -t 4 -i 0 -i 3 -r 1k -s 1m
	Output is in kBytes/sec
	Time Resolution = 0.000043 seconds.
	Processor cache size set to 1024 kBytes.
	Processor cache line size set to 32 bytes.
	File stride size set to 17 * record size.
	Throughput test with 4 processes
	Each process writes a 1024 kByte file in 1 kByte records

	Children see throughput for  4 initial writers 	=    1840.77 kB/sec
	Parent sees throughput for  4 initial writers 	=    1389.23 kB/sec
	Min throughput per process 			=     381.16 kB/sec 
	Max throughput per process 			=     542.73 kB/sec
	Avg throughput per process 			=     460.19 kB/sec
	Min xfer 					=    1002.00 kB

	Children see throughput for  4 rewriters 	=    1860.12 kB/sec
	Parent sees throughput for  4 rewriters 	=    1592.78 kB/sec
	Min throughput per process 			=     430.84 kB/sec 
	Max throughput per process 			=     520.56 kB/sec
	Avg throughput per process 			=     465.03 kB/sec
	Min xfer 					=    1001.00 kB

	Children see throughput for 4 reverse readers 	=   10941.96 kB/sec
	Parent sees throughput for 4 reverse readers 	=    8902.24 kB/sec
	Min throughput per process 			=    2693.71 kB/sec 
	Max throughput per process 			=    2804.72 kB/sec
	Avg throughput per process 			=    2735.49 kB/sec
	Min xfer 					=    1005.00 kB



iozone test complete.
iozone throughput stride-read measurements
	Iozone: Performance Test of File I/O
	        Version $Revision: 3.506 $
		Compiled for 64 bit mode.
		Build: linux 

	Contributors:William Norcott, Don Capps, Isom Crawford, Kirby Collins
	             Al Slater, Scott Rhine, Mike Wisner, Ken Goss
	             Steve Landherr, Brad Smith, Mark Kelly, Dr. Alain CYR,
	             Randy Dunlap, Mark Montague, Dan Million, Gavin Brebner,
	             Jean-Marc Zucconi, Jeff Blomberg, Benny Halevy, Dave Boone,
	             Erik Habbinga, Kris Strecker, Walter Wong, Joshua Root,
	             Fabrice Bacchella, Zhenghua Xue, Qin Li, Darren Sawyer,
	             Vangel Bojaxhi, Ben England, Vikentsi Lapa,
	             Alexey Skidanov, Sudhir Kumar.

	Run began: Fri Jan  1 00:07:40 2027

	Record Size 1 kB
	File size set to 1024 kB
	Command line used: ./iozone -t 4 -i 0 -i 5 -r 1k -s 1m
	Output is in kBytes/sec
	Time Resolution = 0.000043 seconds.
	Processor cache size set to 1024 kBytes.
	Processor cache line size set to 32 bytes.
	File stride size set to 17 * record size.
	Throughput test with 4 processes
	Each process writes a 1024 kByte file in 1 kByte records

	Children see throughput for  4 initial writers 	=    1910.27 kB/sec
	Parent sees throughput for  4 initial writers 	=    1387.45 kB/sec
	Min throughput per process 			=     429.72 kB/sec 
	Max throughput per process 			=     542.49 kB/sec
	Avg throughput per process 			=     477.57 kB/sec
	Min xfer 					=     992.00 kB

	Children see throughput for  4 rewriters 	=    1961.01 kB/sec
	Parent sees throughput for  4 rewriters 	=    1670.86 kB/sec
	Min throughput per process 			=     435.85 kB/sec 
	Max throughput per process 			=     530.72 kB/sec
	Avg throughput per process 			=     490.25 kB/sec
	Min xfer 					=    1010.00 kB

	Children see throughput for 4 stride readers 	=   10744.33 kB/sec
	Parent sees throughput for 4 stride readers 	=    8731.20 kB/sec
	Min throughput per process 			=    2628.62 kB/sec 
	Max throughput per process 			=    2796.34 kB/sec
	Avg throughput per process 			=    2686.08 kB/sec
	Min xfer 					=    1004.00 kB



iozone test complete.
iozone throughput fwrite/fread measurements
	Iozone: Performance Test of File I/O
	        Version $Revision: 3.506 $
		Compiled for 64 bit mode.
		Build: linux 

	Contributors:William Norcott, Don Capps, Isom Crawford, Kirby Collins
	             Al Slater, Scott Rhine, Mike Wisner, Ken Goss
	             Steve Landherr, Brad Smith, Mark Kelly, Dr. Alain CYR,
	             Randy Dunlap, Mark Montague, Dan Million, Gavin Brebner,
	             Jean-Marc Zucconi, Jeff Blomberg, Benny Halevy, Dave Boone,
	             Erik Habbinga, Kris Strecker, Walter Wong, Joshua Root,
	             Fabrice Bacchella, Zhenghua Xue, Qin Li, Darren Sawyer,
	             Vangel Bojaxhi, Ben England, Vikentsi Lapa,
	             Alexey Skidanov, Sudhir Kumar.

	Run began: Fri Jan  1 00:08:04 2027

	Record Size 1 kB
	File size set to 1024 kB
	Command line used: ./iozone -t 4 -i 6 -i 7 -r 1k -s 1m
	Output is in kBytes/sec
	Time Resolution = 0.000044 seconds.
	Processor cache size set to 1024 kBytes.
	Processor cache line size set to 32 bytes.
	File stride size set to 17 * record size.
	Throughput test with 4 processes
	Each process writes a 1024 kByte file in 1 kByte records

	Children see throughput for  4 fwriters 	=    1809.93 kB/sec
	Parent sees throughput for  4 fwriters 		=    1368.49 kB/sec
	Min throughput per process 			=     375.49 kB/sec 
	Max throughput per process 			=     554.44 kB/sec
	Avg throughput per process 			=     452.48 kB/sec
	Min xfer 					=    1024.00 kB

	Children see throughput for  4 freaders 	=   11606.05 kB/sec
	Parent sees throughput for  4 freaders 		=    9960.02 kB/sec
	Min throughput per process 			=    2714.02 kB/sec 
	Max throughput per process 			=    3143.89 kB/sec
	Avg throughput per process 			=    2901.51 kB/sec
	Min xfer 					=    1024.00 kB



iozone test complete.
iozone throughput pwrite/pread measurements
	Iozone: Performance Test of File I/O
	        Version $Revision: 3.506 $
		Compiled for 64 bit mode.
		Build: linux 

	Contributors:William Norcott, Don Capps, Isom Crawford, Kirby Collins
	             Al Slater, Scott Rhine, Mike Wisner, Ken Goss
	             Steve Landherr, Brad Smith, Mark Kelly, Dr. Alain CYR,
	             Randy Dunlap, Mark Montague, Dan Million, Gavin Brebner,
	             Jean-Marc Zucconi, Jeff Blomberg, Benny Halevy, Dave Boone,
	             Erik Habbinga, Kris Strecker, Walter Wong, Joshua Root,
	             Fabrice Bacchella, Zhenghua Xue, Qin Li, Darren Sawyer,
	             Vangel Bojaxhi, Ben England, Vikentsi Lapa,
	             Alexey Skidanov, Sudhir Kumar.

	Run began: Fri Jan  1 00:08:23 2027

	Record Size 1 kB
	File size set to 1024 kB
	Command line used: ./iozone -t 4 -i 9 -i 10 -r 1k -s 1m
	Output is in kBytes/sec
	Time Resolution = 0.000043 seconds.
	Processor cache size set to 1024 kBytes.
	Processor cache line size set to 32 bytes.
	File stride size set to 17 * record size.
	Throughput test with 4 processes
	Each process writes a 1024 kByte file in 1 kByte records

	Children see throughput for 4 pwrite writers 	=    2147.12 kB/sec
	Parent sees throughput for 4 pwrite writers 	=    1284.90 kB/sec
	Min throughput per process 			=     526.23 kB/sec 
	Max throughput per process 			=     553.71 kB/sec
	Avg throughput per process 			=     536.78 kB/sec
	Min xfer 					=     980.00 kB

	Children see throughput for 4 pread readers 	=   12112.08 kB/sec
	Parent sees throughput for 4 pread readers 	=    9614.25 kB/sec
	Min throughput per process 			=    2963.33 kB/sec 
	Max throughput per process 			=    3162.83 kB/sec
	Avg throughput per process 			=    3028.02 kB/sec
	Min xfer 					=    1016.00 kB



iozone test complete.
iozone throughtput pwritev/preadv measurements
	Iozone: Performance Test of File I/O
	        Version $Revision: 3.506 $
		Compiled for 64 bit mode.
		Build: linux 

	Contributors:William Norcott, Don Capps, Isom Crawford, Kirby Collins
	             Al Slater, Scott Rhine, Mike Wisner, Ken Goss
	             Steve Landherr, Brad Smith, Mark Kelly, Dr. Alain CYR,
	             Randy Dunlap, Mark Montague, Dan Million, Gavin Brebner,
	             Jean-Marc Zucconi, Jeff Blomberg, Benny Halevy, Dave Boone,
	             Erik Habbinga, Kris Strecker, Walter Wong, Joshua Root,
	             Fabrice Bacchella, Zhenghua Xue, Qin Li, Darren Sawyer,
	             Vangel Bojaxhi, Ben England, Vikentsi Lapa,
	             Alexey Skidanov, Sudhir Kumar.

	Run began: Fri Jan  1 00:08:45 2027

	Selected test not available on the version.
	Record Size 1 kB
	File size set to 1024 kB
	Command line used: ./iozone -t 4 -i 11 -i 12 -r 1k -s 1m
	Output is in kBytes/sec
	Time Resolution = 0.000044 seconds.
	Processor cache size set to 1024 kBytes.
	Processor cache line size set to 32 bytes.
	File stride size set to 17 * record size.
	Throughput test with 4 processes
	Each process writes a 1024 kByte file in 1 kByte records

	Children see throughput for  4 initial writers 	=    1837.98 kB/sec
	Parent sees throughput for  4 initial writers 	=    1363.02 kB/sec
	Min throughput per process 			=     376.92 kB/sec 
	Max throughput per process 			=     554.19 kB/sec
	Avg throughput per process 			=     459.50 kB/sec
	Min xfer 					=    1001.00 kB

	Children see throughput for  4 rewriters 	=    2137.38 kB/sec
	Parent sees throughput for  4 rewriters 	=    1898.76 kB/sec
	Min throughput per process 			=     500.55 kB/sec 
	Max throughput per process 			=     568.16 kB/sec
	Avg throughput per process 			=     534.34 kB/sec
	Min xfer 					=    1009.00 kB



iozone test complete.
#### OS COMP TEST GROUP END iozone-glibc ####
#### OS COMP TEST GROUP END iozone-glibc ####
[initproc] done iozone_testcode.sh in /glibc exit_code=0
[initproc] skip libcbench (mask bit7 not set)
[initproc] skip netperf (mask bit9 not set)
[initproc] skip iperf (mask bit6 not set)
[initproc] skip libctest (mask bit3 not set)
[initproc] skip cyclictest (mask bit10 not set)
[initproc] skip ltp (mask bit11 not set)
[initproc] skip cpython (mask bit12 not set)
[initproc] skip unixbench (mask bit5 not set)
[initproc] run_selected_groups done
