Rust toolchain preflight passed: nightly-2026-05-10
[kernel] UART address: 0x1fe001e0
[bootstrap_init] address bits: hardware VALEN=48 PALEN=48, build VALEN=48 PALEN=48
[bootstrap_init] PRCfg1 { SAVE reg. number: 8, Timer bits: 48, max vector entry spacing: 7 }
[firmware] Using static memory configuration (no DTB or FDT parse failed)
[kernel] logger inited, level= Off
[kernel] Boot protocol: LoongArchLegacy, hart_id=1, dtb_paddr=0x0
[kernel] Console initialized.
[memory] 127689 usable physical frames across 1 region(s)
[memory] region0: [0x90d37000, 0xb0000000) frames=127689
.text [0x80000000, 0x802d4000)
.rodata [0x802d4000, 0x802f4000)
.data [0x80349000, 0x80c25000)
.bss [0x80c25000, 0x90d37000)
mapping .text section
mapping .rodata section
mapping .data section
mapping .bss section
mapping physical memory region
mapping memory-mapped registers
[kernel] Hello, world!
[get_timer_freq_first_time] clk freq: 100000000(from CPUCFG)
[machine_init] address bits: hardware VALEN=48 PALEN=48, build VALEN=48 PALEN=48
[CPUCFG 0x0] 1359888
[CPUCFG 0x1] 66253566
[CPUCFG 0x2] 6340815
[CPUCFG 0x3] 0
[CPUCFG 0x4] 100000000
[CPUCFG 0x5] 65537
[CPUCFG 0x6] 0
[CPUCFG 0x10] 11325
[CPUCFG 0x11] 101187587
[CPUCFG 0x12] 101187587
[CPUCFG 0x13] 101187599
[CPUCFG 0x14] 101580815
Misc { 32-bit addr plv(1,2,3):: false,false,false, rdtime allowed for plv(1,2,3):: false,false,false, Disable dirty bit check for plv(0,1,2):: false,false,false, Misalignment check for plv(0,1,2,4):: false,false,false,false }
RVACfg { rbits: 0 }
[machine_init] MMAP_BASE: 0xffffff8000000000
[PCI] ECAM base: 0x20000000
[PCI] Device DeviceFunction { bus: 0, device: 0, function: 0 }: vendor=0x1b36 device=0x8
[PCI] Device DeviceFunction { bus: 0, device: 1, function: 0 }: vendor=0x1af4 device=0x1001
[PCI] VirtIO device: Block
[PCI] Device DeviceFunction { bus: 0, device: 2, function: 0 }: vendor=0x1af4 device=0x1001
[PCI] VirtIO device: Block
[PCI] Device DeviceFunction { bus: 0, device: 3, function: 0 }: vendor=0x1af4 device=0x1000
[PCI] VirtIO device: Network
[kernel] PRNG init warning: Entropy(DeviceUnavailable)
[memory] reclaimed linker frames: [0x80349000, 0x80c0f000) frames=2246
[initramfs] unpacked: files=39 dirs=23 symlinks=1 bytes=9192669
[initramfs] VFS_ROOT initialized (ramfs + cpio unpack + dev/proc/tmp)
[PCI] ECAM base: 0x20000000
[PCI] Device DeviceFunction { bus: 0, device: 0, function: 0 }: vendor=0x1b36 device=0x8
[PCI] Device DeviceFunction { bus: 0, device: 1, function: 0 }: vendor=0x1af4 device=0x1001
[PCI] VirtIO device: Block
[PCI] Device DeviceFunction { bus: 0, device: 2, function: 0 }: vendor=0x1af4 device=0x1001
[PCI] VirtIO device: Block
[PCI] Device DeviceFunction { bus: 0, device: 3, function: 0 }: vendor=0x1af4 device=0x1000
[PCI] VirtIO device: Network
[PCI] Configuring BARs...
[PCI] BAR1: Width32, addr=0x0, size=0x1000
[PCI] BAR4: Width64, addr=0x0, size=0x4000
[PCI] BAR4 is 64-bit
[PCI] Device enabled.
[PCI] ECAM base: 0x20000000
[PCI] Device DeviceFunction { bus: 0, device: 0, function: 0 }: vendor=0x1b36 device=0x8
[PCI] Device DeviceFunction { bus: 0, device: 1, function: 0 }: vendor=0x1af4 device=0x1001
[PCI] VirtIO device: Block
[PCI] Configuring BARs...
[PCI] BAR1: Width32, addr=0x0, size=0x1000
[PCI] BAR4: Width64, addr=0x0, size=0x4000
[PCI] BAR4 is 64-bit
[PCI] Device enabled.
[PCI] Device DeviceFunction { bus: 0, device: 2, function: 0 }: vendor=0x1af4 device=0x1001
[PCI] VirtIO device: Block
[PCI] Configuring BARs...
[PCI] BAR1: Width32, addr=0x0, size=0x1000
[PCI] BAR4: Width64, addr=0x0, size=0x4000
[PCI] BAR4 is 64-bit
[PCI] Device enabled.
[PCI] Device DeviceFunction { bus: 0, device: 3, function: 0 }: vendor=0x1af4 device=0x1000
[PCI] VirtIO device: Network
[kernel] block device 0: official fs (DeviceFunction { bus: 0, device: 1, function: 0 })
[kernel] block device 1: tools disk (DeviceFunction { bus: 0, device: 2, function: 0 })
[mbr] registered /dev/vdb1 (type=0x83, size=2048M)
[mbr] registered /dev/vdb2 (type=0xc, size=1280M)
[ext4] backend: another_ext4
[kernel] root device mounted at sdcard
[mbr] registered /dev/vdb1 (type=0x83, size=2048M)
[mbr] registered /dev/vdb2 (type=0xc, size=1280M)
[ext4] backend: another_ext4
[kernel] tools disk (vdb1) mounted at tools
[kernel] net interface initialized (RoutingDevice: lo + eth)
[init] pseudo-fs mount framework ready
[init] /tmp is bind-mounted from ext4 /sdcard/tmp
[init] /etc is bind-mounted from tools disk
[init] bind mount /tools/bin -> /bin
[init] bind mount /tools/sbin -> /sbin
[init] bind mount /tools/lib -> /lib
[init] bind mount /tools/usr -> /usr
[init] bind mount /tools/root -> /root: skipped (errno=2)
[init] PID1 profile=normal runner=/test-runner
[test-runner] synchronizing clock
[initproc] config source=/sdcard/os_test.conf mode=run mask=0x110 timer_smoke=false skip_apk=true
[initproc] ensuring base directories...
[initproc] runtime layout ready
[initproc] linking musl/glibc libs to /lib ...
[initproc] lib linking done, exit=0
[initproc] prepare lmbench compatibility ...
[initproc] lmbench compatibility done, exit=0
[initproc] install libgcc_s: already exists, skipping
[initproc] skip_apk=true: skipping install_apk_packages
[initproc] run_selected_groups start mask=0x110
[initproc] skip basic (mask bit0 not set)
[initproc] skip busybox (mask bit1 not set)
[initproc] skip lua (mask bit2 not set)
#### OS COMP TEST GROUP START lmbench-musl ####
#### OS COMP TEST GROUP START lmbench-musl ####
latency measurements
Simple syscall: 4.5506 microseconds
Simple read: 46.9153 microseconds
Simple write: 5.0494 microseconds
Simple stat: 138.7368 microseconds
Simple fstat: 60.4516 microseconds
Simple open/close: 82.0714 microseconds
Select on 100 fd's: 153.7105 microseconds
Signal handler installation: 52.1250 microseconds
Signal handler overhead: 142.4750 microseconds
Protection fault: 9.4878 microseconds
Pipe latency: 457.3529 microseconds
Process fork+exit: 6046.0000 microseconds
Process fork+execve: 6654.0000 microseconds
Process fork+/bin/sh -c: 1124920.0000 microseconds
File /var/tmp/XXX write bandwidth:4472 KB/sec
Pagefaults on /var/tmp/XXX: 76.1406 microseconds
0.524288 406
file system latency
0k	29	5145	4419
1k	23	4172	4435
4k	22	3572	4321
10k	14	2498	4306
Bandwidth measurements
Pipe bandwidth: 33.78 MB/sec
0.524288 54.61
0.524288 53.97
0.524288 3322.37
0.524288 54.49
context switch overhead

"size=32k ovr=105.25
2 175.85
4 178.15
8 178.25
16 180.25
24 184.17
32 187.59
64 183.47
96 187.93
#### OS COMP TEST GROUP END lmbench-musl ####
#### OS COMP TEST GROUP END lmbench-musl ####
[initproc] done lmbench_testcode.sh in /musl exit_code=0
#### OS COMP TEST GROUP START lmbench-glibc ####
#### OS COMP TEST GROUP START lmbench-glibc ####
latency measurements
Simple syscall: 4.4436 microseconds
Simple read: 43.7581 microseconds
Simple write: 4.7693 microseconds
Simple stat: 140.5952 microseconds
Simple fstat: 61.0543 microseconds
Simple open/close: 82.6714 microseconds
Select on 100 fd's: 152.1579 microseconds
Signal handler installation: 49.8476 microseconds
Signal handler overhead: 134.4750 microseconds
Protection fault: 8.0886 microseconds
Pipe latency: 474.1145 microseconds
Process fork+exit: 9940.0000 microseconds
Process fork+execve: 16178.0000 microseconds
Process fork+/bin/sh -c: 1133158.0000 microseconds
File /var/tmp/XXX write bandwidth:55853 KB/sec
Pagefaults on /var/tmp/XXX: 76.5938 microseconds
0.524288 408
file system latency
0k	30	5519	4449
1k	20	4040	4401
4k	20	3621	4770
10k	15	2589	4693
Bandwidth measurements
Pipe bandwidth: 34.01 MB/sec
0.524288 36.99
0.524288 54.31
0.524288 3311.69
0.524288 54.97
context switch overhead

"size=32k ovr=106.44
2 165.36
4 165.26
8 171.22
16 173.09
24 173.27
32 176.40
64 168.73
96 172.18
#### OS COMP TEST GROUP END lmbench-glibc ####
#### OS COMP TEST GROUP END lmbench-glibc ####
[initproc] done lmbench_testcode.sh in /glibc exit_code=0
#### OS COMP TEST GROUP START iozone-musl ####
#### OS COMP TEST GROUP START iozone-musl ####
iozone automatic measurements
	Iozone: Performance Test of File I/O
	        Version $Revision: 3.506 $
		Compiled for 64 bit mode.
		Build: linux 

	Contributors:William Norcott, Don Capps, Isom Crawford, Kirby Collins
	             Al Slater, Scott Rhine, Mike Wisner, Ken Goss
	             Steve Landherr, Brad Smith, Mark Kelly, Dr. Alain CYR,
	             Randy Dunlap, Mark Montague, Dan Million, Gavin Brebner,
	             Jean-Marc Zucconi, Jeff Blomberg, Benny Halevy, Dave Boone,
	             Erik Habbinga, Kris Strecker, Walter Wong, Joshua Root,
	             Fabrice Bacchella, Zhenghua Xue, Qin Li, Darren Sawyer,
	             Vangel Bojaxhi, Ben England, Vikentsi Lapa,
	             Alexey Skidanov, Sudhir Kumar.

	Run began: Fri Jan  1 00:03:18 2027

	Auto Mode
	Record Size 1 kB
	File size set to 4096 kB
	Command line used: ./iozone -a -r 1k -s 4m
	Output is in kBytes/sec
	Time Resolution = 0.000045 seconds.
	Processor cache size set to 1024 kBytes.
	Processor cache line size set to 32 bytes.
	File stride size set to 17 * record size.
                                                                    random    random      bkwd     record     stride                                        
              kB  reclen    write    rewrite      read    reread      read     write      read    rewrite       read    fwrite  frewrite     fread   freread
            4096       1fsync: Argument list too long

iozone: interrupted

exiting iozone

iozone throughput write/read measurements
	Iozone: Performance Test of File I/O
	        Version $Revision: 3.506 $
		Compiled for 64 bit mode.
		Build: linux 

	Contributors:William Norcott, Don Capps, Isom Crawford, Kirby Collins
	             Al Slater, Scott Rhine, Mike Wisner, Ken Goss
	             Steve Landherr, Brad Smith, Mark Kelly, Dr. Alain CYR,
	             Randy Dunlap, Mark Montague, Dan Million, Gavin Brebner,
	             Jean-Marc Zucconi, Jeff Blomberg, Benny Halevy, Dave Boone,
	             Erik Habbinga, Kris Strecker, Walter Wong, Joshua Root,
	             Fabrice Bacchella, Zhenghua Xue, Qin Li, Darren Sawyer,
	             Vangel Bojaxhi, Ben England, Vikentsi Lapa,
	             Alexey Skidanov, Sudhir Kumar.

	Run began: Fri Jan  1 00:03:24 2027

	Record Size 1 kB
	File size set to 1024 kB
	Command line used: ./iozone -t 4 -i 0 -i 1 -r 1k -s 1m
	Output is in kBytes/sec
	Time Resolution = 0.000047 seconds.
	Processor cache size set to 1024 kBytes.
	Processor cache line size set to 32 bytes.
	File stride size set to 17 * record size.
	Throughput test with 4 processes
	Each process writes a 1024 kByte file in 1 kByte records

	Children see throughput for  4 initial writers 	=    2109.37 kB/sec
	Parent sees throughput for  4 initial writers 	=    1353.05 kB/sec
	Min throughput per process 			=     515.57 kB/sec 
	Max throughput per process 			=     541.47 kB/sec
	Avg throughput per process 			=     527.34 kB/sec
	Min xfer 					=     970.00 kB

	Children see throughput for  4 rewriters 	=    1947.82 kB/sec
	Parent sees throughput for  4 rewriters 	=    1637.54 kB/sec
	Min throughput per process 			=     446.05 kB/sec 
	Max throughput per process 			=     554.87 kB/sec
	Avg throughput per process 			=     486.96 kB/sec
	Min xfer 					=    1015.00 kB

	Children see throughput for  4 readers 		=   11638.17 kB/sec
	Parent sees throughput for  4 readers 		=    9476.09 kB/sec
	Min throughput per process 			=    2805.20 kB/sec 
	Max throughput per process 			=    3127.46 kB/sec
	Avg throughput per process 			=    2909.54 kB/sec
	Min xfer 					=     948.00 kB

	Children see throughput for 4 re-readers 	=   11903.35 kB/sec
	Parent sees throughput for 4 re-readers 	=    8661.18 kB/sec
	Min throughput per process 			=    2784.92 kB/sec 
	Max throughput per process 			=    3137.06 kB/sec
	Avg throughput per process 			=    2975.84 kB/sec
	Min xfer 					=     936.00 kB



iozone test complete.
iozone throughput random-read measurements
	Iozone: Performance Test of File I/O
	        Version $Revision: 3.506 $
		Compiled for 64 bit mode.
		Build: linux 

	Contributors:William Norcott, Don Capps, Isom Crawford, Kirby Collins
	             Al Slater, Scott Rhine, Mike Wisner, Ken Goss
	             Steve Landherr, Brad Smith, Mark Kelly, Dr. Alain CYR,
	             Randy Dunlap, Mark Montague, Dan Million, Gavin Brebner,
	             Jean-Marc Zucconi, Jeff Blomberg, Benny Halevy, Dave Boone,
	             Erik Habbinga, Kris Strecker, Walter Wong, Joshua Root,
	             Fabrice Bacchella, Zhenghua Xue, Qin Li, Darren Sawyer,
	             Vangel Bojaxhi, Ben England, Vikentsi Lapa,
	             Alexey Skidanov, Sudhir Kumar.

	Run began: Fri Jan  1 00:03:49 2027

	Record Size 1 kB
	File size set to 1024 kB
	Command line used: ./iozone -t 4 -i 0 -i 2 -r 1k -s 1m
	Output is in kBytes/sec
	Time Resolution = 0.000045 seconds.
	Processor cache size set to 1024 kBytes.
	Processor cache line size set to 32 bytes.
	File stride size set to 17 * record size.
	Throughput test with 4 processes
	Each process writes a 1024 kByte file in 1 kByte records

	Children see throughput for  4 initial writers 	=    1919.74 kB/sec
	Parent sees throughput for  4 initial writers 	=    1446.99 kB/sec
	Min throughput per process 			=     426.98 kB/sec 
	Max throughput per process 			=     543.18 kB/sec
	Avg throughput per process 			=     479.94 kB/sec
	Min xfer 					=     995.00 kB

	Children see throughput for  4 rewriters 	=    1954.34 kB/sec
	Parent sees throughput for  4 rewriters 	=    1729.21 kB/sec
	Min throughput per process 			=     462.82 kB/sec 
	Max throughput per process 			=     554.43 kB/sec
	Avg throughput per process 			=     488.58 kB/sec
	Min xfer 					=     977.00 kB

	Children see throughput for 4 random readers 	=    8874.48 kB/sec
	Parent sees throughput for 4 random readers 	=    6831.23 kB/sec
	Min throughput per process 			=     969.49 kB/sec 
	Max throughput per process 			=    2787.91 kB/sec
	Avg throughput per process 			=    2218.62 kB/sec
	Min xfer 					=     379.00 kB

	Children see throughput for 4 random writers 	=    2065.23 kB/sec
	Parent sees throughput for 4 random writers 	=    1848.90 kB/sec
	Min throughput per process 			=     488.19 kB/sec 
	Max throughput per process 			=     543.48 kB/sec
	Avg throughput per process 			=     516.31 kB/sec
	Min xfer 					=    1018.00 kB



iozone test complete.
iozone throughput read-backwards measurements
	Iozone: Performance Test of File I/O
	        Version $Revision: 3.506 $
		Compiled for 64 bit mode.
		Build: linux 

	Contributors:William Norcott, Don Capps, Isom Crawford, Kirby Collins
	             Al Slater, Scott Rhine, Mike Wisner, Ken Goss
	             Steve Landherr, Brad Smith, Mark Kelly, Dr. Alain CYR,
	             Randy Dunlap, Mark Montague, Dan Million, Gavin Brebner,
	             Jean-Marc Zucconi, Jeff Blomberg, Benny Halevy, Dave Boone,
	             Erik Habbinga, Kris Strecker, Walter Wong, Joshua Root,
	             Fabrice Bacchella, Zhenghua Xue, Qin Li, Darren Sawyer,
	             Vangel Bojaxhi, Ben England, Vikentsi Lapa,
	             Alexey Skidanov, Sudhir Kumar.

	Run began: Fri Jan  1 00:04:17 2027

	Record Size 1 kB
	File size set to 1024 kB
	Command line used: ./iozone -t 4 -i 0 -i 3 -r 1k -s 1m
	Output is in kBytes/sec
	Time Resolution = 0.000047 seconds.
	Processor cache size set to 1024 kBytes.
	Processor cache line size set to 32 bytes.
	File stride size set to 17 * record size.
	Throughput test with 4 processes
	Each process writes a 1024 kByte file in 1 kByte records

	Children see throughput for  4 initial writers 	=    1798.80 kB/sec
	Parent sees throughput for  4 initial writers 	=    1432.73 kB/sec
	Min throughput per process 			=     387.29 kB/sec 
	Max throughput per process 			=     520.40 kB/sec
	Avg throughput per process 			=     449.70 kB/sec
	Min xfer 					=    1007.00 kB

	Children see throughput for  4 rewriters 	=    2002.42 kB/sec
	Parent sees throughput for  4 rewriters 	=    1772.55 kB/sec
	Min throughput per process 			=     471.73 kB/sec 
	Max throughput per process 			=     566.88 kB/sec
	Avg throughput per process 			=     500.60 kB/sec
	Min xfer 					=     998.00 kB

	Children see throughput for 4 reverse readers 	=   10727.41 kB/sec
	Parent sees throughput for 4 reverse readers 	=    7636.57 kB/sec
	Min throughput per process 			=    2591.88 kB/sec 
	Max throughput per process 			=    2796.20 kB/sec
	Avg throughput per process 			=    2681.85 kB/sec
	Min xfer 					=     983.00 kB



iozone test complete.
iozone throughput stride-read measurements
	Iozone: Performance Test of File I/O
	        Version $Revision: 3.506 $
		Compiled for 64 bit mode.
		Build: linux 

	Contributors:William Norcott, Don Capps, Isom Crawford, Kirby Collins
	             Al Slater, Scott Rhine, Mike Wisner, Ken Goss
	             Steve Landherr, Brad Smith, Mark Kelly, Dr. Alain CYR,
	             Randy Dunlap, Mark Montague, Dan Million, Gavin Brebner,
	             Jean-Marc Zucconi, Jeff Blomberg, Benny Halevy, Dave Boone,
	             Erik Habbinga, Kris Strecker, Walter Wong, Joshua Root,
	             Fabrice Bacchella, Zhenghua Xue, Qin Li, Darren Sawyer,
	             Vangel Bojaxhi, Ben England, Vikentsi Lapa,
	             Alexey Skidanov, Sudhir Kumar.

	Run began: Fri Jan  1 00:04:40 2027

	Record Size 1 kB
	File size set to 1024 kB
	Command line used: ./iozone -t 4 -i 0 -i 5 -r 1k -s 1m
	Output is in kBytes/sec
	Time Resolution = 0.000045 seconds.
	Processor cache size set to 1024 kBytes.
	Processor cache line size set to 32 bytes.
	File stride size set to 17 * record size.
	Throughput test with 4 processes
	Each process writes a 1024 kByte file in 1 kByte records

	Children see throughput for  4 initial writers 	=    1974.61 kB/sec
	Parent sees throughput for  4 initial writers 	=    1468.53 kB/sec
	Min throughput per process 			=     430.70 kB/sec 
	Max throughput per process 			=     566.07 kB/sec
	Avg throughput per process 			=     493.65 kB/sec
	Min xfer 					=     983.00 kB

	Children see throughput for  4 rewriters 	=    1893.49 kB/sec
	Parent sees throughput for  4 rewriters 	=    1629.57 kB/sec
	Min throughput per process 			=     422.23 kB/sec 
	Max throughput per process 			=     543.64 kB/sec
	Avg throughput per process 			=     473.37 kB/sec
	Min xfer 					=    1010.00 kB

	Children see throughput for 4 stride readers 	=   10793.96 kB/sec
	Parent sees throughput for 4 stride readers 	=    8782.91 kB/sec
	Min throughput per process 			=    2632.26 kB/sec 
	Max throughput per process 			=    2803.01 kB/sec
	Avg throughput per process 			=    2698.49 kB/sec
	Min xfer 					=     990.00 kB



iozone test complete.
iozone throughput fwrite/fread measurements
	Iozone: Performance Test of File I/O
	        Version $Revision: 3.506 $
		Compiled for 64 bit mode.
		Build: linux 

	Contributors:William Norcott, Don Capps, Isom Crawford, Kirby Collins
	             Al Slater, Scott Rhine, Mike Wisner, Ken Goss
	             Steve Landherr, Brad Smith, Mark Kelly, Dr. Alain CYR,
	             Randy Dunlap, Mark Montague, Dan Million, Gavin Brebner,
	             Jean-Marc Zucconi, Jeff Blomberg, Benny Halevy, Dave Boone,
	             Erik Habbinga, Kris Strecker, Walter Wong, Joshua Root,
	             Fabrice Bacchella, Zhenghua Xue, Qin Li, Darren Sawyer,
	             Vangel Bojaxhi, Ben England, Vikentsi Lapa,
	             Alexey Skidanov, Sudhir Kumar.

	Run began: Fri Jan  1 00:05:02 2027

	Record Size 1 kB
	File size set to 1024 kB
	Command line used: ./iozone -t 4 -i 6 -i 7 -r 1k -s 1m
	Output is in kBytes/sec
	Time Resolution = 0.000047 seconds.
	Processor cache size set to 1024 kBytes.
	Processor cache line size set to 32 bytes.
	File stride size set to 17 * record size.
	Throughput test with 4 processes
	Each process writes a 1024 kByte file in 1 kByte records

	Children see throughput for  4 fwriters 	=    1880.82 kB/sec
	Parent sees throughput for  4 fwriters 		=    1496.70 kB/sec
	Min throughput per process 			=     413.76 kB/sec 
	Max throughput per process 			=     531.25 kB/sec
	Avg throughput per process 			=     470.20 kB/sec
	Min xfer 					=    1024.00 kB

	Children see throughput for  4 freaders 	=    7582.80 kB/sec
	Parent sees throughput for  4 freaders 		=    6937.03 kB/sec
	Min throughput per process 			=    1821.83 kB/sec 
	Max throughput per process 			=    1967.54 kB/sec
	Avg throughput per process 			=    1895.70 kB/sec
	Min xfer 					=    1024.00 kB



iozone test complete.
iozone throughput pwrite/pread measurements
	Iozone: Performance Test of File I/O
	        Version $Revision: 3.506 $
		Compiled for 64 bit mode.
		Build: linux 

	Contributors:William Norcott, Don Capps, Isom Crawford, Kirby Collins
	             Al Slater, Scott Rhine, Mike Wisner, Ken Goss
	             Steve Landherr, Brad Smith, Mark Kelly, Dr. Alain CYR,
	             Randy Dunlap, Mark Montague, Dan Million, Gavin Brebner,
	             Jean-Marc Zucconi, Jeff Blomberg, Benny Halevy, Dave Boone,
	             Erik Habbinga, Kris Strecker, Walter Wong, Joshua Root,
	             Fabrice Bacchella, Zhenghua Xue, Qin Li, Darren Sawyer,
	             Vangel Bojaxhi, Ben England, Vikentsi Lapa,
	             Alexey Skidanov, Sudhir Kumar.

	Run began: Fri Jan  1 00:05:19 2027

	Record Size 1 kB
	File size set to 1024 kB
	Command line used: ./iozone -t 4 -i 9 -i 10 -r 1k -s 1m
	Output is in kBytes/sec
	Time Resolution = 0.000045 seconds.
	Processor cache size set to 1024 kBytes.
	Processor cache line size set to 32 bytes.
	File stride size set to 17 * record size.
	Throughput test with 4 processes
	Each process writes a 1024 kByte file in 1 kByte records

	Children see throughput for 4 pwrite writers 	=    1889.53 kB/sec
	Parent sees throughput for 4 pwrite writers 	=    1406.15 kB/sec
	Min throughput per process 			=     413.91 kB/sec 
	Max throughput per process 			=     566.10 kB/sec
	Avg throughput per process 			=     472.38 kB/sec
	Min xfer 					=     981.00 kB

	Children see throughput for 4 pread readers 	=   12175.07 kB/sec
	Parent sees throughput for 4 pread readers 	=    9886.46 kB/sec
	Min throughput per process 			=    2730.18 kB/sec 
	Max throughput per process 			=    3538.62 kB/sec
	Avg throughput per process 			=    3043.77 kB/sec
	Min xfer 					=     923.00 kB



iozone test complete.
iozone throughtput pwritev/preadv measurements
	Iozone: Performance Test of File I/O
	        Version $Revision: 3.506 $
		Compiled for 64 bit mode.
		Build: linux 

	Contributors:William Norcott, Don Capps, Isom Crawford, Kirby Collins
	             Al Slater, Scott Rhine, Mike Wisner, Ken Goss
	             Steve Landherr, Brad Smith, Mark Kelly, Dr. Alain CYR,
	             Randy Dunlap, Mark Montague, Dan Million, Gavin Brebner,
	             Jean-Marc Zucconi, Jeff Blomberg, Benny Halevy, Dave Boone,
	             Erik Habbinga, Kris Strecker, Walter Wong, Joshua Root,
	             Fabrice Bacchella, Zhenghua Xue, Qin Li, Darren Sawyer,
	             Vangel Bojaxhi, Ben England, Vikentsi Lapa,
	             Alexey Skidanov, Sudhir Kumar.

	Run began: Fri Jan  1 00:05:39 2027

	Selected test not available on the version.
	Record Size 1 kB
	File size set to 1024 kB
	Command line used: ./iozone -t 4 -i 11 -i 12 -r 1k -s 1m
	Output is in kBytes/sec
	Time Resolution = 0.000048 seconds.
	Processor cache size set to 1024 kBytes.
	Processor cache line size set to 32 bytes.
	File stride size set to 17 * record size.
	Throughput test with 4 processes
	Each process writes a 1024 kByte file in 1 kByte records

	Children see throughput for  4 initial writers 	=    1685.69 kB/sec
	Parent sees throughput for  4 initial writers 	=    1054.47 kB/sec
	Min throughput per process 			=     372.45 kB/sec 
	Max throughput per process 			=     566.17 kB/sec
	Avg throughput per process 			=     421.42 kB/sec
	Min xfer 					=     990.00 kB

	Children see throughput for  4 rewriters 	=    1937.09 kB/sec
	Parent sees throughput for  4 rewriters 	=    1683.01 kB/sec
	Min throughput per process 			=     449.09 kB/sec 
	Max throughput per process 			=     543.00 kB/sec
	Avg throughput per process 			=     484.27 kB/sec
	Min xfer 					=    1002.00 kB



iozone test complete.
#### OS COMP TEST GROUP END iozone-musl ####
#### OS COMP TEST GROUP END iozone-musl ####
[initproc] done iozone_testcode.sh in /musl exit_code=0
#### OS COMP TEST GROUP START iozone-glibc ####
#### OS COMP TEST GROUP START iozone-glibc ####
iozone automatic measurements
	Iozone: Performance Test of File I/O
	        Version $Revision: 3.506 $
		Compiled for 64 bit mode.
		Build: linux 

	Contributors:William Norcott, Don Capps, Isom Crawford, Kirby Collins
	             Al Slater, Scott Rhine, Mike Wisner, Ken Goss
	             Steve Landherr, Brad Smith, Mark Kelly, Dr. Alain CYR,
	             Randy Dunlap, Mark Montague, Dan Million, Gavin Brebner,
	             Jean-Marc Zucconi, Jeff Blomberg, Benny Halevy, Dave Boone,
	             Erik Habbinga, Kris Strecker, Walter Wong, Joshua Root,
	             Fabrice Bacchella, Zhenghua Xue, Qin Li, Darren Sawyer,
	             Vangel Bojaxhi, Ben England, Vikentsi Lapa,
	             Alexey Skidanov, Sudhir Kumar.

	Run began: Fri Jan  1 00:06:01 2027

	Auto Mode
	Record Size 1 kB
	File size set to 4096 kB
	Command line used: ./iozone -a -r 1k -s 4m
	Output is in kBytes/sec
	Time Resolution = 0.000046 seconds.
	Processor cache size set to 1024 kBytes.
	Processor cache line size set to 32 bytes.
	File stride size set to 17 * record size.
                                                                    random    random      bkwd     record     stride                                        
              kB  reclen    write    rewrite      read    reread      read     write      read    rewrite       read    fwrite  frewrite     fread   freread
            4096       1      2199      2187     11494     11808     10740      2048     10843       2082      10814      2101      2234     11472     11417

iozone test complete.
iozone throughput write/read measurements
	Iozone: Performance Test of File I/O
	        Version $Revision: 3.506 $
		Compiled for 64 bit mode.
		Build: linux 

	Contributors:William Norcott, Don Capps, Isom Crawford, Kirby Collins
	             Al Slater, Scott Rhine, Mike Wisner, Ken Goss
	             Steve Landherr, Brad Smith, Mark Kelly, Dr. Alain CYR,
	             Randy Dunlap, Mark Montague, Dan Million, Gavin Brebner,
	             Jean-Marc Zucconi, Jeff Blomberg, Benny Halevy, Dave Boone,
	             Erik Habbinga, Kris Strecker, Walter Wong, Joshua Root,
	             Fabrice Bacchella, Zhenghua Xue, Qin Li, Darren Sawyer,
	             Vangel Bojaxhi, Ben England, Vikentsi Lapa,
	             Alexey Skidanov, Sudhir Kumar.

	Run began: Fri Jan  1 00:06:22 2027

	Record Size 1 kB
	File size set to 1024 kB
	Command line used: ./iozone -t 4 -i 0 -i 1 -r 1k -s 1m
	Output is in kBytes/sec
	Time Resolution = 0.000044 seconds.
	Processor cache size set to 1024 kBytes.
	Processor cache line size set to 32 bytes.
	File stride size set to 17 * record size.
	Throughput test with 4 processes
	Each process writes a 1024 kByte file in 1 kByte records

	Children see throughput for  4 initial writers 	=    2106.60 kB/sec
	Parent sees throughput for  4 initial writers 	=    1280.01 kB/sec
	Min throughput per process 			=     514.46 kB/sec 
	Max throughput per process 			=     542.05 kB/sec
	Avg throughput per process 			=     526.65 kB/sec
	Min xfer 					=     986.00 kB

	Children see throughput for  4 rewriters 	=    2235.91 kB/sec
	Parent sees throughput for  4 rewriters 	=    1970.72 kB/sec
	Min throughput per process 			=     520.49 kB/sec 
	Max throughput per process 			=     593.31 kB/sec
	Avg throughput per process 			=     558.98 kB/sec
	Min xfer 					=    1006.00 kB

	Children see throughput for  4 readers 		=   12348.71 kB/sec
	Parent sees throughput for  4 readers 		=    9785.32 kB/sec
	Min throughput per process 			=    3002.36 kB/sec 
	Max throughput per process 			=    3144.53 kB/sec
	Avg throughput per process 			=    3087.18 kB/sec
	Min xfer 					=     975.00 kB

	Children see throughput for 4 re-readers 	=   11647.14 kB/sec
	Parent sees throughput for 4 re-readers 	=    7378.07 kB/sec
	Min throughput per process 			=    2808.42 kB/sec 
	Max throughput per process 			=    3135.13 kB/sec
	Avg throughput per process 			=    2911.78 kB/sec
	Min xfer 					=     962.00 kB



iozone test complete.
iozone throughput random-read measurements
	Iozone: Performance Test of File I/O
	        Version $Revision: 3.506 $
		Compiled for 64 bit mode.
		Build: linux 

	Contributors:William Norcott, Don Capps, Isom Crawford, Kirby Collins
	             Al Slater, Scott Rhine, Mike Wisner, Ken Goss
	             Steve Landherr, Brad Smith, Mark Kelly, Dr. Alain CYR,
	             Randy Dunlap, Mark Montague, Dan Million, Gavin Brebner,
	             Jean-Marc Zucconi, Jeff Blomberg, Benny Halevy, Dave Boone,
	             Erik Habbinga, Kris Strecker, Walter Wong, Joshua Root,
	             Fabrice Bacchella, Zhenghua Xue, Qin Li, Darren Sawyer,
	             Vangel Bojaxhi, Ben England, Vikentsi Lapa,
	             Alexey Skidanov, Sudhir Kumar.

	Run began: Fri Jan  1 00:06:47 2027

	Record Size 1 kB
	File size set to 1024 kB
	Command line used: ./iozone -t 4 -i 0 -i 2 -r 1k -s 1m
	Output is in kBytes/sec
	Time Resolution = 0.000046 seconds.
	Processor cache size set to 1024 kBytes.
	Processor cache line size set to 32 bytes.
	File stride size set to 17 * record size.
	Throughput test with 4 processes
	Each process writes a 1024 kByte file in 1 kByte records

	Children see throughput for  4 initial writers 	=    1907.49 kB/sec
	Parent sees throughput for  4 initial writers 	=    1361.60 kB/sec
	Min throughput per process 			=     419.73 kB/sec 
	Max throughput per process 			=     566.87 kB/sec
	Avg throughput per process 			=     476.87 kB/sec
	Min xfer 					=     994.00 kB

	Children see throughput for  4 rewriters 	=    2150.22 kB/sec
	Parent sees throughput for  4 rewriters 	=    1892.58 kB/sec
	Min throughput per process 			=     505.57 kB/sec 
	Max throughput per process 			=     568.93 kB/sec
	Avg throughput per process 			=     537.55 kB/sec
	Min xfer 					=    1012.00 kB

	Children see throughput for 4 random readers 	=   10678.71 kB/sec
	Parent sees throughput for 4 random readers 	=    8673.62 kB/sec
	Min throughput per process 			=    2617.53 kB/sec 
	Max throughput per process 			=    2795.12 kB/sec
	Avg throughput per process 			=    2669.68 kB/sec
	Min xfer 					=     990.00 kB

	Children see throughput for 4 random writers 	=    2125.01 kB/sec
	Parent sees throughput for 4 random writers 	=    1863.70 kB/sec
	Min throughput per process 			=     492.24 kB/sec 
	Max throughput per process 			=     567.51 kB/sec
	Avg throughput per process 			=     531.25 kB/sec
	Min xfer 					=    1005.00 kB



iozone test complete.
iozone throughput read-backwards measurements
	Iozone: Performance Test of File I/O
	        Version $Revision: 3.506 $
		Compiled for 64 bit mode.
		Build: linux 

	Contributors:William Norcott, Don Capps, Isom Crawford, Kirby Collins
	             Al Slater, Scott Rhine, Mike Wisner, Ken Goss
	             Steve Landherr, Brad Smith, Mark Kelly, Dr. Alain CYR,
	             Randy Dunlap, Mark Montague, Dan Million, Gavin Brebner,
	             Jean-Marc Zucconi, Jeff Blomberg, Benny Halevy, Dave Boone,
	             Erik Habbinga, Kris Strecker, Walter Wong, Joshua Root,
	             Fabrice Bacchella, Zhenghua Xue, Qin Li, Darren Sawyer,
	             Vangel Bojaxhi, Ben England, Vikentsi Lapa,
	             Alexey Skidanov, Sudhir Kumar.

	Run began: Fri Jan  1 00:07:18 2027

	Record Size 1 kB
	File size set to 1024 kB
	Command line used: ./iozone -t 4 -i 0 -i 3 -r 1k -s 1m
	Output is in kBytes/sec
	Time Resolution = 0.000044 seconds.
	Processor cache size set to 1024 kBytes.
	Processor cache line size set to 32 bytes.
	File stride size set to 17 * record size.
	Throughput test with 4 processes
	Each process writes a 1024 kByte file in 1 kByte records

	Children see throughput for  4 initial writers 	=    1766.34 kB/sec
	Parent sees throughput for  4 initial writers 	=    1293.10 kB/sec
	Min throughput per process 			=     387.62 kB/sec 
	Max throughput per process 			=     554.64 kB/sec
	Avg throughput per process 			=     441.58 kB/sec
	Min xfer 					=     994.00 kB

	Children see throughput for  4 rewriters 	=    2137.54 kB/sec
	Parent sees throughput for  4 rewriters 	=    1849.62 kB/sec
	Min throughput per process 			=     500.50 kB/sec 
	Max throughput per process 			=     579.01 kB/sec
	Avg throughput per process 			=     534.38 kB/sec
	Min xfer 					=     995.00 kB

	Children see throughput for 4 reverse readers 	=   10831.44 kB/sec
	Parent sees throughput for 4 reverse readers 	=    8803.54 kB/sec
	Min throughput per process 			=    2656.21 kB/sec 
	Max throughput per process 			=    2803.18 kB/sec
	Avg throughput per process 			=    2707.86 kB/sec
	Min xfer 					=     988.00 kB



iozone test complete.
iozone throughput stride-read measurements
	Iozone: Performance Test of File I/O
	        Version $Revision: 3.506 $
		Compiled for 64 bit mode.
		Build: linux 

	Contributors:William Norcott, Don Capps, Isom Crawford, Kirby Collins
	             Al Slater, Scott Rhine, Mike Wisner, Ken Goss
	             Steve Landherr, Brad Smith, Mark Kelly, Dr. Alain CYR,
	             Randy Dunlap, Mark Montague, Dan Million, Gavin Brebner,
	             Jean-Marc Zucconi, Jeff Blomberg, Benny Halevy, Dave Boone,
	             Erik Habbinga, Kris Strecker, Walter Wong, Joshua Root,
	             Fabrice Bacchella, Zhenghua Xue, Qin Li, Darren Sawyer,
	             Vangel Bojaxhi, Ben England, Vikentsi Lapa,
	             Alexey Skidanov, Sudhir Kumar.

	Run began: Fri Jan  1 00:07:43 2027

	Record Size 1 kB
	File size set to 1024 kB
	Command line used: ./iozone -t 4 -i 0 -i 5 -r 1k -s 1m
	Output is in kBytes/sec
	Time Resolution = 0.000046 seconds.
	Processor cache size set to 1024 kBytes.
	Processor cache line size set to 32 bytes.
	File stride size set to 17 * record size.
	Throughput test with 4 processes
	Each process writes a 1024 kByte file in 1 kByte records

	Children see throughput for  4 initial writers 	=    2171.92 kB/sec
	Parent sees throughput for  4 initial writers 	=    1400.90 kB/sec
	Min throughput per process 			=     484.38 kB/sec 
	Max throughput per process 			=     578.76 kB/sec
	Avg throughput per process 			=     542.98 kB/sec
	Min xfer 					=     979.00 kB

	Children see throughput for  4 rewriters 	=    2196.26 kB/sec
	Parent sees throughput for  4 rewriters 	=    1956.41 kB/sec
	Min throughput per process 			=     517.03 kB/sec 
	Max throughput per process 			=     580.77 kB/sec
	Avg throughput per process 			=     549.07 kB/sec
	Min xfer 					=    1016.00 kB

	Children see throughput for 4 stride readers 	=   10999.83 kB/sec
	Parent sees throughput for 4 stride readers 	=    9004.25 kB/sec
	Min throughput per process 			=    2706.27 kB/sec 
	Max throughput per process 			=    2799.69 kB/sec
	Avg throughput per process 			=    2749.96 kB/sec
	Min xfer 					=     987.00 kB



iozone test complete.
iozone throughput fwrite/fread measurements
	Iozone: Performance Test of File I/O
	        Version $Revision: 3.506 $
		Compiled for 64 bit mode.
		Build: linux 

	Contributors:William Norcott, Don Capps, Isom Crawford, Kirby Collins
	             Al Slater, Scott Rhine, Mike Wisner, Ken Goss
	             Steve Landherr, Brad Smith, Mark Kelly, Dr. Alain CYR,
	             Randy Dunlap, Mark Montague, Dan Million, Gavin Brebner,
	             Jean-Marc Zucconi, Jeff Blomberg, Benny Halevy, Dave Boone,
	             Erik Habbinga, Kris Strecker, Walter Wong, Joshua Root,
	             Fabrice Bacchella, Zhenghua Xue, Qin Li, Darren Sawyer,
	             Vangel Bojaxhi, Ben England, Vikentsi Lapa,
	             Alexey Skidanov, Sudhir Kumar.

	Run began: Fri Jan  1 00:08:08 2027

	Record Size 1 kB
	File size set to 1024 kB
	Command line used: ./iozone -t 4 -i 6 -i 7 -r 1k -s 1m
	Output is in kBytes/sec
	Time Resolution = 0.000043 seconds.
	Processor cache size set to 1024 kBytes.
	Processor cache line size set to 32 bytes.
	File stride size set to 17 * record size.
	Throughput test with 4 processes
	Each process writes a 1024 kByte file in 1 kByte records

	Children see throughput for  4 fwriters 	=    1889.42 kB/sec
	Parent sees throughput for  4 fwriters 		=    1438.86 kB/sec
	Min throughput per process 			=     399.79 kB/sec 
	Max throughput per process 			=     553.89 kB/sec
	Avg throughput per process 			=     472.36 kB/sec
	Min xfer 					=    1024.00 kB

	Children see throughput for  4 freaders 	=   11831.81 kB/sec
	Parent sees throughput for  4 freaders 		=   10207.97 kB/sec
	Min throughput per process 			=    2757.28 kB/sec 
	Max throughput per process 			=    3147.96 kB/sec
	Avg throughput per process 			=    2957.95 kB/sec
	Min xfer 					=    1024.00 kB



iozone test complete.
iozone throughput pwrite/pread measurements
	Iozone: Performance Test of File I/O
	        Version $Revision: 3.506 $
		Compiled for 64 bit mode.
		Build: linux 

	Contributors:William Norcott, Don Capps, Isom Crawford, Kirby Collins
	             Al Slater, Scott Rhine, Mike Wisner, Ken Goss
	             Steve Landherr, Brad Smith, Mark Kelly, Dr. Alain CYR,
	             Randy Dunlap, Mark Montague, Dan Million, Gavin Brebner,
	             Jean-Marc Zucconi, Jeff Blomberg, Benny Halevy, Dave Boone,
	             Erik Habbinga, Kris Strecker, Walter Wong, Joshua Root,
	             Fabrice Bacchella, Zhenghua Xue, Qin Li, Darren Sawyer,
	             Vangel Bojaxhi, Ben England, Vikentsi Lapa,
	             Alexey Skidanov, Sudhir Kumar.

	Run began: Fri Jan  1 00:08:25 2027

	Record Size 1 kB
	File size set to 1024 kB
	Command line used: ./iozone -t 4 -i 9 -i 10 -r 1k -s 1m
	Output is in kBytes/sec
	Time Resolution = 0.000046 seconds.
	Processor cache size set to 1024 kBytes.
	Processor cache line size set to 32 bytes.
	File stride size set to 17 * record size.
	Throughput test with 4 processes
	Each process writes a 1024 kByte file in 1 kByte records

	Children see throughput for 4 pwrite writers 	=    1866.91 kB/sec
	Parent sees throughput for 4 pwrite writers 	=    1283.23 kB/sec
	Min throughput per process 			=     414.58 kB/sec 
	Max throughput per process 			=     542.54 kB/sec
	Avg throughput per process 			=     466.73 kB/sec
	Min xfer 					=     992.00 kB

	Children see throughput for 4 pread readers 	=   12204.08 kB/sec
	Parent sees throughput for 4 pread readers 	=    8301.63 kB/sec
	Min throughput per process 			=    2489.46 kB/sec 
	Max throughput per process 			=    3540.78 kB/sec
	Avg throughput per process 			=    3051.02 kB/sec
	Min xfer 					=     981.00 kB



iozone test complete.
iozone throughtput pwritev/preadv measurements
	Iozone: Performance Test of File I/O
	        Version $Revision: 3.506 $
		Compiled for 64 bit mode.
		Build: linux 

	Contributors:William Norcott, Don Capps, Isom Crawford, Kirby Collins
	             Al Slater, Scott Rhine, Mike Wisner, Ken Goss
	             Steve Landherr, Brad Smith, Mark Kelly, Dr. Alain CYR,
	             Randy Dunlap, Mark Montague, Dan Million, Gavin Brebner,
	             Jean-Marc Zucconi, Jeff Blomberg, Benny Halevy, Dave Boone,
	             Erik Habbinga, Kris Strecker, Walter Wong, Joshua Root,
	             Fabrice Bacchella, Zhenghua Xue, Qin Li, Darren Sawyer,
	             Vangel Bojaxhi, Ben England, Vikentsi Lapa,
	             Alexey Skidanov, Sudhir Kumar.

	Run began: Fri Jan  1 00:08:48 2027

	Selected test not available on the version.
	Record Size 1 kB
	File size set to 1024 kB
	Command line used: ./iozone -t 4 -i 11 -i 12 -r 1k -s 1m
	Output is in kBytes/sec
	Time Resolution = 0.000044 seconds.
	Processor cache size set to 1024 kBytes.
	Processor cache line size set to 32 bytes.
	File stride size set to 17 * record size.
	Throughput test with 4 processes
	Each process writes a 1024 kByte file in 1 kByte records

	Children see throughput for  4 initial writers 	=    1909.34 kB/sec
	Parent sees throughput for  4 initial writers 	=    1405.92 kB/sec
	Min throughput per process 			=     406.06 kB/sec 
	Max throughput per process 			=     567.00 kB/sec
	Avg throughput per process 			=     477.33 kB/sec
	Min xfer 					=    1007.00 kB

	Children see throughput for  4 rewriters 	=    1940.36 kB/sec
	Parent sees throughput for  4 rewriters 	=    1666.89 kB/sec
	Min throughput per process 			=     446.15 kB/sec 
	Max throughput per process 			=     543.40 kB/sec
	Avg throughput per process 			=     485.09 kB/sec
	Min xfer 					=    1002.00 kB



iozone test complete.
#### OS COMP TEST GROUP END iozone-glibc ####
#### OS COMP TEST GROUP END iozone-glibc ####
[initproc] done iozone_testcode.sh in /glibc exit_code=0
[initproc] skip libcbench (mask bit7 not set)
[initproc] skip netperf (mask bit9 not set)
[initproc] skip iperf (mask bit6 not set)
[initproc] skip libctest (mask bit3 not set)
[initproc] skip cyclictest (mask bit10 not set)
[initproc] skip ltp (mask bit11 not set)
[initproc] skip cpython (mask bit12 not set)
[initproc] skip unixbench (mask bit5 not set)
[initproc] run_selected_groups done
