Rust toolchain preflight passed: nightly-2026-05-10

OpenSBI v1.5.1
   ____                    _____ ____ _____
  / __ \                  / ____|  _ \_   _|
 | |  | |_ __   ___ _ __ | (___ | |_) || |
 | |  | | '_ \ / _ \ '_ \ \___ \|  _ < | |
 | |__| | |_) |  __/ | | |____) | |_) || |_
  \____/| .__/ \___|_| |_|_____/|____/_____|
        | |
        |_|

Platform Name             : riscv-virtio,qemu
Platform Features         : medeleg
Platform HART Count       : 1
Platform IPI Device       : aclint-mswi
Platform Timer Device     : aclint-mtimer @ 10000000Hz
Platform Console Device   : uart8250
Platform HSM Device       : ---
Platform PMU Device       : ---
Platform Reboot Device    : syscon-reboot
Platform Shutdown Device  : syscon-poweroff
Platform Suspend Device   : ---
Platform CPPC Device      : ---
Firmware Base             : 0x80000000
Firmware Size             : 327 KB
Firmware RW Offset        : 0x40000
Firmware RW Size          : 71 KB
Firmware Heap Offset      : 0x49000
Firmware Heap Size        : 35 KB (total), 2 KB (reserved), 11 KB (used), 21 KB (free)
Firmware Scratch Size     : 4096 B (total), 416 B (used), 3680 B (free)
Runtime SBI Version       : 2.0

Domain0 Name              : root
Domain0 Boot HART         : 0
Domain0 HARTs             : 0*
Domain0 Region00          : 0x0000000000100000-0x0000000000100fff M: (I,R,W) S/U: (R,W)
Domain0 Region01          : 0x0000000010000000-0x0000000010000fff M: (I,R,W) S/U: (R,W)
Domain0 Region02          : 0x0000000002000000-0x000000000200ffff M: (I,R,W) S/U: ()
Domain0 Region03          : 0x0000000080040000-0x000000008005ffff M: (R,W) S/U: ()
Domain0 Region04          : 0x0000000080000000-0x000000008003ffff M: (R,X) S/U: ()
Domain0 Region05          : 0x000000000c400000-0x000000000c5fffff M: (I,R,W) S/U: (R,W)
Domain0 Region06          : 0x000000000c000000-0x000000000c3fffff M: (I,R,W) S/U: (R,W)
Domain0 Region07          : 0x0000000000000000-0xffffffffffffffff M: () S/U: (R,W,X)
Domain0 Next Address      : 0x0000000080200000
Domain0 Next Arg1         : 0x00000000bfe00000
Domain0 Next Mode         : S-mode
Domain0 SysReset          : yes
Domain0 SysSuspend        : yes

Boot HART ID              : 0
Boot HART Domain          : root
Boot HART Priv Version    : v1.12
Boot HART Base ISA        : rv64imafdch
Boot HART ISA Extensions  : sstc,zicntr,zihpm,zicboz,zicbom,sdtrig,svadu
Boot HART PMP Count       : 16
Boot HART PMP Granularity : 2 bits
Boot HART PMP Address Bits: 54
Boot HART MHPM Info       : 16 (0x0007fff8)
Boot HART Debug Triggers  : 2 triggers
Boot HART MIDELEG         : 0x0000000000001666
Boot HART MEDELEG         : 0x0000000000f0b509
[kernel] logger inited, level= Off
[kernel] Boot protocol: RiscvFdt, hart_id=0, dtb_paddr=0xbfe00000
[kernel] Console initialized.
[memory] 194422 usable physical frames across 2 region(s)
[memory] region0: [0x90888000, 0xbfe00000) frames=193912
[memory] region1: [0xbfe02000, 0xc0000000) frames=510
.text [0x80200000, 0x8042a000)
.rodata [0x8042a000, 0x80461000)
.data [0x80461000, 0x80826000)
.bss [0x80826000, 0x90888000)
mapping .text section
mapping .rodata section
mapping .data section
mapping .bss section
mapping physical memory region
mapping physical memory region
mapping memory-mapped registers
[kernel] Hello, world!
[kernel] PRNG init warning: Entropy(DeviceUnavailable)
[memory] reclaimed linker frames: [0x80461000, 0x80824000) frames=963
[initramfs] unpacked: files=39 dirs=23 symlinks=1 bytes=3939693
[initramfs] VFS_ROOT initialized (ramfs + cpio unpack + dev/proc/tmp)
[kernel] block device 0: official fs (MMIO 0x10001000)
[kernel] block device 1: tools disk (MMIO 0x10002000)
[mbr] registered /dev/vdb1 (type=0x83, size=2048M)
[mbr] registered /dev/vdb2 (type=0xc, size=1280M)
[ext4] backend: another_ext4
[kernel] root device mounted at sdcard
[mbr] registered /dev/vdb1 (type=0x83, size=2048M)
[mbr] registered /dev/vdb2 (type=0xc, size=1280M)
[ext4] backend: another_ext4
[kernel] tools disk (vdb1) mounted at tools
[kernel] net interface initialized (RoutingDevice: lo + eth)
[init] pseudo-fs mount framework ready
[init] /tmp is bind-mounted from ext4 /sdcard/tmp
[init] /etc is bind-mounted from tools disk
[init] bind mount /tools/bin -> /bin
[init] bind mount /tools/sbin -> /sbin
[init] bind mount /tools/lib -> /lib
[init] bind mount /tools/usr -> /usr
[init] bind mount /tools/root -> /root: skipped (errno=2)
[init] PID1 profile=normal runner=/test-runner
[test-runner] synchronizing clock
[initproc] config source=/sdcard/os_test.conf mode=run mask=0x110 timer_smoke=false skip_apk=true
[initproc] ensuring base directories...
[initproc] runtime layout ready
[initproc] linking musl/glibc libs to /lib ...
[initproc] lib linking done, exit=0
[initproc] prepare lmbench compatibility ...
[initproc] lmbench compatibility done, exit=0
[initproc] install libgcc_s: already exists, skipping
[initproc] skip_apk=true: skipping install_apk_packages
[initproc] run_selected_groups start mask=0x110
[initproc] skip basic (mask bit0 not set)
[initproc] skip busybox (mask bit1 not set)
[initproc] skip lua (mask bit2 not set)
#### OS COMP TEST GROUP START lmbench-musl ####
#### OS COMP TEST GROUP START lmbench-musl ####
latency measurements
Simple syscall: 35.1127 microseconds
Simple read: 86.6250 microseconds
Simple write: 43.0000 microseconds
Simple stat: 188.5000 microseconds
Simple fstat: 89.3538 microseconds
Simple open/close: 224.5833 microseconds
Select on 100 fd's: 346.9375 microseconds
Signal handler installation: 91.1017 microseconds
Signal handler overhead: 132.0294 microseconds
Protection fault: 49.2188 microseconds
Pipe latency: 571.6961 microseconds
Process fork+exit: 5866.0000 microseconds
Process fork+execve: 6151.0000 microseconds
Process fork+/bin/sh -c: 304171.0000 microseconds
File /var/tmp/XXX write bandwidth:19886 KB/sec
Pagefaults on /var/tmp/XXX: 108.9727 microseconds
0.524288 617
file system latency
0k	16	2840	3048
1k	12	2204	2922
4k	12	2124	3088
10k	11	2194	2919
Bandwidth measurements
Pipe bandwidth: 43.66 MB/sec
0.524288 97.05
0.524288 96.27
0.524288 4180.78
0.524288 38.14
context switch overhead

"size=32k ovr=204.70
2 95.85
4 102.85
8 103.38
16 102.23
24 91.75
32 100.36
64 104.23
96 105.29
#### OS COMP TEST GROUP END lmbench-musl ####
#### OS COMP TEST GROUP END lmbench-musl ####
[initproc] done lmbench_testcode.sh in /musl exit_code=0
#### OS COMP TEST GROUP START lmbench-glibc ####
#### OS COMP TEST GROUP START lmbench-glibc ####
latency measurements
Simple syscall: 37.3046 microseconds
Simple read: 84.1739 microseconds
Simple write: 43.0630 microseconds
Simple stat: 178.6552 microseconds
Simple fstat: 101.8305 microseconds
Simple open/close: 223.3077 microseconds
Select on 100 fd's: 346.8235 microseconds
Signal handler installation: 93.9244 microseconds
Signal handler overhead: 135.0000 microseconds
Protection fault: 54.1290 microseconds
Pipe latency: 573.8608 microseconds
Process fork+exit: 6713.0000 microseconds
Process fork+execve: 12437.0000 microseconds
Process fork+/bin/sh -c: 292489.0000 microseconds
File /var/tmp/XXX write bandwidth:65680 KB/sec
Pagefaults on /var/tmp/XXX: 112.4531 microseconds
0.524288 621
file system latency
0k	27	2707	2707
1k	22	2007	2787
4k	23	2049	2773
10k	22	1965	2793
Bandwidth measurements
Pipe bandwidth: 43.59 MB/sec
0.524288 97.51
0.524288 93.52
0.524288 2620.08
0.524288 35.85
context switch overhead

"size=32k ovr=196.08
2 114.31
4 104.62
8 120.09
16 122.30
24 120.01
32 119.55
64 117.11
96 119.10
#### OS COMP TEST GROUP END lmbench-glibc ####
#### OS COMP TEST GROUP END lmbench-glibc ####
[initproc] done lmbench_testcode.sh in /glibc exit_code=0
#### OS COMP TEST GROUP START iozone-musl ####
#### OS COMP TEST GROUP START iozone-musl ####
iozone automatic measurements
	Iozone: Performance Test of File I/O
	        Version $Revision: 3.506 $
		Compiled for 64 bit mode.
		Build: linux 

	Contributors:William Norcott, Don Capps, Isom Crawford, Kirby Collins
	             Al Slater, Scott Rhine, Mike Wisner, Ken Goss
	             Steve Landherr, Brad Smith, Mark Kelly, Dr. Alain CYR,
	             Randy Dunlap, Mark Montague, Dan Million, Gavin Brebner,
	             Jean-Marc Zucconi, Jeff Blomberg, Benny Halevy, Dave Boone,
	             Erik Habbinga, Kris Strecker, Walter Wong, Joshua Root,
	             Fabrice Bacchella, Zhenghua Xue, Qin Li, Darren Sawyer,
	             Vangel Bojaxhi, Ben England, Vikentsi Lapa,
	             Alexey Skidanov, Sudhir Kumar.

	Run began: Fri Jan  1 00:02:32 2027

	Auto Mode
	Record Size 1 kB
	File size set to 4096 kB
	Command line used: ./iozone -a -r 1k -s 4m
	Output is in kBytes/sec
	Time Resolution = 0.000075 seconds.
	Processor cache size set to 1024 kBytes.
	Processor cache line size set to 32 bytes.
	File stride size set to 17 * record size.
                                                                    random    random      bkwd     record     stride                                        
              kB  reclen    write    rewrite      read    reread      read     write      read    rewrite       read    fwrite  frewrite     fread   freread
            4096       1      2504      2454      7973      7998      5931      2118      5858       2103       5908      2265      2389      5644      5655

iozone test complete.
iozone throughput write/read measurements
	Iozone: Performance Test of File I/O
	        Version $Revision: 3.506 $
		Compiled for 64 bit mode.
		Build: linux 

	Contributors:William Norcott, Don Capps, Isom Crawford, Kirby Collins
	             Al Slater, Scott Rhine, Mike Wisner, Ken Goss
	             Steve Landherr, Brad Smith, Mark Kelly, Dr. Alain CYR,
	             Randy Dunlap, Mark Montague, Dan Million, Gavin Brebner,
	             Jean-Marc Zucconi, Jeff Blomberg, Benny Halevy, Dave Boone,
	             Erik Habbinga, Kris Strecker, Walter Wong, Joshua Root,
	             Fabrice Bacchella, Zhenghua Xue, Qin Li, Darren Sawyer,
	             Vangel Bojaxhi, Ben England, Vikentsi Lapa,
	             Alexey Skidanov, Sudhir Kumar.

	Run began: Fri Jan  1 00:02:52 2027

	Record Size 1 kB
	File size set to 1024 kB
	Command line used: ./iozone -t 4 -i 0 -i 1 -r 1k -s 1m
	Output is in kBytes/sec
	Time Resolution = 0.000075 seconds.
	Processor cache size set to 1024 kBytes.
	Processor cache line size set to 32 bytes.
	File stride size set to 17 * record size.
	Throughput test with 4 processes
	Each process writes a 1024 kByte file in 1 kByte records

	Children see throughput for  4 initial writers 	=    2416.29 kB/sec
	Parent sees throughput for  4 initial writers 	=    1878.29 kB/sec
	Min throughput per process 			=     571.70 kB/sec 
	Max throughput per process 			=     654.13 kB/sec
	Avg throughput per process 			=     604.07 kB/sec
	Min xfer 					=     971.00 kB

	Children see throughput for  4 rewriters 	=    2358.61 kB/sec
	Parent sees throughput for  4 rewriters 	=    2142.53 kB/sec
	Min throughput per process 			=     555.89 kB/sec 
	Max throughput per process 			=     621.11 kB/sec
	Avg throughput per process 			=     589.65 kB/sec
	Min xfer 					=     988.00 kB

	Children see throughput for  4 readers 		=    8289.47 kB/sec
	Parent sees throughput for  4 readers 		=    7274.73 kB/sec
	Min throughput per process 			=    1916.31 kB/sec 
	Max throughput per process 			=    2284.32 kB/sec
	Avg throughput per process 			=    2072.37 kB/sec
	Min xfer 					=     939.00 kB

	Children see throughput for 4 re-readers 	=    8062.22 kB/sec
	Parent sees throughput for 4 re-readers 	=    6927.18 kB/sec
	Min throughput per process 			=    1834.43 kB/sec 
	Max throughput per process 			=    2283.30 kB/sec
	Avg throughput per process 			=    2015.55 kB/sec
	Min xfer 					=     929.00 kB



iozone test complete.
iozone throughput random-read measurements
	Iozone: Performance Test of File I/O
	        Version $Revision: 3.506 $
		Compiled for 64 bit mode.
		Build: linux 

	Contributors:William Norcott, Don Capps, Isom Crawford, Kirby Collins
	             Al Slater, Scott Rhine, Mike Wisner, Ken Goss
	             Steve Landherr, Brad Smith, Mark Kelly, Dr. Alain CYR,
	             Randy Dunlap, Mark Montague, Dan Million, Gavin Brebner,
	             Jean-Marc Zucconi, Jeff Blomberg, Benny Halevy, Dave Boone,
	             Erik Habbinga, Kris Strecker, Walter Wong, Joshua Root,
	             Fabrice Bacchella, Zhenghua Xue, Qin Li, Darren Sawyer,
	             Vangel Bojaxhi, Ben England, Vikentsi Lapa,
	             Alexey Skidanov, Sudhir Kumar.

	Run began: Fri Jan  1 00:03:13 2027

	Record Size 1 kB
	File size set to 1024 kB
	Command line used: ./iozone -t 4 -i 0 -i 2 -r 1k -s 1m
	Output is in kBytes/sec
	Time Resolution = 0.000075 seconds.
	Processor cache size set to 1024 kBytes.
	Processor cache line size set to 32 bytes.
	File stride size set to 17 * record size.
	Throughput test with 4 processes
	Each process writes a 1024 kByte file in 1 kByte records

	Children see throughput for  4 initial writers 	=    2242.44 kB/sec
	Parent sees throughput for  4 initial writers 	=    1866.32 kB/sec
	Min throughput per process 			=     488.56 kB/sec 
	Max throughput per process 			=     653.46 kB/sec
	Avg throughput per process 			=     560.61 kB/sec
	Min xfer 					=     993.00 kB

	Children see throughput for  4 rewriters 	=    2255.92 kB/sec
	Parent sees throughput for  4 rewriters 	=    2002.84 kB/sec
	Min throughput per process 			=     512.07 kB/sec 
	Max throughput per process 			=     654.56 kB/sec
	Avg throughput per process 			=     563.98 kB/sec
	Min xfer 					=     997.00 kB

	Children see throughput for 4 random readers 	=    5910.38 kB/sec
	Parent sees throughput for 4 random readers 	=    5340.36 kB/sec
	Min throughput per process 			=    1372.80 kB/sec 
	Max throughput per process 			=    1579.28 kB/sec
	Avg throughput per process 			=    1477.60 kB/sec
	Min xfer 					=     965.00 kB

	Children see throughput for 4 random writers 	=    2064.60 kB/sec
	Parent sees throughput for 4 random writers 	=    1881.38 kB/sec
	Min throughput per process 			=     483.27 kB/sec 
	Max throughput per process 			=     544.13 kB/sec
	Avg throughput per process 			=     516.15 kB/sec
	Min xfer 					=     982.00 kB



iozone test complete.
iozone throughput read-backwards measurements
	Iozone: Performance Test of File I/O
	        Version $Revision: 3.506 $
		Compiled for 64 bit mode.
		Build: linux 

	Contributors:William Norcott, Don Capps, Isom Crawford, Kirby Collins
	             Al Slater, Scott Rhine, Mike Wisner, Ken Goss
	             Steve Landherr, Brad Smith, Mark Kelly, Dr. Alain CYR,
	             Randy Dunlap, Mark Montague, Dan Million, Gavin Brebner,
	             Jean-Marc Zucconi, Jeff Blomberg, Benny Halevy, Dave Boone,
	             Erik Habbinga, Kris Strecker, Walter Wong, Joshua Root,
	             Fabrice Bacchella, Zhenghua Xue, Qin Li, Darren Sawyer,
	             Vangel Bojaxhi, Ben England, Vikentsi Lapa,
	             Alexey Skidanov, Sudhir Kumar.

	Run began: Fri Jan  1 00:03:41 2027

	Record Size 1 kB
	File size set to 1024 kB
	Command line used: ./iozone -t 4 -i 0 -i 3 -r 1k -s 1m
	Output is in kBytes/sec
	Time Resolution = 0.000076 seconds.
	Processor cache size set to 1024 kBytes.
	Processor cache line size set to 32 bytes.
	File stride size set to 17 * record size.
	Throughput test with 4 processes
	Each process writes a 1024 kByte file in 1 kByte records

	Children see throughput for  4 initial writers 	=    2330.33 kB/sec
	Parent sees throughput for  4 initial writers 	=    1984.47 kB/sec
	Min throughput per process 			=     514.11 kB/sec 
	Max throughput per process 			=     637.01 kB/sec
	Avg throughput per process 			=     582.58 kB/sec
	Min xfer 					=     965.00 kB

	Children see throughput for  4 rewriters 	=    2562.65 kB/sec
	Parent sees throughput for  4 rewriters 	=    2299.19 kB/sec
	Min throughput per process 			=     616.79 kB/sec 
	Max throughput per process 			=     689.93 kB/sec
	Avg throughput per process 			=     640.66 kB/sec
	Min xfer 					=     984.00 kB

	Children see throughput for 4 reverse readers 	=    6064.94 kB/sec
	Parent sees throughput for 4 reverse readers 	=    5421.32 kB/sec
	Min throughput per process 			=    1404.13 kB/sec 
	Max throughput per process 			=    1585.30 kB/sec
	Avg throughput per process 			=    1516.23 kB/sec
	Min xfer 					=     965.00 kB



iozone test complete.
iozone throughput stride-read measurements
	Iozone: Performance Test of File I/O
	        Version $Revision: 3.506 $
		Compiled for 64 bit mode.
		Build: linux 

	Contributors:William Norcott, Don Capps, Isom Crawford, Kirby Collins
	             Al Slater, Scott Rhine, Mike Wisner, Ken Goss
	             Steve Landherr, Brad Smith, Mark Kelly, Dr. Alain CYR,
	             Randy Dunlap, Mark Montague, Dan Million, Gavin Brebner,
	             Jean-Marc Zucconi, Jeff Blomberg, Benny Halevy, Dave Boone,
	             Erik Habbinga, Kris Strecker, Walter Wong, Joshua Root,
	             Fabrice Bacchella, Zhenghua Xue, Qin Li, Darren Sawyer,
	             Vangel Bojaxhi, Ben England, Vikentsi Lapa,
	             Alexey Skidanov, Sudhir Kumar.

	Run began: Fri Jan  1 00:04:01 2027

	Record Size 1 kB
	File size set to 1024 kB
	Command line used: ./iozone -t 4 -i 0 -i 5 -r 1k -s 1m
	Output is in kBytes/sec
	Time Resolution = 0.000075 seconds.
	Processor cache size set to 1024 kBytes.
	Processor cache line size set to 32 bytes.
	File stride size set to 17 * record size.
	Throughput test with 4 processes
	Each process writes a 1024 kByte file in 1 kByte records

	Children see throughput for  4 initial writers 	=    2364.40 kB/sec
	Parent sees throughput for  4 initial writers 	=    1906.27 kB/sec
	Min throughput per process 			=     537.84 kB/sec 
	Max throughput per process 			=     637.02 kB/sec
	Avg throughput per process 			=     591.10 kB/sec
	Min xfer 					=     959.00 kB

	Children see throughput for  4 rewriters 	=    2277.38 kB/sec
	Parent sees throughput for  4 rewriters 	=    2111.12 kB/sec
	Min throughput per process 			=     540.22 kB/sec 
	Max throughput per process 			=     606.20 kB/sec
	Avg throughput per process 			=     569.35 kB/sec
	Min xfer 					=     973.00 kB

	Children see throughput for 4 stride readers 	=    6127.90 kB/sec
	Parent sees throughput for 4 stride readers 	=    5559.67 kB/sec
	Min throughput per process 			=    1451.78 kB/sec 
	Max throughput per process 			=    1582.82 kB/sec
	Avg throughput per process 			=    1531.97 kB/sec
	Min xfer 					=     986.00 kB



iozone test complete.
iozone throughput fwrite/fread measurements
	Iozone: Performance Test of File I/O
	        Version $Revision: 3.506 $
		Compiled for 64 bit mode.
		Build: linux 

	Contributors:William Norcott, Don Capps, Isom Crawford, Kirby Collins
	             Al Slater, Scott Rhine, Mike Wisner, Ken Goss
	             Steve Landherr, Brad Smith, Mark Kelly, Dr. Alain CYR,
	             Randy Dunlap, Mark Montague, Dan Million, Gavin Brebner,
	             Jean-Marc Zucconi, Jeff Blomberg, Benny Halevy, Dave Boone,
	             Erik Habbinga, Kris Strecker, Walter Wong, Joshua Root,
	             Fabrice Bacchella, Zhenghua Xue, Qin Li, Darren Sawyer,
	             Vangel Bojaxhi, Ben England, Vikentsi Lapa,
	             Alexey Skidanov, Sudhir Kumar.

	Run began: Fri Jan  1 00:04:21 2027

	Record Size 1 kB
	File size set to 1024 kB
	Command line used: ./iozone -t 4 -i 6 -i 7 -r 1k -s 1m
	Output is in kBytes/sec
	Time Resolution = 0.000075 seconds.
	Processor cache size set to 1024 kBytes.
	Processor cache line size set to 32 bytes.
	File stride size set to 17 * record size.
	Throughput test with 4 processes
	Each process writes a 1024 kByte file in 1 kByte records

	Children see throughput for  4 fwriters 	=    2450.77 kB/sec
	Parent sees throughput for  4 fwriters 		=    2061.31 kB/sec
	Min throughput per process 			=     554.27 kB/sec 
	Max throughput per process 			=     670.44 kB/sec
	Avg throughput per process 			=     612.69 kB/sec
	Min xfer 					=    1024.00 kB

	Children see throughput for  4 freaders 	=    5908.22 kB/sec
	Parent sees throughput for  4 freaders 		=    5527.81 kB/sec
	Min throughput per process 			=    1470.84 kB/sec 
	Max throughput per process 			=    1487.30 kB/sec
	Avg throughput per process 			=    1477.05 kB/sec
	Min xfer 					=    1024.00 kB



iozone test complete.
iozone throughput pwrite/pread measurements
	Iozone: Performance Test of File I/O
	        Version $Revision: 3.506 $
		Compiled for 64 bit mode.
		Build: linux 

	Contributors:William Norcott, Don Capps, Isom Crawford, Kirby Collins
	             Al Slater, Scott Rhine, Mike Wisner, Ken Goss
	             Steve Landherr, Brad Smith, Mark Kelly, Dr. Alain CYR,
	             Randy Dunlap, Mark Montague, Dan Million, Gavin Brebner,
	             Jean-Marc Zucconi, Jeff Blomberg, Benny Halevy, Dave Boone,
	             Erik Habbinga, Kris Strecker, Walter Wong, Joshua Root,
	             Fabrice Bacchella, Zhenghua Xue, Qin Li, Darren Sawyer,
	             Vangel Bojaxhi, Ben England, Vikentsi Lapa,
	             Alexey Skidanov, Sudhir Kumar.

	Run began: Fri Jan  1 00:04:35 2027

	Record Size 1 kB
	File size set to 1024 kB
	Command line used: ./iozone -t 4 -i 9 -i 10 -r 1k -s 1m
	Output is in kBytes/sec
	Time Resolution = 0.000075 seconds.
	Processor cache size set to 1024 kBytes.
	Processor cache line size set to 32 bytes.
	File stride size set to 17 * record size.
	Throughput test with 4 processes
	Each process writes a 1024 kByte file in 1 kByte records

	Children see throughput for 4 pwrite writers 	=    2361.55 kB/sec
	Parent sees throughput for 4 pwrite writers 	=    1705.33 kB/sec
	Min throughput per process 			=     510.10 kB/sec 
	Max throughput per process 			=     670.19 kB/sec
	Avg throughput per process 			=     590.39 kB/sec
	Min xfer 					=     977.00 kB

	Children see throughput for 4 pread readers 	=    8962.71 kB/sec
	Parent sees throughput for 4 pread readers 	=    7808.39 kB/sec
	Min throughput per process 			=    2119.34 kB/sec 
	Max throughput per process 			=    2314.64 kB/sec
	Avg throughput per process 			=    2240.68 kB/sec
	Min xfer 					=    1005.00 kB



iozone test complete.
iozone throughtput pwritev/preadv measurements
	Iozone: Performance Test of File I/O
	        Version $Revision: 3.506 $
		Compiled for 64 bit mode.
		Build: linux 

	Contributors:William Norcott, Don Capps, Isom Crawford, Kirby Collins
	             Al Slater, Scott Rhine, Mike Wisner, Ken Goss
	             Steve Landherr, Brad Smith, Mark Kelly, Dr. Alain CYR,
	             Randy Dunlap, Mark Montague, Dan Million, Gavin Brebner,
	             Jean-Marc Zucconi, Jeff Blomberg, Benny Halevy, Dave Boone,
	             Erik Habbinga, Kris Strecker, Walter Wong, Joshua Root,
	             Fabrice Bacchella, Zhenghua Xue, Qin Li, Darren Sawyer,
	             Vangel Bojaxhi, Ben England, Vikentsi Lapa,
	             Alexey Skidanov, Sudhir Kumar.

	Run began: Fri Jan  1 00:04:54 2027

	Selected test not available on the version.
	Record Size 1 kB
	File size set to 1024 kB
	Command line used: ./iozone -t 4 -i 11 -i 12 -r 1k -s 1m
	Output is in kBytes/sec
	Time Resolution = 0.000076 seconds.
	Processor cache size set to 1024 kBytes.
	Processor cache line size set to 32 bytes.
	File stride size set to 17 * record size.
	Throughput test with 4 processes
	Each process writes a 1024 kByte file in 1 kByte records

	Children see throughput for  4 initial writers 	=    2007.42 kB/sec
	Parent sees throughput for  4 initial writers 	=    1488.36 kB/sec
	Min throughput per process 			=     413.66 kB/sec 
	Max throughput per process 			=     655.50 kB/sec
	Avg throughput per process 			=     501.86 kB/sec
	Min xfer 					=    1013.00 kB

	Children see throughput for  4 rewriters 	=    2298.28 kB/sec
	Parent sees throughput for  4 rewriters 	=    2015.55 kB/sec
	Min throughput per process 			=     527.28 kB/sec 
	Max throughput per process 			=     642.72 kB/sec
	Avg throughput per process 			=     574.57 kB/sec
	Min xfer 					=     996.00 kB



iozone test complete.
#### OS COMP TEST GROUP END iozone-musl ####
#### OS COMP TEST GROUP END iozone-musl ####
[initproc] done iozone_testcode.sh in /musl exit_code=0
#### OS COMP TEST GROUP START iozone-glibc ####
#### OS COMP TEST GROUP START iozone-glibc ####
iozone automatic measurements
	Iozone: Performance Test of File I/O
	        Version $Revision: 3.506 $
		Compiled for 64 bit mode.
		Build: linux 

	Contributors:William Norcott, Don Capps, Isom Crawford, Kirby Collins
	             Al Slater, Scott Rhine, Mike Wisner, Ken Goss
	             Steve Landherr, Brad Smith, Mark Kelly, Dr. Alain CYR,
	             Randy Dunlap, Mark Montague, Dan Million, Gavin Brebner,
	             Jean-Marc Zucconi, Jeff Blomberg, Benny Halevy, Dave Boone,
	             Erik Habbinga, Kris Strecker, Walter Wong, Joshua Root,
	             Fabrice Bacchella, Zhenghua Xue, Qin Li, Darren Sawyer,
	             Vangel Bojaxhi, Ben England, Vikentsi Lapa,
	             Alexey Skidanov, Sudhir Kumar.

	Run began: Fri Jan  1 00:05:12 2027

	Auto Mode
	Record Size 1 kB
	File size set to 4096 kB
	Command line used: ./iozone -a -r 1k -s 4m
	Output is in kBytes/sec
	Time Resolution = 0.000077 seconds.
	Processor cache size set to 1024 kBytes.
	Processor cache line size set to 32 bytes.
	File stride size set to 17 * record size.
                                                                    random    random      bkwd     record     stride                                        
              kB  reclen    write    rewrite      read    reread      read     write      read    rewrite       read    fwrite  frewrite     fread   freread
            4096       1      2654      2555      7688      8110      5877      2237      5910       2188       5982      2415      2606      7936      7914

iozone test complete.
iozone throughput write/read measurements
	Iozone: Performance Test of File I/O
	        Version $Revision: 3.506 $
		Compiled for 64 bit mode.
		Build: linux 

	Contributors:William Norcott, Don Capps, Isom Crawford, Kirby Collins
	             Al Slater, Scott Rhine, Mike Wisner, Ken Goss
	             Steve Landherr, Brad Smith, Mark Kelly, Dr. Alain CYR,
	             Randy Dunlap, Mark Montague, Dan Million, Gavin Brebner,
	             Jean-Marc Zucconi, Jeff Blomberg, Benny Halevy, Dave Boone,
	             Erik Habbinga, Kris Strecker, Walter Wong, Joshua Root,
	             Fabrice Bacchella, Zhenghua Xue, Qin Li, Darren Sawyer,
	             Vangel Bojaxhi, Ben England, Vikentsi Lapa,
	             Alexey Skidanov, Sudhir Kumar.

	Run began: Fri Jan  1 00:05:33 2027

	Record Size 1 kB
	File size set to 1024 kB
	Command line used: ./iozone -t 4 -i 0 -i 1 -r 1k -s 1m
	Output is in kBytes/sec
	Time Resolution = 0.000077 seconds.
	Processor cache size set to 1024 kBytes.
	Processor cache line size set to 32 bytes.
	File stride size set to 17 * record size.
	Throughput test with 4 processes
	Each process writes a 1024 kByte file in 1 kByte records

	Children see throughput for  4 initial writers 	=    2317.68 kB/sec
	Parent sees throughput for  4 initial writers 	=    1789.34 kB/sec
	Min throughput per process 			=     487.15 kB/sec 
	Max throughput per process 			=     670.01 kB/sec
	Avg throughput per process 			=     579.42 kB/sec
	Min xfer 					=     980.00 kB

	Children see throughput for  4 rewriters 	=    2515.22 kB/sec
	Parent sees throughput for  4 rewriters 	=    2288.05 kB/sec
	Min throughput per process 			=     591.12 kB/sec 
	Max throughput per process 			=     669.59 kB/sec
	Avg throughput per process 			=     628.80 kB/sec
	Min xfer 					=     985.00 kB

	Children see throughput for  4 readers 		=    8269.29 kB/sec
	Parent sees throughput for  4 readers 		=    7198.76 kB/sec
	Min throughput per process 			=    1899.22 kB/sec 
	Max throughput per process 			=    2280.53 kB/sec
	Avg throughput per process 			=    2067.32 kB/sec
	Min xfer 					=     936.00 kB

	Children see throughput for 4 re-readers 	=    8395.09 kB/sec
	Parent sees throughput for 4 re-readers 	=    7353.65 kB/sec
	Min throughput per process 			=    1956.07 kB/sec 
	Max throughput per process 			=    2279.14 kB/sec
	Avg throughput per process 			=    2098.77 kB/sec
	Min xfer 					=     939.00 kB



iozone test complete.
iozone throughput random-read measurements
	Iozone: Performance Test of File I/O
	        Version $Revision: 3.506 $
		Compiled for 64 bit mode.
		Build: linux 

	Contributors:William Norcott, Don Capps, Isom Crawford, Kirby Collins
	             Al Slater, Scott Rhine, Mike Wisner, Ken Goss
	             Steve Landherr, Brad Smith, Mark Kelly, Dr. Alain CYR,
	             Randy Dunlap, Mark Montague, Dan Million, Gavin Brebner,
	             Jean-Marc Zucconi, Jeff Blomberg, Benny Halevy, Dave Boone,
	             Erik Habbinga, Kris Strecker, Walter Wong, Joshua Root,
	             Fabrice Bacchella, Zhenghua Xue, Qin Li, Darren Sawyer,
	             Vangel Bojaxhi, Ben England, Vikentsi Lapa,
	             Alexey Skidanov, Sudhir Kumar.

	Run began: Fri Jan  1 00:05:56 2027

	Record Size 1 kB
	File size set to 1024 kB
	Command line used: ./iozone -t 4 -i 0 -i 2 -r 1k -s 1m
	Output is in kBytes/sec
	Time Resolution = 0.000077 seconds.
	Processor cache size set to 1024 kBytes.
	Processor cache line size set to 32 bytes.
	File stride size set to 17 * record size.
	Throughput test with 4 processes
	Each process writes a 1024 kByte file in 1 kByte records

	Children see throughput for  4 initial writers 	=    2100.45 kB/sec
	Parent sees throughput for  4 initial writers 	=    1535.88 kB/sec
	Min throughput per process 			=     459.61 kB/sec 
	Max throughput per process 			=     669.76 kB/sec
	Avg throughput per process 			=     525.11 kB/sec
	Min xfer 					=     970.00 kB

	Children see throughput for  4 rewriters 	=    2466.66 kB/sec
	Parent sees throughput for  4 rewriters 	=    2259.78 kB/sec
	Min throughput per process 			=     578.45 kB/sec 
	Max throughput per process 			=     654.98 kB/sec
	Avg throughput per process 			=     616.67 kB/sec
	Min xfer 					=     992.00 kB

	Children see throughput for 4 random readers 	=    6152.82 kB/sec
	Parent sees throughput for 4 random readers 	=    5609.43 kB/sec
	Min throughput per process 			=    1457.36 kB/sec 
	Max throughput per process 			=    1592.84 kB/sec
	Avg throughput per process 			=    1538.21 kB/sec
	Min xfer 					=     993.00 kB

	Children see throughput for 4 random writers 	=    2016.72 kB/sec
	Parent sees throughput for 4 random writers 	=    1598.62 kB/sec
	Min throughput per process 			=     412.90 kB/sec 
	Max throughput per process 			=     581.02 kB/sec
	Avg throughput per process 			=     504.18 kB/sec
	Min xfer 					=     999.00 kB



iozone test complete.
iozone throughput read-backwards measurements
	Iozone: Performance Test of File I/O
	        Version $Revision: 3.506 $
		Compiled for 64 bit mode.
		Build: linux 

	Contributors:William Norcott, Don Capps, Isom Crawford, Kirby Collins
	             Al Slater, Scott Rhine, Mike Wisner, Ken Goss
	             Steve Landherr, Brad Smith, Mark Kelly, Dr. Alain CYR,
	             Randy Dunlap, Mark Montague, Dan Million, Gavin Brebner,
	             Jean-Marc Zucconi, Jeff Blomberg, Benny Halevy, Dave Boone,
	             Erik Habbinga, Kris Strecker, Walter Wong, Joshua Root,
	             Fabrice Bacchella, Zhenghua Xue, Qin Li, Darren Sawyer,
	             Vangel Bojaxhi, Ben England, Vikentsi Lapa,
	             Alexey Skidanov, Sudhir Kumar.

	Run began: Fri Jan  1 00:06:26 2027

	Record Size 1 kB
	File size set to 1024 kB
	Command line used: ./iozone -t 4 -i 0 -i 3 -r 1k -s 1m
	Output is in kBytes/sec
	Time Resolution = 0.000077 seconds.
	Processor cache size set to 1024 kBytes.
	Processor cache line size set to 32 bytes.
	File stride size set to 17 * record size.
	Throughput test with 4 processes
	Each process writes a 1024 kByte file in 1 kByte records

	Children see throughput for  4 initial writers 	=    2360.13 kB/sec
	Parent sees throughput for  4 initial writers 	=    1794.03 kB/sec
	Min throughput per process 			=     528.19 kB/sec 
	Max throughput per process 			=     652.92 kB/sec
	Avg throughput per process 			=     590.03 kB/sec
	Min xfer 					=     975.00 kB

	Children see throughput for  4 rewriters 	=    2460.91 kB/sec
	Parent sees throughput for  4 rewriters 	=    2226.56 kB/sec
	Min throughput per process 			=     567.76 kB/sec 
	Max throughput per process 			=     654.29 kB/sec
	Avg throughput per process 			=     615.23 kB/sec
	Min xfer 					=     975.00 kB

	Children see throughput for 4 reverse readers 	=    5964.52 kB/sec
	Parent sees throughput for 4 reverse readers 	=    5384.96 kB/sec
	Min throughput per process 			=    1392.26 kB/sec 
	Max throughput per process 			=    1579.45 kB/sec
	Avg throughput per process 			=    1491.13 kB/sec
	Min xfer 					=     976.00 kB



iozone test complete.
iozone throughput stride-read measurements
	Iozone: Performance Test of File I/O
	        Version $Revision: 3.506 $
		Compiled for 64 bit mode.
		Build: linux 

	Contributors:William Norcott, Don Capps, Isom Crawford, Kirby Collins
	             Al Slater, Scott Rhine, Mike Wisner, Ken Goss
	             Steve Landherr, Brad Smith, Mark Kelly, Dr. Alain CYR,
	             Randy Dunlap, Mark Montague, Dan Million, Gavin Brebner,
	             Jean-Marc Zucconi, Jeff Blomberg, Benny Halevy, Dave Boone,
	             Erik Habbinga, Kris Strecker, Walter Wong, Joshua Root,
	             Fabrice Bacchella, Zhenghua Xue, Qin Li, Darren Sawyer,
	             Vangel Bojaxhi, Ben England, Vikentsi Lapa,
	             Alexey Skidanov, Sudhir Kumar.

	Run began: Fri Jan  1 00:06:49 2027

	Record Size 1 kB
	File size set to 1024 kB
	Command line used: ./iozone -t 4 -i 0 -i 5 -r 1k -s 1m
	Output is in kBytes/sec
	Time Resolution = 0.000076 seconds.
	Processor cache size set to 1024 kBytes.
	Processor cache line size set to 32 bytes.
	File stride size set to 17 * record size.
	Throughput test with 4 processes
	Each process writes a 1024 kByte file in 1 kByte records

	Children see throughput for  4 initial writers 	=    2374.50 kB/sec
	Parent sees throughput for  4 initial writers 	=    1725.64 kB/sec
	Min throughput per process 			=     564.32 kB/sec 
	Max throughput per process 			=     653.06 kB/sec
	Avg throughput per process 			=     593.62 kB/sec
	Min xfer 					=     978.00 kB

	Children see throughput for  4 rewriters 	=    2426.94 kB/sec
	Parent sees throughput for  4 rewriters 	=    2230.04 kB/sec
	Min throughput per process 			=     569.81 kB/sec 
	Max throughput per process 			=     639.47 kB/sec
	Avg throughput per process 			=     606.74 kB/sec
	Min xfer 					=     995.00 kB

	Children see throughput for 4 stride readers 	=    6159.24 kB/sec
	Parent sees throughput for 4 stride readers 	=    5562.30 kB/sec
	Min throughput per process 			=    1463.16 kB/sec 
	Max throughput per process 			=    1587.97 kB/sec
	Avg throughput per process 			=    1539.81 kB/sec
	Min xfer 					=     994.00 kB



iozone test complete.
iozone throughput fwrite/fread measurements
	Iozone: Performance Test of File I/O
	        Version $Revision: 3.506 $
		Compiled for 64 bit mode.
		Build: linux 

	Contributors:William Norcott, Don Capps, Isom Crawford, Kirby Collins
	             Al Slater, Scott Rhine, Mike Wisner, Ken Goss
	             Steve Landherr, Brad Smith, Mark Kelly, Dr. Alain CYR,
	             Randy Dunlap, Mark Montague, Dan Million, Gavin Brebner,
	             Jean-Marc Zucconi, Jeff Blomberg, Benny Halevy, Dave Boone,
	             Erik Habbinga, Kris Strecker, Walter Wong, Joshua Root,
	             Fabrice Bacchella, Zhenghua Xue, Qin Li, Darren Sawyer,
	             Vangel Bojaxhi, Ben England, Vikentsi Lapa,
	             Alexey Skidanov, Sudhir Kumar.

	Run began: Fri Jan  1 00:07:12 2027

	Record Size 1 kB
	File size set to 1024 kB
	Command line used: ./iozone -t 4 -i 6 -i 7 -r 1k -s 1m
	Output is in kBytes/sec
	Time Resolution = 0.000076 seconds.
	Processor cache size set to 1024 kBytes.
	Processor cache line size set to 32 bytes.
	File stride size set to 17 * record size.
	Throughput test with 4 processes
	Each process writes a 1024 kByte file in 1 kByte records

	Children see throughput for  4 fwriters 	=    2360.92 kB/sec
	Parent sees throughput for  4 fwriters 		=    1856.99 kB/sec
	Min throughput per process 			=     505.27 kB/sec 
	Max throughput per process 			=     671.06 kB/sec
	Avg throughput per process 			=     590.23 kB/sec
	Min xfer 					=    1024.00 kB

	Children see throughput for  4 freaders 	=    8148.22 kB/sec
	Parent sees throughput for  4 freaders 		=    7420.36 kB/sec
	Min throughput per process 			=    1953.27 kB/sec 
	Max throughput per process 			=    2110.82 kB/sec
	Avg throughput per process 			=    2037.05 kB/sec
	Min xfer 					=    1024.00 kB



iozone test complete.
iozone throughput pwrite/pread measurements
	Iozone: Performance Test of File I/O
	        Version $Revision: 3.506 $
		Compiled for 64 bit mode.
		Build: linux 

	Contributors:William Norcott, Don Capps, Isom Crawford, Kirby Collins
	             Al Slater, Scott Rhine, Mike Wisner, Ken Goss
	             Steve Landherr, Brad Smith, Mark Kelly, Dr. Alain CYR,
	             Randy Dunlap, Mark Montague, Dan Million, Gavin Brebner,
	             Jean-Marc Zucconi, Jeff Blomberg, Benny Halevy, Dave Boone,
	             Erik Habbinga, Kris Strecker, Walter Wong, Joshua Root,
	             Fabrice Bacchella, Zhenghua Xue, Qin Li, Darren Sawyer,
	             Vangel Bojaxhi, Ben England, Vikentsi Lapa,
	             Alexey Skidanov, Sudhir Kumar.

	Run began: Fri Jan  1 00:07:29 2027

	Record Size 1 kB
	File size set to 1024 kB
	Command line used: ./iozone -t 4 -i 9 -i 10 -r 1k -s 1m
	Output is in kBytes/sec
	Time Resolution = 0.000077 seconds.
	Processor cache size set to 1024 kBytes.
	Processor cache line size set to 32 bytes.
	File stride size set to 17 * record size.
	Throughput test with 4 processes
	Each process writes a 1024 kByte file in 1 kByte records

	Children see throughput for 4 pwrite writers 	=    2267.87 kB/sec
	Parent sees throughput for 4 pwrite writers 	=    1766.58 kB/sec
	Min throughput per process 			=     480.60 kB/sec 
	Max throughput per process 			=     654.27 kB/sec
	Avg throughput per process 			=     566.97 kB/sec
	Min xfer 					=     988.00 kB

	Children see throughput for 4 pread readers 	=    8825.87 kB/sec
	Parent sees throughput for 4 pread readers 	=    7356.89 kB/sec
	Min throughput per process 			=    2049.04 kB/sec 
	Max throughput per process 			=    2318.35 kB/sec
	Avg throughput per process 			=    2206.47 kB/sec
	Min xfer 					=    1002.00 kB



iozone test complete.
iozone throughtput pwritev/preadv measurements
	Iozone: Performance Test of File I/O
	        Version $Revision: 3.506 $
		Compiled for 64 bit mode.
		Build: linux 

	Contributors:William Norcott, Don Capps, Isom Crawford, Kirby Collins
	             Al Slater, Scott Rhine, Mike Wisner, Ken Goss
	             Steve Landherr, Brad Smith, Mark Kelly, Dr. Alain CYR,
	             Randy Dunlap, Mark Montague, Dan Million, Gavin Brebner,
	             Jean-Marc Zucconi, Jeff Blomberg, Benny Halevy, Dave Boone,
	             Erik Habbinga, Kris Strecker, Walter Wong, Joshua Root,
	             Fabrice Bacchella, Zhenghua Xue, Qin Li, Darren Sawyer,
	             Vangel Bojaxhi, Ben England, Vikentsi Lapa,
	             Alexey Skidanov, Sudhir Kumar.

	Run began: Fri Jan  1 00:07:50 2027

	Selected test not available on the version.
	Record Size 1 kB
	File size set to 1024 kB
	Command line used: ./iozone -t 4 -i 11 -i 12 -r 1k -s 1m
	Output is in kBytes/sec
	Time Resolution = 0.000077 seconds.
	Processor cache size set to 1024 kBytes.
	Processor cache line size set to 32 bytes.
	File stride size set to 17 * record size.
	Throughput test with 4 processes
	Each process writes a 1024 kByte file in 1 kByte records

	Children see throughput for  4 initial writers 	=    2342.47 kB/sec
	Parent sees throughput for  4 initial writers 	=    1824.39 kB/sec
	Min throughput per process 			=     530.72 kB/sec 
	Max throughput per process 			=     653.93 kB/sec
	Avg throughput per process 			=     585.62 kB/sec
	Min xfer 					=     973.00 kB

	Children see throughput for  4 rewriters 	=    2492.25 kB/sec
	Parent sees throughput for  4 rewriters 	=    2298.47 kB/sec
	Min throughput per process 			=     578.94 kB/sec 
	Max throughput per process 			=     656.21 kB/sec
	Avg throughput per process 			=     623.06 kB/sec
	Min xfer 					=     983.00 kB



iozone test complete.
#### OS COMP TEST GROUP END iozone-glibc ####
#### OS COMP TEST GROUP END iozone-glibc ####
[initproc] done iozone_testcode.sh in /glibc exit_code=0
[initproc] skip libcbench (mask bit7 not set)
[initproc] skip netperf (mask bit9 not set)
[initproc] skip iperf (mask bit6 not set)
[initproc] skip libctest (mask bit3 not set)
[initproc] skip cyclictest (mask bit10 not set)
[initproc] skip ltp (mask bit11 not set)
[initproc] skip cpython (mask bit12 not set)
[initproc] skip unixbench (mask bit5 not set)
[initproc] run_selected_groups done
