2026-07-16T09:11:04.835097Z __PERF_BEGIN_cpybench_verify-1-61420aee__
2026-07-16T09:11:05.739356Z [1m[33mMangoCore[0m:[1m[34m/persist/pyperf[0m# __PERF_ACK_cpybench_verify-1-61420aee_TRACE_OFF__
2026-07-16T09:11:07.852116Z [1m[33mMangoCore[0m:[1m[34m/persist/pyperf[0m# __PERF_WORK_BEGIN_cpybench_verify-1-61420aee__
2026-07-16T09:11:07.979343Z bm_bytesio
2026-07-16T09:11:07.979389Z bm_chaos
2026-07-16T09:11:07.981929Z bm_decimal
2026-07-16T09:11:07.981990Z bm_dict
2026-07-16T09:11:07.982010Z bm_fileio
2026-07-16T09:11:07.982028Z bm_float
2026-07-16T09:11:07.984722Z bm_fork
2026-07-16T09:11:07.984745Z bm_hash
2026-07-16T09:11:07.987789Z bm_json_loads
2026-07-16T09:11:07.987832Z bm_list
2026-07-16T09:11:07.987843Z bm_nbody
2026-07-16T09:11:07.990613Z bm_pidigits
2026-07-16T09:11:07.990638Z bm_regex
2026-07-16T09:11:07.990647Z bm_richards
2026-07-16T09:11:07.993521Z bm_sort
2026-07-16T09:11:07.993548Z bm_spectral_norm
2026-07-16T09:11:07.993557Z bm_string
2026-07-16T09:11:07.994648Z bm_thread
2026-07-16T09:11:08.002393Z __PERF_WORK_END_cpybench_verify-1-61420aee__
2026-07-16T09:11:08.006628Z __PERF_ACK_cpybench_verify-1-61420aee_WORK__
2026-07-16T09:11:08.440123Z [1m[33mMangoCore[0m:[1m[34m/persist/pyperf[0m# __PERF_END_cpybench_verify-1-61420aee__ rc=0
