2026-07-16T09:52:29.966788Z __PERF_BEGIN_cpybench_verify-1-1726de15__
2026-07-16T09:52:30.984619Z [1m[33mMangoCore[0m:[1m[34m/persist/pyperf[0m# __PERF_ACK_cpybench_verify-1-1726de15_TRACE_OFF__
2026-07-16T09:52:33.392018Z [1m[33mMangoCore[0m:[1m[34m/persist/pyperf[0m# __PERF_WORK_BEGIN_cpybench_verify-1-1726de15__
2026-07-16T09:52:33.517485Z bm_bytesio
2026-07-16T09:52:33.517512Z bm_chaos
2026-07-16T09:52:33.520396Z bm_decimal
2026-07-16T09:52:33.520409Z bm_dict
2026-07-16T09:52:33.520416Z bm_fileio
2026-07-16T09:52:33.520422Z bm_float
2026-07-16T09:52:33.523246Z bm_fork
2026-07-16T09:52:33.523254Z bm_hash
2026-07-16T09:52:33.526199Z bm_json_loads
2026-07-16T09:52:33.526212Z bm_list
2026-07-16T09:52:33.526218Z bm_nbody
2026-07-16T09:52:33.529107Z bm_pidigits
2026-07-16T09:52:33.529119Z bm_regex
2026-07-16T09:52:33.529125Z bm_richards
2026-07-16T09:52:33.532014Z bm_sort
2026-07-16T09:52:33.532029Z bm_spectral_norm
2026-07-16T09:52:33.532036Z bm_string
2026-07-16T09:52:33.533121Z bm_thread
2026-07-16T09:52:33.542271Z __PERF_WORK_END_cpybench_verify-1-1726de15__
2026-07-16T09:52:33.544870Z __PERF_ACK_cpybench_verify-1-1726de15_WORK__
2026-07-16T09:52:34.050803Z [1m[33mMangoCore[0m:[1m[34m/persist/pyperf[0m# __PERF_END_cpybench_verify-1-1726de15__ rc=0
