2026-07-16T09:59:53.782972Z __PERF_BEGIN_cpybench_verify-1-d4b778f7__
2026-07-16T09:59:54.819357Z [1m[33mMangoCore[0m:[1m[34m/persist/pyperf[0m# __PERF_ACK_cpybench_verify-1-d4b778f7_TRACE_OFF__
2026-07-16T09:59:57.222282Z [1m[33mMangoCore[0m:[1m[34m/persist/pyperf[0m# __PERF_WORK_BEGIN_cpybench_verify-1-d4b778f7__
2026-07-16T09:59:57.348685Z bm_bytesio
2026-07-16T09:59:57.348714Z bm_chaos
2026-07-16T09:59:57.351553Z bm_decimal
2026-07-16T09:59:57.351568Z bm_dict
2026-07-16T09:59:57.351576Z bm_fileio
2026-07-16T09:59:57.351582Z bm_float
2026-07-16T09:59:57.354452Z bm_fork
2026-07-16T09:59:57.354461Z bm_hash
2026-07-16T09:59:57.357404Z bm_json_loads
2026-07-16T09:59:57.357420Z bm_list
2026-07-16T09:59:57.357426Z bm_nbody
2026-07-16T09:59:57.360310Z bm_pidigits
2026-07-16T09:59:57.360323Z bm_regex
2026-07-16T09:59:57.360329Z bm_richards
2026-07-16T09:59:57.363218Z bm_sort
2026-07-16T09:59:57.363238Z bm_spectral_norm
2026-07-16T09:59:57.363245Z bm_string
2026-07-16T09:59:57.364299Z bm_thread
2026-07-16T09:59:57.372145Z __PERF_WORK_END_cpybench_verify-1-d4b778f7__
2026-07-16T09:59:57.376411Z __PERF_ACK_cpybench_verify-1-d4b778f7_WORK__
2026-07-16T09:59:57.880957Z [1m[33mMangoCore[0m:[1m[34m/persist/pyperf[0m# __PERF_END_cpybench_verify-1-d4b778f7__ rc=0
