2026-07-16T07:57:02.299935Z __PERF_BEGIN_cpybench_verify-1-b69548ce__
2026-07-16T07:57:03.238144Z [1m[33mMangoCore[0m:[1m[34m/scratch[0m# __PERF_ACK_cpybench_verify-1-b69548ce_TRACE_OFF__
2026-07-16T07:57:05.310309Z [1m[33mMangoCore[0m:[1m[34m/scratch[0m# __PERF_WORK_BEGIN_cpybench_verify-1-b69548ce__
2026-07-16T07:57:05.440007Z bm_bytesio
2026-07-16T07:57:05.440041Z bm_chaos
2026-07-16T07:57:05.442853Z bm_decimal
2026-07-16T07:57:05.442877Z bm_dict
2026-07-16T07:57:05.442887Z bm_fileio
2026-07-16T07:57:05.442895Z bm_float
2026-07-16T07:57:05.445718Z bm_fork
2026-07-16T07:57:05.445740Z bm_hash
2026-07-16T07:57:05.448668Z bm_json_loads
2026-07-16T07:57:05.448692Z bm_list
2026-07-16T07:57:05.448700Z bm_nbody
2026-07-16T07:57:05.451635Z bm_pidigits
2026-07-16T07:57:05.451682Z bm_regex
2026-07-16T07:57:05.451700Z bm_richards
2026-07-16T07:57:05.454549Z bm_sort
2026-07-16T07:57:05.454577Z bm_spectral_norm
2026-07-16T07:57:05.454587Z bm_string
2026-07-16T07:57:05.455485Z bm_thread
2026-07-16T07:57:05.463162Z __PERF_WORK_END_cpybench_verify-1-b69548ce__
2026-07-16T07:57:05.467387Z __PERF_ACK_cpybench_verify-1-b69548ce_WORK__
2026-07-16T07:57:05.904607Z [1m[33mMangoCore[0m:[1m[34m/scratch[0m# __PERF_END_cpybench_verify-1-b69548ce__ rc=0
