2026-07-16T08:29:39.588003Z __PERF_BEGIN_cpybench_verify-1-32525d75__
2026-07-16T08:29:40.494635Z [1m[33mMangoCore[0m:[1m[34m/persist/mangocore-perf[0m# __PERF_ACK_cpybench_verify-1-32525d75_TRACE_OFF__
2026-07-16T08:29:42.654331Z [1m[33mMangoCore[0m:[1m[34m/persist/mangocore-perf[0m# __PERF_WORK_BEGIN_cpybench_verify-1-32525d75__
2026-07-16T08:29:42.781353Z bm_bytesio
2026-07-16T08:29:42.781405Z bm_chaos
2026-07-16T08:29:42.784199Z bm_decimal
2026-07-16T08:29:42.784225Z bm_dict
2026-07-16T08:29:42.784237Z bm_fileio
2026-07-16T08:29:42.784244Z bm_float
2026-07-16T08:29:42.787117Z bm_fork
2026-07-16T08:29:42.787137Z bm_hash
2026-07-16T08:29:42.790101Z bm_json_loads
2026-07-16T08:29:42.790137Z bm_list
2026-07-16T08:29:42.790149Z bm_nbody
2026-07-16T08:29:42.793039Z bm_pidigits
2026-07-16T08:29:42.793060Z bm_regex
2026-07-16T08:29:42.793068Z bm_richards
2026-07-16T08:29:42.795971Z bm_sort
2026-07-16T08:29:42.796003Z bm_spectral_norm
2026-07-16T08:29:42.796013Z bm_string
2026-07-16T08:29:42.796912Z bm_thread
2026-07-16T08:29:42.804658Z __PERF_WORK_END_cpybench_verify-1-32525d75__
2026-07-16T08:29:42.808844Z __PERF_ACK_cpybench_verify-1-32525d75_WORK__
2026-07-16T08:29:43.242611Z [1m[33mMangoCore[0m:[1m[34m/persist/mangocore-perf[0m# __PERF_END_cpybench_verify-1-32525d75__ rc=0
