2026-07-16T09:23:03.295890Z __PERF_BEGIN_cpybench_verify-1-8802f65c__
2026-07-16T09:23:04.222401Z [1m[33mMangoCore[0m:[1m[34m/persist/pyperf[0m# __PERF_ACK_cpybench_verify-1-8802f65c_TRACE_OFF__
2026-07-16T09:23:06.339149Z [1m[33mMangoCore[0m:[1m[34m/persist/pyperf[0m# __PERF_WORK_BEGIN_cpybench_verify-1-8802f65c__
2026-07-16T09:23:06.468625Z bm_bytesio
2026-07-16T09:23:06.468656Z bm_chaos
2026-07-16T09:23:06.471387Z bm_decimal
2026-07-16T09:23:06.471398Z bm_dict
2026-07-16T09:23:06.471405Z bm_fileio
2026-07-16T09:23:06.471410Z bm_float
2026-07-16T09:23:06.474325Z bm_fork
2026-07-16T09:23:06.474342Z bm_hash
2026-07-16T09:23:06.477284Z bm_json_loads
2026-07-16T09:23:06.477299Z bm_list
2026-07-16T09:23:06.477306Z bm_nbody
2026-07-16T09:23:06.480190Z bm_pidigits
2026-07-16T09:23:06.480205Z bm_regex
2026-07-16T09:23:06.480212Z bm_richards
2026-07-16T09:23:06.483100Z bm_sort
2026-07-16T09:23:06.483113Z bm_spectral_norm
2026-07-16T09:23:06.483120Z bm_string
2026-07-16T09:23:06.484177Z bm_thread
2026-07-16T09:23:06.492202Z __PERF_WORK_END_cpybench_verify-1-8802f65c__
2026-07-16T09:23:06.496490Z __PERF_ACK_cpybench_verify-1-8802f65c_WORK__
2026-07-16T09:23:06.935134Z [1m[33mMangoCore[0m:[1m[34m/persist/pyperf[0m# __PERF_END_cpybench_verify-1-8802f65c__ rc=0
