2026-07-16T08:17:43.757816Z __PERF_BEGIN_cpybench_verify-1-a4fea543__
2026-07-16T08:17:44.657943Z [1m[33mMangoCore[0m:[1m[34m/scratch[0m# __PERF_ACK_cpybench_verify-1-a4fea543_TRACE_OFF__
2026-07-16T08:17:46.730407Z [1m[33mMangoCore[0m:[1m[34m/scratch[0m# __PERF_WORK_BEGIN_cpybench_verify-1-a4fea543__
2026-07-16T08:17:46.860459Z bm_bytesio
2026-07-16T08:17:46.860496Z bm_chaos
2026-07-16T08:17:46.863334Z bm_decimal
2026-07-16T08:17:46.863349Z bm_dict
2026-07-16T08:17:46.863358Z bm_fileio
2026-07-16T08:17:46.863366Z bm_float
2026-07-16T08:17:46.866230Z bm_fork
2026-07-16T08:17:46.866262Z bm_hash
2026-07-16T08:17:46.869154Z bm_json_loads
2026-07-16T08:17:46.869173Z bm_list
2026-07-16T08:17:46.869183Z bm_nbody
2026-07-16T08:17:46.872192Z bm_pidigits
2026-07-16T08:17:46.872224Z bm_regex
2026-07-16T08:17:46.872234Z bm_richards
2026-07-16T08:17:46.875059Z bm_sort
2026-07-16T08:17:46.875106Z bm_spectral_norm
2026-07-16T08:17:46.875117Z bm_string
2026-07-16T08:17:46.876024Z bm_thread
2026-07-16T08:17:46.883713Z __PERF_WORK_END_cpybench_verify-1-a4fea543__
2026-07-16T08:17:46.887951Z __PERF_ACK_cpybench_verify-1-a4fea543_WORK__
2026-07-16T08:17:47.323234Z [1m[33mMangoCore[0m:[1m[34m/scratch[0m# __PERF_END_cpybench_verify-1-a4fea543__ rc=0
