2026-07-16T09:33:40.237926Z __PERF_BEGIN_cpybench_verify-1-0039259c__
2026-07-16T09:33:41.275343Z [1m[33mMangoCore[0m:[1m[34m/persist/pyperf[0m# __PERF_ACK_cpybench_verify-1-0039259c_TRACE_OFF__
2026-07-16T09:33:43.683195Z [1m[33mMangoCore[0m:[1m[34m/persist/pyperf[0m# __PERF_WORK_BEGIN_cpybench_verify-1-0039259c__
2026-07-16T09:33:43.808608Z bm_bytesio
2026-07-16T09:33:43.808636Z bm_chaos
2026-07-16T09:33:43.811452Z bm_decimal
2026-07-16T09:33:43.811460Z bm_dict
2026-07-16T09:33:43.811466Z bm_fileio
2026-07-16T09:33:43.811476Z bm_float
2026-07-16T09:33:43.814368Z bm_fork
2026-07-16T09:33:43.814376Z bm_hash
2026-07-16T09:33:43.817329Z bm_json_loads
2026-07-16T09:33:43.817357Z bm_list
2026-07-16T09:33:43.817365Z bm_nbody
2026-07-16T09:33:43.820242Z bm_pidigits
2026-07-16T09:33:43.820262Z bm_regex
2026-07-16T09:33:43.820270Z bm_richards
2026-07-16T09:33:43.823128Z bm_sort
2026-07-16T09:33:43.823145Z bm_spectral_norm
2026-07-16T09:33:43.823151Z bm_string
2026-07-16T09:33:43.824144Z bm_thread
2026-07-16T09:33:43.833279Z __PERF_WORK_END_cpybench_verify-1-0039259c__
2026-07-16T09:33:43.835910Z __PERF_ACK_cpybench_verify-1-0039259c_WORK__
2026-07-16T09:33:44.341998Z [1m[33mMangoCore[0m:[1m[34m/persist/pyperf[0m# __PERF_END_cpybench_verify-1-0039259c__ rc=0
