2026-07-16T08:24:44.412821Z __PERF_BEGIN_float_body_core-1-e2a17327__
2026-07-16T08:24:45.320199Z [1m[33mMangoCore[0m:[1m[34m/scratch/mangocore-cpython-bench-suite[0m# __PERF_ACK_float_body_core-1-e2a17327_TRACE_OFF__
2026-07-16T08:24:45.932665Z [1m[33mMangoCore[0m:[1m[34m/scratch/mangocore-cpython-bench-suite[0m# __PERF_ACK_float_body_core-1-e2a17327_STATS_OFF__
2026-07-16T08:24:46.544712Z [1m[33mMangoCore[0m:[1m[34m/scratch/mangocore-cpython-bench-suite[0m# __PERF_ACK_float_body_core-1-e2a17327_PROFILE__
2026-07-16T08:24:47.113541Z [1m[33mMangoCore[0m:[1m[34m/scratch/mangocore-cpython-bench-suite[0m# __PERF_ACK_float_body_core-1-e2a17327_RESET__
2026-07-16T08:24:47.793092Z [1m[33mMangoCore[0m:[1m[34m/scratch/mangocore-cpython-bench-suite[0m# __PERF_STATS_BEFORE_BOOT__
2026-07-16T08:24:47.826860Z clock_freq_hz=100000000
2026-07-16T08:24:47.829664Z boot_console_ticks=40512876605
2026-07-16T08:24:47.832413Z boot_mm_ticks=40540008020
2026-07-16T08:24:47.835234Z boot_drivers_ticks=40540414347
2026-07-16T08:24:47.837993Z boot_net_ticks=40551042959
2026-07-16T08:24:47.840754Z boot_fs_ticks=40563162554
2026-07-16T08:24:47.843487Z boot_initproc_ticks=40565364819
2026-07-16T08:24:47.844881Z boot_scheduler_ticks=40565364823
2026-07-16T08:24:47.849750Z __PERF_STATS_BEFORE_BOOT_END__
2026-07-16T08:24:48.544490Z [1m[33mMangoCore[0m:[1m[34m/scratch/mangocore-cpython-bench-suite[0m# __PERF_STATS_BEFORE_TASKQ__
2026-07-16T08:24:48.578032Z ready_len_max=0
2026-07-16T08:24:48.580831Z interruptible_len_max=0
2026-07-16T08:24:48.580856Z ready_zombie_max=0
2026-07-16T08:24:48.583516Z interruptible_zombie_max=0
2026-07-16T08:24:48.586284Z dup_enqueue_total=0
2026-07-16T08:24:48.589084Z add_ready_total=0
2026-07-16T08:24:48.589097Z add_interruptible_total=0
2026-07-16T08:24:48.591978Z wake_interruptible_total=0
2026-07-16T08:24:48.594652Z fair_pick_calls=0
2026-07-16T08:24:48.594663Z fast_path_calls=0
2026-07-16T08:24:48.597521Z fair_scan_max=0
2026-07-16T08:24:48.600322Z zombie_drain_scan_total=0
2026-07-16T08:24:48.603057Z zombie_drain_calls=0
2026-07-16T08:24:48.603107Z zombie_drain_removed=0
2026-07-16T08:24:48.604882Z ready_nonzero_nice_cur=0
2026-07-16T08:24:48.609739Z __PERF_STATS_BEFORE_TASKQ_END__
2026-07-16T08:24:49.305837Z [1m[33mMangoCore[0m:[1m[34m/scratch/mangocore-cpython-bench-suite[0m# __PERF_STATS_BEFORE_TIMER__
2026-07-16T08:24:49.339639Z ktimer_len_max=0
2026-07-16T08:24:49.342324Z ktimer_add_total=0
2026-07-16T08:24:49.342350Z ktimer_pop_max=0
2026-07-16T08:24:49.345138Z ktimer_pop_total=0
2026-07-16T08:24:49.347845Z ktimer_stale_waketask=0
2026-07-16T08:24:49.347863Z ktimer_real_wake=0
2026-07-16T08:24:49.350584Z ktimer_compact_calls=0
2026-07-16T08:24:49.353424Z ktimer_stale_removed=0
2026-07-16T08:24:49.356202Z wait_with_timeout_total=0
2026-07-16T08:24:49.356221Z timer_irq_ticks_total=0
2026-07-16T08:24:49.358993Z timer_irq_ticks_max=0
2026-07-16T08:24:49.361723Z timer_pop_nodes_total=0
2026-07-16T08:24:49.364528Z timer_pop_ticks_total=0
2026-07-16T08:24:49.364550Z timer_pop_ticks_max=0
2026-07-16T08:24:49.369299Z __PERF_STATS_BEFORE_TIMER_END__
2026-07-16T08:24:50.108176Z [1m[33mMangoCore[0m:[1m[34m/scratch/mangocore-cpython-bench-suite[0m# __PERF_STATS_BEFORE_SECCOMP__
2026-07-16T08:24:50.141929Z seccomp_check_calls=0
2026-07-16T08:24:50.144640Z seccomp_check_ticks_total=0
2026-07-16T08:24:50.147497Z seccomp_check_ticks_max=0
2026-07-16T08:24:50.148542Z seccomp_disabled_bypass=0
2026-07-16T08:24:50.153476Z __PERF_STATS_BEFORE_SECCOMP_END__
2026-07-16T08:24:50.886287Z [1m[33mMangoCore[0m:[1m[34m/scratch/mangocore-cpython-bench-suite[0m# __PERF_STATS_BEFORE_SYSCALL__
2026-07-16T08:24:50.919953Z syscall_total=0
2026-07-16T08:24:50.922757Z syscall_getppid_total=0
2026-07-16T08:24:50.925458Z syscall_cost_max_ticks=0
2026-07-16T08:24:50.925480Z syscall_cost_ticks_total=0
2026-07-16T08:24:50.928305Z getppid_cost_ticks_total=0
2026-07-16T08:24:50.930994Z getppid_cost_ticks_max=0
2026-07-16T08:24:50.933789Z ecall_trap_cost_ticks_total=0
2026-07-16T08:24:50.936583Z ecall_trap_cost_ticks_max=0
2026-07-16T08:24:50.939401Z user_unaligned_traps=0
2026-07-16T08:24:50.942250Z user_unaligned_ticks_total=0
2026-07-16T08:24:50.942725Z user_unaligned_ticks_max=0
2026-07-16T08:24:50.947703Z __PERF_STATS_BEFORE_SYSCALL_END__
2026-07-16T08:24:51.644422Z [1m[33mMangoCore[0m:[1m[34m/scratch/mangocore-cpython-bench-suite[0m# __PERF_STATS_BEFORE_CTXSW__
2026-07-16T08:24:51.678830Z context_switch_total=0
2026-07-16T08:24:51.683364Z __PERF_STATS_BEFORE_CTXSW_END__
2026-07-16T08:24:52.289557Z [1m[33mMangoCore[0m:[1m[34m/scratch/mangocore-cpython-bench-suite[0m# __PERF_ACK_float_body_core-1-e2a17327_STATS_ON__
2026-07-16T08:24:54.883647Z [1m[33mMangoCore[0m:[1m[34m/scratch/mangocore-cpython-bench-suite[0m# __PERF_WORK_BEGIN_float_body_core-1-e2a17327__
2026-07-16T08:24:55.271278Z [CPYTHON BENCH START] bm_float tmp=/scratch/cpython-bench/run-276
2026-07-16T08:25:21.017377Z CPYTHON_BENCH_JSON {"machine":"la64","perf_counter_monotonic":true,"perf_counter_resolution_seconds":1e-08,"pycache_prefix":"","pyperformance_revision":"216cbeb5f828b8ee5864f9bb52f3563d2d1a4846","python_executable":"/tools/tests/cpython/usr/bin/python3","python_version":"3.14.5 (main, Jun 20 2026, 00:29:39) [GCC 15.2.0]","runs":1,"schema":1,"source_repository":"Mango-Iced-Americano/cpython-tests","source_revision":"c50669c2b59a7d6d979fb12aea42c1b508ed3765","suite_sha256":"e45f6e332e3d34ddde2f574a8890e6e8eae38c3feebf51f4a114a1c45a69f184","target_stats":true,"tmpdir":"/scratch/cpython-bench/run-276/tmp","type":"environment","warmups":0}
2026-07-16T08:25:21.025200Z CPYTHON_BENCH_JSON {"benchmark":"bm_float","schema":1,"type":"start"}
2026-07-16T08:26:32.819726Z CPYTHON_BENCH_JSON {"benchmark":"bm_float","elapsed_ns":71614633560,"elapsed_seconds":71.61463356,"max_rss":16720,"result":"9559531.70473361","sample":1,"schema":1,"sys_seconds":49.684270999999995,"type":"sample","user_seconds":21.818709999999996}
2026-07-16T08:26:32.841176Z CPYTHON_BENCH_JSON {"benchmark":"bm_float","cv_percent":0.0,"max_ns":71614633560,"mean_ns":71614633560,"median_ns":71614633560,"min_ns":71614633560,"samples":1,"schema":1,"status":"pass","type":"summary","warmups":0}
2026-07-16T08:26:32.851940Z CPYTHON_BENCH_JSON {"benchmarks":1,"failed":0,"passed":1,"schema":1,"status":"pass","type":"suite_summary"}
2026-07-16T08:26:33.179748Z [CPYTHON BENCH END] bm_float PASS rc=0
2026-07-16T08:26:33.290298Z __PERF_WORK_END_float_body_core-1-e2a17327__
2026-07-16T08:26:33.294549Z __PERF_ACK_float_body_core-1-e2a17327_WORK__
2026-07-16T08:26:33.910679Z [1m[33mMangoCore[0m:[1m[34m/scratch/mangocore-cpython-bench-suite[0m# __PERF_ACK_float_body_core-1-e2a17327_STATS_DONE__
2026-07-16T08:26:34.575948Z [1m[33mMangoCore[0m:[1m[34m/scratch/mangocore-cpython-bench-suite[0m# __PERF_STATS_AFTER_BOOT__
2026-07-16T08:26:34.609216Z clock_freq_hz=100000000
2026-07-16T08:26:34.612038Z boot_console_ticks=40512876605
2026-07-16T08:26:34.614718Z boot_mm_ticks=40540008020
2026-07-16T08:26:34.617511Z boot_drivers_ticks=40540414347
2026-07-16T08:26:34.620343Z boot_net_ticks=40551042959
2026-07-16T08:26:34.623152Z boot_fs_ticks=40563162554
2026-07-16T08:26:34.625897Z boot_initproc_ticks=40565364819
2026-07-16T08:26:34.627314Z boot_scheduler_ticks=40565364823
2026-07-16T08:26:34.631956Z __PERF_STATS_AFTER_BOOT_END__
2026-07-16T08:26:35.315586Z [1m[33mMangoCore[0m:[1m[34m/scratch/mangocore-cpython-bench-suite[0m# __PERF_STATS_AFTER_TASKQ__
2026-07-16T08:26:35.349216Z ready_len_max=2
2026-07-16T08:26:35.351926Z interruptible_len_max=5
2026-07-16T08:26:35.351949Z ready_zombie_max=0
2026-07-16T08:26:35.354747Z interruptible_zombie_max=0
2026-07-16T08:26:35.357455Z dup_enqueue_total=0
2026-07-16T08:26:35.360194Z add_ready_total=7305
2026-07-16T08:26:35.363101Z add_interruptible_total=72
2026-07-16T08:26:35.363128Z wake_interruptible_total=72
2026-07-16T08:26:35.365768Z fair_pick_calls=0
2026-07-16T08:26:35.368556Z fast_path_calls=7305
2026-07-16T08:26:35.368581Z fair_scan_max=0
2026-07-16T08:26:35.371389Z zombie_drain_scan_total=0
2026-07-16T08:26:35.374124Z zombie_drain_calls=0
2026-07-16T08:26:35.376842Z zombie_drain_removed=0
2026-07-16T08:26:35.376873Z ready_nonzero_nice_cur=0
2026-07-16T08:26:35.381219Z __PERF_STATS_AFTER_TASKQ_END__
2026-07-16T08:26:36.065129Z [1m[33mMangoCore[0m:[1m[34m/scratch/mangocore-cpython-bench-suite[0m# __PERF_STATS_AFTER_TIMER__
2026-07-16T08:26:36.098464Z ktimer_len_max=1
2026-07-16T08:26:36.101087Z ktimer_add_total=72
2026-07-16T08:26:36.101113Z ktimer_pop_max=1
2026-07-16T08:26:36.103945Z ktimer_pop_total=7233
2026-07-16T08:26:36.106672Z ktimer_stale_waketask=0
2026-07-16T08:26:36.106696Z ktimer_real_wake=72
2026-07-16T08:26:36.109490Z ktimer_compact_calls=0
2026-07-16T08:26:36.112318Z ktimer_stale_removed=0
2026-07-16T08:26:36.115085Z wait_with_timeout_total=72
2026-07-16T08:26:36.117869Z timer_irq_ticks_total=17204226
2026-07-16T08:26:36.120585Z timer_irq_ticks_max=18580
2026-07-16T08:26:36.120613Z timer_pop_nodes_total=72
2026-07-16T08:26:36.123377Z timer_pop_ticks_total=581153
2026-07-16T08:26:36.125510Z timer_pop_ticks_max=243
2026-07-16T08:26:36.130047Z __PERF_STATS_AFTER_TIMER_END__
2026-07-16T08:26:36.854744Z [1m[33mMangoCore[0m:[1m[34m/scratch/mangocore-cpython-bench-suite[0m# __PERF_STATS_AFTER_SECCOMP__
2026-07-16T08:26:36.888318Z seccomp_check_calls=0
2026-07-16T08:26:36.891026Z seccomp_check_ticks_total=0
2026-07-16T08:26:36.893764Z seccomp_check_ticks_max=0
2026-07-16T08:26:36.894827Z seccomp_disabled_bypass=0
2026-07-16T08:26:36.899715Z __PERF_STATS_AFTER_SECCOMP_END__
2026-07-16T08:26:37.623723Z [1m[33mMangoCore[0m:[1m[34m/scratch/mangocore-cpython-bench-suite[0m# __PERF_STATS_AFTER_SYSCALL__
2026-07-16T08:26:37.657143Z syscall_total=156
2026-07-16T08:26:37.659828Z syscall_getppid_total=0
2026-07-16T08:26:37.662628Z syscall_cost_max_ticks=226062735924
2026-07-16T08:26:37.665434Z syscall_cost_ticks_total=233262868505
2026-07-16T08:26:37.668310Z getppid_cost_ticks_total=0
2026-07-16T08:26:37.670996Z getppid_cost_ticks_max=0
2026-07-16T08:26:37.673804Z ecall_trap_cost_ticks_total=233262900795
2026-07-16T08:26:37.676571Z ecall_trap_cost_ticks_max=226062736118
2026-07-16T08:26:37.679412Z user_unaligned_traps=3000039
2026-07-16T08:26:37.684859Z user_unaligned_ticks_total=4714923728
2026-07-16T08:26:37.685438Z user_unaligned_ticks_max=4036
2026-07-16T08:26:37.690379Z __PERF_STATS_AFTER_SYSCALL_END__
2026-07-16T08:26:38.377446Z [1m[33mMangoCore[0m:[1m[34m/scratch/mangocore-cpython-bench-suite[0m# __PERF_STATS_AFTER_CTXSW__
2026-07-16T08:26:38.410622Z context_switch_total=14610
2026-07-16T08:26:38.414956Z __PERF_STATS_AFTER_CTXSW_END__
2026-07-16T08:26:38.852682Z [1m[33mMangoCore[0m:[1m[34m/scratch/mangocore-cpython-bench-suite[0m# __PERF_END_float_body_core-1-e2a17327__ rc=0
