2026-07-16T08:18:09.542070Z __PERF_BEGIN_nbody_body_core-1-811202c0__
2026-07-16T08:18:10.443273Z [1m[33mMangoCore[0m:[1m[34m/scratch[0m# __PERF_ACK_nbody_body_core-1-811202c0_TRACE_OFF__
2026-07-16T08:18:11.052849Z [1m[33mMangoCore[0m:[1m[34m/scratch[0m# __PERF_ACK_nbody_body_core-1-811202c0_STATS_OFF__
2026-07-16T08:18:11.660969Z [1m[33mMangoCore[0m:[1m[34m/scratch[0m# __PERF_ACK_nbody_body_core-1-811202c0_PROFILE__
2026-07-16T08:18:12.222131Z [1m[33mMangoCore[0m:[1m[34m/scratch[0m# __PERF_ACK_nbody_body_core-1-811202c0_RESET__
2026-07-16T08:18:12.899031Z [1m[33mMangoCore[0m:[1m[34m/scratch[0m# __PERF_STATS_BEFORE_BOOT__
2026-07-16T08:18:12.932260Z clock_freq_hz=100000000
2026-07-16T08:18:12.935022Z boot_console_ticks=40512876605
2026-07-16T08:18:12.937836Z boot_mm_ticks=40540008020
2026-07-16T08:18:12.940547Z boot_drivers_ticks=40540414347
2026-07-16T08:18:12.943356Z boot_net_ticks=40551042959
2026-07-16T08:18:12.946201Z boot_fs_ticks=40563162554
2026-07-16T08:18:12.948911Z boot_initproc_ticks=40565364819
2026-07-16T08:18:12.950469Z boot_scheduler_ticks=40565364823
2026-07-16T08:18:12.954885Z __PERF_STATS_BEFORE_BOOT_END__
2026-07-16T08:18:13.648150Z [1m[33mMangoCore[0m:[1m[34m/scratch[0m# __PERF_STATS_BEFORE_TASKQ__
2026-07-16T08:18:13.681596Z ready_len_max=0
2026-07-16T08:18:13.684218Z interruptible_len_max=0
2026-07-16T08:18:13.684252Z ready_zombie_max=0
2026-07-16T08:18:13.687076Z interruptible_zombie_max=0
2026-07-16T08:18:13.689767Z dup_enqueue_total=0
2026-07-16T08:18:13.692539Z add_ready_total=0
2026-07-16T08:18:13.692561Z add_interruptible_total=0
2026-07-16T08:18:13.695396Z wake_interruptible_total=0
2026-07-16T08:18:13.698187Z fair_pick_calls=0
2026-07-16T08:18:13.698208Z fast_path_calls=0
2026-07-16T08:18:13.700924Z fair_scan_max=0
2026-07-16T08:18:13.703686Z zombie_drain_scan_total=0
2026-07-16T08:18:13.706589Z zombie_drain_calls=0
2026-07-16T08:18:13.706664Z zombie_drain_removed=0
2026-07-16T08:18:13.708477Z ready_nonzero_nice_cur=0
2026-07-16T08:18:13.713141Z __PERF_STATS_BEFORE_TASKQ_END__
2026-07-16T08:18:14.409611Z [1m[33mMangoCore[0m:[1m[34m/scratch[0m# __PERF_STATS_BEFORE_TIMER__
2026-07-16T08:18:14.443215Z ktimer_len_max=0
2026-07-16T08:18:14.446079Z ktimer_add_total=0
2026-07-16T08:18:14.446108Z ktimer_pop_max=0
2026-07-16T08:18:14.448819Z ktimer_pop_total=0
2026-07-16T08:18:14.451504Z ktimer_stale_waketask=0
2026-07-16T08:18:14.451523Z ktimer_real_wake=0
2026-07-16T08:18:14.454366Z ktimer_compact_calls=0
2026-07-16T08:18:14.457227Z ktimer_stale_removed=0
2026-07-16T08:18:14.459861Z wait_with_timeout_total=0
2026-07-16T08:18:14.459875Z timer_irq_ticks_total=0
2026-07-16T08:18:14.462754Z timer_irq_ticks_max=0
2026-07-16T08:18:14.465470Z timer_pop_nodes_total=0
2026-07-16T08:18:14.468198Z timer_pop_ticks_total=0
2026-07-16T08:18:14.468224Z timer_pop_ticks_max=0
2026-07-16T08:18:14.473139Z __PERF_STATS_BEFORE_TIMER_END__
2026-07-16T08:18:15.205907Z [1m[33mMangoCore[0m:[1m[34m/scratch[0m# __PERF_STATS_BEFORE_SECCOMP__
2026-07-16T08:18:15.239425Z seccomp_check_calls=0
2026-07-16T08:18:15.242191Z seccomp_check_ticks_total=0
2026-07-16T08:18:15.245054Z seccomp_check_ticks_max=0
2026-07-16T08:18:15.246068Z seccomp_disabled_bypass=0
2026-07-16T08:18:15.250757Z __PERF_STATS_BEFORE_SECCOMP_END__
2026-07-16T08:18:15.981238Z [1m[33mMangoCore[0m:[1m[34m/scratch[0m# __PERF_STATS_BEFORE_SYSCALL__
2026-07-16T08:18:16.014800Z syscall_total=0
2026-07-16T08:18:16.017502Z syscall_getppid_total=0
2026-07-16T08:18:16.020254Z syscall_cost_max_ticks=0
2026-07-16T08:18:16.020278Z syscall_cost_ticks_total=0
2026-07-16T08:18:16.023102Z getppid_cost_ticks_total=0
2026-07-16T08:18:16.025814Z getppid_cost_ticks_max=0
2026-07-16T08:18:16.028578Z ecall_trap_cost_ticks_total=0
2026-07-16T08:18:16.031360Z ecall_trap_cost_ticks_max=0
2026-07-16T08:18:16.034265Z user_unaligned_traps=0
2026-07-16T08:18:16.037053Z user_unaligned_ticks_total=0
2026-07-16T08:18:16.037521Z user_unaligned_ticks_max=0
2026-07-16T08:18:16.042404Z __PERF_STATS_BEFORE_SYSCALL_END__
2026-07-16T08:18:16.743746Z [1m[33mMangoCore[0m:[1m[34m/scratch[0m# __PERF_STATS_BEFORE_CTXSW__
2026-07-16T08:18:16.776637Z context_switch_total=0
2026-07-16T08:18:16.781254Z __PERF_STATS_BEFORE_CTXSW_END__
2026-07-16T08:18:17.387763Z [1m[33mMangoCore[0m:[1m[34m/scratch[0m# __PERF_ACK_nbody_body_core-1-811202c0_STATS_ON__
2026-07-16T08:18:19.994298Z [1m[33mMangoCore[0m:[1m[34m/scratch[0m# __PERF_WORK_BEGIN_nbody_body_core-1-811202c0__
2026-07-16T08:18:20.377702Z [CPYTHON BENCH START] bm_nbody tmp=/scratch/cpython-bench/run-210
2026-07-16T08:18:46.087373Z CPYTHON_BENCH_JSON {"machine":"la64","perf_counter_monotonic":true,"perf_counter_resolution_seconds":1e-08,"pycache_prefix":"","pyperformance_revision":"216cbeb5f828b8ee5864f9bb52f3563d2d1a4846","python_executable":"/tools/tests/cpython/usr/bin/python3","python_version":"3.14.5 (main, Jun 20 2026, 00:29:39) [GCC 15.2.0]","runs":1,"schema":1,"source_repository":"Mango-Iced-Americano/cpython-tests","source_revision":"c50669c2b59a7d6d979fb12aea42c1b508ed3765","suite_sha256":"e45f6e332e3d34ddde2f574a8890e6e8eae38c3feebf51f4a114a1c45a69f184","target_stats":true,"tmpdir":"/scratch/cpython-bench/run-210/tmp","type":"environment","warmups":0}
2026-07-16T08:18:46.095087Z CPYTHON_BENCH_JSON {"benchmark":"bm_nbody","schema":1,"type":"start"}
2026-07-16T08:18:54.873938Z CPYTHON_BENCH_JSON {"benchmark":"bm_nbody","elapsed_ns":8539355740,"elapsed_seconds":8.53935574,"max_rss":16716,"result":"-0.169078070659","sample":1,"schema":1,"sys_seconds":0.02581799999999923,"type":"sample","user_seconds":8.503721999999998}
2026-07-16T08:18:54.894619Z CPYTHON_BENCH_JSON {"benchmark":"bm_nbody","cv_percent":0.0,"max_ns":8539355740,"mean_ns":8539355740,"median_ns":8539355740,"min_ns":8539355740,"samples":1,"schema":1,"status":"pass","type":"summary","warmups":0}
2026-07-16T08:18:54.905459Z CPYTHON_BENCH_JSON {"benchmarks":1,"failed":0,"passed":1,"schema":1,"status":"pass","type":"suite_summary"}
2026-07-16T08:18:55.221138Z [CPYTHON BENCH END] bm_nbody PASS rc=0
2026-07-16T08:18:55.328699Z __PERF_WORK_END_nbody_body_core-1-811202c0__
2026-07-16T08:18:55.331210Z __PERF_ACK_nbody_body_core-1-811202c0_WORK__
2026-07-16T08:18:55.949206Z [1m[33mMangoCore[0m:[1m[34m/scratch/mangocore-cpython-bench-suite[0m# __PERF_ACK_nbody_body_core-1-811202c0_STATS_DONE__
2026-07-16T08:18:56.618160Z [1m[33mMangoCore[0m:[1m[34m/scratch/mangocore-cpython-bench-suite[0m# __PERF_STATS_AFTER_BOOT__
2026-07-16T08:18:56.652178Z clock_freq_hz=100000000
2026-07-16T08:18:56.654937Z boot_console_ticks=40512876605
2026-07-16T08:18:56.657595Z boot_mm_ticks=40540008020
2026-07-16T08:18:56.660381Z boot_drivers_ticks=40540414347
2026-07-16T08:18:56.663198Z boot_net_ticks=40551042959
2026-07-16T08:18:56.665958Z boot_fs_ticks=40563162554
2026-07-16T08:18:56.668830Z boot_initproc_ticks=40565364819
2026-07-16T08:18:56.670171Z boot_scheduler_ticks=40565364823
2026-07-16T08:18:56.674875Z __PERF_STATS_AFTER_BOOT_END__
2026-07-16T08:18:57.359754Z [1m[33mMangoCore[0m:[1m[34m/scratch/mangocore-cpython-bench-suite[0m# __PERF_STATS_AFTER_TASKQ__
2026-07-16T08:18:57.393321Z ready_len_max=2
2026-07-16T08:18:57.396080Z interruptible_len_max=5
2026-07-16T08:18:57.396106Z ready_zombie_max=0
2026-07-16T08:18:57.398800Z interruptible_zombie_max=0
2026-07-16T08:18:57.401539Z dup_enqueue_total=0
2026-07-16T08:18:57.404401Z add_ready_total=872
2026-07-16T08:18:57.404416Z add_interruptible_total=9
2026-07-16T08:18:57.407146Z wake_interruptible_total=9
2026-07-16T08:18:57.409884Z fair_pick_calls=0
2026-07-16T08:18:57.412662Z fast_path_calls=872
2026-07-16T08:18:57.412676Z fair_scan_max=0
2026-07-16T08:18:57.415592Z zombie_drain_scan_total=0
2026-07-16T08:18:57.418360Z zombie_drain_calls=0
2026-07-16T08:18:57.418390Z zombie_drain_removed=0
2026-07-16T08:18:57.420587Z ready_nonzero_nice_cur=0
2026-07-16T08:18:57.424971Z __PERF_STATS_AFTER_TASKQ_END__
2026-07-16T08:18:58.112532Z [1m[33mMangoCore[0m:[1m[34m/scratch/mangocore-cpython-bench-suite[0m# __PERF_STATS_AFTER_TIMER__
2026-07-16T08:18:58.146174Z ktimer_len_max=1
2026-07-16T08:18:58.148958Z ktimer_add_total=9
2026-07-16T08:18:58.148990Z ktimer_pop_max=1
2026-07-16T08:18:58.151717Z ktimer_pop_total=863
2026-07-16T08:18:58.154501Z ktimer_stale_waketask=0
2026-07-16T08:18:58.154522Z ktimer_real_wake=9
2026-07-16T08:18:58.157354Z ktimer_compact_calls=0
2026-07-16T08:18:58.160044Z ktimer_stale_removed=0
2026-07-16T08:18:58.162837Z wait_with_timeout_total=9
2026-07-16T08:18:58.165624Z timer_irq_ticks_total=1948027
2026-07-16T08:18:58.165643Z timer_irq_ticks_max=18371
2026-07-16T08:18:58.168439Z timer_pop_nodes_total=9
2026-07-16T08:18:58.171225Z timer_pop_ticks_total=72844
2026-07-16T08:18:58.172715Z timer_pop_ticks_max=253
2026-07-16T08:18:58.177252Z __PERF_STATS_AFTER_TIMER_END__
2026-07-16T08:18:58.899247Z [1m[33mMangoCore[0m:[1m[34m/scratch/mangocore-cpython-bench-suite[0m# __PERF_STATS_AFTER_SECCOMP__
2026-07-16T08:18:58.932919Z seccomp_check_calls=0
2026-07-16T08:18:58.935647Z seccomp_check_ticks_total=0
2026-07-16T08:18:58.938417Z seccomp_check_ticks_max=0
2026-07-16T08:18:58.939583Z seccomp_disabled_bypass=0
2026-07-16T08:18:58.944408Z __PERF_STATS_AFTER_SECCOMP_END__
2026-07-16T08:18:59.665128Z [1m[33mMangoCore[0m:[1m[34m/scratch/mangocore-cpython-bench-suite[0m# __PERF_STATS_AFTER_SYSCALL__
2026-07-16T08:18:59.698785Z syscall_total=30
2026-07-16T08:18:59.701526Z syscall_getppid_total=0
2026-07-16T08:18:59.704300Z syscall_cost_max_ticks=186575522957
2026-07-16T08:18:59.707116Z syscall_cost_ticks_total=187475617485
2026-07-16T08:18:59.709826Z getppid_cost_ticks_total=0
2026-07-16T08:18:59.712684Z getppid_cost_ticks_max=0
2026-07-16T08:18:59.715447Z ecall_trap_cost_ticks_total=187475624581
2026-07-16T08:18:59.718291Z ecall_trap_cost_ticks_max=186575523135
2026-07-16T08:18:59.721081Z user_unaligned_traps=39
2026-07-16T08:18:59.723816Z user_unaligned_ticks_total=62820
2026-07-16T08:18:59.726334Z user_unaligned_ticks_max=4021
2026-07-16T08:18:59.731042Z __PERF_STATS_AFTER_SYSCALL_END__
2026-07-16T08:19:00.413601Z [1m[33mMangoCore[0m:[1m[34m/scratch/mangocore-cpython-bench-suite[0m# __PERF_STATS_AFTER_CTXSW__
2026-07-16T08:19:00.447279Z context_switch_total=1744
2026-07-16T08:19:00.451534Z __PERF_STATS_AFTER_CTXSW_END__
2026-07-16T08:19:00.887708Z [1m[33mMangoCore[0m:[1m[34m/scratch/mangocore-cpython-bench-suite[0m# __PERF_END_nbody_body_core-1-811202c0__ rc=0
