[conf-inject] done
info: override toolchain for '/app/os' set to 'nightly-2025-01-18-x86_64-unknown-linux-gnu'

OpenSBI v1.5.1
   ____                    _____ ____ _____
  / __ \                  / ____|  _ \_   _|
 | |  | |_ __   ___ _ __ | (___ | |_) || |
 | |  | | '_ \ / _ \ '_ \ \___ \|  _ < | |
 | |__| | |_) |  __/ | | |____) | |_) || |_
  \____/| .__/ \___|_| |_|_____/|____/_____|
        | |
        |_|

Platform Name             : riscv-virtio,qemu
Platform Features         : medeleg
Platform HART Count       : 1
Platform IPI Device       : aclint-mswi
Platform Timer Device     : aclint-mtimer @ 10000000Hz
Platform Console Device   : uart8250
Platform HSM Device       : ---
Platform PMU Device       : ---
Platform Reboot Device    : syscon-reboot
Platform Shutdown Device  : syscon-poweroff
Platform Suspend Device   : ---
Platform CPPC Device      : ---
Firmware Base             : 0x80000000
Firmware Size             : 327 KB
Firmware RW Offset        : 0x40000
Firmware RW Size          : 71 KB
Firmware Heap Offset      : 0x49000
Firmware Heap Size        : 35 KB (total), 2 KB (reserved), 11 KB (used), 21 KB (free)
Firmware Scratch Size     : 4096 B (total), 416 B (used), 3680 B (free)
Runtime SBI Version       : 2.0

Domain0 Name              : root
Domain0 Boot HART         : 0
Domain0 HARTs             : 0*
Domain0 Region00          : 0x0000000000100000-0x0000000000100fff M: (I,R,W) S/U: (R,W)
Domain0 Region01          : 0x0000000010000000-0x0000000010000fff M: (I,R,W) S/U: (R,W)
Domain0 Region02          : 0x0000000002000000-0x000000000200ffff M: (I,R,W) S/U: ()
Domain0 Region03          : 0x0000000080040000-0x000000008005ffff M: (R,W) S/U: ()
Domain0 Region04          : 0x0000000080000000-0x000000008003ffff M: (R,X) S/U: ()
Domain0 Region05          : 0x000000000c400000-0x000000000c5fffff M: (I,R,W) S/U: (R,W)
Domain0 Region06          : 0x000000000c000000-0x000000000c3fffff M: (I,R,W) S/U: (R,W)
Domain0 Region07          : 0x0000000000000000-0xffffffffffffffff M: () S/U: (R,W,X)
Domain0 Next Address      : 0x0000000080200000
Domain0 Next Arg1         : 0x00000000bfe00000
Domain0 Next Mode         : S-mode
Domain0 SysReset          : yes
Domain0 SysSuspend        : yes

Boot HART ID              : 0
Boot HART Domain          : root
Boot HART Priv Version    : v1.12
Boot HART Base ISA        : rv64imafdch
Boot HART ISA Extensions  : sstc,zicntr,zihpm,zicboz,zicbom,sdtrig,svadu
Boot HART PMP Count       : 16
Boot HART PMP Granularity : 2 bits
Boot HART PMP Address Bits: 54
Boot HART MHPM Info       : 16 (0x0007fff8)
Boot HART Debug Triggers  : 2 triggers
Boot HART MIDELEG         : 0x0000000000001666
Boot HART MEDELEG         : 0x0000000000f0b509
[kernel] logger inited, level= Error
[kernel] Console initialized.
last 193930 Physical Frames.
.text [0x80200000, 0x8040d000)
.rodata [0x8040d000, 0x80449000)
.data [0x80449000, 0x80a12000)
.bss [0x80a12000, 0x90a76000)
mapping .text section
mapping .rodata section
mapping .data section
mapping .bss section
mapping physical memory
mapping memory-mapped registers
[kernel] Hello, world!
[kernel] PRNG initialized.
[initramfs] unpacked: files=32 dirs=21 symlinks=1 bytes=2051014
[kernel] perf_diag features: perf_stats=true perf_diag=true
[initramfs] VFS_ROOT initialized (ramfs + cpio unpack + dev/proc/tmp)
[kernel] net interface initialized (RoutingDevice: lo + eth)
[kernel] block device 0: official fs (MMIO 0x10001000)
[kernel] block device 1: tools disk (MMIO 0x10002000)
[ext4] backend: another_ext4
[kernel] official fs (x0) mounted at sdcard
[mbr] registered /dev/vdb1 (type=0x83, size=2048M)
[mbr] registered /dev/vdb2 (type=0xc, size=1280M)
[ext4] backend: another_ext4
[kernel] tools disk (vdb1) mounted at tools
sinitproc: 80640000, einitproc: 806D3150, sbash: 806D4000, ebash: 807EC378, sbusybox: 807ED000, ebusybox: 8093FC28, sosconfig: 80940000, eosconfig: 80940F09
[init] MangoCore stage-1 boot (initramfs mode)
[init] ntpd pid=2 timed out after 3000ms, killing
[init] ntpd attempt 0 failed (status=9)
ntpd: setting time to 2026-07-23 23:51:30.999539 (offset -13910919.130953s)
[init] ntpd time sync ok
[init] /dev /proc /tmp mounted by kernel, setting up bind mounts...
[init] bind /tools/tmp -> /tmp
[init] bind /tools/bin -> /bin
[init] bind /tools/sbin -> /sbin
[init] bind /tools/lib -> /lib
[init] bind /tools/usr -> /usr
[init] bind /tools/root -> /root
[init] bind /tools/tests -> /tests
[init] bind /sdcard/musl -> /musl
[init] bind /sdcard/glibc -> /glibc
[initproc] config source=/sdcard/os_test.conf mode=run mask=0x010 ltp_runner=inline timer_smoke=false ext4_profile=false reclaim_profile=false skip_apk=false
[initproc] LTP exclude list: ["rt_sigtimedwait01", "timer_create01", "timer_create02", "memfd_create03", "memfd_create04", "eventfd06", "fork13", "fork14", "futex_wake04", "sysinfo03", "madvise06", "madvise07", "madvise08", "madvise09", "madvise11", "msgctl05", "msgstress01", "rt_tgsigqueueinfo01", "signal06", "semctl08", "kill13", "timerfd04", "timerfd_settime02"]
[initproc] LTP exclude musl: ["clone04", "profil01", "sigtimedwait01", "sigwaitinfo01", "nice04"], glibc: []
[initproc] LTP exclude arch musl: ["epoll_create02", "atof01", "fptest01", "fptest02"], glibc: ["nice05"]
[initproc] ensuring base directories...
base dirs already exist, skipping mkdir
[initproc] attempting bind mount /tools/bin -> /bin...
[initproc] bind mount tools/bin -> bin
[initproc] installing busybox applets to /bin ...
busybox applets already installed, skipping --install
[initproc] busybox --install -s /bin -> exit=0
[initproc] preparing /etc account/network files ...
[initproc] minimal account files done, exit=0
[initproc] install libgcc_s failed to open, ret=-2
[initproc] linking musl/glibc libs to /lib ...
ln: /usr/lib64: Invalid argument
ln: /lib/ld-linux-loongarch-lp64d.so.1: Invalid argument
ln: /glibc/lib/libgcc_s.so.1: Invalid argument
[initproc] lib linking done, exit=0
prepare lmbench compatibility ...
[initproc] lmbench compatibility done, exit=0
ln: /musl/cyclictest: Invalid argument
[initproc] cyclictest musl compatibility done, exit=0
[initproc] fixing +x permissions on test scripts ...
[initproc] chmod test scripts done, exit=0
[initproc] apk add e2fsprogs ...
ERROR: Unable to read database: v2 database format error
ERROR: Failed to open apk database: v2 database format error
[initproc] apk add -> exit=0
BIN_BASH_OK
[initproc] post-prepare /bin/bash check exit=0 has_bin_bash=true
[initproc] run_selected_groups start mask=0x010 order=["basic", "busybox", "lua", "lmbench", "iozone", "libcbench", "netperf", "iperf", "libctest", "cyclictest", "ltp", "cpython", "unixbench"]
[initproc] skip basic (mask bit0 not set)
[initproc] skip busybox (mask bit1 not set)
[initproc] skip lua (mask bit2 not set)
[initproc] skip lmbench (mask bit8 not set)
[initproc] select group=iozone timeout=480s
[initproc] [diag] stats enabled + reset for group 'iozone'
#### OS COMP TEST GROUP START iozone-musl ####
iozone automatic measurements
	Iozone: Performance Test of File I/O
	        Version $Revision: 3.506 $
		Compiled for 64 bit mode.
		Build: linux 

	Contributors:William Norcott, Don Capps, Isom Crawford, Kirby Collins
	             Al Slater, Scott Rhine, Mike Wisner, Ken Goss
	             Steve Landherr, Brad Smith, Mark Kelly, Dr. Alain CYR,
	             Randy Dunlap, Mark Montague, Dan Million, Gavin Brebner,
	             Jean-Marc Zucconi, Jeff Blomberg, Benny Halevy, Dave Boone,
	             Erik Habbinga, Kris Strecker, Walter Wong, Joshua Root,
	             Fabrice Bacchella, Zhenghua Xue, Qin Li, Darren Sawyer,
	             Vangel Bojaxhi, Ben England, Vikentsi Lapa,
	             Alexey Skidanov, Sudhir Kumar.

	Run began: Thu Jul 23 23:51:34 2026

	Auto Mode
	Record Size 1 kB
	File size set to 4096 kB
	Command line used: ./iozone -a -r 1k -s 4m
	Output is in kBytes/sec
	Time Resolution = 0.000087 seconds.
	Processor cache size set to 1024 kBytes.
	Processor cache line size set to 32 bytes.
	File stride size set to 17 * record size.
                                                                    random    random      bkwd     record     stride                                        
              kB  reclen    write    rewrite      read    reread      read     write      read    rewrite       read    fwrite  frewrite     fread   freread
            4096       1[ext4_another] write_pages ino=3215 pages=256 total_bytes=1048576 prepare_cycles=31954632 commit_cycles=136014 direct=true
[31m[17.269] tid 52 pid 52: [ext4_diag] plan_reject:append_shape lblock=256 count=256 size=0
[0m[31m[17.270] tid 52 pid 52: [ext4_diag] fallback:no_journal_range lblock=256 count=256
[0m[ext4_another] write_pages ino=3215 pages=256 total_bytes=1048576 prepare_cycles=1858006106 commit_cycles=46655592 direct=false
[ext4_another] write_pages ino=3215 pages=256 total_bytes=1048576 prepare_cycles=19220100 commit_cycles=1540 direct=true
[31m[18.131] tid 52 pid 52: [ext4_diag] plan_reject:append_shape lblock=768 count=256 size=0
[0m[31m[18.131] tid 52 pid 52: [ext4_diag] fallback:no_journal_range lblock=768 count=256
[0m[ext4_another] write_pages ino=3215 pages=256 total_bytes=1048576 prepare_cycles=1551519586 commit_cycles=20736950 direct=false
[31m[20.941] tid 52 pid 52: [ext4_diag] plan_reject:before_eof lblock=0 persistent=1024 count=256
[0m[31m[20.941] tid 52 pid 52: [ext4_diag] fallback:no_journal_range lblock=0 count=256
[0m[ext4_another] write_pages ino=3215 pages=256 total_bytes=1048576 prepare_cycles=209642172 commit_cycles=50404256 direct=false
[31m[21.059] tid 52 pid 52: [ext4_diag] plan_reject:before_eof lblock=256 persistent=1024 count=256
[0m[31m[21.060] tid 52 pid 52: [ext4_diag] fallback:no_journal_range lblock=256 count=256
[0m[ext4_another] write_pages ino=3215 pages=256 total_bytes=1048576 prepare_cycles=226090368 commit_cycles=42814896 direct=false
[31m[21.182] tid 52 pid 52: [ext4_diag] plan_reject:before_eof lblock=512 persistent=1024 count=256
[0m[31m[21.182] tid 52 pid 52: [ext4_diag] fallback:no_journal_range lblock=512 count=256
[0m[ext4_another] write_pages ino=3215 pages=256 total_bytes=1048576 prepare_cycles=218981474 commit_cycles=50674424 direct=false
[31m[21.304] tid 52 pid 52: [ext4_diag] plan_reject:before_eof lblock=768 persistent=1024 count=256
[0m[31m[21.305] tid 52 pid 52: [ext4_diag] fallback:no_journal_range lblock=768 count=256
[0m[ext4_another] write_pages ino=3215 pages=256 total_bytes=1048576 prepare_cycles=239399916 commit_cycles=18928566 direct=false
      2200      2183      7609      7632[31m[25.666] tid 52 pid 52: [ext4_diag] plan_reject:before_eof lblock=0 persistent=1024 count=256
[0m[31m[25.666] tid 52 pid 52: [ext4_diag] fallback:no_journal_range lblock=0 count=256
[0m[ext4_another] write_pages ino=3215 pages=256 total_bytes=1048576 prepare_cycles=226483176 commit_cycles=52822744 direct=false
[31m[25.793] tid 52 pid 52: [ext4_diag] plan_reject:before_eof lblock=256 persistent=1024 count=256
[0m[31m[25.793] tid 52 pid 52: [ext4_diag] fallback:no_journal_range lblock=256 count=256
[0m[ext4_another] write_pages ino=3215 pages=256 total_bytes=1048576 prepare_cycles=229155702 commit_cycles=44308942 direct=false
[31m[25.917] tid 52 pid 52: [ext4_diag] plan_reject:before_eof lblock=512 persistent=1024 count=256
[0m[31m[25.918] tid 52 pid 52: [ext4_diag] fallback:no_journal_range lblock=512 count=256
[0m[ext4_another] write_pages ino=3215 pages=256 total_bytes=1048576 prepare_cycles=236828296 commit_cycles=51642698 direct=false
[31m[26.048] tid 52 pid 52: [ext4_diag] plan_reject:before_eof lblock=768 persistent=1024 count=256
[0m[31m[26.049] tid 52 pid 52: [ext4_diag] fallback:no_journal_range lblock=768 count=256
[0m[ext4_another] write_pages ino=3215 pages=256 total_bytes=1048576 prepare_cycles=229797074 commit_cycles=18637562 direct=false
      5342      1997      5506[31m[29.992] tid 52 pid 52: [ext4_diag] plan_reject:out_of_bounds lblock=0 count=1 min=4 max=256
[0m[31m[29.992] tid 52 pid 52: [ext4_diag] fallback:no_journal_range lblock=0 count=1
[0m[ext4_another] write_pages ino=3215 pages=1 total_bytes=4096 prepare_cycles=3869042 commit_cycles=1446480 direct=false
       2003       5535[31m[32.751] tid 52 pid 52: [ext4_diag] plan_reject:before_eof lblock=0 persistent=1024 count=256
[0m[31m[32.751] tid 52 pid 52: [ext4_diag] fallback:no_journal_range lblock=0 count=256
[0m[ext4_another] write_pages ino=3215 pages=256 total_bytes=1048576 prepare_cycles=204949650 commit_cycles=50298504 direct=false
[31m[32.867] tid 52 pid 52: [ext4_diag] plan_reject:before_eof lblock=256 persistent=1024 count=256
[0m[31m[32.868] tid 52 pid 52: [ext4_diag] fallback:no_journal_range lblock=256 count=256
[0m[ext4_another] write_pages ino=3215 pages=256 total_bytes=1048576 prepare_cycles=225739838 commit_cycles=43855318 direct=false
[31m[32.990] tid 52 pid 52: [ext4_diag] plan_reject:before_eof lblock=512 persistent=1024 count=256
[0m[31m[32.990] tid 52 pid 52: [ext4_diag] fallback:no_journal_range lblock=512 count=256
[0m[ext4_another] write_pages ino=3215 pages=256 total_bytes=1048576 prepare_cycles=244208836 commit_cycles=50650810 direct=false
[31m[33.124] tid 52 pid 52: [ext4_diag] plan_reject:before_eof lblock=768 persistent=1024 count=256
[0m[31m[33.124] tid 52 pid 52: [ext4_diag] fallback:no_journal_range lblock=768 count=256
[0m[ext4_another] write_pages ino=3215 pages=256 total_bytes=1048576 prepare_cycles=226016124 commit_cycles=17951106 direct=false
[31m[35.380] tid 52 pid 52: [ext4_diag] plan_reject:before_eof lblock=0 persistent=1024 count=256
[0m[31m[35.380] tid 52 pid 52: [ext4_diag] fallback:no_journal_range lblock=0 count=256
[0m[ext4_another] write_pages ino=3215 pages=256 total_bytes=1048576 prepare_cycles=225596618 commit_cycles=50468890 direct=false
[31m[35.505] tid 52 pid 52: [ext4_diag] plan_reject:before_eof lblock=256 persistent=1024 count=256
[0m[31m[35.506] tid 52 pid 52: [ext4_diag] fallback:no_journal_range lblock=256 count=256
[0mqemu-system-riscv64: terminating on signal 15 from pid 671982 (make)
