[qemu-command] qemu-system-riscv64 -accel tcg,thread=multi -machine virt -nographic -bios ../bootloader/fw_payload.bin -device loader,file=target/riscv64gc-unknown-none-elf/release/os.bin,addr=0x80200000 -drive if=none,file=/tmp/mango-smp-P1-B03-rv64-red.img,format=raw,id=x0 -device virtio-blk-device,drive=x0,bus=virtio-mmio-bus.0 -m 1024 -smp cpus=2,sockets=1,cores=2,threads=1

OpenSBI v1.0
   ____                    _____ ____ _____
  / __ \                  / ____|  _ \_   _|
 | |  | |_ __   ___ _ __ | (___ | |_) || |
 | |  | | '_ \ / _ \ '_ \ \___ \|  _ < | |
 | |__| | |_) |  __/ | | |____) | |_) || |_
  \____/| .__/ \___|_| |_|_____/|____/_____|
        | |
        |_|

Platform Name             : riscv-virtio,qemu
Platform Features         : medeleg
Platform HART Count       : 2
Platform IPI Device       : aclint-mswi
Platform Timer Device     : aclint-mtimer @ 10000000Hz
Platform Console Device   : uart8250
Platform HSM Device       : ---
Platform Reboot Device    : sifive_test
Platform Shutdown Device  : sifive_test
Firmware Base             : 0x80000000
Firmware Size             : 260 KB
Runtime SBI Version       : 0.3

Domain0 Name              : root
Domain0 Boot HART         : 0
Domain0 HARTs             : 0*,1*
Domain0 Region00          : 0x0000000002000000-0x000000000200ffff (I)
Domain0 Region01          : 0x0000000080000000-0x000000008007ffff ()
Domain0 Region02          : 0x0000000000000000-0xffffffffffffffff (R,W,X)
Domain0 Next Address      : 0x0000000080200000
Domain0 Next Arg1         : 0x0000000082200000
Domain0 Next Mode         : S-mode
Domain0 SysReset          : yes

Boot HART ID              : 0
Boot HART Domain          : root
Boot HART ISA             : rv64imafdcsuh
Boot HART Features        : scounteren,mcounteren,mcountinhibit,time
Boot HART PMP Count       : 16
Boot HART PMP Granularity : 4
Boot HART PMP Address Bits: 54
Boot HART MHPM Count      : 16
Boot HART MIDELEG         : 0x0000000000001666
Boot HART MEDELEG         : 0x0000000000f0b509
[kernel] logger inited, level= Off
[kernel] Console initialized.
[memory] 193481 usable physical frames across 1 region(s)
[memory] region0: [0x90c37000, 0xc0000000) frames=193481
.text [0x80200000, 0x803f0000)
.rodata [0x803f0000, 0x80424000)
.data [0x80424000, 0x80a10000)
.bss [0x80a10000, 0x90c37000)
mapping .text section
mapping .rodata section
mapping .data section
mapping .bss section
mapping physical memory region
mapping memory-mapped registers
[kernel] Hello, world!
[kernel] random: secure source unavailable (Entropy(DeviceUnavailable)); secure reads will fail
[memory] reclaimed linker frames: [0x80424000, 0x8062b000) frames=519
[initramfs] unpacked: files=34 dirs=21 symlinks=1 bytes=2119873
[initramfs] VFS_ROOT initialized (ramfs + cpio unpack + dev/proc/tmp)
[kernel] VirtIO net device not found, skipping network init
[kernel] No net device, using null device (loopback only)
[kernel] net interface initialized (loopback only, no NIC)
[kernel] block device 0: official fs (MMIO 0x10001000)
[block] /dev/vda contains raw Ext4
[fs] official fs (/dev/vda) root directory readable: 3 entries
[kernel] official fs (/dev/vda) (Ext4) mounted at sdcard flags=(empty)
[initramfs] no mountable tools fs, leaving /tools empty
sinitproc: 8062C000, einitproc: 806CF4F8, sbash: 806D0000, ebash: 807E8378, sbusybox: 807E9000, ebusybox: 8093BC28, sosconfig: 8093C000, eosconfig: 8093CF09
[memory] reclaimed linker frames: [0x8062c000, 0x806cf000) frames=163
[memory] reclaimed linker frames: [0x806d0000, 0x807e8000) frames=280
[memory] reclaimed linker frames: [0x807e9000, 0x8093b000) frames=338
[memory] reclaimed linker frames: [0x8093d000, 0x809c1000) frames=132
[memory] reclaimed linker frames: [0x809c2000, 0x809c4000) frames=2
[memory] reclaimed linker frames: [0x809c5000, 0x80a0d000) frames=72
[kernel] Entering kernel test mode (ktest) — tests: ["waitqueue"], repeat: 1
TAP version 13
# arch: riscv64
# mode: ktest
# repeat: 1
# timeout_ms: 5000
# failfast: false
1..4
[32mok[0m 1 waitqueue::wake_before_wait_should_not_sleep
[32mok[0m 2 waitqueue::basic_queue_ops
[32mok[0m 3 waitqueue::wake_all_on_empty
[32mok[0m 4 waitqueue::wake_one
[32m# results: 4 passed, 0 failed, 4 total[0m
# ktest: tests passed; committing filesystems before shutdown.
[32m[KTEST RESULT: PASS][0m
# ktest: all tests and filesystem teardown passed. shutting down.
[qemu-status] 0
