info: override toolchain for '/app/os' set to 'nightly-2024-05-01-x86_64-unknown-linux-gnu'
cp ./src/lang_items.rs.la ./src/lang_items.rs
cp ../user/src/lang_items.rs.la ../user/src/lang_items.rs
make -f make/la64.mk ktest-run MODE=release LOG=
make[1]: Entering directory '/app/os'
make[2]: Entering directory '/app/user'
info: override toolchain for '/app/user' set to 'nightly-2024-05-01-x86_64-unknown-linux-gnu'
(rustup target list | grep "loongarch64-unknown-linux-gnu (installed)") || rustup target add loongarch64-unknown-linux-gnu
loongarch64-unknown-linux-gnu (installed)
rustup component add rust-src
info: component 'rust-src' is up to date
rustup component add llvm-tools-preview
info: component 'llvm-tools' for target 'x86_64-unknown-linux-gnu' is up to date
cargo build --target=loongarch64-unknown-linux-gnu --release
warning: `/root/.cargo/config` is deprecated in favor of `config.toml`
note: if you need to support cargo 1.38 or earlier, you can symlink `config` to `config.toml`
   Compiling user_lib v0.1.0 (/app/user)
warning: the feature `lang_items` is internal to the compiler or standard library
 --> src/lib.rs:6:12
  |
6 | #![feature(lang_items)]
  |            ^^^^^^^^^^
  |
  = note: using it is strongly discouraged
  = note: `#[warn(internal_features)]` on by default

warning: unreachable statement
  --> src/lib.rs:60:9
   |
58 |             _parameter(argc, argv);
   |             ---------------------- any code following this expression is unreachable
59 |         }
60 |         unreachable!();
   |         ^^^^^^^^^^^^^^ unreachable statement
   |
   = note: `#[warn(unreachable_code)]` on by default
   = note: this warning originates in the macro `unreachable` (in Nightly builds, run with -Z macro-backtrace for more info)

warning: `user_lib` (lib) generated 2 warnings
warning: crate-level attribute should be in the root module
  --> src/bin/regression/regression_lwext4_truncate_hole.rs:16:1
   |
16 | #![no_std]
   | ^^^^^^^^^^
   |
   = note: `#[warn(unused_attributes)]` on by default

warning: crate-level attribute should be in the root module
  --> src/bin/regression/regression_lwext4_truncate_hole.rs:17:1
   |
17 | #![no_main]
   | ^^^^^^^^^^^

warning: unnecessary parentheses around `if` condition
    --> src/bin/initproc.rs:2480:19
     |
2480 |                 if(cfg.diag) {
     |                   ^        ^
     |
     = note: `#[warn(unused_parens)]` on by default
help: remove these parentheses
     |
2480 -                 if(cfg.diag) {
2480 +                 if cfg.diag {
     |

warning: unnecessary parentheses around `if` condition
    --> src/bin/initproc.rs:2496:19
     |
2496 |                 if(cfg.diag) {
     |                   ^        ^
     |
help: remove these parentheses
     |
2496 -                 if(cfg.diag) {
2496 +                 if cfg.diag {
     |

warning: unnecessary parentheses around `if` condition
    --> src/bin/initproc.rs:2502:19
     |
2502 |                 if(cfg.diag) {
     |                   ^        ^
     |
help: remove these parentheses
     |
2502 -                 if(cfg.diag) {
2502 +                 if cfg.diag {
     |

warning: unnecessary parentheses around `if` condition
    --> src/bin/initproc.rs:2534:15
     |
2534 |             if(cfg.diag) {
     |               ^        ^
     |
help: remove these parentheses
     |
2534 -             if(cfg.diag) {
2534 +             if cfg.diag {
     |

warning: unnecessary parentheses around `if` condition
    --> src/bin/initproc.rs:2546:15
     |
2546 |             if(cfg.diag) {
     |               ^        ^
     |
help: remove these parentheses
     |
2546 -             if(cfg.diag) {
2546 +             if cfg.diag {
     |

warning: unnecessary parentheses around assigned value
    --> src/bin/fs_test.rs:2005:19
     |
2005 |         let val = (0xA0 + i as u8);
     |                   ^              ^
     |
     = note: `#[warn(unused_parens)]` on by default
help: remove these parentheses
     |
2005 -         let val = (0xA0 + i as u8);
2005 +         let val = 0xA0 + i as u8;
     |

warning: unnecessary parentheses around assigned value
    --> src/bin/fs_test.rs:2018:28
     |
2018 |             let expected = (0xA0 + i as u8);
     |                            ^              ^
     |
help: remove these parentheses
     |
2018 -             let expected = (0xA0 + i as u8);
2018 +             let expected = 0xA0 + i as u8;
     |

warning: field `index` is never read
 --> src/bin/ltprunner/suite.rs:7:9
  |
6 | pub struct LtpCase {
  |            ------- field in this struct
7 |     pub index: usize,
  |         ^^^^^
  |
  = note: `#[warn(dead_code)]` on by default

warning: variable does not need to be mutable
   --> src/bin/inet_test.rs:622:9
    |
622 |     let mut bound_addr = sockaddr_in::new([0, 0, 0, 0], 0);
    |         ----^^^^^^^^^^
    |         |
    |         help: remove this `mut`
    |
    = note: `#[warn(unused_mut)]` on by default

warning: variable does not need to be mutable
   --> src/bin/inet_test.rs:642:9
    |
642 |     let mut from = sockaddr_in::new([0, 0, 0, 0], 0);
    |         ----^^^^
    |         |
    |         help: remove this `mut`

warning: variable does not need to be mutable
   --> src/bin/inet_test.rs:692:9
    |
692 |     let mut bound_b = sockaddr_in::new([0, 0, 0, 0], 0);
    |         ----^^^^^^^
    |         |
    |         help: remove this `mut`

warning: variable does not need to be mutable
   --> src/bin/inet_test.rs:706:9
    |
706 |     let mut from = sockaddr_in::new([0, 0, 0, 0], 0);
    |         ----^^^^
    |         |
    |         help: remove this `mut`

warning: unused variable: `ip`
   --> src/bin/inet_test.rs:744:9
    |
744 |     let ip = match dns_lookup("baidu.com") {
    |         ^^ help: if this is intentional, prefix it with an underscore: `_ip`
    |
    = note: `#[warn(unused_variables)]` on by default

warning: variable `timed_out` is assigned to, but never used
    --> src/bin/initproc.rs:2166:13
     |
2166 |     let mut timed_out = false;
     |             ^^^^^^^^^
     |
     = note: consider using `_timed_out` instead
     = note: `#[warn(unused_variables)]` on by default

warning: value assigned to `timed_out` is never read
    --> src/bin/initproc.rs:2179:13
     |
2179 |             timed_out = true;
     |             ^^^^^^^^^
     |
     = help: maybe it is overwritten before being read?
     = note: `#[warn(unused_assignments)]` on by default

warning: unused variable: `io_multiplex_cases`
    --> src/bin/initproc.rs:2669:9
     |
2669 |     let io_multiplex_cases = [
     |         ^^^^^^^^^^^^^^^^^^ help: if this is intentional, prefix it with an underscore: `_io_multiplex_cases`

warning: unused variable: `unix_socket_cases`
    --> src/bin/initproc.rs:2711:9
     |
2711 |     let unix_socket_cases = [
     |         ^^^^^^^^^^^^^^^^^ help: if this is intentional, prefix it with an underscore: `_unix_socket_cases`

warning: variable does not need to be mutable
    --> src/bin/inet_test.rs:1293:9
     |
1293 |     let mut bound = sockaddr_in::new([0, 0, 0, 0], 0);
     |         ----^^^^^
     |         |
     |         help: remove this `mut`

warning: variable does not need to be mutable
    --> src/bin/inet_test.rs:1388:9
     |
1388 |     let mut bound = sockaddr_in::new([0, 0, 0, 0], 0);
     |         ----^^^^^
     |         |
     |         help: remove this `mut`

warning: variable does not need to be mutable
    --> src/bin/inet_test.rs:1542:9
     |
1542 |     let mut bound = sockaddr_in::new([0, 0, 0, 0], 0);
     |         ----^^^^^
     |         |
     |         help: remove this `mut`

warning: variable does not need to be mutable
    --> src/bin/inet_test.rs:1843:9
     |
1843 |     let mut buf = [0u8; 256];
     |         ----^^^
     |         |
     |         help: remove this `mut`

warning: constant `O_RDONLY` is never used
   --> src/bin/fs_test.rs:903:64
    |
903 |     const O_CREAT: u32 = 0o100; const O_RDWR: u32 = 0o2; const O_RDONLY: u32 = 0;
    |                                                                ^^^^^^^^
    |
    = note: `#[warn(dead_code)]` on by default

warning: constant `O_RDONLY` is never used
    --> src/bin/fs_test.rs:1379:64
     |
1379 |     const O_CREAT: u32 = 0o100; const O_RDWR: u32 = 0o2; const O_RDONLY: u32 = 0;
     |                                                                ^^^^^^^^

warning: function `create_dir_tree` is never used
    --> src/bin/fs_test.rs:2083:4
     |
2083 | fn create_dir_tree(base: &str, depth: usize) -> bool {
     |    ^^^^^^^^^^^^^^^

warning: function `test_perf_fork_exec_small` is never used
    --> src/bin/fs_test.rs:2498:4
     |
2498 | fn test_perf_fork_exec_small() -> bool {
     |    ^^^^^^^^^^^^^^^^^^^^^^^^^

warning: function `run_profile_audit` is never used
    --> src/bin/fs_test.rs:2854:4
     |
2854 | fn run_profile_audit() {}
     |    ^^^^^^^^^^^^^^^^^

warning: function `run_unix_standalone_tests` is never used
    --> src/bin/initproc.rs:2557:4
     |
2557 | fn run_unix_standalone_tests(environ: &[*const u8]) {
     |    ^^^^^^^^^^^^^^^^^^^^^^^^^
     |
     = note: `#[warn(dead_code)]` on by default

warning: function `run_ltp_network_tests` is never used
    --> src/bin/initproc.rs:2572:4
     |
2572 | fn run_ltp_network_tests(environ: &[*const u8], exclude: &[String]) {
     |    ^^^^^^^^^^^^^^^^^^^^^

warning: function `run_ltp_signal_tests` is never used
    --> src/bin/initproc.rs:2809:4
     |
2809 | fn run_ltp_signal_tests(environ: &[*const u8], exclude: &[String]) {
     |    ^^^^^^^^^^^^^^^^^^^^

warning: function `should_enter_debug_shell` is never used
    --> src/bin/initproc.rs:2873:4
     |
2873 | fn should_enter_debug_shell() -> bool {
     |    ^^^^^^^^^^^^^^^^^^^^^^^^

warning: constant `O_CREATc` should have an upper case name
    --> src/bin/fs_test.rs:1712:15
     |
1712 |         const O_CREATc: u32 = 0o100; const O_WRONLYc: u32 = 0o1;
     |               ^^^^^^^^ help: convert the identifier to upper case (notice the capitalization): `O_CREATC`
     |
     = note: `#[warn(non_upper_case_globals)]` on by default

warning: constant `O_WRONLYc` should have an upper case name
    --> src/bin/fs_test.rs:1712:44
     |
1712 |         const O_CREATc: u32 = 0o100; const O_WRONLYc: u32 = 0o1;
     |                                            ^^^^^^^^^ help: convert the identifier to upper case (notice the capitalization): `O_WRONLYC`

warning: constant `O_CREATp` should have an upper case name
    --> src/bin/fs_test.rs:1720:15
     |
1720 |         const O_CREATp: u32 = 0o100; const O_WRONLYp: u32 = 0o1;
     |               ^^^^^^^^ help: convert the identifier to upper case: `O_CREATP`

warning: constant `O_WRONLYp` should have an upper case name
    --> src/bin/fs_test.rs:1720:44
     |
1720 |         const O_CREATp: u32 = 0o100; const O_WRONLYp: u32 = 0o1;
     |                                            ^^^^^^^^^ help: convert the identifier to upper case: `O_WRONLYP`

warning: constant `O_RDWRc` should have an upper case name
    --> src/bin/fs_test.rs:1758:11
     |
1758 |     const O_RDWRc: u32 = 0o2;
     |           ^^^^^^^ help: convert the identifier to upper case (notice the capitalization): `O_RDWRC`

warning: constant `O_CREATc` should have an upper case name
    --> src/bin/fs_test.rs:1759:11
     |
1759 |     const O_CREATc: u32 = 0o100;
     |           ^^^^^^^^ help: convert the identifier to upper case (notice the capitalization): `O_CREATC`

warning: constant `O_RDWRc` should have an upper case name
    --> src/bin/fs_test.rs:1792:11
     |
1792 |     const O_RDWRc: u32 = 0o2;
     |           ^^^^^^^ help: convert the identifier to upper case (notice the capitalization): `O_RDWRC`

warning: constant `O_CREATc` should have an upper case name
    --> src/bin/fs_test.rs:1793:11
     |
1793 |     const O_CREATc: u32 = 0o100;
     |           ^^^^^^^^ help: convert the identifier to upper case (notice the capitalization): `O_CREATC`

warning: constant `O_RDWRc` should have an upper case name
    --> src/bin/fs_test.rs:1832:11
     |
1832 |     const O_RDWRc: u32 = 0o2;
     |           ^^^^^^^ help: convert the identifier to upper case (notice the capitalization): `O_RDWRC`

warning: constant `O_CREATc` should have an upper case name
    --> src/bin/fs_test.rs:1833:11
     |
1833 |     const O_CREATc: u32 = 0o100;
     |           ^^^^^^^^ help: convert the identifier to upper case (notice the capitalization): `O_CREATC`

warning: constant `O_RDWRc` should have an upper case name
    --> src/bin/fs_test.rs:1889:11
     |
1889 |     const O_RDWRc: u32 = 0o2;
     |           ^^^^^^^ help: convert the identifier to upper case (notice the capitalization): `O_RDWRC`

warning: constant `O_CREATc` should have an upper case name
    --> src/bin/fs_test.rs:1890:11
     |
1890 |     const O_CREATc: u32 = 0o100;
     |           ^^^^^^^^ help: convert the identifier to upper case (notice the capitalization): `O_CREATC`

warning: constant `O_RDWRc` should have an upper case name
    --> src/bin/fs_test.rs:1946:11
     |
1946 |     const O_RDWRc: u32 = 0o2;
     |           ^^^^^^^ help: convert the identifier to upper case (notice the capitalization): `O_RDWRC`

warning: constant `O_CREATc` should have an upper case name
    --> src/bin/fs_test.rs:1947:11
     |
1947 |     const O_CREATc: u32 = 0o100;
     |           ^^^^^^^^ help: convert the identifier to upper case (notice the capitalization): `O_CREATC`

warning: `user_lib` (bin "regression") generated 2 warnings
warning: `user_lib` (bin "ltprunner") generated 1 warning
warning: `user_lib` (bin "fs_test") generated 21 warnings (run `cargo fix --bin "fs_test"` to apply 2 suggestions)
warning: `user_lib` (bin "inet_test") generated 9 warnings (run `cargo fix --bin "inet_test"` to apply 8 suggestions)
warning: `user_lib` (bin "initproc") generated 13 warnings (run `cargo fix --bin "initproc"` to apply 5 suggestions)
    Finished `release` profile [optimized] target(s) in 4.03s
make[2]: Leaving directory '/app/user'
CURL_RUNTIME=0 APK_RUNTIME=0 \
	INET_TEST_RUNTIME=0 \
	RNG_TEST_RUNTIME=0 \
	PERSIST_PYTHON_RUNTIME=0 \
	./build_initramfs.sh la64 release ../fs-img-dir/initramfs-la.cpio
[initramfs] Building initramfs for la64 (release)...
[initramfs] installed /init from ../user/target/loongarch64-unknown-linux-gnu/release/init
[initramfs] installed /rescue/sh from ../user/tools/loongarch64/bin/busybox
[initramfs] installed /regression from ../user/target/loongarch64-unknown-linux-gnu/release/regression
[initramfs] generated /app/os/../fs-img-dir/initramfs-la.cpio (2.4M)
=== Building lwext4 C library for loongarch64 ===


-- Configuring done (0.0s)
-- Generating done (0.0s)
-- Build files have been written to: /app/dependency/lwext4_rust/c/lwext4/build_lwext4-la64
make[2]: Entering directory '/app/dependency/lwext4_rust/c/lwext4/build_lwext4-la64'
make[3]: Entering directory '/app/dependency/lwext4_rust/c/lwext4/build_lwext4-la64'
make[4]: Entering directory '/app/dependency/lwext4_rust/c/lwext4/build_lwext4-la64'
make[5]: Entering directory '/app/dependency/lwext4_rust/c/lwext4/build_lwext4-la64'
make[5]: Leaving directory '/app/dependency/lwext4_rust/c/lwext4/build_lwext4-la64'
make[5]: Entering directory '/app/dependency/lwext4_rust/c/lwext4/build_lwext4-la64'
[  4%] Building C object src/CMakeFiles/lwext4.dir/ext4_debug.c.o
[  8%] Building C object src/CMakeFiles/lwext4.dir/ext4_dir_idx.c.o
[ 13%] Building C object src/CMakeFiles/lwext4.dir/ext4_bitmap.c.o
[ 17%] Building C object src/CMakeFiles/lwext4.dir/ext4_balloc.c.o
[ 26%] Building C object src/CMakeFiles/lwext4.dir/ext4_mkfs.c.o
[ 26%] Building C object src/CMakeFiles/lwext4.dir/ext4_ialloc.c.o
[ 30%] Building C object src/CMakeFiles/lwext4.dir/ext4_super.c.o
[ 34%] Building C object src/CMakeFiles/lwext4.dir/ext4_inode.c.o
[ 47%] Building C object src/CMakeFiles/lwext4.dir/ext4_block_group.c.o
[ 47%] Building C object src/CMakeFiles/lwext4.dir/ext4_crc32.c.o
[ 47%] Building C object src/CMakeFiles/lwext4.dir/ext4_dir.c.o
[ 52%] Building C object src/CMakeFiles/lwext4.dir/ext4_journal.c.o
[ 65%] Building C object src/CMakeFiles/lwext4.dir/ext4_trans.c.o
[ 60%] Building C object src/CMakeFiles/lwext4.dir/ext4_blockdev.c.o
[ 60%] Building C object src/CMakeFiles/lwext4.dir/ext4_bcache.c.o
[ 69%] Building C object src/CMakeFiles/lwext4.dir/ext4.c.o
[ 73%] Building C object src/CMakeFiles/lwext4.dir/ext4_fs.c.o
[ 78%] Building C object src/CMakeFiles/lwext4.dir/ext4_extent.c.o
[ 86%] Building C object src/CMakeFiles/lwext4.dir/ext4_mbr.c.o
[ 86%] Building C object src/CMakeFiles/lwext4.dir/ext4_hash.c.o
[ 91%] Building C object src/CMakeFiles/lwext4.dir/ext4_xattr.c.o
[ 95%] Building C object src/CMakeFiles/lwext4.dir/ulibc.c.o
/app/dependency/lwext4_rust/c/lwext4/src/ulibc.c: In function 'fflush':
/app/dependency/lwext4_rust/c/lwext4/src/ulibc.c:74:18: warning: unused parameter 'f' [-Wunused-parameter]
   74 | int fflush(FILE *f)
      |            ~~~~~~^
/app/dependency/lwext4_rust/c/lwext4/src/ulibc.c: In function 'qsort':
/app/dependency/lwext4_rust/c/lwext4/src/ulibc.c:168:35: warning: cast between incompatible function types from '__compar_fn_t' to 'int (*)(const void *, const void *, void *)' [-Wcast-function-type]
  168 |         qsort_r(base, nel, width, (__compar_d_fn_t)comp, NULL);
      |                                   ^
/app/dependency/lwext4_rust/c/lwext4/src/ext4_journal.c: In function 'jbd_display_block_tags':
/app/dependency/lwext4_rust/c/lwext4/src/ext4_journal.c:875:53: warning: unused parameter 'tag_info' [-Wunused-parameter]
  875 |                                    struct tag_info *tag_info,
      |                                    ~~~~~~~~~~~~~~~~~^~~~~~~~
[100%] Linking C static library liblwext4.a
make[5]: Leaving directory '/app/dependency/lwext4_rust/c/lwext4/build_lwext4-la64'
[100%] Built target lwext4
make[4]: Leaving directory '/app/dependency/lwext4_rust/c/lwext4/build_lwext4-la64'
make[3]: Leaving directory '/app/dependency/lwext4_rust/c/lwext4/build_lwext4-la64'
make[2]: Leaving directory '/app/dependency/lwext4_rust/c/lwext4/build_lwext4-la64'
=== lwext4 loongarch64 .a built ===
e2fsck 1.47.0 (5-Feb-2023)
[ktest] Rebuilding kernel with: mango.mode=ktest mango.test=waitqueue mango.test.repeat=1 mango.test.timeout_ms=5000 mango.test.failfast=0
warning: `/root/.cargo/config` is deprecated in favor of `config.toml`
note: if you need to support cargo 1.38 or earlier, you can symlink `config` to `config.toml`
warning: unused manifest key: target.riscv64gc-unknown-none-gnu.rustflags
   Compiling lwext4_rust v0.2.0 (/app/dependency/lwext4_rust)
warning: the feature `const_fn_trait_bound` has been stable since 1.61.0 and no longer requires an attribute to enable
 --> /app/dependency/dep_iso/src/lib.rs:3:12
  |
3 | #![feature(const_fn_trait_bound)]
  |            ^^^^^^^^^^^^^^^^^^^^
  |
  = note: `#[warn(stable_features)]` on by default

warning: variable does not need to be mutable
   --> /app/dependency/dep_iso/src/net/ethernet/intel/ixgbe.rs:310:13
    |
310 |         let mut recv_queue = unsafe {
    |             ----^^^^^^^^^^
    |             |
    |             help: remove this `mut`
    |
    = note: `#[warn(unused_mut)]` on by default

warning: the type `[&mut [IXGBESendDesc]; 4]` does not permit being left uninitialized
   --> /app/dependency/dep_iso/src/net/ethernet/intel/ixgbe.rs:500:22
    |
500 |             unsafe { MaybeUninit::uninit().assume_init() };
    |                      ^^^^^^^^^^^^^^^^^^^^^^^^^^^^^^^^^^^
    |                      |
    |                      this code causes undefined behavior when executed
    |                      help: use `MaybeUninit<T>` instead, and only call `assume_init` after initialization is done
    |
    = note: references must be non-null
    = note: `#[warn(invalid_value)]` on by default

warning: `isomorphic_drivers` (lib) generated 3 warnings (run `cargo fix --lib -p isomorphic_drivers` to apply 1 suggestion)
warning: unused import: `log::info`
 --> /app/dependency/virtio-drivers/src/device/blk.rs:9:5
  |
9 | use log::info;
  |     ^^^^^^^^^
  |
  = note: `#[warn(unused_imports)]` on by default

warning: unused import: `LinearMap`
  --> /app/dependency/smoltcp/src/iface/interface/mod.rs:28:16
   |
28 | use heapless::{LinearMap, Vec};
   |                ^^^^^^^^^
   |
   = note: `#[warn(unused_imports)]` on by default

warning: unused imports: `IFACE_MAX_MULTICAST_GROUP_COUNT`, `IFACE_MAX_SIXLOWPAN_ADDRESS_CONTEXT_COUNT`
  --> /app/dependency/smoltcp/src/iface/interface/mod.rs:36:54
   |
36 |     FRAGMENTATION_BUFFER_SIZE, IFACE_MAX_ADDR_COUNT, IFACE_MAX_MULTICAST_GROUP_COUNT,
   |                                                      ^^^^^^^^^^^^^^^^^^^^^^^^^^^^^^^
37 |     IFACE_MAX_SIXLOWPAN_ADDRESS_CONTEXT_COUNT,
   |     ^^^^^^^^^^^^^^^^^^^^^^^^^^^^^^^^^^^^^^^^^

warning: unused import: `super::IpProtocol as Protocol`
 --> /app/dependency/smoltcp/src/wire/ipv6fragment.rs:6:9
  |
6 | pub use super::IpProtocol as Protocol;
  |         ^^^^^^^^^^^^^^^^^^^^^^^^^^^^^

warning: unused variable: `addr`
    --> /app/dependency/smoltcp/src/iface/interface/mod.rs:1286:55
     |
1286 |     fn has_multicast_group<T: Into<IpAddress>>(&self, addr: T) -> bool {
     |                                                       ^^^^ help: if this is intentional, prefix it with an underscore: `_addr`
     |
     = note: `#[warn(unused_variables)]` on by default

warning: field `0` is never read
   --> /app/dependency/smoltcp/src/iface/interface/mod.rs:882:22
    |
882 |             Dispatch(DispatchError),
    |             -------- ^^^^^^^^^^^^^
    |             |
    |             field in this variant
    |
    = note: `#[warn(dead_code)]` on by default
help: consider changing the field to be of unit type to suppress this warning while preserving the field numbering, or remove the field
    |
882 |             Dispatch(()),
    |                      ~~

warning: method `emit_header` is never used
   --> /app/dependency/smoltcp/src/wire/udp.rs:256:19
    |
215 | impl Repr {
    | --------- method in this implementation
...
256 |     pub(crate) fn emit_header<T: ?Sized>(&self, packet: &mut Packet<&mut T>, payload_len: usize)
    |                   ^^^^^^^^^^^

warning: `virtio-drivers` (lib) generated 1 warning (run `cargo fix --lib -p virtio-drivers` to apply 1 suggestion)
warning: `smoltcp` (lib) generated 6 warnings (run `cargo fix --lib -p smoltcp` to apply 3 suggestions)
warning: calls to `std::mem::drop` with a value that implements `Copy` does nothing
   --> /app/dependency/rustsbi/src/hart_mask.rs:109:13
    |
109 |             drop(vaddr_ptr);
    |             ^^^^^---------^
    |                  |
    |                  argument has type `*const usize`
    |
    = note: use `let _ = ...` to ignore the expression or result
    = note: `#[warn(dropping_copy_types)]` on by default

warning: `rustsbi` (lib) generated 1 warning
   Compiling os v0.1.0 (/app/os)
warning: unused import: `alloc::string::String`
 --> /app/dependency/lwext4_rust/src/ulibc.rs:3:5
  |
3 | use alloc::string::String;
  |     ^^^^^^^^^^^^^^^^^^^^^
  |
  = note: `#[warn(unused_imports)]` on by default

warning: unused variable: `args`
  --> /app/dependency/lwext4_rust/src/ulibc.rs:25:53
   |
25 | unsafe extern "C" fn printf(str: *const c_char, mut args: ...) -> c_int {
   |                                                     ^^^^ help: if this is intentional, prefix it with an underscore: `_args`
   |
   = note: `#[warn(unused_variables)]` on by default

warning: variable does not need to be mutable
  --> /app/dependency/lwext4_rust/src/ulibc.rs:25:49
   |
25 | unsafe extern "C" fn printf(str: *const c_char, mut args: ...) -> c_int {
   |                                                 ----^^^^
   |                                                 |
   |                                                 help: remove this `mut`
   |
   = note: `#[warn(unused_mut)]` on by default

warning: unnecessary `unsafe` block
   --> /app/dependency/lwext4_rust/src/blockdev.rs:159:20
    |
150 |         unsafe {
    |         ------ because it's nested under this `unsafe` block
...
159 |         let devt = unsafe { &mut *(p_user as *mut K::DevType) };
    |                    ^^^^^^ unnecessary `unsafe` block
    |
    = note: `#[warn(unused_unsafe)]` on by default

warning: unnecessary `unsafe` block
   --> /app/dependency/lwext4_rust/src/blockdev.rs:187:20
    |
185 |         unsafe {
    |         ------ because it's nested under this `unsafe` block
186 |         debug!("READ Ext4 block id: {}, count: {}", blk_id, blk_cnt);
187 |         let devt = unsafe { &mut *((*(*bdev).bdif).p_user as *mut K::DevType) };
    |                    ^^^^^^ unnecessary `unsafe` block

warning: unnecessary `unsafe` block
   --> /app/dependency/lwext4_rust/src/blockdev.rs:204:22
    |
185 |         unsafe {
    |         ------ because it's nested under this `unsafe` block
...
204 |         let buffer = unsafe { from_raw_parts_mut(buf as *mut u8, buf_len) };
    |                      ^^^^^^ unnecessary `unsafe` block

warning: unnecessary `unsafe` block
   --> /app/dependency/lwext4_rust/src/blockdev.rs:224:20
    |
221 |         unsafe {
    |         ------ because it's nested under this `unsafe` block
...
224 |         let devt = unsafe { &mut *((*(*bdev).bdif).p_user as *mut K::DevType) };
    |                    ^^^^^^ unnecessary `unsafe` block

warning: unnecessary `unsafe` block
   --> /app/dependency/lwext4_rust/src/blockdev.rs:244:22
    |
221 |         unsafe {
    |         ------ because it's nested under this `unsafe` block
...
244 |         let buffer = unsafe { from_raw_parts(buf as *const u8, buf_len) };
    |                      ^^^^^^ unnecessary `unsafe` block

warning: `lwext4_rust` (lib) generated 8 warnings (run `cargo fix --lib -p lwext4_rust` to apply 2 suggestions)
warning: unused import: `Cmdline`
 --> src/bootargs.rs:6:61
  |
6 | pub use mango_kernel_core::bootargs::{BootConfig, BootMode, Cmdline};
  |                                                             ^^^^^^^
  |
  = note: `#[warn(unused_imports)]` on by default

warning: unused doc comment
   --> src/fs/mod.rs:144:1
    |
144 | / /// initramfs 模式：创建 RamFS → 解包内嵌 cpio → 挂载 devfs/procfs/tmpfs
145 | | /// 完全不依赖 BLOCK_DEVICE，块设备在后续阶段可选挂载到 /sdcard 和 /tools
    | |_------------------------------------------------------------------------^
    |   |
    |   rustdoc does not generate documentation for macro invocations
    |
    = help: to document an item produced by a macro, the macro must produce the documentation as part of its expansion
    = note: `#[warn(unused_doc_comments)]` on by default

warning: unused import: `Mutex`
 --> src/fs/dev/block.rs:4:12
  |
4 | use spin::{Mutex, MutexGuard};
  |            ^^^^^

warning: unused import: `isomorphic_drivers::block`
  --> src/fs/ext4/direntry.rs:13:5
   |
13 | use isomorphic_drivers::block;
   |     ^^^^^^^^^^^^^^^^^^^^^^^^^

warning: unused import: `core::mem::size_of`
 --> src/fs/ext4/ext4_inode.rs:2:5
  |
2 | use core::mem::size_of;
  |     ^^^^^^^^^^^^^^^^^^

warning: unused imports: `InodeLock`, `InodeTime`
 --> src/fs/ext4/ext4_inode.rs:5:24
  |
5 | use crate::fs::inode::{InodeLock, InodeTime};
  |                        ^^^^^^^^^  ^^^^^^^^^

warning: unused import: `crate::fs::vfs::FileSystem`
 --> src/fs/ext4/ext4_inode.rs:6:5
  |
6 | use crate::fs::vfs::FileSystem;
  |     ^^^^^^^^^^^^^^^^^^^^^^^^^^

warning: unused import: `alloc::string::String`
 --> src/fs/ext4/ext4_inode.rs:8:5
  |
8 | use alloc::string::String;
  |     ^^^^^^^^^^^^^^^^^^^^^

warning: unused import: `vec::Vec`
  --> src/fs/ext4/ext4_inode.rs:10:24
   |
10 | use alloc::{sync::Arc, vec::Vec};
   |                        ^^^^^^^^

warning: unused imports: `MutexGuard`, `Mutex`, `RwLockReadGuard`, `RwLockWriteGuard`
  --> src/fs/ext4/ext4_inode.rs:11:12
   |
11 | use spin::{Mutex, MutexGuard, RwLockReadGuard, RwLockWriteGuard};
   |            ^^^^^  ^^^^^^^^^^  ^^^^^^^^^^^^^^^  ^^^^^^^^^^^^^^^^

warning: unused imports: `Block`, `Ext4BlockGroup`
  --> src/fs/ext4/ext4_inode.rs:15:19
   |
15 |     block_group::{Block, Ext4BlockGroup},
   |                   ^^^^^  ^^^^^^^^^^^^^^

warning: unused import: `core::panic`
 --> src/fs/ext4/extent.rs:1:5
  |
1 | use core::panic;
  |     ^^^^^^^^^^^

warning: unused import: `convert::TryInto`
 --> src/fs/ext4/extent.rs:2:12
  |
2 | use core::{convert::TryInto, intrinsics::size_of};
  |            ^^^^^^^^^^^^^^^^

warning: unused import: `crate::timer::get_time_sec`
 --> src/fs/ext4/file.rs:3:5
  |
3 | use crate::timer::get_time_sec;
  |     ^^^^^^^^^^^^^^^^^^^^^^^^^^

warning: unused import: `FileType`
 --> src/fs/ext4/smoke.rs:7:39
  |
7 | use crate::fs::vfs::{FilePrivateData, FileType, IndexNode as _};
  |                                       ^^^^^^^^

warning: unnecessary parentheses around block return value
   --> src/fs/ext4_lwext4/ext4fs.rs:417:24
    |
417 |             | unsafe { ((raw_inode.osd2.linux2.uid_high as u32) << 16) };
    |                        ^                                             ^
    |
    = note: `#[warn(unused_parens)]` on by default
help: remove these parentheses
    |
417 -             | unsafe { ((raw_inode.osd2.linux2.uid_high as u32) << 16) };
417 +             | unsafe { (raw_inode.osd2.linux2.uid_high as u32) << 16 };
    |

warning: unnecessary parentheses around block return value
   --> src/fs/ext4_lwext4/ext4fs.rs:419:24
    |
419 |             | unsafe { ((raw_inode.osd2.linux2.gid_high as u32) << 16) };
    |                        ^                                             ^
    |
help: remove these parentheses
    |
419 -             | unsafe { ((raw_inode.osd2.linux2.gid_high as u32) << 16) };
419 +             | unsafe { (raw_inode.osd2.linux2.gid_high as u32) << 16 };
    |

warning: unused imports: `PAGE_SIZE_BITS`, `PAGE_SIZE`
  --> src/fs/ext4_lwext4/layout.rs:27:21
   |
27 | use crate::config::{PAGE_SIZE, PAGE_SIZE_BITS};
   |                     ^^^^^^^^^  ^^^^^^^^^^^^^^

warning: unused import: `string::String`
  --> src/fs/initramfs.rs:15:13
   |
15 | use alloc::{string::String, sync::Arc, vec::Vec};
   |             ^^^^^^^^^^^^^^

warning: unused import: `MountFS as _`
  --> src/fs/initramfs.rs:17:67
   |
17 | use super::vfs::{File, FileFlags, FileType, IndexNode, InodeMode, MountFS as _, MountFS};
   |                                                                   ^^^^^^^^^^^^

warning: unused import: `evict_all_clean_pages`
  --> src/fs/mod.rs:15:27
   |
15 |     entries_global_stats, evict_all_clean_pages, flush_all_page_caches, registry_stats, PageCache,
   |                           ^^^^^^^^^^^^^^^^^^^^^

warning: unused import: `ToString`
 --> src/fs/procfs/files/net_route.rs:6:29
  |
6 | use alloc::string::{String, ToString};
  |                             ^^^^^^^^

warning: unused import: `alloc::format`
 --> src/fs/procfs/files/version.rs:5:5
  |
5 | use alloc::format;
  |     ^^^^^^^^^^^^^

warning: unused import: `FileFlags`
  --> src/fs/procfs/pid/ns.rs:13:11
   |
13 |     vfs::{FileFlags, FilePrivateData, FileSystem, FileType, IndexNode, InodeMode, Metadata},
   |           ^^^^^^^^^

warning: unused imports: `SysContentFn`, `SysWriteFn`
  --> src/fs/sysfs/files/diag.rs:13:24
   |
13 | use crate::fs::sysfs::{SysContentFn, SysInode, SysWriteFn};
   |                        ^^^^^^^^^^^^            ^^^^^^^^^^

warning: unused import: `crate::mm::frame_alloc`
  --> src/fs/tmpfs/mod.rs:25:5
   |
25 | use crate::mm::frame_alloc;
   |     ^^^^^^^^^^^^^^^^^^^^^^

warning: unused import: `core::any::Any`
 --> src/fs/inode.rs:2:5
  |
2 | use core::any::Any;
  |     ^^^^^^^^^^^^^^

warning: unused import: `crate::fs::fat32::layout::FATDiskInodeType`
 --> src/fs/inode.rs:4:5
  |
4 | use crate::fs::fat32::layout::FATDiskInodeType;
  |     ^^^^^^^^^^^^^^^^^^^^^^^^^^^^^^^^^^^^^^^^^^

warning: unused import: `alloc::sync::Arc`
 --> src/fs/inode.rs:5:5
  |
5 | use alloc::sync::Arc;
  |     ^^^^^^^^^^^^^^^^

warning: unused import: `alloc::vec::Vec`
 --> src/fs/inode.rs:6:5
  |
6 | use alloc::vec::Vec;
  |     ^^^^^^^^^^^^^^^

warning: unused import: `fat32::fat_inode::FileContent`
 --> src/fs/inode.rs:7:5
  |
7 | use fat32::fat_inode::FileContent;
  |     ^^^^^^^^^^^^^^^^^^^^^^^^^^^^^

warning: unused import: `fat32::layout::FATShortDirEnt`
 --> src/fs/inode.rs:8:5
  |
8 | use fat32::layout::FATShortDirEnt;
  |     ^^^^^^^^^^^^^^^^^^^^^^^^^^^^^

warning: unused imports: `MutexGuard`, `Mutex`, `RwLockReadGuard`, `RwLockWriteGuard`
 --> src/fs/inode.rs:9:12
  |
9 | use spin::{Mutex, MutexGuard, RwLockReadGuard, RwLockWriteGuard};
  |            ^^^^^  ^^^^^^^^^^  ^^^^^^^^^^^^^^^  ^^^^^^^^^^^^^^^^

warning: unused import: `core::sync::atomic::AtomicUsize`
  --> src/fs/vfs/dentry_cache.rs:21:5
   |
21 | use core::sync::atomic::AtomicUsize;
   |     ^^^^^^^^^^^^^^^^^^^^^^^^^^^^^^^

warning: unused import: `FileOwnerSnapshot`
 --> src/fs/vfs/fasync.rs:5:28
  |
5 | use crate::fs::vfs::file::{FileOwnerSnapshot, FileOwnerTarget};
  |                            ^^^^^^^^^^^^^^^^^

warning: unused import: `ToString`
  --> src/fs/vfs/file.rs:15:29
   |
15 | use alloc::string::{String, ToString};
   |                             ^^^^^^^^

warning: unused import: `InodeFlags`
  --> src/fs/vfs/file.rs:24:51
   |
24 | use super::{FilePrivateData, FileType, IndexNode, InodeFlags, InodeMode, Metadata};
   |                                                   ^^^^^^^^^^

warning: unused import: `Frame`
    --> src/fs/vfs/file.rs:1706:38
     |
1706 |         use crate::mm::{frame_alloc, Frame, FrameTracker, MapPermission, KERNEL_SPACE};
     |                                      ^^^^^

warning: unused import: `InodeFlags`
  --> src/fs/vfs/index_node.rs:18:68
   |
18 |     file::FileFlags, mount::MountFlags, FilePrivateData, FileType, InodeFlags, InodeId, InodeMode,
   |                                                                    ^^^^^^^^^^

warning: unused import: `PropagationType`
  --> src/fs/vfs/mount.rs:35:51
   |
35 |         unregister_slave_mount, MountPropagation, PropagationType,
   |                                                   ^^^^^^^^^^^^^^^

warning: unused import: `crate::utils::error::SyscallErr`
  --> src/fs/vfs/mod.rs:37:5
   |
37 | use crate::utils::error::SyscallErr;
   |     ^^^^^^^^^^^^^^^^^^^^^^^^^^^^^^^

warning: unused import: `vec::Vec`
  --> src/fs/vfs/mod.rs:38:40
   |
38 | use alloc::{string::String, sync::Arc, vec::Vec};
   |                                        ^^^^^^^^

warning: unused import: `core::any::Any`
  --> src/fs/vfs/mod.rs:39:5
   |
39 | use core::any::Any;
   |     ^^^^^^^^^^^^^^

warning: unused imports: `FAsyncItem`, `FAsyncItems`, `set_file_fasync`
  --> src/fs/vfs/mod.rs:42:18
   |
42 | pub use fasync::{set_file_fasync, FAsyncItem, FAsyncItems};
   |                  ^^^^^^^^^^^^^^^  ^^^^^^^^^^  ^^^^^^^^^^^

warning: unused imports: `F_RDLCK`, `F_UNLCK`, `F_WRLCK`, `FcntlCommand`, `PosixFlock`
  --> src/fs/vfs/mod.rs:44:15
   |
44 |     FOwnerEx, FcntlCommand, PosixFlock, FD_CLOEXEC, F_OWNER_PGRP, F_OWNER_PID, F_OWNER_TID,
   |               ^^^^^^^^^^^^  ^^^^^^^^^^
45 |     F_RDLCK, F_SEAL_FUTURE_WRITE, F_SEAL_GROW, F_SEAL_SEAL, F_SEAL_SHRINK, F_SEAL_WRITE, F_UNLCK,
   |     ^^^^^^^                                                                              ^^^^^^^
46 |     F_WRLCK,
   |     ^^^^^^^

warning: unused imports: `FileOwnerSnapshot`, `FileOwner`
  --> src/fs/vfs/mod.rs:49:59
   |
49 |     EventQueueHandle, FdTable, File, FileFlags, FileMode, FileOwner, FileOwnerSnapshot,
   |                                                           ^^^^^^^^^  ^^^^^^^^^^^^^^^^^

warning: unused imports: `MountList`, `MountPath`
  --> src/fs/vfs/mod.rs:56:31
   |
56 |     MountFSInode, MountFlags, MountList, MountPath,
   |                               ^^^^^^^^^  ^^^^^^^^^

warning: unused imports: `MountPropagation`, `PropagationType`, `configure_propagation_no_register`, `get_slaves`, `install_propagation`, `propagate_mount`, `propagate_umount`, `register_current_propagation`, `register_peer`, `register_slave`, `set_propagation_type`, `unregister_peer_mount`, `unregister_slave_mount`
  --> src/fs/vfs/mod.rs:59:5
   |
59 |     configure_propagation_no_register, get_slaves, install_propagation, propagate_mount,
   |     ^^^^^^^^^^^^^^^^^^^^^^^^^^^^^^^^^  ^^^^^^^^^^  ^^^^^^^^^^^^^^^^^^^  ^^^^^^^^^^^^^^^
60 |     propagate_umount, register_current_propagation, register_peer, register_slave,
   |     ^^^^^^^^^^^^^^^^  ^^^^^^^^^^^^^^^^^^^^^^^^^^^^  ^^^^^^^^^^^^^  ^^^^^^^^^^^^^^
61 |     set_propagation_type, unregister_peer_mount, unregister_slave_mount, MountPropagation,
   |     ^^^^^^^^^^^^^^^^^^^^  ^^^^^^^^^^^^^^^^^^^^^  ^^^^^^^^^^^^^^^^^^^^^^  ^^^^^^^^^^^^^^^^
62 |     PropagationType,
   |     ^^^^^^^^^^^^^^^

warning: unused import: `crate::drivers::block::BlockDevice`
  --> src/fs/vfs/mod.rs:65:5
   |
65 | use crate::drivers::block::BlockDevice;
   |     ^^^^^^^^^^^^^^^^^^^^^^^^^^^^^^^^^^

warning: unused import: `detect_fs`
  --> src/fs/mod.rs:38:28
   |
38 | pub use self::filesystem::{detect_fs, detect_fs_layout, DetectedFs, FS_Type};
   |                            ^^^^^^^^^

warning: unused import: `crate::hal::arch::get_clock_freq`
  --> src/hal/arch/loongarch64/trap/mod.rs:13:5
   |
13 | use crate::hal::arch::get_clock_freq;
   |     ^^^^^^^^^^^^^^^^^^^^^^^^^^^^^^^^

warning: unused import: `TCfg`
  --> src/hal/arch/loongarch64/trap/mod.rs:15:85
   |
15 | use crate::hal::arch::loongarch64::register::{CrMd, ECfg, LineBasedInterrupt, PrMd, TCfg, TIClr};
   |                                                                                     ^^^^

warning: unused import: `crate::hal::arch::TICKS_PER_SEC`
  --> src/hal/arch/loongarch64/trap/mod.rs:17:5
   |
17 | use crate::hal::arch::TICKS_PER_SEC;
   |     ^^^^^^^^^^^^^^^^^^^^^^^^^^^^^^^

warning: unused import: `crate::net::config::NET_INTERFACE`
  --> src/hal/arch/loongarch64/trap/mod.rs:21:5
   |
21 | use crate::net::config::NET_INTERFACE;
   |     ^^^^^^^^^^^^^^^^^^^^^^^^^^^^^^^^^

warning: unused imports: `do_wake_expired`, `suspend_current_and_run_next`
  --> src/hal/arch/loongarch64/trap/mod.rs:24:71
   |
24 |     current_task_ref, current_trap_cx, current_user_token, do_signal, do_wake_expired,
   |                                                                       ^^^^^^^^^^^^^^^
25 |     signal::SigInfo, suspend_current_and_run_next, Signals,
   |                      ^^^^^^^^^^^^^^^^^^^^^^^^^^^^

warning: unused imports: `asid_alloc`, `asid_free`, `set_asid`
  --> src/hal/arch/loongarch64/mod.rs:33:15
   |
33 | pub use tlb::{asid_alloc, asid_free, set_asid, tlb_global_invalidate, tlb_invalidate};
   |               ^^^^^^^^^^  ^^^^^^^^^  ^^^^^^^^

warning: unused import: `cpuid::*`
  --> src/hal/arch/loongarch64/register/mod.rs:15:5
   |
15 |     cpuid::*,
   |     ^^^^^^^^

warning: unused import: `syscall_id`
  --> src/hal/arch/mod.rs:18:26
   |
18 |     start_secondary_cpu, syscall_id,
   |                          ^^^^^^^^^^

warning: unused imports: `console_flush`, `console_putchar`
  --> src/hal/mod.rs:24:16
   |
24 | pub use arch::{console_flush, console_getchar, console_putchar, console_write_bytes};
   |                ^^^^^^^^^^^^^                   ^^^^^^^^^^^^^^^

warning: unused imports: `BUFFER_CACHE_NUM`, `MEMORY_END`
  --> src/hal/mod.rs:34:26
   |
34 | pub use arch::{BLOCK_SZ, BUFFER_CACHE_NUM, KERNEL_HEAP_SIZE, MEMORY_END};
   |                          ^^^^^^^^^^^^^^^^                    ^^^^^^^^^^

warning: unused import: `alloc::vec`
  --> src/kernel_tests/runner.rs:10:5
   |
10 | use alloc::vec;
   |     ^^^^^^^^^^

warning: unused import: `MetadataHeap`
  --> src/mm/slab.rs:12:30
   |
12 | use buddy_system_allocator::{MetadataHeap, PageOrder, PageRun, AllocError as PageAllocError};
   |                              ^^^^^^^^^^^^

warning: unused import: `address::PPNRange`
  --> src/mm/mod.rs:40:9
   |
40 | pub use address::PPNRange;
   |         ^^^^^^^^^^^^^^^^^

warning: unused imports: `frame_alloc_uninit`, `frame_frag_diag`, `is_ram_phys_addr`
  --> src/mm/mod.rs:45:18
   |
45 |     frame_alloc, frame_alloc_uninit, frame_dealloc, frame_frag_diag, frame_reclaim_linker_range,
   |                  ^^^^^^^^^^^^^^^^^^                 ^^^^^^^^^^^^^^^
46 |     frame_reserve, frames_alloc, frames_alloc_any, frames_alloc_fresh_contiguous,
47 |     is_allocatable_ram_phys_addr, is_ram_phys_addr, unallocated_frames, FrameTracker,
   |                                   ^^^^^^^^^^^^^^^^

warning: unused import: `KernelSpace`
  --> src/mm/mod.rs:53:38
   |
53 | pub use kernel_space::{kernel_token, KernelSpace, KERNEL_SPACE};
   |                                      ^^^^^^^^^^^

warning: unused import: `crate::hal::tlb_invalidate`
   --> src/mm/mod.rs:112:9
    |
112 | pub use crate::hal::tlb_invalidate;
    |         ^^^^^^^^^^^^^^^^^^^^^^^^^^

warning: unused import: `core::result`
 --> src/net/adapter.rs:2:5
  |
2 | use core::result;
  |     ^^^^^^^^^^^^

warning: unused import: `spin::Mutex`
  --> src/net/adapter.rs:14:5
   |
14 | use spin::Mutex;
   |     ^^^^^^^^^^^

warning: unused import: `crate::net::socket::inet::stream::inner::tcp_state_code`
 --> src/net/config.rs:9:5
  |
9 | use crate::net::socket::inet::stream::inner::tcp_state_code;
  |     ^^^^^^^^^^^^^^^^^^^^^^^^^^^^^^^^^^^^^^^^^^^^^^^^^^^^^^^

warning: unused import: `TCP_SOCKETS`
  --> src/net/config.rs:10:18
   |
10 | use crate::net::{TCP_SOCKETS, TCP_SOCKETS_TO_REMOVE, UDP_SOCKETS_TO_REMOVE};
   |                  ^^^^^^^^^^^

warning: unused import: `crate::trace_event`
  --> src/net/config.rs:12:5
   |
12 | use crate::trace_event;
   |     ^^^^^^^^^^^^^^^^^^

warning: unused import: `Device`
  --> src/net/config.rs:22:11
   |
22 |     phy::{Device, Loopback, Medium},
   |           ^^^^^^

warning: unused import: `alloc::vec`
 --> src/net/ioctl.rs:3:5
  |
3 | use alloc::vec;
  |     ^^^^^^^^^^

warning: unused import: `DeviceCapabilities`
  --> src/net/net_core.rs:10:20
   |
10 | use smoltcp::phy::{DeviceCapabilities, Loopback, Medium};
   |                    ^^^^^^^^^^^^^^^^^^

warning: unused doc comment
 --> src/net/posix.rs:7:1
  |
7 | / /// POSIX socket() 系统调用的 type 参数解析器。
8 | | /// 纯类型位（低 4 位）与控制标志（NONBLOCK / CLOEXEC）共存在同一个 u32 中，
9 | | /// 此 bitflags 用于在 syscall 入口处一次性解析，提取出纯类型后转换为 `PSOCK` 枚举。
  | |_-----------------------------------------------------------------------------------^
  |   |
  |   rustdoc does not generate documentation for macro invocations
  |
  = help: to document an item produced by a macro, the macro must produce the documentation as part of its expansion

warning: unused import: `super::Mutex`
 --> src/net/routing.rs:7:5
  |
7 | use super::Mutex;
  |     ^^^^^^^^^^^^

warning: unused import: `net::address`
 --> src/net/socket/inet/datagram/udp.rs:7:5
  |
7 |     net::address,
  |     ^^^^^^^^^^^^

warning: unused import: `alloc::string::String`
  --> src/net/socket/inet/datagram/udp.rs:12:5
   |
12 | use alloc::string::String;
   |     ^^^^^^^^^^^^^^^^^^^^^

warning: unused import: `crate::net::config::NetInterfaceInner`
  --> src/net/socket/inet/datagram/udp.rs:29:5
   |
29 | use crate::net::config::NetInterfaceInner;
   |     ^^^^^^^^^^^^^^^^^^^^^^^^^^^^^^^^^^^^^

warning: unused import: `lookup_source_ip`
 --> src/net/socket/inet/stream/inner.rs:9:14
  |
9 |     config::{lookup_source_ip, NET_INTERFACE},
  |              ^^^^^^^^^^^^^^^^

warning: unused import: `alloc::sync::Arc`
  --> src/net/socket/inet/stream/inner.rs:16:5
   |
16 | use alloc::sync::Arc;
   |     ^^^^^^^^^^^^^^^^

warning: unused import: `GeneralRet`
  --> src/net/socket/inet/stream/inner.rs:26:27
   |
26 | use crate::utils::error::{GeneralRet, SyscallErr};
   |                           ^^^^^^^^^^

warning: unused imports: `Established`, `Init`
 --> src/net/socket/inet/stream/io.rs:9:34
  |
9 | use super::inner::{with_tcp_mut, Established, Init, Inner};
  |                                  ^^^^^^^^^^^  ^^^^

warning: unused import: `crate::net::config::NET_INTERFACE`
  --> src/net/socket/inet/stream/io.rs:10:5
   |
10 | use crate::net::config::NET_INTERFACE;
   |     ^^^^^^^^^^^^^^^^^^^^^^^^^^^^^^^^^

warning: unused import: `TCP_SOCKETS_TO_REMOVE`
 --> src/net/socket/inet/stream/lifecycle.rs:7:5
  |
7 |     TCP_SOCKETS_TO_REMOVE,
  |     ^^^^^^^^^^^^^^^^^^^^^

warning: unused import: `alloc::vec::Vec`
  --> src/net/socket/inet/stream/lifecycle.rs:13:5
   |
13 | use alloc::vec::Vec;
   |     ^^^^^^^^^^^^^^^

warning: unused import: `core::sync::atomic::Ordering`
  --> src/net/socket/inet/stream/lifecycle.rs:14:5
   |
14 | use core::sync::atomic::Ordering;
   |     ^^^^^^^^^^^^^^^^^^^^^^^^^^^^

warning: unused import: `time::Duration`
  --> src/net/socket/inet/stream/lifecycle.rs:17:5
   |
17 |     time::Duration,
   |     ^^^^^^^^^^^^^^

warning: unused imports: `SelfConnected`, `tcp_state_code`
  --> src/net/socket/inet/stream/lifecycle.rs:22:5
   |
22 |     tcp_state_code, with_tcp_mut, Connecting, Established, Init, Inner, Listening, SelfConnected,
   |     ^^^^^^^^^^^^^^                                                                 ^^^^^^^^^^^^^

warning: unused import: `alloc::vec::Vec`
  --> src/net/socket/inet/stream/mod.rs:23:5
   |
23 | use alloc::vec::Vec;
   |     ^^^^^^^^^^^^^^^

warning: unused imports: `Connecting`, `Established`, `Listening`, `SelfConnected`, `with_tcp_mut`
  --> src/net/socket/inet/stream/mod.rs:40:5
   |
40 |     with_tcp_mut, Connecting, Established, Init, Listening, SelfConnected, BACKLOG_SIZE,
   |     ^^^^^^^^^^^^  ^^^^^^^^^^  ^^^^^^^^^^^        ^^^^^^^^^  ^^^^^^^^^^^^^

warning: unused import: `PortManager`
  --> src/net/socket/inet/stream/mod.rs:43:52
   |
43 | use crate::net::socket::inet::common::{BoundInner, PortManager};
   |                                                    ^^^^^^^^^^^

warning: unused import: `crate::trace_event`
  --> src/net/socket/inet/stream/mod.rs:45:5
   |
45 | use crate::trace_event;
   |     ^^^^^^^^^^^^^^^^^^

warning: unused import: `alloc::sync::Arc`
 --> src/net/socket/netlink/mod.rs:5:5
  |
5 | use alloc::sync::Arc;
  |     ^^^^^^^^^^^^^^^^

warning: unused import: `alloc::vec::Vec`
 --> src/net/socket/netlink/route/addr.rs:7:5
  |
7 | use alloc::vec::Vec;
  |     ^^^^^^^^^^^^^^^

warning: unused import: `alloc::vec::Vec`
 --> src/net/socket/netlink/route/link.rs:5:5
  |
5 | use alloc::vec::Vec;
  |     ^^^^^^^^^^^^^^^

warning: unused imports: `NLM_F_CREATE`, `NLM_F_EXCL`
 --> src/net/socket/netlink/route/link.rs:9:19
  |
9 |     NLA_F_NESTED, NLM_F_CREATE, NLM_F_EXCL, VETH_INFO_PEER,
  |                   ^^^^^^^^^^^^  ^^^^^^^^^^

warning: unused import: `NLM_F_CREATE`
 --> src/net/socket/netlink/route/route.rs:6:24
  |
6 |     build_nlmsg_error, NLM_F_CREATE, NLM_F_EXCL, NLM_F_REPLACE, RTA_DST, RTA_GATEWAY, RTA_OIF,
  |                        ^^^^^^^^^^^^

warning: unused import: `NoAttr`
  --> src/net/socket/netlink/route/mod.rs:13:79
   |
13 |     CMsgSegHdr, DoneSegment, DoneSegmentBody, ErrorSegment, ErrorSegmentBody, NoAttr,
   |                                                                               ^^^^^^

warning: unused imports: `IpCidr`, `Ipv4Address`, `Ipv6Address`
  --> src/net/socket/netlink/route/mod.rs:19:49
   |
19 | use smoltcp::wire::{EthernetAddress, IpAddress, IpCidr, Ipv4Address, Ipv6Address};
   |                                                 ^^^^^^  ^^^^^^^^^^^  ^^^^^^^^^^^

warning: unused import: `Weak`
 --> src/net/socket/packet.rs:2:24
  |
2 | use alloc::sync::{Arc, Weak};
  |                        ^^^^

warning: unused import: `alloc::vec`
 --> src/net/socket/packet.rs:3:5
  |
3 | use alloc::vec;
  |     ^^^^^^^^^^

warning: unused import: `crate::net::adapter::IfaceDevice`
  --> src/net/socket/packet.rs:10:5
   |
10 | use crate::net::adapter::IfaceDevice;
   |     ^^^^^^^^^^^^^^^^^^^^^^^^^^^^^^^^

warning: unused import: `Endpoint`
 --> src/net/socket/unix/ns/mod.rs:8:18
  |
8 | use crate::net::{Endpoint, Socket};
  |                  ^^^^^^^^

warning: unused import: `UnixEndpoint`
  --> src/net/socket/unix/stream/inner.rs:19:32
   |
19 | use crate::net::socket::unix::{UnixEndpoint, UnixEndpointBound};
   |                                ^^^^^^^^^^^^

warning: unused imports: `Dirent`, `OpenFlags`, `SeekWhence`, `Stat`, `UserBuffer`, `fat32::DiskInodeType`, `inner::with_tcp_mut`
  --> src/net/socket/mod.rs:8:10
   |
8  |     fs::{fat32::DiskInodeType, vfs, vfs::FileFlags, Dirent, OpenFlags, SeekWhence, Stat},
   |          ^^^^^^^^^^^^^^^^^^^^                       ^^^^^^  ^^^^^^^^^  ^^^^^^^^^^  ^^^^
9  |     mm::{UserBuffer, UserBufferWriter, UserPtr, UserPtrMut},
   |          ^^^^^^^^^^
...
15 |             stream::{inner::with_tcp_mut, TcpSocket},
   |                      ^^^^^^^^^^^^^^^^^^^

warning: unused import: `alloc::collections::VecDeque`
  --> src/net/socket/mod.rs:22:5
   |
22 | use alloc::collections::VecDeque;
   |     ^^^^^^^^^^^^^^^^^^^^^^^^^^^^

warning: unused import: `String`
  --> src/net/socket/mod.rs:24:14
   |
24 |     string::{String, ToString},
   |              ^^^^^^

warning: unused import: `IpListenEndpoint`
  --> src/net/socket/mod.rs:34:44
   |
34 | use smoltcp::wire::{IpAddress, IpEndpoint, IpListenEndpoint, Ipv4Address, Ipv6Address};
   |                                            ^^^^^^^^^^^^^^^^

warning: unused import: `alloc::string::ToString`
  --> src/net/syscall/bind.rs:10:5
   |
10 | use alloc::string::ToString;
   |     ^^^^^^^^^^^^^^^^^^^^^^^

warning: unused import: `super::common::is_known_sockopt_level`
 --> src/net/syscall/getsockopt.rs:7:5
  |
7 | use super::common::is_known_sockopt_level;
  |     ^^^^^^^^^^^^^^^^^^^^^^^^^^^^^^^^^^^^^

warning: unused import: `crate::utils::error::SyscallErr`
 --> src/net/syscall/shutdown.rs:1:5
  |
1 | use crate::utils::error::SyscallErr;
  |     ^^^^^^^^^^^^^^^^^^^^^^^^^^^^^^^

warning: unused imports: `ACCEPT_WAITER_COUNT`, `AF_NETLINK`, `AF_PACKET`, `Fd`, `RAW_SOCKETS_TO_REMOVE`, `SHUT_RDWR`, `SHUT_WR`
  --> src/net/mod.rs:27:5
   |
27 |     Fd, PacketEndpoint, Socket, SocketFile, TcpInfo, ACCEPT_WAITER_COUNT, AF_INET, AF_INET6,
   |     ^^                                               ^^^^^^^^^^^^^^^^^^^
28 |     AF_NETLINK, AF_PACKET, AF_UNIX, AF_UNSPEC, MAX_BUFFER_SIZE, PACKET_SOCKETS, PSOCK, RAW_SOCKETS,
   |     ^^^^^^^^^^  ^^^^^^^^^
29 |     RAW_SOCKETS_TO_REMOVE, SHUT_RD, SHUT_RDWR, SHUT_WR, TCP_LISTENERS, TCP_MSS, TCP_SOCKETS,
   |     ^^^^^^^^^^^^^^^^^^^^^           ^^^^^^^^^  ^^^^^^^

warning: unused imports: `init_posix_lock_manager`, `mgr`
 --> src/syscall/fs/common.rs:8:45
  |
8 | pub(crate) use crate::fs::vfs::posix_lock::{init_posix_lock_manager, mgr, posix_lock_get, posix_lock_set, release_posix_for_owner, LockKe...
  |                                             ^^^^^^^^^^^^^^^^^^^^^^^  ^^^

warning: unused import: `crate::syscall::utils::wait_io_core`
  --> src/syscall/fs/common.rs:14:16
   |
14 | pub(crate) use crate::syscall::utils::wait_io_core;
   |                ^^^^^^^^^^^^^^^^^^^^^^^^^^^^^^^^^^^

warning: unused import: `find_process_by_pid`
  --> src/syscall/fs/common.rs:16:39
   |
16 |     current_task, current_user_token, find_process_by_pid, find_task_by_tid,
   |                                       ^^^^^^^^^^^^^^^^^^^

warning: unused import: `alloc::boxed::Box`
  --> src/syscall/fs/common.rs:22:16
   |
22 | pub(crate) use alloc::boxed::Box;
   |                ^^^^^^^^^^^^^^^^^

warning: unused import: `core::mem::size_of`
  --> src/syscall/fs/common.rs:27:16
   |
27 | pub(crate) use core::mem::size_of;
   |                ^^^^^^^^^^^^^^^^^^

warning: unused import: `core::panic`
  --> src/syscall/fs/common.rs:28:16
   |
28 | pub(crate) use core::panic;
   |                ^^^^^^^^^^^

warning: unused import: `sys_dup2::sys_dup2`
  --> src/syscall/fs/mod.rs:49:9
   |
49 | pub use sys_dup2::sys_dup2;
   |         ^^^^^^^^^^^^^^^^^^

warning: unused import: `super::common::*`
 --> src/syscall/fs/sys_chmod.rs:1:5
  |
1 | use super::common::*;
  |     ^^^^^^^^^^^^^^^^

warning: unused import: `sys_chmod::sys_chmod`
  --> src/syscall/fs/mod.rs:77:9
   |
77 | pub use sys_chmod::sys_chmod;
   |         ^^^^^^^^^^^^^^^^^^^^

warning: unused import: `alloc::boxed::Box`
 --> src/task/elf.rs:7:5
  |
7 | use alloc::boxed::Box;
  |     ^^^^^^^^^^^^^^^^^

warning: unused import: `Weak`
  --> src/task/net_namespace.rs:11:24
   |
11 | use alloc::sync::{Arc, Weak};
   |                        ^^^^

warning: unused imports: `kernel_timer_queue_len`, `zombie_count`
  --> src/task/mod.rs:43:34
   |
43 |     has_zombie_queue_tasks_fast, kernel_timer_queue_len, procs_count, remove_tasks_from_queues,
   |                                  ^^^^^^^^^^^^^^^^^^^^^^
...
47 |     wake_interruptible, zombie_count, TimerAction, WaitQueue, WaitResult,
   |                         ^^^^^^^^^^^^

warning: unused import: `sleep_until_interruptible`
  --> src/task/mod.rs:74:35
   |
74 |     sleep_relative_interruptible, sleep_until_interruptible, sleep_until_realtime_interruptible,
   |                                   ^^^^^^^^^^^^^^^^^^^^^^^^^

warning: trait objects without an explicit `dyn` are deprecated
   --> src/net/syscall/sendmsg.rs:144:55
    |
144 | fn resolve_dest(msg: &MsgHdr, token: usize, _socket: &crate::net::Socket) -> Option<Endpoint> {
    |                                                       ^^^^^^^^^^^^^^^^^^
    |
    = warning: this is accepted in the current edition (Rust 2018) but is a hard error in Rust 2021!
    = note: for more information, see <https://doc.rust-lang.org/nightly/edition-guide/rust-2021/warnings-promoted-to-error.html>
    = note: `#[warn(bare_trait_objects)]` on by default
help: if this is an object-safe trait, use `dyn`
    |
144 | fn resolve_dest(msg: &MsgHdr, token: usize, _socket: &dyn crate::net::Socket) -> Option<Endpoint> {
    |                                                       +++

warning: unreachable expression
  --> src/kernel_tests/mod.rs:66:5
   |
64 |     runner::run_tests(config, &all_tests());
   |     --------------------------------------- any code following this expression is unreachable
65 |     // runner::run_tests will call shutdown() — this is unreachable
66 |     unreachable!()
   |     ^^^^^^^^^^^^^^ unreachable expression
   |
   = note: `#[warn(unreachable_code)]` on by default
   = note: this warning originates in the macro `$crate::panic::unreachable_2015` which comes from the expansion of the macro `unreachable` (in Nightly builds, run with -Z macro-backtrace for more info)

warning: unreachable statement
  --> src/kernel_tests/mod.rs:81:5
   |
79 |     runner::run_tests(&config, &all_tests());
   |     ---------------------------------------- any code following this expression is unreachable
80 |     // run_tests calls hal::shutdown() — never returns
81 |     unreachable!();
   |     ^^^^^^^^^^^^^^ unreachable statement
   |
   = note: this warning originates in the macro `unreachable` (in Nightly builds, run with -Z macro-backtrace for more info)

warning: trait objects without an explicit `dyn` are deprecated
  --> src/net/syscall/socket.rs:38:24
   |
38 |     let result = match crate::net::Socket::alloc(domain, psock, protocol, is_nonblock, is_cloexec) {
   |                        ^^^^^^^^^^^^^^^^^^
   |
   = warning: this is accepted in the current edition (Rust 2018) but is a hard error in Rust 2021!
   = note: for more information, see <https://doc.rust-lang.org/nightly/edition-guide/rust-2021/warnings-promoted-to-error.html>
help: if this is an object-safe trait, use `dyn`
   |
38 |     let result = match <dyn crate::net::Socket>::alloc(domain, psock, protocol, is_nonblock, is_cloexec) {
   |                        ++++                   +

warning: unused import: `Socket`
 --> src/net/syscall/socket.rs:5:18
  |
5 | use crate::net::{Socket, PSOCK};
  |                  ^^^^^^

warning: unused import: `crate::fs::vfs::IndexNode`
 --> src/fs/procfs/pid/fd.rs:2:5
  |
2 | use crate::fs::vfs::IndexNode as _;
  |     ^^^^^^^^^^^^^^^^^^^^^^^^^

warning: unused import: `IndexNode`
   --> src/kernel_tests/ext4.rs:734:53
    |
734 |     use crate::fs::vfs::{FilePrivateData, FileType, IndexNode as _, InodeMode};
    |                                                     ^^^^^^^^^

warning: unused import: `IndexNode`
  --> src/fs/vfs/propagation.rs:18:13
   |
18 | use super::{IndexNode, InodeId, MountFS, MountFSInode};
   |             ^^^^^^^^^

warning: unused import: `IndexNode`
    --> src/fs/mod.rs:1164:48
     |
1164 |     use self::vfs::{FilePrivateData, FileType, IndexNode as _};
     |                                                ^^^^^^^^^

warning: variable does not need to be mutable
   --> src/fs/ext4/counters.rs:419:17
    |
419 |             let mut guard = crate::fs::ext4::ext4fs::EXT4_REGISTRY.lock();
    |                 ----^^^^^
    |                 |
    |                 help: remove this `mut`
    |
    = note: `#[warn(unused_mut)]` on by default

warning: variable does not need to be mutable
   --> src/fs/ext4/counters.rs:431:17
    |
431 |             let mut guard = crate::fs::ext4::ext4fs::EXT4_REGISTRY.lock();
    |                 ----^^^^^
    |                 |
    |                 help: remove this `mut`

warning: variable does not need to be mutable
   --> src/fs/ext4/counters.rs:442:17
    |
442 |             let mut guard = crate::fs::ext4::ext4fs::EXT4_REGISTRY.lock();
    |                 ----^^^^^
    |                 |
    |                 help: remove this `mut`

warning: variable does not need to be mutable
   --> src/fs/ext4/counters.rs:453:17
    |
453 |             let mut guard = crate::fs::ext4::ext4fs::EXT4_REGISTRY.lock();
    |                 ----^^^^^
    |                 |
    |                 help: remove this `mut`

warning: variable does not need to be mutable
   --> src/fs/ext4/counters.rs:464:17
    |
464 |             let mut guard = crate::fs::ext4::ext4fs::EXT4_REGISTRY.lock();
    |                 ----^^^^^
    |                 |
    |                 help: remove this `mut`

warning: variable does not need to be mutable
   --> src/fs/ext4/counters.rs:532:9
    |
532 |     let mut guard = crate::fs::ext4::ext4fs::EXT4_REGISTRY.lock();
    |         ----^^^^^
    |         |
    |         help: remove this `mut`

warning: variable does not need to be mutable
   --> src/fs/ext4/ext4_inode.rs:855:13
    |
855 |         let mut meta_reads_before = crate::fs::ext4::counters::METADATA_BLOCK_READ_COUNT.load(core::sync::atomic::Ordering::Relaxed);
    |             ----^^^^^^^^^^^^^^^^^
    |             |
    |             help: remove this `mut`

warning: variable does not need to be mutable
   --> src/fs/ext4/extent.rs:333:25
    |
333 |                     let mut ext = Ext4Extent::load_from_u8_mut(&mut internal_data[offset..]);
    |                         ----^^^
    |                         |
    |                         help: remove this `mut`

warning: variable does not need to be mutable
   --> src/fs/ext4/extent.rs:343:21
    |
343 |                 let mut ext = Ext4Extent::load_from_u8_mut(&mut internal_data[offset..]);
    |                     ----^^^
    |                     |
    |                     help: remove this `mut`

warning: variable does not need to be mutable
   --> src/fs/ext4/file.rs:462:13
    |
462 |         let mut init_child_ref = self.create_inode(inode_mode, uid, gid)?;
    |             ----^^^^^^^^^^^^^^
    |             |
    |             help: remove this `mut`

warning: taking a mutable reference to a `const` item
   --> src/fs/ext4/test.rs:165:33
    |
165 |         .generic_open("t2.txt", &mut super::ROOT_INODE, false, 0, &mut 0)
    |                                 ^^^^^^^^^^^^^^^^^^^^^^
    |
    = note: each usage of a `const` item creates a new temporary
    = note: the mutable reference will refer to this temporary, not the original `const` item
note: `const` item defined here
   --> src/fs/ext4/mod.rs:25:1
    |
25  | pub const ROOT_INODE: u32 = 2;
    | ^^^^^^^^^^^^^^^^^^^^^^^^^
    = note: `#[warn(const_item_mutation)]` on by default

warning: variable does not need to be mutable
   --> src/fs/ext4/test.rs:153:9
    |
153 |     let mut pd = private_data();
    |         ----^^
    |         |
    |         help: remove this `mut`

warning: variable does not need to be mutable
   --> src/fs/ext4/test.rs:226:9
    |
226 |     let mut pd = private_data();
    |         ----^^
    |         |
    |         help: remove this `mut`

warning: variable does not need to be mutable
   --> src/fs/ext4/test.rs:273:9
    |
273 |     let mut pd = private_data();
    |         ----^^
    |         |
    |         help: remove this `mut`

warning: variable does not need to be mutable
    --> src/fs/ext4_lwext4/layout.rs:1059:25
     |
1059 |                     let mut guard = FileGuard::new(&mut f);
     |                         ----^^^^^
     |                         |
     |                         help: remove this `mut`

warning: variable does not need to be mutable
    --> src/fs/vfs/file.rs:1805:13
     |
1805 |         let mut dirents: Vec<crate::fs::dirent::Dirent> = names
     |             ----^^^^^^^
     |             |
     |             help: remove this `mut`

warning: unreachable pattern
   --> src/hal/arch/loongarch64/trap/mod.rs:395:11
    |
395 |         | Trap::Exception(Exception::AddressError)
    |           ^^^^^^^^^^^^^^^^^^^^^^^^^^^^^^^^^^^^^^^^
    |
    = note: `#[warn(unreachable_patterns)]` on by default

warning: variable does not need to be mutable
   --> src/mm/slab.rs:259:37
    |
259 |     unsafe fn push_front(&mut self, mut page: NonNull<SlabPage>, id: SlabListId) {
    |                                     ----^^^^
    |                                     |
    |                                     help: remove this `mut`

warning: variable does not need to be mutable
   --> src/mm/slab.rs:265:21
    |
265 |         if let Some(mut old_head) = self.head {
    |                     ----^^^^^^^^
    |                     |
    |                     help: remove this `mut`

warning: variable does not need to be mutable
   --> src/mm/slab.rs:272:33
    |
272 |     unsafe fn remove(&mut self, mut page: NonNull<SlabPage>, id: SlabListId) {
    |                                 ----^^^^
    |                                 |
    |                                 help: remove this `mut`

warning: variable does not need to be mutable
   --> src/mm/slab.rs:276:18
    |
276 |             Some(mut prev) => unsafe { (*prev.as_ptr()).next = p.next },
    |                  ----^^^^
    |                  |
    |                  help: remove this `mut`

warning: variable does not need to be mutable
   --> src/mm/slab.rs:279:21
    |
279 |         if let Some(mut n) = p.next {
    |                     ----^
    |                     |
    |                     help: remove this `mut`

warning: variable does not need to be mutable
   --> src/mm/slab.rs:293:21
    |
293 |         if let Some(mut new_head) = self.head {
    |                     ----^^^^^^^^
    |                     |
    |                     help: remove this `mut`

warning: variable does not need to be mutable
   --> src/net/config.rs:351:17
    |
351 |             let mut lo_sockets = SocketSet::new(vec![]);
    |                 ----^^^^^^^^^^
    |                 |
    |                 help: remove this `mut`

warning: variable does not need to be mutable
   --> src/net/config.rs:414:17
    |
414 |             let mut runtime_dhcp_handle = None;
    |                 ----^^^^^^^^^^^^^^^^^^^
    |                 |
    |                 help: remove this `mut`

warning: variable does not need to be mutable
   --> src/net/config.rs:573:13
    |
573 |         let mut veth_iface = Interface::new(veth_config, &mut veth_device, now);
    |             ----^^^^^^^^^^
    |             |
    |             help: remove this `mut`

warning: unreachable pattern
   --> src/net/socket/inet/datagram/udp.rs:419:21
    |
419 |                     Err(_) => Err(SyscallErr::ENOBUFS),
    |                     ^^^^^^

warning: unreachable pattern
   --> src/net/socket/inet/datagram/udp.rs:550:21
    |
550 |                     Err(_) => Err(SyscallErr::ENOBUFS),
    |                     ^^^^^^

warning: unreachable pattern
   --> src/net/socket/unix/stream/mod.rs:367:17
    |
364 |                 SHUT_WR => {
    |                 ------- matches any value
...
367 |                 SHUT_RDWR => {
    |                 ^^^^^^^^^ unreachable pattern

warning: unreachable pattern
   --> src/net/socket/unix/stream/mod.rs:371:17
    |
364 |                 SHUT_WR => {
    |                 ------- matches any value
...
371 |                 _ => return Err(SyscallErr::EINVAL),
    |                 ^ unreachable pattern

warning: variable does not need to be mutable
    --> src/syscall/fs/common.rs:1121:9
     |
1121 |     let mut write_once = || match file.write(buf) {
     |         ----^^^^^^^^^^
     |         |
     |         help: remove this `mut`

warning: variable does not need to be mutable
   --> src/syscall/fs/sys_tee.rs:117:9
    |
117 |     let mut try_write = || -> Result<usize, SyscallErr> { out_file.write(data) };
    |         ----^^^^^^^^^
    |         |
    |         help: remove this `mut`

warning: variable does not need to be mutable
  --> src/syscall/fs/sys_vmsplice.rs:41:9
   |
41 |     let mut try_write = || match file.write(&kernel_buf) {
   |         ----^^^^^^^^^
   |         |
   |         help: remove this `mut`

warning: unreachable pattern
   --> src/syscall/fs/sys_fcntl.rs:340:9
    |
340 |         command => {
    |         ^^^^^^^

warning: type `PageEntry` is more private than the item `PageCache::get_page_for_read`
   --> src/fs/page_cache.rs:745:5
    |
745 |     pub fn get_page_for_read(&self, page_index: usize) -> Result<Arc<PageEntry>, SyscallErr> {
    |     ^^^^^^^^^^^^^^^^^^^^^^^^^^^^^^^^^^^^^^^^^^^^^^^^^^^^^^^^^^^^^^^^^^^^^^^^^^^^^^^^^^^^^^^^ method `PageCache::get_page_for_read` is reachable at visibility `pub(crate)`
    |
note: but type `PageEntry` is only usable at visibility `pub(self)`
   --> src/fs/page_cache.rs:259:1
    |
259 | struct PageEntry {
    | ^^^^^^^^^^^^^^^^
    = note: `#[warn(private_interfaces)]` on by default

warning: type `PageEntry` is more private than the item `PageCache::get_page_for_write`
   --> src/fs/page_cache.rs:759:5
    |
759 |     pub fn get_page_for_write(&self, page_index: usize) -> Result<Arc<PageEntry>, SyscallErr> {
    |     ^^^^^^^^^^^^^^^^^^^^^^^^^^^^^^^^^^^^^^^^^^^^^^^^^^^^^^^^^^^^^^^^^^^^^^^^^^^^^^^^^^^^^^^^^ method `PageCache::get_page_for_write` is reachable at visibility `pub(crate)`
    |
note: but type `PageEntry` is only usable at visibility `pub(self)`
   --> src/fs/page_cache.rs:259:1
    |
259 | struct PageEntry {
    | ^^^^^^^^^^^^^^^^

warning: type `PageEntry` is more private than the item `PageCache::get_page_for_write_populate`
   --> src/fs/page_cache.rs:771:5
    |
771 | /     pub fn get_page_for_write_populate(
772 | |         &self,
773 | |         page_index: usize,
774 | |         old_file_size: Option<usize>,
775 | |         full_overwrite: bool,
776 | |     ) -> Result<Arc<PageEntry>, SyscallErr> {
    | |___________________________________________^ method `PageCache::get_page_for_write_populate` is reachable at visibility `pub(crate)`
    |
note: but type `PageEntry` is only usable at visibility `pub(self)`
   --> src/fs/page_cache.rs:259:1
    |
259 | struct PageEntry {
    | ^^^^^^^^^^^^^^^^

warning: static variable `Next_ID` should have an upper case name
  --> src/net/socket/unix/ns/mod.rs:16:8
   |
16 | static Next_ID: AtomicU64 = AtomicU64::new(0);
   |        ^^^^^^^ help: convert the identifier to upper case: `NEXT_ID`
   |
   = note: `#[warn(non_upper_case_globals)]` on by default

warning: variable `SHUT_WR` should have a snake case name
   --> src/net/socket/unix/stream/mod.rs:364:17
    |
364 |                 SHUT_WR => {
    |                 ^^^^^^^ help: convert the identifier to snake case: `shut_wr`
    |
    = note: `#[warn(non_snake_case)]` on by default

warning: variable `SHUT_RDWR` should have a snake case name
   --> src/net/socket/unix/stream/mod.rs:367:17
    |
367 |                 SHUT_RDWR => {
    |                 ^^^^^^^^^ help: convert the identifier to snake case: `shut_rdwr`

warning: `os` (bin "os") generated 175 warnings (run `cargo fix --bin "os"` to apply 153 suggestions)
    Finished `release` profile [optimized + debuginfo] target(s) in 2m 35s
[ktest] Launching QEMU (timeout: 60s)...
[kernel] UART address: 0x1fe001e0
[bootstrap_init] address bits: hardware VALEN=48 PALEN=48, build VALEN=48 PALEN=48
[bootstrap_init] PRCfg1 { SAVE reg. number: 8, Timer bits: 48, max vector entry spacing: 7 }
[kernel] logger inited, level= Off
[kernel] Console initialized.
[memory] 127255 usable physical frames across 1 region(s)
[memory] region0: [0x90ee9000, 0xb0000000) frames=127255
.text [0x80000000, 0x802af000)
.rodata [0x802af000, 0x802e6000)
.data [0x80319000, 0x80c12000)
.bss [0x80c12000, 0x90ee9000)
mapping .text section
mapping .rodata section
mapping .data section
mapping .bss section
mapping physical memory region
mapping memory-mapped registers
[kernel] Hello, world!
[get_timer_freq_first_time] clk freq: 100000000(from CPUCFG)
[machine_init] address bits: hardware VALEN=48 PALEN=48, build VALEN=48 PALEN=48
[CPUCFG 0x0] 1359888
[CPUCFG 0x1] 66253566
[CPUCFG 0x2] 6340815
[CPUCFG 0x3] 0
[CPUCFG 0x4] 100000000
[CPUCFG 0x5] 65537
[CPUCFG 0x6] 0
[CPUCFG 0x10] 11325
[CPUCFG 0x11] 101187587
[CPUCFG 0x12] 101187587
[CPUCFG 0x13] 101187599
[CPUCFG 0x14] 101580815
Misc { 32-bit addr plv(1,2,3):: false,false,false, rdtime allowed for plv(1,2,3):: false,false,false, Disable dirty bit check for plv(0,1,2):: false,false,false, Misalignment check for plv(0,1,2,4):: false,false,false,false }
RVACfg { rbits: 0 }
[machine_init] MMAP_BASE: 0xffffff8000000000
[smp] minimal boot ready: configured=1 boot_hw_id=0 online_mask=0x1
[PCI] ECAM base: 0x20000000
[PCI] Device DeviceFunction { bus: 0, device: 0, function: 0 }: vendor=0x1b36 device=0x8
[PCI] Device DeviceFunction { bus: 0, device: 1, function: 0 }: vendor=0x1af4 device=0x1000
[PCI] VirtIO device: Network
[PCI] Device DeviceFunction { bus: 0, device: 2, function: 0 }: vendor=0x1af4 device=0x1001
[PCI] VirtIO device: Block
[kernel] random: secure source unavailable (Entropy(DeviceUnavailable)); secure reads will fail
[memory] reclaimed linker frames: [0x80319000, 0x8056f000) frames=598
[initramfs] unpacked: files=33 dirs=21 symlinks=1 bytes=2443329
[initramfs] VFS_ROOT initialized (ramfs + cpio unpack + dev/proc/tmp)
[PCI] ECAM base: 0x20000000
[PCI] Device DeviceFunction { bus: 0, device: 0, function: 0 }: vendor=0x1b36 device=0x8
[PCI] Device DeviceFunction { bus: 0, device: 1, function: 0 }: vendor=0x1af4 device=0x1000
[PCI] VirtIO device: Network
[PCI] Configuring BARs...
[PCI] BAR1: Width32, addr=0x0, size=0x1000
[PCI] BAR4: Width64, addr=0x0, size=0x4000
[PCI] BAR4 is 64-bit
[PCI] Device enabled.
[PCI] Device DeviceFunction { bus: 0, device: 2, function: 0 }: vendor=0x1af4 device=0x1001
[PCI] VirtIO device: Block
[kernel] net interface initialized (RoutingDevice: lo + eth)
[PCI] ECAM base: 0x20000000
[PCI] Device DeviceFunction { bus: 0, device: 0, function: 0 }: vendor=0x1b36 device=0x8
[PCI] Device DeviceFunction { bus: 0, device: 1, function: 0 }: vendor=0x1af4 device=0x1000
[PCI] VirtIO device: Network
[PCI] Device DeviceFunction { bus: 0, device: 2, function: 0 }: vendor=0x1af4 device=0x1001
[PCI] VirtIO device: Block
[PCI] Configuring BARs...
[PCI] BAR1: Width32, addr=0x0, size=0x1000
[PCI] BAR4: Width64, addr=0x0, size=0x4000
[PCI] BAR4 is 64-bit
[PCI] Device enabled.
[kernel] block device 0: official fs (DeviceFunction { bus: 0, device: 2, function: 0 })
[block] /dev/vda contains raw Ext4
[fs] official fs (/dev/vda) root directory readable: 3 entries
[kernel] official fs (/dev/vda) (Ext4) mounted at sdcard flags=(empty)
[initramfs] no mountable tools fs, leaving /tools empty
sinitproc: 80570000, einitproc: 80858B60, sbash: 80859000, ebash: 809AA878, sbusybox: 809AB000, ebusybox: 80BA35F8, sosconfig: 80BA4000, eosconfig: 80BA4F09
[memory] reclaimed linker frames: [0x80570000, 0x80858000) frames=744
[memory] reclaimed linker frames: [0x80859000, 0x809aa000) frames=337
[memory] reclaimed linker frames: [0x809ab000, 0x80ba3000) frames=504
[memory] reclaimed linker frames: [0x80ba5000, 0x80bd7000) frames=50
[memory] reclaimed linker frames: [0x80bd8000, 0x80bdc000) frames=4
[memory] reclaimed linker frames: [0x80bdd000, 0x80bf9000) frames=28
[kernel] Entering kernel test mode (ktest) — tests: ["waitqueue"], repeat: 1
TAP version 13
# arch: loongarch64
# mode: ktest
# repeat: 1
# timeout_ms: 5000
# failfast: false
1..4
[32mok[0m 1 waitqueue::wake_before_wait_should_not_sleep
[32mok[0m 2 waitqueue::basic_queue_ops
[32mok[0m 3 waitqueue::wake_all_on_empty
[32mok[0m 4 waitqueue::wake_one
[32m# results: 4 passed, 0 failed, 4 total[0m
# ktest: tests passed; committing filesystems before shutdown.
[32m[KTEST RESULT: PASS][0m
# ktest: all tests and filesystem teardown passed. shutting down.
e2fsck 1.47.0 (5-Feb-2023)
Pass 1: Checking inodes, blocks, and sizes
Pass 2: Checking directory structure
Pass 3: Checking directory connectivity
Pass 4: Checking reference counts
Pass 5: Checking group summary information
/tmp/mango-lwext4-ktest-la.img: 11/16384 files (0.0% non-contiguous), 1041/16384 blocks
make[1]: Leaving directory '/app/os'
