
OpenSBI v1.5.1
   ____                    _____ ____ _____
  / __ \                  / ____|  _ \_   _|
 | |  | |_ __   ___ _ __ | (___ | |_) || |
 | |  | | '_ \ / _ \ '_ \ \___ \|  _ < | |
 | |__| | |_) |  __/ | | |____) | |_) || |_
  \____/| .__/ \___|_| |_|_____/|____/_____|
        | |
        |_|

Platform Name             : riscv-virtio,qemu
Platform Features         : medeleg
Platform HART Count       : 8
Platform IPI Device       : aclint-mswi
Platform Timer Device     : aclint-mtimer @ 10000000Hz
Platform Console Device   : uart8250
Platform HSM Device       : ---
Platform PMU Device       : ---
Platform Reboot Device    : syscon-reboot
Platform Shutdown Device  : syscon-poweroff
Platform Suspend Device   : ---
Platform CPPC Device      : ---
Firmware Base             : 0x80000000
Firmware Size             : 399 KB
Firmware RW Offset        : 0x40000
Firmware RW Size          : 143 KB
Firmware Heap Offset      : 0x57000
Firmware Heap Size        : 51 KB (total), 3 KB (reserved), 11 KB (used), 36 KB (free)
Firmware Scratch Size     : 4096 B (total), 416 B (used), 3680 B (free)
Runtime SBI Version       : 2.0

Domain0 Name              : root
Domain0 Boot HART         : 6
Domain0 HARTs             : 0*,1*,2*,3*,4*,5*,6*,7*
Domain0 Region00          : 0x0000000000100000-0x0000000000100fff M: (I,R,W) S/U: (R,W)
Domain0 Region01          : 0x0000000010000000-0x0000000010000fff M: (I,R,W) S/U: (R,W)
Domain0 Region02          : 0x0000000002000000-0x000000000200ffff M: (I,R,W) S/U: ()
Domain0 Region03          : 0x0000000080000000-0x000000008003ffff M: (R,X) S/U: ()
Domain0 Region04          : 0x0000000080040000-0x000000008007ffff M: (R,W) S/U: ()
Domain0 Region05          : 0x000000000c400000-0x000000000c5fffff M: (I,R,W) S/U: (R,W)
Domain0 Region06          : 0x000000000c000000-0x000000000c3fffff M: (I,R,W) S/U: (R,W)
Domain0 Region07          : 0x0000000000000000-0xffffffffffffffff M: () S/U: (R,W,X)
Domain0 Next Address      : 0x0000000080200000
Domain0 Next Arg1         : 0x00000000bfe00000
Domain0 Next Mode         : S-mode
Domain0 SysReset          : yes
Domain0 SysSuspend        : yes

Boot HART ID              : 6
Boot HART Domain          : root
Boot HART Priv Version    : v1.12
Boot HART Base ISA        : rv64imafdch
Boot HART ISA Extensions  : sstc,zicntr,zihpm,zicboz,zicbom,sdtrig,svadu
Boot HART PMP Count       : 16
Boot HART PMP Granularity : 2 bits
Boot HART PMP Address Bits: 54
Boot HART MHPM Info       : 16 (0x0007fff8)
Boot HART Debug Triggers  : 2 triggers
Boot HART MIDELEG         : 0x0000000000001666
Boot HART MEDELEG         : 0x0000000000f0b509
[kernel] logger inited, level= Off
[kernel] Console initialized.
[memory] 193477 usable physical frames across 1 region(s)
[memory] region0: [0x90c3b000, 0xc0000000) frames=193477
.text [0x80200000, 0x803f2000)
.rodata [0x803f2000, 0x80429000)
.data [0x80429000, 0x80a14000)
.bss [0x80a14000, 0x90c3b000)
mapping .text section
mapping .rodata section
mapping .data section
mapping .bss section
mapping physical memory region
mapping memory-mapped registers
[kernel] Hello, world!
[smp] minimal boot ready: configured=8 boot_hw_id=6 online_mask=0xff
[kernel] random: secure source unavailable (Entropy(DeviceUnavailable)); secure reads will fail
[memory] reclaimed linker frames: [0x80429000, 0x80630000) frames=519
[initramfs] unpacked: files=34 dirs=21 symlinks=1 bytes=2119873
[initramfs] VFS_ROOT initialized (ramfs + cpio unpack + dev/proc/tmp)
[kernel] VirtIO net device not found, skipping network init
[kernel] No net device, using null device (loopback only)
[kernel] net interface initialized (loopback only, no NIC)
[kernel] block device 0: official fs (MMIO 0x10001000)
[block] /dev/vda contains raw Ext4
[fs] official fs (/dev/vda) root directory readable: 3 entries
[kernel] official fs (/dev/vda) (Ext4) mounted at sdcard flags=(empty)
[initramfs] no mountable tools fs, leaving /tools empty
sinitproc: 80631000, einitproc: 806D44F8, sbash: 806D5000, ebash: 807ED378, sbusybox: 807EE000, ebusybox: 80940C28, sosconfig: 80941000, eosconfig: 80941F09
[memory] reclaimed linker frames: [0x80631000, 0x806d4000) frames=163
[memory] reclaimed linker frames: [0x806d5000, 0x807ed000) frames=280
[memory] reclaimed linker frames: [0x807ee000, 0x80940000) frames=338
[memory] reclaimed linker frames: [0x80942000, 0x809c6000) frames=132
[memory] reclaimed linker frames: [0x809c7000, 0x809c9000) frames=2
[memory] reclaimed linker frames: [0x809ca000, 0x80a12000) frames=72
[kernel] Entering kernel test mode (ktest) — tests: ["waitqueue"], repeat: 1
TAP version 13
# arch: riscv64
# mode: ktest
# repeat: 1
# timeout_ms: 5000
# failfast: false
1..4
[32mok[0m 1 waitqueue::wake_before_wait_should_not_sleep
[32mok[0m 2 waitqueue::basic_queue_ops
[32mok[0m 3 waitqueue::wake_all_on_empty
[32mok[0m 4 waitqueue::wake_one
[32m# results: 4 passed, 0 failed, 4 total[0m
# ktest: tests passed; committing filesystems before shutdown.
[32m[KTEST RESULT: PASS][0m
# ktest: all tests and filesystem teardown passed. shutting down.
