[kernel] UART address: 0x1fe001e0
[bootstrap_init] address bits: hardware VALEN=48 PALEN=48, build VALEN=48 PALEN=48
[bootstrap_init] PRCfg1 { SAVE reg. number: 8, Timer bits: 48, max vector entry spacing: 7 }
[kernel] logger inited, level= Off
[kernel] Console initialized.
[memory] 127698 usable physical frames across 1 region(s)
[memory] region0: [0x90d2e000, 0xb0000000) frames=127698
.text [0x80000000, 0x802b4000)
.rodata [0x802b4000, 0x802eb000)
.data [0x8031e000, 0x80c17000)
.bss [0x80c17000, 0x90d2e000)
mapping .text section
mapping .rodata section
mapping .data section
mapping .bss section
mapping physical memory region
mapping memory-mapped registers
[kernel] Hello, world!
[get_timer_freq_first_time] clk freq: 100000000(from CPUCFG)
[machine_init] address bits: hardware VALEN=48 PALEN=48, build VALEN=48 PALEN=48
[CPUCFG 0x0] 1359888
[CPUCFG 0x1] 66253566
[CPUCFG 0x2] 6340815
[CPUCFG 0x3] 0
[CPUCFG 0x4] 100000000
[CPUCFG 0x5] 65537
[CPUCFG 0x6] 0
[CPUCFG 0x10] 11325
[CPUCFG 0x11] 101187587
[CPUCFG 0x12] 101187587
[CPUCFG 0x13] 101187599
[CPUCFG 0x14] 101580815
Misc { 32-bit addr plv(1,2,3):: false,false,false, rdtime allowed for plv(1,2,3):: false,false,false, Disable dirty bit check for plv(0,1,2):: false,false,false, Misalignment check for plv(0,1,2,4):: false,false,false,false }
RVACfg { rbits: 0 }
[machine_init] MMAP_BASE: 0xffffff8000000000
[PCI] ECAM base: 0x20000000
[PCI] Device DeviceFunction { bus: 0, device: 0, function: 0 }: vendor=0x1b36 device=0x8
[PCI] Device DeviceFunction { bus: 0, device: 1, function: 0 }: vendor=0x1af4 device=0x1000
[PCI] VirtIO device: Network
[PCI] Device DeviceFunction { bus: 0, device: 2, function: 0 }: vendor=0x1af4 device=0x1001
[PCI] VirtIO device: Block
[kernel] random: secure source unavailable (Entropy(DeviceUnavailable)); secure reads will fail
[memory] reclaimed linker frames: [0x8031e000, 0x80574000) frames=598
[initramfs] unpacked: files=33 dirs=21 symlinks=1 bytes=2443329
[initramfs] VFS_ROOT initialized (ramfs + cpio unpack + dev/proc/tmp)
[PCI] ECAM base: 0x20000000
[PCI] Device DeviceFunction { bus: 0, device: 0, function: 0 }: vendor=0x1b36 device=0x8
[PCI] Device DeviceFunction { bus: 0, device: 1, function: 0 }: vendor=0x1af4 device=0x1000
[PCI] VirtIO device: Network
[PCI] Configuring BARs...
[PCI] BAR1: Width32, addr=0x0, size=0x1000
[PCI] BAR4: Width64, addr=0x0, size=0x4000
[PCI] BAR4 is 64-bit
[PCI] Device enabled.
[PCI] Device DeviceFunction { bus: 0, device: 2, function: 0 }: vendor=0x1af4 device=0x1001
[PCI] VirtIO device: Block
[kernel] net interface initialized (RoutingDevice: lo + eth)
[PCI] ECAM base: 0x20000000
[PCI] Device DeviceFunction { bus: 0, device: 0, function: 0 }: vendor=0x1b36 device=0x8
[PCI] Device DeviceFunction { bus: 0, device: 1, function: 0 }: vendor=0x1af4 device=0x1000
[PCI] VirtIO device: Network
[PCI] Device DeviceFunction { bus: 0, device: 2, function: 0 }: vendor=0x1af4 device=0x1001
[PCI] VirtIO device: Block
[PCI] Configuring BARs...
[PCI] BAR1: Width32, addr=0x0, size=0x1000
[PCI] BAR4: Width64, addr=0x0, size=0x4000
[PCI] BAR4 is 64-bit
[PCI] Device enabled.
[kernel] block device 0: official fs (DeviceFunction { bus: 0, device: 2, function: 0 })
[block] /dev/vda contains raw Ext4
[fs] official fs (/dev/vda) root directory readable: 3 entries
[kernel] official fs (/dev/vda) (Ext4) mounted at sdcard flags=(empty)
[initramfs] no mountable tools fs, leaving /tools empty
sinitproc: 80575000, einitproc: 8085DA68, sbash: 8085E000, ebash: 809AF878, sbusybox: 809B0000, ebusybox: 80BA85F8, sosconfig: 80BA9000, eosconfig: 80BA9F09
[memory] reclaimed linker frames: [0x80575000, 0x8085d000) frames=744
[memory] reclaimed linker frames: [0x8085e000, 0x809af000) frames=337
[memory] reclaimed linker frames: [0x809b0000, 0x80ba8000) frames=504
[memory] reclaimed linker frames: [0x80baa000, 0x80bdc000) frames=50
[memory] reclaimed linker frames: [0x80bdd000, 0x80be1000) frames=4
[memory] reclaimed linker frames: [0x80be2000, 0x80bfe000) frames=28
[kernel] Entering kernel test mode (ktest) — tests: ["ext4"], repeat: 1
TAP version 13
# arch: loongarch64
# mode: ktest
# repeat: 1
# timeout_ms: 5000
# failfast: false
1..8
[32mok[0m 1 ext4::memblk_read_write
[32mok[0m 2 ext4::memblk_isolation
[32mok[0m 3 ext4::open_unformatted_returns_err
[32mok[0m 4 ext4::lw_path_isolation
[32mok[0m 5 ext4::lwext4_2k_byte_bridge
[32mok[0m 6 ext4::partition_unaligned_batching
[32mok[0m 7 ext4::lwext4_partial_writeback_visibility
[32mok[0m 8 ext4::lwext4_flush_forwarding
[32m# results: 8 passed, 0 failed, 8 total[0m
# ktest: tests passed; committing filesystems before shutdown.
[32m[KTEST RESULT: PASS][0m
# ktest: all tests and filesystem teardown passed. shutting down.
