FSCK_REPAIR_PASS=2
e2fsck 1.47.0 (5-Feb-2023)
Pass 1: Checking inodes, blocks, and sizes
Pass 2: Checking directory structure
Directory entry for '.' in ... (4734) is big.
Split? yes

Missing '..' in directory inode 4734.
Fix? yes

Directory entry for '.' in ... (14200) is big.
Split? yes

Missing '..' in directory inode 14200.
Fix? yes

Directory entry for '.' in ... (14261) is big.
Split? yes

Missing '..' in directory inode 14261.
Fix? yes

Directory entry for '.' in ... (14282) is big.
Split? yes

Missing '..' in directory inode 14282.
Fix? yes

Directory entry for '.' in ... (14295) is big.
Split? yes

Missing '..' in directory inode 14295.
Fix? yes

Directory entry for '.' in ... (14311) is big.
Split? yes

Missing '..' in directory inode 14311.
Fix? yes

Pass 3: Checking directory connectivity
'..' in /apk-root/root/.cache/pip/http-v2/a (4734) is <The NULL inode> (0), should be /apk-root/root/.cache/pip/http-v2 (2606).
Fix? yes

'..' in /lost+found/#14200 (14200) is <The NULL inode> (0), should be /lost+found (11).
Fix? yes

'..' in /lost+found/#14261 (14261) is <The NULL inode> (0), should be /lost+found (11).
Fix? yes

'..' in /lost+found/#14282 (14282) is <The NULL inode> (0), should be /lost+found (11).
Fix? yes

'..' in /lost+found/#14295 (14295) is <The NULL inode> (0), should be /lost+found (11).
Fix? yes

'..' in /lost+found/#14311 (14311) is <The NULL inode> (0), should be /lost+found (11).
Fix? yes

Pass 4: Checking reference counts
Inode 2 ref count is 4, should be 10.  Fix? yes

Pass 5: Checking group summary information

MANGO_STATE: ***** FILE SYSTEM WAS MODIFIED *****
MANGO_STATE: 58740/262144 files (0.4% non-contiguous), 792832/1048576 blocks
FSCK_REPAIR_PASS=3
e2fsck 1.47.0 (5-Feb-2023)
Pass 1: Checking inodes, blocks, and sizes
Pass 2: Checking directory structure
Pass 3: Checking directory connectivity
Pass 4: Checking reference counts
Pass 5: Checking group summary information
MANGO_STATE: 58740/262144 files (0.4% non-contiguous), 792832/1048576 blocks
FSCK_REPAIR_PASS=4
e2fsck 1.47.0 (5-Feb-2023)
Pass 1: Checking inodes, blocks, and sizes
Pass 2: Checking directory structure
Pass 3: Checking directory connectivity
Pass 4: Checking reference counts
Pass 5: Checking group summary information
MANGO_STATE: 58740/262144 files (0.4% non-contiguous), 792832/1048576 blocks
FSCK_REPAIR_PASS=5
e2fsck 1.47.0 (5-Feb-2023)
Pass 1: Checking inodes, blocks, and sizes
Pass 2: Checking directory structure
Pass 3: Checking directory connectivity
Pass 4: Checking reference counts
Pass 5: Checking group summary information
MANGO_STATE: 58740/262144 files (0.4% non-contiguous), 792832/1048576 blocks
FSCK_READ_ONLY_FINAL
e2fsck 1.47.0 (5-Feb-2023)
Pass 1: Checking inodes, blocks, and sizes
Pass 2: Checking directory structure
Pass 3: Checking directory connectivity
Pass 4: Checking reference counts
Pass 5: Checking group summary information
MANGO_STATE: 58740/262144 files (0.4% non-contiguous), 792832/1048576 blocks
