
 _     __   __  _  _  ___  ___  __  _  _    /   ___  __  \ 
 |    |  | |  | |\ | | __ [__  |  | |\ |    |  | __ |  \ | 
 |___ |__| |__| | \| |__] ___] |__| | \|    \  |__] |__/ / 

Trying to boot from BootSpace


U-Boot 2022.04-v2.1.0-00349-g4ce7c922 (Apr 16 2024 - 18:37:57 +0800), Build: jenkins-u-boot-2022.04-2k1000-dp-2G-factory-7

CPU:   LA264
Speed: Cpu @ 500 MHz/ Mem @ 400 MHz/ Bus @ 125 MHz
Model: loongson-2k1000
Board: LS2K1000-DP-FACTORY
DRAM:  2048 MiB
2 GiB
Core:  79 devices, 22 uclasses, devicetree: board
SF: Detected w25q64cv with page size 256 Bytes, erase size 4 KiB, total 8 MiB
bdinfo is in spi-flash
cam_disable:1, vpu_disable:1, pcie0_enable:0, pcie1_enable:1
Loading Environment from SPIFlash... OK
Cannot get ddc bus
In:    serial gpiobtn 
Out:   serial 
Err:   serial vidconsole 
Net:   eth0: ethernet@40040000, eth1: ethernet@40050000
************************** Notice **************************
Press c to enter u-boot console, m to enter boot menu
************************************************************
Bus otg@40000000: dwc2_usb otg@40000000: Core Release: 2.93a
USB DWC2
Bus ehci@40060000: USB EHCI 1.00
Bus ohci@40070000: USB OHCI 1.0
scanning bus otg@40000000 for devices... 1 USB Device(s) found
scanning bus ehci@40060000 for devices... 1 USB Device(s) found
scanning bus ohci@40070000 for devices... 1 USB Device(s) found
Autoboot in 0 seconds
[2J=> ccccccccccccccc<INTERRUPT>
=> 
=> 
>>> setenv ipaddr 192.168.9.20
setenv ipaddr 192.168.9.20
=> 
>>> setenv serverip 192.168.9.10
setenv serverip 192.168.9.10
=> 
>>> setenv netmask 255.255.255.0
setenv netmask 255.255.255.0
=> 
>>> setenv loadaddr 0x9000000098000000
setenv loadaddr 0x9000000098000000
=> 
>>> ping 192.168.9.10
ping 192.168.9.10
Speed: 1000, full duplex
Using ethernet@40040000 device
host 192.168.9.10 is alive
=> 
>>> tftpboot 0x9000000098000000 kernel-2k1000-sata-probe-01ae0e7b.ui
tftpboot 0x9000000098000000 kernel-2k1000-sata-probe-01ae0e7b.ui
Speed: 1000, full duplex
Using ethernet@40040000 device
TFTP from server 192.168.9.10; our IP address is 192.168.9.20
Filename 'kernel-2k1000-sata-probe-01ae0e7b.ui'.
Load address: 0x9000000098000000
Loading: *#################################################################
	 #################################################################
	 #################################################################
	 #################################################################
	 #################################################################
	 #################################################################
	 #################################################################
	 #################################################################
	 #################################################################
	 #################################################################
	 #################################################################
	 #################################################################
	 #################################################################
	 ##############
	 7.3 MiB/s
done
Bytes transferred = 12600200 (c04388 hex)
=> 
>>> crc32 0x9000000098000000 0xc04388
crc32 0x9000000098000000 0xc04388
CRC32 for 9000000098000000 ... 9000000098c04387 ==> 902ae33a
=> 
>>> iminfo 0x9000000098000000
iminfo 0x9000000098000000

## Checking Image at 9000000098000000 ...
   Legacy image found
   Image Name:   MangoCore
   Image Type:   LoongArch Linux Kernel Image (uncompressed)
   Data Size:    12600136 Bytes = 12 MiB
   Load Address: 90000000
   Entry Point:  90000000
   Verifying Checksum ... OK
=> 
>>> bootm 0x9000000098000000
bootm 0x9000000098000000
## Booting kernel from Legacy Image at 9000000098000000 ...
   Image Name:   MangoCore
   Image Type:   LoongArch Linux Kernel Image (uncompressed)
   Data Size:    12600136 Bytes = 12 MiB
   Load Address: 90000000
   Entry Point:  90000000
   Verifying Checksum ... OK
   Loading Kernel Image
Warning: invalid device tree. Used linux default dtb
2048 MiB
[
ernel] random: [
 
a-probe] ATA [0[

it] MangoCore [[ 
it] ntpd pid=23[
nit] ntpd attem[ 
it] ntpd pid=33[
n 

 ntp
n
n
=
2 2
 
n=
 
[:[2[)/)[/[i2[/[x=
" 3 """""9 1 """" 0 3 """""""4
]
"""""t,s]c,s"[,b
se dirs already/ 
n/bash: line 1c[
n

proc] attemp[ [[
nitproc] busybo[
nitproc] prepar[
nitproc] minima[=
itproc] instal2[
nitproc] lib li[
nitproc] lmbenc[
nitproc] cyclic[
nitproc] chmod P
 strict-ali
ned[initproc] CBIN_BASH_OK
[e
it
roc] post-p[in/ 
n/bash: line 1/[xc """""p   att7

 l
n,
""bb 84 [[cc###[
s
e'
s
r] warni['[f[t#cc

OS COMP TEST))[[


tproc] skip c[[