
=> 
>>> setenv ipaddr 192.168.9.20
setenv ipaddr 192.168.9.20
=> 
>>> setenv serverip 192.168.9.10
setenv serverip 192.168.9.10
=> 
>>> setenv netmask 255.255.255.0
setenv netmask 255.255.255.0
=> 
>>> setenv loadaddr 0x9000000098000000
setenv loadaddr 0x9000000098000000
=> 
>>> ping 192.168.9.10
ping 192.168.9.10
Speed: 1000, full duplex
Using ethernet@40040000 device
host 192.168.9.10 is alive
=> 
>>> tftpboot 0x9000000098000000 kernel-2k1000-sata-probe-01ae0e7b.ui
tftpboot 0x9000000098000000 kernel-2k1000-sata-probe-01ae0e7b.ui
Speed: 1000, full duplex
Using ethernet@40040000 device
TFTP from server 192.168.9.10; our IP address is 192.168.9.20
Filename 'kernel-2k1000-sata-probe-01ae0e7b.ui'.
Load address: 0x9000000098000000
Loading: *#################################################################
	 #################################################################
	 #################################################################
	 #################################################################
	 #################################################################
	 #################################################################
	 #################################################################
	 #################################################################
	 #################################################################
	 #################################################################
	 #################################################################
	 #################################################################
	 #################################################################
	 ##############
	 7.1 MiB/s
done
Bytes transferred = 12600200 (c04388 hex)
=> 
>>> crc32 0x9000000098000000 0xc04388
crc32 0x9000000098000000 0xc04388
CRC32 for 9000000098000000 ... 9000000098c04387 ==> 902ae33a
=> 
>>> iminfo 0x9000000098000000
iminfo 0x9000000098000000

## Checking Image at 9000000098000000 ...
   Legacy image found
   Image Name:   MangoCore
   Image Type:   LoongArch Linux Kernel Image (uncompressed)
   Data Size:    12600136 Bytes = 12 MiB
   Load Address: 90000000
   Entry Point:  90000000
   Verifying Checksum ... OK
=> 
>>> bootm 0x9000000098000000
bootm 0x9000000098000000
## Booting kernel from Legacy Image at 9000000098000000 ...
   Image Name:   MangoCore
   Image Type:   LoongArch Linux Kernel Image (uncompressed)
   Data Size:    12600136 Bytes = 12 MiB
   Load Address: 90000000
   Entry Point:  90000000
   Verifying Checksum ... OK
   Loading Kernel Image
Warning: invalid device tree. Used linux default dtb
2048 MiB
[
ernel] random: [
0
a-probe] ATA [ [

it] MangoCore [[ 
it] ntpd pid=23[
nit] ntpd attem[ 
it] ntpd pid=33[
n 

 ntp
n
n
=
2 2
 
n=
 
[:[2[)/)[/[i2[/[x=
" 3 """" 9 1""""5 0 """""1"" 4
]
"""p,t,s"c,""[,b
se dirs already/ 
n/bash: line 1c[
n

proc] attemp[ [[
nitproc] busybo[
nitproc] prepar[
nitproc] minima[=
itproc] instal2[
nitproc] lib li[
nitproc] lmbenc[
nitproc] cyclic[
nitproc] chmod P
 strict-aligned[
nitproc] CPythoBIN_BASH_OK
[e
it
roc] post-p[in/ 
n/bash: line 1/[xc """"""   att7

  
n,
,"bb 84 [[cg###[
s
e'
 
r] warni['[f[/#cc

OS COMP TEST))[[


tproc] skip c[[