2026-07-18T00:16:16.257635Z __PERF_BEGIN_cpython_l3_l9_final-1-f58ddacf__
2026-07-18T00:16:17.169828Z [1m[33mMangoCore[0m:[1m[34m/[0m# __PERF_ACK_cpython_l3_l9_final-1-f58ddacf_TRACE_OFF__
2026-07-18T00:16:18.985850Z [1m[33mMangoCore[0m:[1m[34m/[0m# __PERF_WORK_BEGIN_cpython_l3_l9_final-1-f58ddacf__
2026-07-18T00:16:19.334477Z #### OS COMP TEST GROUP START cpython-isolated ####
2026-07-18T00:16:19.405649Z [CPYTHON ENV] tmpdir=/persist/pyperf/f-final-43d7bb2ecf21
2026-07-18T00:16:19.410805Z [CPYTHON L3 START] L3_check_files.sh
2026-07-18T00:16:19.477500Z [CPYTHON L3] check: python3 binary OK
2026-07-18T00:16:19.487259Z [CPYTHON L3] check: musl loader OK
2026-07-18T00:16:19.493090Z [CPYTHON L3] check: usr/lib OK
2026-07-18T00:16:19.624899Z [CPYTHON L3] check: encodings OK
2026-07-18T00:16:19.634732Z [CPYTHON L3] check: CA certs OK
2026-07-18T00:16:19.697286Z [CPYTHON L3] check: lib libpython3.14.so OK
2026-07-18T00:16:19.743726Z [CPYTHON L3] check: lib libpython3.14.so.1.0 OK
2026-07-18T00:16:19.802289Z [CPYTHON L3] check: lib libc.musl-loongarch64.so.1 OK
2026-07-18T00:16:19.848879Z [CPYTHON L3] check: lib ld-musl-loongarch64.so.1 OK
2026-07-18T00:16:19.911409Z [CPYTHON L3] check: lib libcrypto.so OK
2026-07-18T00:16:19.957244Z [CPYTHON L3] check: lib libcrypto.so.3 OK
2026-07-18T00:16:20.018876Z [CPYTHON L3] check: lib libssl.so OK
2026-07-18T00:16:20.064563Z [CPYTHON L3] check: lib libssl.so.3 OK
2026-07-18T00:16:20.067956Z [CPYTHON L3] files OK
2026-07-18T00:16:20.074747Z [CPYTHON L3 PASS] L3_check_files.sh
2026-07-18T00:16:20.078950Z [CPYTHON L4 START] L4_startup.sh
2026-07-18T00:16:20.138010Z [CPYTHON GLOBAL] test: python3/python commands
2026-07-18T00:16:20.808344Z Python 3.14.5
2026-07-18T00:16:21.909805Z global-python-command-ok
2026-07-18T00:16:21.985989Z [CPYTHON GLOBAL] python3/python commands PASS
2026-07-18T00:16:21.990196Z [CPYTHON L4] test: python3 --version
2026-07-18T00:16:22.112595Z Python 3.14.5
2026-07-18T00:16:22.119828Z [CPYTHON L4] test: python3 --version PASS
2026-07-18T00:16:22.123434Z [CPYTHON L4] test: exit code 37
2026-07-18T00:16:23.095384Z [CPYTHON L4] test: exit code 37 PASS
2026-07-18T00:16:23.100192Z [CPYTHON L4] test: import sys, encodings
2026-07-18T00:16:23.681294Z 3.14.5 (main, Jul 17 2026, 04:01:01) [GCC 15.2.0]
2026-07-18T00:16:23.753888Z [CPYTHON L4] test: import sys, encodings PASS
2026-07-18T00:16:23.759035Z [CPYTHON L4] test: sys.prefix discovery
2026-07-18T00:16:24.327774Z /persist/python-runtime/releases/43d7bb2ecf21/usr
2026-07-18T00:16:24.400084Z [CPYTHON L4] test: sys.prefix discovery PASS
2026-07-18T00:16:24.403113Z [CPYTHON L4] startup OK
2026-07-18T00:16:24.412255Z [CPYTHON L4 PASS] L4_startup.sh
2026-07-18T00:16:24.416699Z [CPYTHON L5 START] L5_language.py
2026-07-18T00:16:26.865839Z [CPYTHON L5] test: arithmetic
2026-07-18T00:16:26.869120Z [CPYTHON L5] test: arithmetic PASS
2026-07-18T00:16:26.872762Z [CPYTHON L5] test: strings
2026-07-18T00:16:26.875428Z [CPYTHON L5] test: strings PASS
2026-07-18T00:16:26.878004Z [CPYTHON L5] test: lists
2026-07-18T00:16:26.880922Z [CPYTHON L5] test: lists PASS
2026-07-18T00:16:26.883512Z [CPYTHON L5] test: dicts
2026-07-18T00:16:26.886684Z [CPYTHON L5] test: dicts PASS
2026-07-18T00:16:26.889767Z [CPYTHON L5] test: comprehensions
2026-07-18T00:16:26.893974Z [CPYTHON L5] test: comprehensions PASS
2026-07-18T00:16:26.897080Z [CPYTHON L5] test: exceptions
2026-07-18T00:16:26.900332Z [CPYTHON L5] test: exceptions PASS
2026-07-18T00:16:26.903231Z [CPYTHON L5] test: functions
2026-07-18T00:16:26.906611Z [CPYTHON L5] test: functions PASS
2026-07-18T00:16:26.909634Z [CPYTHON L5] test: loops
2026-07-18T00:16:26.912014Z [CPYTHON L5] test: loops PASS
2026-07-18T00:16:26.914861Z [CPYTHON L5] test: booleans
2026-07-18T00:16:26.917967Z [CPYTHON L5] test: booleans PASS
2026-07-18T00:16:26.920475Z [CPYTHON L5] test: sets
2026-07-18T00:16:26.923400Z [CPYTHON L5] test: sets PASS
2026-07-18T00:16:26.926428Z [CPYTHON L5] language core OK
2026-07-18T00:16:27.066559Z [CPYTHON L5 PASS] L5_language.py
2026-07-18T00:16:27.071676Z [CPYTHON L6 START] L6_stdlib.py
2026-07-18T00:16:29.478702Z [CPYTHON L6] test: os.getcwd
2026-07-18T00:16:29.485951Z [CPYTHON L6] test: os.getcwd PASS
2026-07-18T00:16:29.489644Z [CPYTHON L6] test: os.environ
2026-07-18T00:16:29.493063Z [CPYTHON L6] test: os.environ PASS
2026-07-18T00:16:29.496087Z [CPYTHON L6] test: os.listdir
2026-07-18T00:16:29.500997Z [CPYTHON L6] test: os.listdir PASS
2026-07-18T00:16:29.503918Z [CPYTHON L6] test: time.time
2026-07-18T00:16:29.507519Z [CPYTHON L6] test: time.time PASS
2026-07-18T00:16:29.510727Z [CPYTHON L6] test: time.monotonic
2026-07-18T00:16:29.514903Z [CPYTHON L6] test: time.monotonic PASS
2026-07-18T00:16:29.517333Z [CPYTHON L6] test: math
2026-07-18T00:16:29.534253Z [CPYTHON L6] test: math PASS
2026-07-18T00:16:29.536757Z [CPYTHON L6] test: json
2026-07-18T00:16:31.564788Z [CPYTHON L6] test: json PASS
2026-07-18T00:16:31.567332Z [CPYTHON L6] test: re.match
2026-07-18T00:16:31.573206Z [CPYTHON L6] test: re.match PASS
2026-07-18T00:16:31.576834Z [CPYTHON L6] test: random.randint
2026-07-18T00:16:31.906364Z [CPYTHON L6] test: random.randint PASS
2026-07-18T00:16:31.909748Z [CPYTHON L6] test: hashlib.sha256
2026-07-18T00:16:32.130367Z [CPYTHON L6] test: hashlib.sha256 PASS
2026-07-18T00:16:32.133001Z [CPYTHON L6] test: zlib
2026-07-18T00:16:32.156875Z [CPYTHON L6] test: zlib PASS
2026-07-18T00:16:32.159826Z [CPYTHON L6] test: select.select
2026-07-18T00:16:32.180232Z [CPYTHON L6] test: select.select PASS
2026-07-18T00:16:32.184701Z [CPYTHON L6] test: signal handler roundtrip
2026-07-18T00:16:32.259965Z [CPYTHON L6] test: signal handler roundtrip PASS
2026-07-18T00:16:32.262835Z [CPYTHON L6] test: tempfile
2026-07-18T00:16:34.035012Z [CPYTHON L6] test: tempfile PASS
2026-07-18T00:16:34.037899Z [CPYTHON L6] test: pathlib
2026-07-18T00:16:34.918842Z [CPYTHON L6] test: pathlib PASS
2026-07-18T00:16:34.921633Z [CPYTHON L6] test: struct
2026-07-18T00:16:34.956707Z [CPYTHON L6] test: struct PASS
2026-07-18T00:16:34.959511Z [CPYTHON L6] test: sqlite3
2026-07-18T00:16:35.124359Z [CPYTHON L6] test: sqlite3 PASS
2026-07-18T00:16:35.128465Z [CPYTHON L6] stdlib core OK
2026-07-18T00:16:35.369551Z [CPYTHON L6 PASS] L6_stdlib.py
2026-07-18T00:16:35.374579Z [CPYTHON L7 START] L7_filesystem.py
2026-07-18T00:16:41.634050Z [CPYTHON L7] base: /persist/pyperf/f-final-43d7bb2ecf21/cpython_l7_fs_1087
2026-07-18T00:16:41.649925Z [CPYTHON L7] posix base: /persist/pyperf/f-final-43d7bb2ecf21/cpython_l7_fs_1087/cpython_l7_posix_1087
2026-07-18T00:16:41.654073Z [CPYTHON L7] test: open write read close
2026-07-18T00:16:41.665111Z [CPYTHON L7] test: open write read close PASS
2026-07-18T00:16:41.670512Z [CPYTHON L7] test: O_CREAT O_TRUNC O_APPEND semantics
2026-07-18T00:16:41.685264Z [CPYTHON L7] test: O_CREAT O_TRUNC O_APPEND semantics PASS
2026-07-18T00:16:41.689473Z [CPYTHON L7] test: relative path resolution
2026-07-18T00:16:41.702622Z [CPYTHON L7] test: relative path resolution PASS
2026-07-18T00:16:41.706607Z [CPYTHON L7] test: mkdir file inside rmdir
2026-07-18T00:16:41.723443Z [CPYTHON L7] test: mkdir file inside rmdir PASS
2026-07-18T00:16:41.727871Z [CPYTHON L7] test: rename over existing file
2026-07-18T00:16:42.058819Z [CPYTHON L7] test: rename over existing file PASS
2026-07-18T00:16:42.061735Z [CPYTHON L7] test: unlink file
2026-07-18T00:16:42.072349Z [CPYTHON L7] test: unlink file PASS
2026-07-18T00:16:42.078213Z [CPYTHON L7] test: symlink readlink and read through symlink
2026-07-18T00:16:42.095999Z [CPYTHON L7] test: symlink readlink and read through symlink PASS
2026-07-18T00:16:42.099344Z [CPYTHON L7] test: stat and lstat
2026-07-18T00:16:42.105102Z [CPYTHON L7] test: stat and lstat PASS
2026-07-18T00:16:42.110579Z [CPYTHON L7] test: directory iteration listdir scandir
2026-07-18T00:16:42.135314Z [CPYTHON L7] test: directory iteration listdir scandir PASS
2026-07-18T00:16:42.138347Z [CPYTHON L7] test: ftruncate
2026-07-18T00:16:42.148308Z [CPYTHON L7] test: ftruncate PASS
2026-07-18T00:16:42.151698Z [CPYTHON L7] test: flush and fsync
2026-07-18T00:16:42.202536Z [CPYTHON L7] test: flush and fsync PASS
2026-07-18T00:16:42.207099Z [CPYTHON L7] test: tempfile creation and cleanup
2026-07-18T00:16:42.236276Z [CPYTHON L7] test: tempfile creation and cleanup PASS
2026-07-18T00:16:42.241342Z [CPYTHON L7] test: open file unlink remains readable
2026-07-18T00:16:42.268092Z [CPYTHON L7] test: open file unlink remains readable PASS
2026-07-18T00:16:42.308506Z [CPYTHON L7] RESULT PASS
2026-07-18T00:16:42.523320Z [CPYTHON L7 PASS] L7_filesystem.py
2026-07-18T00:16:42.528188Z [CPYTHON L8 START] L8_thread.py
2026-07-18T00:16:45.749465Z [CPYTHON L8] test: thread start join
2026-07-18T00:16:45.758770Z [CPYTHON L8] test: thread start join PASS
2026-07-18T00:16:45.763942Z [CPYTHON L8] test: contended lock acquire release
2026-07-18T00:16:45.773387Z [CPYTHON L8] test: contended lock acquire release PASS
2026-07-18T00:16:45.776574Z [CPYTHON L8] test: queue put get
2026-07-18T00:16:45.788233Z [CPYTHON L8] test: queue put get PASS
2026-07-18T00:16:45.793029Z [CPYTHON L8] test: four threads increment counter
2026-07-18T00:16:45.808140Z [CPYTHON L8] test: four threads increment counter PASS
2026-07-18T00:16:45.811820Z [CPYTHON L8] test: daemon thread starts
2026-07-18T00:16:45.830567Z [CPYTHON L8] test: daemon thread starts PASS
2026-07-18T00:16:45.831369Z [CPYTHON L8] RESULT PASS
2026-07-18T00:16:45.998542Z [CPYTHON L8 PASS] L8_thread.py
2026-07-18T00:16:46.004404Z [CPYTHON L8-SUBPROC START] L8_subprocess.py
2026-07-18T00:16:51.102419Z [CPYTHON L8-SUBPROC] test: helper locates python subprocess command
2026-07-18T00:16:51.191330Z [CPYTHON L8-SUBPROC] python command: /persist/python-runtime/releases/43d7bb2ecf21/lib/ld-musl-loongarch64.so.1 --library-path /persist/python-runtime/releases/43d7bb2ecf21/usr/lib:/persist/python-runtime/releases/43d7bb2ecf21/lib /persist/python-runtime/releases/43d7bb2ecf21/usr/bin/python3 ...
2026-07-18T00:16:51.197951Z [CPYTHON L8-SUBPROC] test: helper locates python subprocess command PASS
2026-07-18T00:16:51.204373Z [CPYTHON L8-SUBPROC] test: subprocess.run capture_output python
2026-07-18T00:16:51.930235Z [CPYTHON L8-SUBPROC] test: subprocess.run capture_output python PASS
2026-07-18T00:16:51.935170Z [CPYTHON L8-SUBPROC] test: subprocess.Popen pipe communication
2026-07-18T00:16:52.651677Z [CPYTHON L8-SUBPROC] test: subprocess.Popen pipe communication PASS
2026-07-18T00:16:52.656833Z [CPYTHON L8-SUBPROC] test: exit code propagation
2026-07-18T00:16:53.359908Z [CPYTHON L8-SUBPROC] test: exit code propagation PASS
2026-07-18T00:16:53.364179Z [CPYTHON L8-SUBPROC] test: stderr capture
2026-07-18T00:16:54.072212Z [CPYTHON L8-SUBPROC] test: stderr capture PASS
2026-07-18T00:16:54.077331Z [CPYTHON L8-SUBPROC] test: busybox echo subprocess
2026-07-18T00:16:54.137374Z [CPYTHON L8-SUBPROC] test: busybox echo subprocess PASS
2026-07-18T00:16:54.140471Z [CPYTHON L8-SUBPROC] RESULT PASS
2026-07-18T00:16:54.374946Z [CPYTHON L8-SUBPROC PASS] L8_subprocess.py
2026-07-18T00:16:54.379492Z [CPYTHON L9 START] L9_socket.py
2026-07-18T00:17:05.909060Z [CPYTHON L9] test: layer1 socket create close
2026-07-18T00:17:05.916318Z [CPYTHON L9] test: layer1 socket create close PASS
2026-07-18T00:17:05.922304Z [CPYTHON L9] test: layer2 socketpair local communication
2026-07-18T00:17:05.931520Z [CPYTHON L9] test: layer2 socketpair local communication PASS
2026-07-18T00:17:05.936948Z [CPYTHON L9] test: layer3 DNS getaddrinfo cloudflare.com
2026-07-18T00:17:06.279173Z [CPYTHON L9] DNS addr: ('104.16.133.229', 80)
2026-07-18T00:17:06.285009Z [CPYTHON L9] test: layer3 DNS getaddrinfo cloudflare.com PASS
2026-07-18T00:17:06.289717Z [CPYTHON L9] test: layer4 TCP HTTP cloudflare.com
2026-07-18T00:17:06.633293Z [CPYTHON L9] HTTP head: b'HTTP/1.1 200 OK\r\nDate: Sat, 18 Jul 2026 00:17:06 GMT\r\nConten'
2026-07-18T00:17:06.638420Z [CPYTHON L9] test: layer4 TCP HTTP cloudflare.com PASS
2026-07-18T00:17:06.643051Z [CPYTHON L9] test: layer5 HTTPS cloudflare.com
2026-07-18T00:17:07.644011Z [CPYTHON L9] HTTPS status: 200
2026-07-18T00:17:07.648881Z [CPYTHON L9] test: layer5 HTTPS cloudflare.com PASS
2026-07-18T00:17:07.651532Z [CPYTHON L9] RESULT PASS
2026-07-18T00:17:08.010285Z [CPYTHON L9 PASS] L9_socket.py
2026-07-18T00:17:08.016870Z #### OS COMP TEST GROUP END cpython-isolated ####
2026-07-18T00:17:08.031246Z __PERF_WORK_END_cpython_l3_l9_final-1-f58ddacf__
2026-07-18T00:17:08.035752Z __PERF_ACK_cpython_l3_l9_final-1-f58ddacf_WORK__
2026-07-18T00:17:08.498816Z [1m[33mMangoCore[0m:[1m[34m/[0m# __PERF_END_cpython_l3_l9_final-1-f58ddacf__ rc=0
