2026-07-17T16:07:16.545294Z __PERF_BEGIN_persist_default_gate-1-2e6fb8fb__
2026-07-17T16:07:17.579692Z [1m[33mMangoCore[0m:[1m[34m/[0m# __PERF_ACK_persist_default_gate-1-2e6fb8fb_TRACE_OFF__
2026-07-17T16:07:19.401020Z [1m[33mMangoCore[0m:[1m[34m/[0m# __PERF_WORK_BEGIN_persist_default_gate-1-2e6fb8fb__
2026-07-17T16:07:20.920593Z [persist-python-verify] interpreter=/persist/python-runtime/releases/e14f2fd9cc6d/usr/bin/python3
2026-07-17T16:07:20.927421Z [persist-python-verify] root=/persist/python-runtime/releases/e14f2fd9cc6d
2026-07-17T16:07:23.259005Z [persist-python-verify] normal_site=pass
2026-07-17T16:07:25.353954Z [persist-python-verify] self_exec=/persist/python-runtime/releases/e14f2fd9cc6d/usr/bin/python3
2026-07-17T16:07:46.336861Z pip 26.1.1 from /persist/python/user/lib/python3.14/site-packages/pip (python 3.14)
2026-07-17T16:08:09.197980Z Traceback (most recent call last):
2026-07-17T16:08:09.223298Z   File [35m"<string>"[0m, line [35m1[0m, in [35m<module>[0m
2026-07-17T16:08:09.231495Z     [1;31mimport smolagents[0m; print("[persist-python-verify] smolagents=" + smolagents.__file__)
2026-07-17T16:08:09.232732Z     [1;31m^^^^^^^^^^^^^^^^^[0m
2026-07-17T16:08:09.247579Z   File [35m"/persist/python/user/lib/python3.14/site-packages/smolagents/__init__.py"[0m, line [35m20[0m, in [35m<module>[0m
2026-07-17T16:08:09.255992Z     [1;31mfrom .agents import *[0m  # Above noqa avoids a circular dependency due to cli.py
2026-07-17T16:08:09.256845Z     [1;31m^^^^^^^^^^^^^^^^^^^^^[0m
2026-07-17T16:08:09.270060Z   File [35m"/persist/python/user/lib/python3.14/site-packages/smolagents/agents.py"[0m, line [35m33[0m, in [35m<module>[0m
2026-07-17T16:08:09.270154Z     import yaml
2026-07-17T16:08:09.276177Z [1;35mModuleNotFoundError[0m: [35mNo module named 'yaml'[0m
2026-07-17T16:08:10.188391Z [persist-python-verify] FAIL: smolagents import failed under the strict runtime
2026-07-17T16:08:10.204750Z __PERF_WORK_END_persist_default_gate-1-2e6fb8fb__
2026-07-17T16:08:10.209390Z __PERF_ACK_persist_default_gate-1-2e6fb8fb_WORK__
2026-07-17T16:08:10.725174Z [1m[33mMangoCore[0m:[1m[34m/[0m# __PERF_END_persist_default_gate-1-2e6fb8fb__ rc=1
