
OpenSBI v1.0
   ____                    _____ ____ _____
  / __ \                  / ____|  _ \_   _|
 | |  | |_ __   ___ _ __ | (___ | |_) || |
 | |  | | '_ \ / _ \ '_ \ \___ \|  _ < | |
 | |__| | |_) |  __/ | | |____) | |_) || |_
  \____/| .__/ \___|_| |_|_____/|____/_____|
        | |
        |_|

Platform Name             : riscv-virtio,qemu
Platform Features         : medeleg
Platform HART Count       : 2
Platform IPI Device       : aclint-mswi
Platform Timer Device     : aclint-mtimer @ 10000000Hz
Platform Console Device   : uart8250
Platform HSM Device       : ---
Platform Reboot Device    : sifive_test
Platform Shutdown Device  : sifive_test
Firmware Base             : 0x80000000
Firmware Size             : 260 KB
Runtime SBI Version       : 0.3

Domain0 Name              : root
Domain0 Boot HART         : 0
Domain0 HARTs             : 0*,1*
Domain0 Region00          : 0x0000000002000000-0x000000000200ffff (I)
Domain0 Region01          : 0x0000000080000000-0x000000008007ffff ()
Domain0 Region02          : 0x0000000000000000-0xffffffffffffffff (R,W,X)
Domain0 Next Address      : 0x0000000080200000
Domain0 Next Arg1         : 0x0000000082200000
Domain0 Next Mode         : S-mode
Domain0 SysReset          : yes

Boot HART ID              : 0
Boot HART Domain          : root
Boot HART ISA             : rv64imafdcsuh
Boot HART Features        : scounteren,mcounteren,mcountinhibit,time
Boot HART PMP Count       : 16
Boot HART PMP Granularity : 4
Boot HART PMP Address Bits: 54
Boot HART MHPM Count      : 16
Boot HART MIDELEG         : 0x0000000000001666
Boot HART MEDELEG         : 0x0000000000f0b509
[kernel] logger inited, level= Off
[kernel] Console initialized.
[memory] 193825 usable physical frames across 1 region(s)
[memory] region0: [0x90adf000, 0xc0000000) frames=193825
.text [0x80200000, 0x803f3000)
.rodata [0x803f3000, 0x8042a000)
.data [0x8042a000, 0x808b8000)
.bss [0x808b8000, 0x90adf000)
mapping .text section
mapping .rodata section
mapping .data section
mapping .bss section
mapping physical memory region
mapping memory-mapped registers
[kernel] Hello, world!
[smp] minimal boot ready: configured=2 boot_hw_id=0 online_mask=0x3
[kernel] random: secure source unavailable (Entropy(DeviceUnavailable)); secure reads will fail
[memory] reclaimed linker frames: [0x8042a000, 0x804d4000) frames=170
[initramfs] unpacked: files=29 dirs=19 symlinks=1 bytes=691773
[initramfs] VFS_ROOT initialized (ramfs + cpio unpack + dev/proc/tmp)
[kernel] Regression mode — mounting disposable QEMU block fixture
[kernel] block device 0: official fs (MMIO 0x10001000)
[block] /dev/vda contains raw Ext4
[fs] official fs (/dev/vda) root directory readable: 3 entries
[kernel] official fs (/dev/vda) (Ext4) mounted at sdcard flags=(empty)
[initramfs] no mountable tools fs, leaving /tools empty
[regression_init] starting regression suite
TAP version 13
1..6
[regression_usercopy_pipe] start
  pipe created: rfd=3 wfd=4
  wrote 8 bytes to pipe
  read(null, 8) returned -14 (expect -14)
  second read returned 8 bytes
[regression_usercopy_pipe] PASS
ok 1 usercopy_pipe
[regression_mmap_edge_cases] start
  mmap(len=0) returned -22 (expect -22)
  allocated page at 0x20000000
  mprotect(0x20001000, 2048, PROT_READ) returned 0
  first page write OK
  readback OK (0x43)
  MAP_FIXED at 0x20001000 returned 0x20001000
  first page marker intact after MAP_FIXED
[regression_mmap_edge_cases] PASS
ok 2 mmap_edge_cases
[regression_timer_realtime_jump] start
  timerfd created: fd=3
  timerfd armed: 500ms relative
  clock jumped +2s: 1798761604 -> 1798761606
  read(timerfd) returned 8 (expirations=1)
  timer fired 1 time(s) — OK
  monotonic timerfd armed: 100ms
  monotonic timerfd fired after 100ms (expirations=1)
[regression_timer_realtime_jump] PASS
ok 3 timer_realtime_jump
[regression_rename_long_name] start
  creating file with 255 byte name
  255-byte file created OK
  rename(255-byte → short) returned -18
  rename failed with -18 — acceptable
  attempting file with 256 byte name
  openat(256-byte name) returned -36 — name rejected, OK
  rename(short → 4096-byte) returned 0 (must not panic)
[regression_rename_long_name] PASS
ok 4 rename_long_name
[regression_lwext4_trunc_hole] start: 8 pages, cold-reopen sparse-hole + batch read_pages + post-write persist
  phase 1: wrote 8 pages 0xa0..0xa7
  phase 1: synced and closed
  phase 2: truncated to 123 bytes inside page 0
  phase 2: synced and closed
  phase 3: extended back to 8 pages (cold reopen)
  phase 3a: retained partial-block prefix: 123 bytes all 0xa0 OK
  phase 3a: truncated same-block tail: 3973 bytes all 0x00 OK
  phase 3b: page-1 single (read_page): 4096 bytes all 0x00 OK
  phase 3c: pages-1-2 batch (read_pages): 8192 bytes all 0x00 OK
  phase 3d: wrote marker 0xbb to page 3
  phase 3: synced and closed
  phase 4a: page-3 marker persist: 4096 bytes all 0xbb OK
  phase 4b: page-2 adj hole: 4096 bytes all 0x00 OK
  phase 4c: page-4 adj hole: 4096 bytes all 0x00 OK
  phase 4d: retained prefix intact: 123 bytes all 0xa0 OK
  phase 4d: truncated tail remains zero: 3973 bytes all 0x00 OK
  phase 4: verified, closed
  phase 5a: sparse gap page 0: 4096 bytes all 0x00 OK
  phase 5b: sparse gap page 1: 4096 bytes all 0x00 OK
  phase 5c: sparse gap page 2: 4096 bytes all 0x00 OK
  phase 5d: new-block zero prefix: 123 bytes all 0x00 OK
  phase 5e: sparse marker: 17 bytes all 0xcc OK
  phase 5f: new-block zero suffix after extend: 3956 bytes all 0x00 OK
  phase 6a: leading extent survives hole truncate: 1 bytes all 0xdd OK
  phase 6b: retained sparse range stays zero: 8191 bytes all 0x00 OK
  phase 6c: data survives after-last no-op: 1 bytes all 0xdd OK
  phase 6: inter-extent hole and after-last truncate paths OK
  cleanup: test file removed
[regression_lwext4_trunc_hole] PASS
ok 5 lwext4_truncate_hole
[regression_lwext4_namespace] start
  PASS: nonempty_rmdir_preserves_contents
  PASS: rename_same_inode_is_noop
  PASS: hardlink_metadata_is_shared
  PASS: failed_rename_preserves_both_sides
  PASS: empty_directory_overwrite_fails_closed
  PASS: open_directory_fd_follows_rename
  PASS: overwrite_keeps_open_target_inode
  PASS: open_source_fd_follows_rename
  PASS: unlink_open_name_reuse_isolated
[regression_lwext4_namespace] PASS
ok 6 lwext4_namespace
# results: 6 passed, 0 failed, 6 total
[L4 REGRESSION RESULT: PASS]
