cp ./src/lang_items.rs.rv ./src/lang_items.rs
cp ../user/src/lang_items.rs.rv ../user/src/lang_items.rs
make -f make/rv64.mk build BLK_MODE=virt MODE=release LOG= \
	EXTRA_FEATURES=""
make[1]: Entering directory '/app/os'
(rustup target list | grep "riscv64gc-unknown-none-elf (installed)") || rustup target add riscv64gc-unknown-none-elf
riscv64gc-unknown-none-elf (installed)
rustup component add rust-src
rustup component add llvm-tools-preview
make[2]: Entering directory '/app/user'
(rustup target list | grep "riscv64gc-unknown-none-elf (installed)") || rustup target add riscv64gc-unknown-none-elf
riscv64gc-unknown-none-elf (installed)
rustup component add rust-src
rustup component add llvm-tools-preview
cargo build --target=riscv64gc-unknown-none-elf --release
make[2]: Leaving directory '/app/user'
RNG_TEST_RUNTIME=0 \
	./build_initramfs.sh rv64 release ../fs-img-dir/initramfs-rv.cpio
[initramfs] Building initramfs for rv64 (release)...
[initramfs] installed /init from ../user/target/riscv64gc-unknown-none-elf/release/init
[initramfs] installed /rescue/sh from ../user/tools/riscv64/bin/busybox
[initramfs] installed /regression from ../user/target/riscv64gc-unknown-none-elf/release/regression
[initramfs] installed RV64 CPython wrapper at /rescue/python3-wrapper
[initramfs] generated /app/os/../fs-img-dir/initramfs-rv.cpio (2.1M)
=== Building lwext4 C library for riscv64 ===


-- Configuring done (0.0s)
-- Generating done (0.0s)
-- Build files have been written to: /app/dependency/lwext4_rust/c/lwext4/build_lwext4-rv64
make[2]: Entering directory '/app/dependency/lwext4_rust/c/lwext4/build_lwext4-rv64'
make[3]: Entering directory '/app/dependency/lwext4_rust/c/lwext4/build_lwext4-rv64'
make[4]: Entering directory '/app/dependency/lwext4_rust/c/lwext4/build_lwext4-rv64'
make[5]: Entering directory '/app/dependency/lwext4_rust/c/lwext4/build_lwext4-rv64'
make[5]: Leaving directory '/app/dependency/lwext4_rust/c/lwext4/build_lwext4-rv64'
make[5]: Entering directory '/app/dependency/lwext4_rust/c/lwext4/build_lwext4-rv64'
[  4%] Building C object src/CMakeFiles/lwext4.dir/ext4.c.o
[  8%] Building C object src/CMakeFiles/lwext4.dir/ext4_balloc.c.o
[ 13%] Building C object src/CMakeFiles/lwext4.dir/ext4_extent.c.o
[ 17%] Building C object src/CMakeFiles/lwext4.dir/ext4_mkfs.c.o
[ 30%] Building C object src/CMakeFiles/lwext4.dir/ext4_block_group.c.o
[ 30%] Building C object src/CMakeFiles/lwext4.dir/ext4_debug.c.o
[ 26%] Building C object src/CMakeFiles/lwext4.dir/ext4_blockdev.c.o
[ 34%] Building C object src/CMakeFiles/lwext4.dir/ext4_xattr.c.o
[ 39%] Building C object src/CMakeFiles/lwext4.dir/ext4_crc32.c.o
[ 43%] Building C object src/CMakeFiles/lwext4.dir/ext4_bcache.c.o
[ 47%] Building C object src/CMakeFiles/lwext4.dir/ext4_journal.c.o
[ 52%] Building C object src/CMakeFiles/lwext4.dir/ext4_dir.c.o
[ 56%] Building C object src/CMakeFiles/lwext4.dir/ext4_bitmap.c.o
[ 60%] Building C object src/CMakeFiles/lwext4.dir/ext4_dir_idx.c.o
[ 65%] Building C object src/CMakeFiles/lwext4.dir/ext4_hash.c.o
[ 69%] Building C object src/CMakeFiles/lwext4.dir/ext4_inode.c.o
[ 78%] Building C object src/CMakeFiles/lwext4.dir/ext4_super.c.o
[ 78%] Building C object src/CMakeFiles/lwext4.dir/ext4_fs.c.o
[ 82%] Building C object src/CMakeFiles/lwext4.dir/ext4_ialloc.c.o
[ 86%] Building C object src/CMakeFiles/lwext4.dir/ext4_trans.c.o
[ 91%] Building C object src/CMakeFiles/lwext4.dir/ext4_mbr.c.o
[ 95%] Building C object src/CMakeFiles/lwext4.dir/ulibc.c.o
[100%] Linking C static library liblwext4.a
make[5]: Leaving directory '/app/dependency/lwext4_rust/c/lwext4/build_lwext4-rv64'
[100%] Built target lwext4
make[4]: Leaving directory '/app/dependency/lwext4_rust/c/lwext4/build_lwext4-rv64'
make[3]: Leaving directory '/app/dependency/lwext4_rust/c/lwext4/build_lwext4-rv64'
make[2]: Leaving directory '/app/dependency/lwext4_rust/c/lwext4/build_lwext4-rv64'
=== lwext4 riscv64 .a built at ../dependency/lwext4_rust/c/lwext4/liblwext4-riscv64.a ===
Platform: rvqemu
cp -f target/riscv64gc-unknown-none-elf/release/os ../kernel-rv
make[1]: Leaving directory '/app/os'
