make: Entering directory '/app/os'
info: override toolchain for '/app/os' set to 'nightly-2025-01-18-x86_64-unknown-linux-gnu'
cp ./src/lang_items.rs.rv ./src/lang_items.rs
cp ../user/src/lang_items.rs.rv ../user/src/lang_items.rs
make -f make/rv64.mk comp
make[1]: Entering directory '/app/os'

OpenSBI v1.5.1
   ____                    _____ ____ _____
  / __ \                  / ____|  _ \_   _|
 | |  | |_ __   ___ _ __ | (___ | |_) || |
 | |  | | '_ \ / _ \ '_ \ \___ \|  _ < | |
 | |__| | |_) |  __/ | | |____) | |_) || |_
  \____/| .__/ \___|_| |_|_____/|____/_____|
        | |
        |_|

Platform Name             : riscv-virtio,qemu
Platform Features         : medeleg
Platform HART Count       : 1
Platform IPI Device       : aclint-mswi
Platform Timer Device     : aclint-mtimer @ 10000000Hz
Platform Console Device   : uart8250
Platform HSM Device       : ---
Platform PMU Device       : ---
Platform Reboot Device    : syscon-reboot
Platform Shutdown Device  : syscon-poweroff
Platform Suspend Device   : ---
Platform CPPC Device      : ---
Firmware Base             : 0x80000000
Firmware Size             : 327 KB
Firmware RW Offset        : 0x40000
Firmware RW Size          : 71 KB
Firmware Heap Offset      : 0x49000
Firmware Heap Size        : 35 KB (total), 2 KB (reserved), 11 KB (used), 21 KB (free)
Firmware Scratch Size     : 4096 B (total), 416 B (used), 3680 B (free)
Runtime SBI Version       : 2.0

Domain0 Name              : root
Domain0 Boot HART         : 0
Domain0 HARTs             : 0*
Domain0 Region00          : 0x0000000000100000-0x0000000000100fff M: (I,R,W) S/U: (R,W)
Domain0 Region01          : 0x0000000010000000-0x0000000010000fff M: (I,R,W) S/U: (R,W)
Domain0 Region02          : 0x0000000002000000-0x000000000200ffff M: (I,R,W) S/U: ()
Domain0 Region03          : 0x0000000080040000-0x000000008005ffff M: (R,W) S/U: ()
Domain0 Region04          : 0x0000000080000000-0x000000008003ffff M: (R,X) S/U: ()
Domain0 Region05          : 0x000000000c400000-0x000000000c5fffff M: (I,R,W) S/U: (R,W)
Domain0 Region06          : 0x000000000c000000-0x000000000c3fffff M: (I,R,W) S/U: (R,W)
Domain0 Region07          : 0x0000000000000000-0xffffffffffffffff M: () S/U: (R,W,X)
Domain0 Next Address      : 0x0000000080200000
Domain0 Next Arg1         : 0x00000000bfe00000
Domain0 Next Mode         : S-mode
Domain0 SysReset          : yes
Domain0 SysSuspend        : yes

Boot HART ID              : 0
Boot HART Domain          : root
Boot HART Priv Version    : v1.12
Boot HART Base ISA        : rv64imafdch
Boot HART ISA Extensions  : sstc,zicntr,zihpm,zicboz,zicbom,sdtrig,svadu
Boot HART PMP Count       : 16
Boot HART PMP Granularity : 2 bits
Boot HART PMP Address Bits: 54
Boot HART MHPM Info       : 16 (0x0007fff8)
Boot HART Debug Triggers  : 2 triggers
Boot HART MIDELEG         : 0x0000000000001666
Boot HART MEDELEG         : 0x0000000000f0b509
[kernel] logger inited, level= Off
[kernel] Console initialized.
last 193950 Physical Frames.
.text [0x80200000, 0x80401000)
.rodata [0x80401000, 0x80438000)
.data [0x80438000, 0x809fd000)
.bss [0x809fd000, 0x90a62000)
mapping .text section
mapping .rodata section
mapping .data section
mapping .bss section
mapping physical memory
mapping memory-mapped registers
[kernel] Hello, world!
[kernel] PRNG initialized.
[initramfs] unpacked: files=32 dirs=21 symlinks=1 bytes=2051014
[kernel] perf_diag features: perf_stats=true perf_diag=true
[initramfs] VFS_ROOT initialized (ramfs + cpio unpack + dev/proc/tmp)
[kernel] net interface initialized (RoutingDevice: lo + eth)
[kernel] block device 0: official fs (MMIO 0x10001000)
[kernel] block device 1: tools disk (MMIO 0x10002000)
[kernel] official fs (x0) mounted at sdcard
[mbr] registered /dev/vdb1 (type=0x83, size=2048M)
[mbr] registered /dev/vdb2 (type=0xc, size=1280M)
[kernel] tools disk (vdb1) mounted at tools
sinitproc: 8062F000, einitproc: 806BDAB8, sbash: 806BE000, ebash: 807D6378, sbusybox: 807D7000, ebusybox: 80929C28, sosconfig: 8092A000, eosconfig: 8092AF29
[init] MangoCore stage-1 boot (initramfs mode)
[init] ntpd pid=2 timed out after 3000ms, killing
[init] ntpd attempt 0 failed (status=9)
ntpd: setting time to 2026-07-17 10:29:07.203425 (offset -14477462.463513s)
[init] ntpd time sync ok
[init] /dev /proc /tmp mounted by kernel, setting up bind mounts...
[init] bind /tools/tmp -> /tmp
[init] bind /tools/bin -> /bin
[init] bind /tools/sbin -> /sbin
[init] bind /tools/lib -> /lib
[init] bind /tools/usr -> /usr
[init] bind /tools/root -> /root
[init] bind /tools/tests -> /tests
[init] bind /sdcard/musl -> /musl
[init] bind /sdcard/glibc -> /glibc
[initproc] config source=/sdcard/os_test.conf mode=run mask=0x800 ltp_runner=suite timer_smoke=false ext4_profile=false reclaim_profile=false skip_apk=true
[initproc] LTP exclude list: []
[initproc] LTP include list: ["gf14", "gf18", "gf27", "gf28"]
[initproc] LTP exclude musl: [], glibc: []
[initproc] LTP exclude arch musl: [], glibc: []
[initproc] ensuring base directories...
base dirs already exist, skipping mkdir
[initproc] attempting bind mount /tools/bin -> /bin...
[initproc] bind mount tools/bin -> bin
[initproc] installing busybox applets to /bin ...
busybox applets already installed, skipping --install
[initproc] busybox --install -s /bin -> exit=0
[initproc] preparing /etc account/network files ...
[initproc] minimal account files done, exit=0
[initproc] install libgcc_s: already exists, skipping
[initproc] linking musl/glibc libs to /lib ...
[initproc] lib linking done, exit=0
prepare lmbench compatibility ...
[initproc] lmbench compatibility done, exit=0
ln: /musl/cyclictest: No such file or directory
[initproc] cyclictest musl compatibility done, exit=0
[initproc] fixing +x permissions on test scripts ...
[initproc] chmod test scripts done, exit=0
[initproc] skip_apk=true: skipping install_apk_packages
BIN_BASH_OK
[initproc] post-prepare /bin/bash check exit=0 has_bin_bash=true
[initproc] run_selected_groups start mask=0x800 order=["basic", "busybox", "lua", "lmbench", "iozone", "libcbench", "netperf", "iperf", "libctest", "cyclictest", "ltp", "cpython", "unixbench"]
[initproc] skip basic (mask bit0 not set)
[initproc] skip busybox (mask bit1 not set)
[initproc] skip lua (mask bit2 not set)
[initproc] skip lmbench (mask bit8 not set)
[initproc] skip iozone (mask bit4 not set)
[initproc] skip libcbench (mask bit7 not set)
[initproc] skip netperf (mask bit9 not set)
[initproc] skip iperf (mask bit6 not set)
[initproc] skip libctest (mask bit3 not set)
[initproc] skip cyclictest (mask bit10 not set)
[initproc] select group=ltp timeout=24000s
#### OS COMP TEST GROUP START ltp-glibc ####
[ltprunner] suite 'fs': parsed 68 cases
[ltprunner] libc=glibc
[ltprunner] ltproot=/glibc/ltp
[ltprunner] suites=fs
[ltprunner] raw cases=68
[ltprunner] include=gf14,gf18,gf27,gf28
[ltprunner] exclude=none
[ltprunner] filtered=4 start_idx=13
[ltprunner] group_timeout_secs=23950
[ltprunner] case_timeout_secs=120
=== LTP SUITE fs ===
[ltprunner] #13 suite=fs case=gf14
RUN LTP CASE gf14
gf14        1  [1;32mTPASS[0m  :  Test passed
FAIL LTP CASE gf14 : 0
LTP CASE RESULT gf14 : PASS (0)
[ltprunner] #17 suite=fs case=gf18
RUN LTP CASE gf18
growfiles(gf18): 47 growfiles.c/2624: data mismatch at offset 7764, exp:0(zerofilled), act:0167 in file /tmp/ltp-glibc/Lgf04_2
growfiles(gf18): 47 growfiles.c/1765: 2 Hit max errors value of 1
gf18        1  [1;31mTFAIL[0m  :  growfiles.c:134: Test failed
FAIL LTP CASE gf18 : 1
LTP CASE RESULT gf18 : FAIL (1)
[ltprunner] #26 suite=fs case=gf27
RUN LTP CASE gf27
growfiles(gf27): 48 growfiles.c/2624: data mismatch at offset 34069, exp:0(zerofilled), act:0167 in file /tmp/ltp-glibc/gfsparse-1-4817842841703462241804289383.0
growfiles(gf27): 48 growfiles.c/2624: data mismatch at offset 69631, exp:0(zerofilled), act:0167 in file /tmp/ltp-glibc/gfsparse-1-4817842841703462241804289383.0
growfiles(gf27): 48 growfiles.c/2624: data mismatch at offset 102399, exp:0(zerofilled), act:0167 in file /tmp/ltp-glibc/gfsparse-1-4817842841703462241804289383.0
growfiles(gf27): 48 growfiles.c/2624: data mismatch at offset 135167, exp:0(zerofilled), act:0167 in file /tmp/ltp-glibc/gfsparse-1-4817842841703462241804289383.0
growfiles(gf27): 48 growfiles.c/2624: data mismatch at offset 167935, exp:0(zerofilled), act:0167 in file /tmp/ltp-glibc/gfsparse-1-4817842841703462241804289383.0
growfiles(gf27): 48 growfiles.c/2624: data mismatch at offset 200703, exp:0(zerofilled), act:0167 in file /tmp/ltp-glibc/gfsparse-1-4817842841703462241804289383.0
growfiles(gf27): 48 growfiles.c/2624: data mismatch at offset 233471, exp:0(zerofilled), act:0167 in file /tmp/ltp-glibc/gfsparse-1-4817842841703462241804289383.0
growfiles(gf27): 48 growfiles.c/2624: data mismatch at offset 266239, exp:0(zerofilled), act:0167 in file /tmp/ltp-glibc/gfsparse-1-4817842841703462241804289383.0
growfiles(gf27): 48 growfiles.c/2624: data mismatch at offset 299007, exp:0(zerofilled), act:0167 in file /tmp/ltp-glibc/gfsparse-1-4817842841703462241804289383.0
growfiles(gf27): 48 growfiles.c/2624: data mismatch at offset 331775, exp:0(zerofilled), act:0167 in file /tmp/ltp-glibc/gfsparse-1-4817842841703462241804289383.0
growfiles(gf27): 48 growfiles.c/2624: data mismatch at offset 364543, exp:0(zerofilled), act:0167 in file /tmp/ltp-glibc/gfsparse-1-4817842841703462241804289383.0
growfiles(gf27): 48 growfiles.c/2624: data mismatch at offset 397311, exp:0(zerofilled), act:0167 in file /tmp/ltp-glibc/gfsparse-1-4817842841703462241804289383.0
growfiles(gf27): 48 growfiles.c/2624: data mismatch at offset 430079, exp:0(zerofilled), act:0167 in file /tmp/ltp-glibc/gfsparse-1-4817842841703462241804289383.0
growfiles(gf27): 48 growfiles.c/2624: data mismatch at offset 462847, exp:0(zerofilled), act:0167 in file /tmp/ltp-glibc/gfsparse-1-4817842841703462241804289383.0
growfiles(gf27): 48 growfiles.c/2624: data mismatch at offset 495615, exp:0(zerofilled), act:0167 in file /tmp/ltp-glibc/gfsparse-1-4817842841703462241804289383.0
growfiles(gf27): 48 growfiles.c/2624: data mismatch at offset 528383, exp:0(zerofilled), act:0167 in file /tmp/ltp-glibc/gfsparse-1-4817842841703462241804289383.0
growfiles(gf27): 48 growfiles.c/2624: data mismatch at offset 561151, exp:0(zerofilled), act:0167 in file /tmp/ltp-glibc/gfsparse-1-4817842841703462241804289383.0
growfiles(gf27): 48 growfiles.c/2624: data mismatch at offset 593919, exp:0(zerofilled), act:0167 in file /tmp/ltp-glibc/gfsparse-1-4817842841703462241804289383.0
growfiles(gf27): 48 growfiles.c/2624: data mismatch at offset 626687, exp:0(zerofilled), act:0167 in file /tmp/ltp-glibc/gfsparse-1-4817842841703462241804289383.0
growfiles(gf27): 48 growfiles.c/2624: data mismatch at offset 659455, exp:0(zerofilled), act:0167 in file /tmp/ltp-glibc/gfsparse-1-4817842841703462241804289383.0
growfiles(gf27): 48 growfiles.c/2624: data mismatch at offset 692223, exp:0(zerofilled), act:0167 in file /tmp/ltp-glibc/gfsparse-1-4817842841703462241804289383.0
growfiles(gf27): 48 growfiles.c/2624: data mismatch at offset 724991, exp:0(zerofilled), act:0167 in file /tmp/ltp-glibc/gfsparse-1-4817842841703462241804289383.0
growfiles(gf27): 48 growfiles.c/2624: data mismatch at offset 757759, exp:0(zerofilled), act:0167 in file /tmp/ltp-glibc/gfsparse-1-4817842841703462241804289383.0
growfiles(gf27): 48 growfiles.c/2624: data mismatch at offset 790527, exp:0(zerofilled), act:0167 in file /tmp/ltp-glibc/gfsparse-1-4817842841703462241804289383.0
growfiles(gf27): 48 growfiles.c/2624: data mismatch at offset 823295, exp:0(zerofilled), act:0167 in file /tmp/ltp-glibc/gfsparse-1-4817842841703462241804289383.0
growfiles(gf27): 48 growfiles.c/2624: data mismatch at offset 856063, exp:0(zerofilled), act:0167 in file /tmp/ltp-glibc/gfsparse-1-4817842841703462241804289383.0
growfiles(gf27): 48 growfiles.c/2624: data mismatch at offset 888831, exp:0(zerofilled), act:0167 in file /tmp/ltp-glibc/gfsparse-1-4817842841703462241804289383.0
growfiles(gf27): 48 growfiles.c/2624: data mismatch at offset 921599, exp:0(zerofilled), act:0167 in file /tmp/ltp-glibc/gfsparse-1-4817842841703462241804289383.0
growfiles(gf27): 48 growfiles.c/2624: data mismatch at offset 954367, exp:0(zerofilled), act:0167 in file /tmp/ltp-glibc/gfsparse-1-4817842841703462241804289383.0
growfiles(gf27): 48 growfiles.c/2624: data mismatch at offset 987135, exp:0(zerofilled), act:0167 in file /tmp/ltp-glibc/gfsparse-1-4817842841703462241804289383.0
growfiles(gf27): 48 growfiles.c/2624: data mismatch at offset 1019903, exp:0(zerofilled), act:0167 in file /tmp/ltp-glibc/gfsparse-1-4817842841703462241804289383.0
growfiles(gf27): 48 growfiles.c/2624: data mismatch at offset 1052671, exp:0(zerofilled), act:0167 in file /tmp/ltp-glibc/gfsparse-1-4817842841703462241804289383.0
growfiles(gf27): 48 growfiles.c/2624: data mismatch at offset 1085439, exp:0(zerofilled), act:0167 in file /tmp/ltp-glibc/gfsparse-1-4817842841703462241804289383.0
growfiles(gf27): 48 growfiles.c/2624: data mismatch at offset 1118207, exp:0(zerofilled), act:0167 in file /tmp/ltp-glibc/gfsparse-1-4817842841703462241804289383.0
growfiles(gf27): 48 growfiles.c/2624: data mismatch at offset 1150975, exp:0(zerofilled), act:0167 in file /tmp/ltp-glibc/gfsparse-1-4817842841703462241804289383.0
growfiles(gf27): 48 growfiles.c/2624: data mismatch at offset 1183743, exp:0(zerofilled), act:0167 in file /tmp/ltp-glibc/gfsparse-1-4817842841703462241804289383.0
growfiles(gf27): 48 growfiles.c/2624: data mismatch at offset 1216511, exp:0(zerofilled), act:0167 in file /tmp/ltp-glibc/gfsparse-1-4817842841703462241804289383.0
growfiles(gf27): 48 growfiles.c/2624: data mismatch at offset 1249279, exp:0(zerofilled), act:0167 in file /tmp/ltp-glibc/gfsparse-1-4817842841703462241804289383.0
growfiles(gf27): 48 growfiles.c/2624: data mismatch at offset 1282047, exp:0(zerofilled), act:0167 in file /tmp/ltp-glibc/gfsparse-1-4817842841703462241804289383.0
growfiles(gf27): 48 growfiles.c/2624: data mismatch at offset 1314815, exp:0(zerofilled), act:0167 in file /tmp/ltp-glibc/gfsparse-1-4817842841703462241804289383.0
growfiles(gf27): 48 growfiles.c/2624: data mismatch at offset 1347583, exp:0(zerofilled), act:0167 in file /tmp/ltp-glibc/gfsparse-1-4817842841703462241804289383.0
growfiles(gf27): 48 growfiles.c/2624: data mismatch at offset 1380351, exp:0(zerofilled), act:0167 in file /tmp/ltp-glibc/gfsparse-1-4817842841703462241804289383.0
growfiles(gf27): 48 growfiles.c/2624: data mismatch at offset 1413119, exp:0(zerofilled), act:0167 in file /tmp/ltp-glibc/gfsparse-1-4817842841703462241804289383.0
growfiles(gf27): 48 growfiles.c/2624: data mismatch at offset 1445887, exp:0(zerofilled), act:0167 in file /tmp/ltp-glibc/gfsparse-1-4817842841703462241804289383.0
growfiles(gf27): 48 growfiles.c/2624: data mismatch at offset 1478655, exp:0(zerofilled), act:0167 in file /tmp/ltp-glibc/gfsparse-1-4817842841703462241804289383.0
growfiles(gf27): 48 growfiles.c/2624: data mismatch at offset 1511423, exp:0(zerofilled), act:0167 in file /tmp/ltp-glibc/gfsparse-1-4817842841703462241804289383.0
growfiles(gf27): 48 growfiles.c/2624: data mismatch at offset 1544191, exp:0(zerofilled), act:0167 in file /tmp/ltp-glibc/gfsparse-1-4817842841703462241804289383.0
growfiles(gf27): 48 growfiles.c/2624: data mismatch at offset 1576959, exp:0(zerofilled), act:0167 in file /tmp/ltp-glibc/gfsparse-1-4817842841703462241804289383.0
growfiles(gf27): 48 growfiles.c/2624: data mismatch at offset 1609727, exp:0(zerofilled), act:0167 in file /tmp/ltp-glibc/gfsparse-1-4817842841703462241804289383.0
growfiles(gf27): 48 growfiles.c/2624: data mismatch at offset 1642495, exp:0(zerofilled), act:0167 in file /tmp/ltp-glibc/gfsparse-1-4817842841703462241804289383.0
growfiles(gf27): 48 growfiles.c/2624: data mismatch at offset 1675263, exp:0(zerofilled), act:0167 in file /tmp/ltp-glibc/gfsparse-1-4817842841703462241804289383.0
growfiles(gf27): 48 growfiles.c/2624: data mismatch at offset 1708031, exp:0(zerofilled), act:0167 in file /tmp/ltp-glibc/gfsparse-1-4817842841703462241804289383.0
growfiles(gf27): 48 growfiles.c/2624: data mismatch at offset 1740799, exp:0(zerofilled), act:0167 in file /tmp/ltp-glibc/gfsparse-1-4817842841703462241804289383.0
growfiles(gf27): 48 growfiles.c/2624: data mismatch at offset 1773567, exp:0(zerofilled), act:0167 in file /tmp/ltp-glibc/gfsparse-1-4817842841703462241804289383.0
growfiles(gf27): 48 growfiles.c/2624: data mismatch at offset 1806335, exp:0(zerofilled), act:0167 in file /tmp/ltp-glibc/gfsparse-1-4817842841703462241804289383.0
growfiles(gf27): 48 growfiles.c/2624: data mismatch at offset 1839103, exp:0(zerofilled), act:0167 in file /tmp/ltp-glibc/gfsparse-1-4817842841703462241804289383.0
growfiles(gf27): 48 growfiles.c/2624: data mismatch at offset 1871871, exp:0(zerofilled), act:0167 in file /tmp/ltp-glibc/gfsparse-1-4817842841703462241804289383.0
growfiles(gf27): 48 growfiles.c/2624: data mismatch at offset 1904639, exp:0(zerofilled), act:0167 in file /tmp/ltp-glibc/gfsparse-1-4817842841703462241804289383.0
growfiles(gf27): 48 growfiles.c/2624: data mismatch at offset 1937407, exp:0(zerofilled), act:0167 in file /tmp/ltp-glibc/gfsparse-1-4817842841703462241804289383.0
growfiles(gf27): 48 growfiles.c/2624: data mismatch at offset 1970175, exp:0(zerofilled), act:0167 in file /tmp/ltp-glibc/gfsparse-1-4817842841703462241804289383.0
growfiles(gf27): 48 growfiles.c/2624: data mismatch at offset 2002943, exp:0(zerofilled), act:0167 in file /tmp/ltp-glibc/gfsparse-1-4817842841703462241804289383.0
growfiles(gf27): 48 growfiles.c/2624: data mismatch at offset 2035711, exp:0(zerofilled), act:0167 in file /tmp/ltp-glibc/gfsparse-1-4817842841703462241804289383.0
growfiles(gf27): 48 growfiles.c/2624: data mismatch at offset 2068479, exp:0(zerofilled), act:0167 in file /tmp/ltp-glibc/gfsparse-1-4817842841703462241804289383.0
growfiles(gf27): 48 growfiles.c/2624: data mismatch at offset 2101247, exp:0(zerofilled), act:0167 in file /tmp/ltp-glibc/gfsparse-1-4817842841703462241804289383.0
growfiles(gf27): 48 growfiles.c/2624: data mismatch at offset 2134015, exp:0(zerofilled), act:0167 in file /tmp/ltp-glibc/gfsparse-1-4817842841703462241804289383.0
growfiles(gf27): 48 growfiles.c/2624: data mismatch at offset 2166783, exp:0(zerofilled), act:0167 in file /tmp/ltp-glibc/gfsparse-1-4817842841703462241804289383.0
growfiles(gf27): 48 growfiles.c/2624: data mismatch at offset 2199551, exp:0(zerofilled), act:0167 in file /tmp/ltp-glibc/gfsparse-1-4817842841703462241804289383.0
growfiles(gf27): 48 growfiles.c/2624: data mismatch at offset 2232319, exp:0(zerofilled), act:0167 in file /tmp/ltp-glibc/gfsparse-1-4817842841703462241804289383.0
growfiles(gf27): 48 growfiles.c/2624: data mismatch at offset 2265087, exp:0(zerofilled), act:0167 in file /tmp/ltp-glibc/gfsparse-1-4817842841703462241804289383.0
growfiles(gf27): 48 growfiles.c/2624: data mismatch at offset 2297855, exp:0(zerofilled), act:0167 in file /tmp/ltp-glibc/gfsparse-1-4817842841703462241804289383.0
growfiles(gf27): 48 growfiles.c/2624: data mismatch at offset 2330623, exp:0(zerofilled), act:0167 in file /tmp/ltp-glibc/gfsparse-1-4817842841703462241804289383.0
growfiles(gf27): 48 growfiles.c/2624: data mismatch at offset 2363391, exp:0(zerofilled), act:0167 in file /tmp/ltp-glibc/gfsparse-1-4817842841703462241804289383.0
growfiles(gf27): 48 growfiles.c/2624: data mismatch at offset 2396159, exp:0(zerofilled), act:0167 in file /tmp/ltp-glibc/gfsparse-1-4817842841703462241804289383.0
growfiles(gf27): 48 growfiles.c/2624: data mismatch at offset 2428927, exp:0(zerofilled), act:0167 in file /tmp/ltp-glibc/gfsparse-1-4817842841703462241804289383.0
growfiles(gf27): 48 growfiles.c/2624: data mismatch at offset 2461695, exp:0(zerofilled), act:0167 in file /tmp/ltp-glibc/gfsparse-1-4817842841703462241804289383.0
growfiles(gf27): 48 growfiles.c/2624: data mismatch at offset 2494463, exp:0(zerofilled), act:0167 in file /tmp/ltp-glibc/gfsparse-1-4817842841703462241804289383.0
growfiles(gf27): 48 growfiles.c/2624: data mismatch at offset 2527231, exp:0(zerofilled), act:0167 in file /tmp/ltp-glibc/gfsparse-1-4817842841703462241804289383.0
growfiles(gf27): 48 growfiles.c/2624: data mismatch at offset 2559999, exp:0(zerofilled), act:0167 in file /tmp/ltp-glibc/gfsparse-1-4817842841703462241804289383.0
growfiles(gf27): 48 growfiles.c/2624: data mismatch at offset 2592767, exp:0(zerofilled), act:0167 in file /tmp/ltp-glibc/gfsparse-1-4817842841703462241804289383.0
growfiles(gf27): 48 growfiles.c/2624: data mismatch at offset 2625535, exp:0(zerofilled), act:0167 in file /tmp/ltp-glibc/gfsparse-1-4817842841703462241804289383.0
growfiles(gf27): 48 growfiles.c/2624: data mismatch at offset 2658303, exp:0(zerofilled), act:0167 in file /tmp/ltp-glibc/gfsparse-1-4817842841703462241804289383.0
growfiles(gf27): 48 growfiles.c/2624: data mismatch at offset 2691071, exp:0(zerofilled), act:0167 in file /tmp/ltp-glibc/gfsparse-1-4817842841703462241804289383.0
growfiles(gf27): 48 growfiles.c/2624: data mismatch at offset 2723839, exp:0(zerofilled), act:0167 in file /tmp/ltp-glibc/gfsparse-1-4817842841703462241804289383.0
growfiles(gf27): 48 growfiles.c/2624: data mismatch at offset 2756607, exp:0(zerofilled), act:0167 in file /tmp/ltp-glibc/gfsparse-1-4817842841703462241804289383.0
growfiles(gf27): 48 growfiles.c/2624: data mismatch at offset 2789375, exp:0(zerofilled), act:0167 in file /tmp/ltp-glibc/gfsparse-1-4817842841703462241804289383.0
growfiles(gf27): 48 growfiles.c/2624: data mismatch at offset 2822143, exp:0(zerofilled), act:0167 in file /tmp/ltp-glibc/gfsparse-1-4817842841703462241804289383.0
growfiles(gf27): 48 growfiles.c/2624: data mismatch at offset 2854911, exp:0(zerofilled), act:0167 in file /tmp/ltp-glibc/gfsparse-1-4817842841703462241804289383.0
growfiles(gf27): 48 growfiles.c/2624: data mismatch at offset 2887679, exp:0(zerofilled), act:0167 in file /tmp/ltp-glibc/gfsparse-1-4817842841703462241804289383.0
growfiles(gf27): 48 growfiles.c/2624: data mismatch at offset 2920447, exp:0(zerofilled), act:0167 in file /tmp/ltp-glibc/gfsparse-1-4817842841703462241804289383.0
growfiles(gf27): 48 growfiles.c/2624: data mismatch at offset 2953215, exp:0(zerofilled), act:0167 in file /tmp/ltp-glibc/gfsparse-1-4817842841703462241804289383.0
growfiles(gf27): 48 growfiles.c/2624: data mismatch at offset 2985983, exp:0(zerofilled), act:0167 in file /tmp/ltp-glibc/gfsparse-1-4817842841703462241804289383.0
growfiles(gf27): 48 growfiles.c/2624: data mismatch at offset 3018751, exp:0(zerofilled), act:0167 in file /tmp/ltp-glibc/gfsparse-1-4817842841703462241804289383.0
growfiles(gf27): 48 growfiles.c/2624: data mismatch at offset 3051519, exp:0(zerofilled), act:0167 in file /tmp/ltp-glibc/gfsparse-1-4817842841703462241804289383.0
growfiles(gf27): 48 growfiles.c/2624: data mismatch at offset 3084287, exp:0(zerofilled), act:0167 in file /tmp/ltp-glibc/gfsparse-1-4817842841703462241804289383.0
growfiles(gf27): 48 growfiles.c/2624: data mismatch at offset 3117055, exp:0(zerofilled), act:0167 in file /tmp/ltp-glibc/gfsparse-1-4817842841703462241804289383.0
growfiles(gf27): 48 growfiles.c/2624: data mismatch at offset 3149823, exp:0(zerofilled), act:0167 in file /tmp/ltp-glibc/gfsparse-1-4817842841703462241804289383.0
growfiles(gf27): 48 growfiles.c/2624: data mismatch at offset 3182591, exp:0(zerofilled), act:0167 in file /tmp/ltp-glibc/gfsparse-1-4817842841703462241804289383.0
growfiles(gf27): 48 growfiles.c/2624: data mismatch at offset 3215359, exp:0(zerofilled), act:0167 in file /tmp/ltp-glibc/gfsparse-1-4817842841703462241804289383.0
growfiles(gf27): 48 growfiles.c/2624: data mismatch at offset 3248127, exp:0(zerofilled), act:0167 in file /tmp/ltp-glibc/gfsparse-1-4817842841703462241804289383.0
growfiles(gf27): 48 growfiles.c/2624: data mismatch at offset 3280895, exp:0(zerofilled), act:0167 in file /tmp/ltp-glibc/gfsparse-1-4817842841703462241804289383.0
growfiles(gf27): 48 growfiles.c/1765: 100 Hit max errors value of 100
gf27        1  [1;31mTFAIL[0m  :  growfiles.c:134: Test failed
FAIL LTP CASE gf27 : 1
LTP CASE RESULT gf27 : FAIL (1)
[ltprunner] #27 suite=fs case=gf28
RUN LTP CASE gf28
growfiles(gf28): 49 growfiles.c/2624: data mismatch at offset 66837, exp:0(zerofilled), act:0167 in file /tmp/ltp-glibc/gfsparse-2-4917842841707740301804289383.0
growfiles(gf28): 49 growfiles.c/2624: data mismatch at offset 135167, exp:0(zerofilled), act:0167 in file /tmp/ltp-glibc/gfsparse-2-4917842841707740301804289383.0
growfiles(gf28): 49 growfiles.c/2624: data mismatch at offset 200703, exp:0(zerofilled), act:0167 in file /tmp/ltp-glibc/gfsparse-2-4917842841707740301804289383.0
growfiles(gf28): 49 growfiles.c/2624: data mismatch at offset 266239, exp:0(zerofilled), act:0167 in file /tmp/ltp-glibc/gfsparse-2-4917842841707740301804289383.0
growfiles(gf28): 49 growfiles.c/2624: data mismatch at offset 331775, exp:0(zerofilled), act:0167 in file /tmp/ltp-glibc/gfsparse-2-4917842841707740301804289383.0
growfiles(gf28): 49 growfiles.c/2624: data mismatch at offset 397311, exp:0(zerofilled), act:0167 in file /tmp/ltp-glibc/gfsparse-2-4917842841707740301804289383.0
growfiles(gf28): 49 growfiles.c/2624: data mismatch at offset 462847, exp:0(zerofilled), act:0167 in file /tmp/ltp-glibc/gfsparse-2-4917842841707740301804289383.0
growfiles(gf28): 49 growfiles.c/2624: data mismatch at offset 528383, exp:0(zerofilled), act:0167 in file /tmp/ltp-glibc/gfsparse-2-4917842841707740301804289383.0
growfiles(gf28): 49 growfiles.c/2624: data mismatch at offset 593919, exp:0(zerofilled), act:0167 in file /tmp/ltp-glibc/gfsparse-2-4917842841707740301804289383.0
growfiles(gf28): 49 growfiles.c/2624: data mismatch at offset 659455, exp:0(zerofilled), act:0167 in file /tmp/ltp-glibc/gfsparse-2-4917842841707740301804289383.0
growfiles(gf28): 49 growfiles.c/2624: data mismatch at offset 724991, exp:0(zerofilled), act:0167 in file /tmp/ltp-glibc/gfsparse-2-4917842841707740301804289383.0
growfiles(gf28): 49 growfiles.c/2624: data mismatch at offset 790527, exp:0(zerofilled), act:0167 in file /tmp/ltp-glibc/gfsparse-2-4917842841707740301804289383.0
growfiles(gf28): 49 growfiles.c/2624: data mismatch at offset 856063, exp:0(zerofilled), act:0167 in file /tmp/ltp-glibc/gfsparse-2-4917842841707740301804289383.0
growfiles(gf28): 49 growfiles.c/2624: data mismatch at offset 921599, exp:0(zerofilled), act:0167 in file /tmp/ltp-glibc/gfsparse-2-4917842841707740301804289383.0
growfiles(gf28): 49 growfiles.c/2624: data mismatch at offset 987135, exp:0(zerofilled), act:0167 in file /tmp/ltp-glibc/gfsparse-2-4917842841707740301804289383.0
growfiles(gf28): 49 growfiles.c/2624: data mismatch at offset 1052671, exp:0(zerofilled), act:0167 in file /tmp/ltp-glibc/gfsparse-2-4917842841707740301804289383.0
growfiles(gf28): 49 growfiles.c/2624: data mismatch at offset 1118207, exp:0(zerofilled), act:0167 in file /tmp/ltp-glibc/gfsparse-2-4917842841707740301804289383.0
growfiles(gf28): 49 growfiles.c/2624: data mismatch at offset 1183743, exp:0(zerofilled), act:0167 in file /tmp/ltp-glibc/gfsparse-2-4917842841707740301804289383.0
growfiles(gf28): 49 growfiles.c/2624: data mismatch at offset 1249279, exp:0(zerofilled), act:0167 in file /tmp/ltp-glibc/gfsparse-2-4917842841707740301804289383.0
growfiles(gf28): 49 growfiles.c/2624: data mismatch at offset 1314815, exp:0(zerofilled), act:0167 in file /tmp/ltp-glibc/gfsparse-2-4917842841707740301804289383.0
growfiles(gf28): 49 growfiles.c/2624: data mismatch at offset 1380351, exp:0(zerofilled), act:0167 in file /tmp/ltp-glibc/gfsparse-2-4917842841707740301804289383.0
growfiles(gf28): 49 growfiles.c/2624: data mismatch at offset 1445887, exp:0(zerofilled), act:0167 in file /tmp/ltp-glibc/gfsparse-2-4917842841707740301804289383.0
growfiles(gf28): 49 growfiles.c/2624: data mismatch at offset 1511423, exp:0(zerofilled), act:0167 in file /tmp/ltp-glibc/gfsparse-2-4917842841707740301804289383.0
growfiles(gf28): 49 growfiles.c/2624: data mismatch at offset 1576959, exp:0(zerofilled), act:0167 in file /tmp/ltp-glibc/gfsparse-2-4917842841707740301804289383.0
growfiles(gf28): 49 growfiles.c/2624: data mismatch at offset 1642495, exp:0(zerofilled), act:0167 in file /tmp/ltp-glibc/gfsparse-2-4917842841707740301804289383.0
growfiles(gf28): 49 growfiles.c/2624: data mismatch at offset 1708031, exp:0(zerofilled), act:0167 in file /tmp/ltp-glibc/gfsparse-2-4917842841707740301804289383.0
growfiles(gf28): 49 growfiles.c/2624: data mismatch at offset 1773567, exp:0(zerofilled), act:0167 in file /tmp/ltp-glibc/gfsparse-2-4917842841707740301804289383.0
growfiles(gf28): 49 growfiles.c/2624: data mismatch at offset 1839103, exp:0(zerofilled), act:0167 in file /tmp/ltp-glibc/gfsparse-2-4917842841707740301804289383.0
growfiles(gf28): 49 growfiles.c/2624: data mismatch at offset 1904639, exp:0(zerofilled), act:0167 in file /tmp/ltp-glibc/gfsparse-2-4917842841707740301804289383.0
growfiles(gf28): 49 growfiles.c/2624: data mismatch at offset 1970175, exp:0(zerofilled), act:0167 in file /tmp/ltp-glibc/gfsparse-2-4917842841707740301804289383.0
growfiles(gf28): 49 growfiles.c/2624: data mismatch at offset 2035711, exp:0(zerofilled), act:0167 in file /tmp/ltp-glibc/gfsparse-2-4917842841707740301804289383.0
growfiles(gf28): 49 growfiles.c/2624: data mismatch at offset 2101247, exp:0(zerofilled), act:0167 in file /tmp/ltp-glibc/gfsparse-2-4917842841707740301804289383.0
growfiles(gf28): 49 growfiles.c/2624: data mismatch at offset 2166783, exp:0(zerofilled), act:0167 in file /tmp/ltp-glibc/gfsparse-2-4917842841707740301804289383.0
growfiles(gf28): 49 growfiles.c/2624: data mismatch at offset 2232319, exp:0(zerofilled), act:0167 in file /tmp/ltp-glibc/gfsparse-2-4917842841707740301804289383.0
growfiles(gf28): 49 growfiles.c/2624: data mismatch at offset 2297855, exp:0(zerofilled), act:0167 in file /tmp/ltp-glibc/gfsparse-2-4917842841707740301804289383.0
growfiles(gf28): 49 growfiles.c/2624: data mismatch at offset 2363391, exp:0(zerofilled), act:0167 in file /tmp/ltp-glibc/gfsparse-2-4917842841707740301804289383.0
growfiles(gf28): 49 growfiles.c/2624: data mismatch at offset 2428927, exp:0(zerofilled), act:0167 in file /tmp/ltp-glibc/gfsparse-2-4917842841707740301804289383.0
growfiles(gf28): 49 growfiles.c/2624: data mismatch at offset 2494463, exp:0(zerofilled), act:0167 in file /tmp/ltp-glibc/gfsparse-2-4917842841707740301804289383.0
growfiles(gf28): 49 growfiles.c/2624: data mismatch at offset 2559999, exp:0(zerofilled), act:0167 in file /tmp/ltp-glibc/gfsparse-2-4917842841707740301804289383.0
growfiles(gf28): 49 growfiles.c/2624: data mismatch at offset 2625535, exp:0(zerofilled), act:0167 in file /tmp/ltp-glibc/gfsparse-2-4917842841707740301804289383.0
growfiles(gf28): 49 growfiles.c/2624: data mismatch at offset 2691071, exp:0(zerofilled), act:0167 in file /tmp/ltp-glibc/gfsparse-2-4917842841707740301804289383.0
growfiles(gf28): 49 growfiles.c/2624: data mismatch at offset 2756607, exp:0(zerofilled), act:0167 in file /tmp/ltp-glibc/gfsparse-2-4917842841707740301804289383.0
growfiles(gf28): 49 growfiles.c/2624: data mismatch at offset 2822143, exp:0(zerofilled), act:0167 in file /tmp/ltp-glibc/gfsparse-2-4917842841707740301804289383.0
growfiles(gf28): 49 growfiles.c/2624: data mismatch at offset 2887679, exp:0(zerofilled), act:0167 in file /tmp/ltp-glibc/gfsparse-2-4917842841707740301804289383.0
growfiles(gf28): 49 growfiles.c/2624: data mismatch at offset 2953215, exp:0(zerofilled), act:0167 in file /tmp/ltp-glibc/gfsparse-2-4917842841707740301804289383.0
growfiles(gf28): 49 growfiles.c/2624: data mismatch at offset 3018751, exp:0(zerofilled), act:0167 in file /tmp/ltp-glibc/gfsparse-2-4917842841707740301804289383.0
growfiles(gf28): 49 growfiles.c/2624: data mismatch at offset 3084287, exp:0(zerofilled), act:0167 in file /tmp/ltp-glibc/gfsparse-2-4917842841707740301804289383.0
growfiles(gf28): 49 growfiles.c/2624: data mismatch at offset 3149823, exp:0(zerofilled), act:0167 in file /tmp/ltp-glibc/gfsparse-2-4917842841707740301804289383.0
growfiles(gf28): 49 growfiles.c/2624: data mismatch at offset 3215359, exp:0(zerofilled), act:0167 in file /tmp/ltp-glibc/gfsparse-2-4917842841707740301804289383.0
growfiles(gf28): 49 growfiles.c/2624: data mismatch at offset 3280895, exp:0(zerofilled), act:0167 in file /tmp/ltp-glibc/gfsparse-2-4917842841707740301804289383.0
growfiles(gf28): 49 growfiles.c/2624: data mismatch at offset 3346431, exp:0(zerofilled), act:0167 in file /tmp/ltp-glibc/gfsparse-2-4917842841707740301804289383.0
growfiles(gf28): 49 growfiles.c/2624: data mismatch at offset 3411967, exp:0(zerofilled), act:0167 in file /tmp/ltp-glibc/gfsparse-2-4917842841707740301804289383.0
growfiles(gf28): 49 growfiles.c/2624: data mismatch at offset 3477503, exp:0(zerofilled), act:0167 in file /tmp/ltp-glibc/gfsparse-2-4917842841707740301804289383.0
growfiles(gf28): 49 growfiles.c/2624: data mismatch at offset 3543039, exp:0(zerofilled), act:0167 in file /tmp/ltp-glibc/gfsparse-2-4917842841707740301804289383.0
growfiles(gf28): 49 growfiles.c/2624: data mismatch at offset 3608575, exp:0(zerofilled), act:0167 in file /tmp/ltp-glibc/gfsparse-2-4917842841707740301804289383.0
growfiles(gf28): 49 growfiles.c/2624: data mismatch at offset 3674111, exp:0(zerofilled), act:0167 in file /tmp/ltp-glibc/gfsparse-2-4917842841707740301804289383.0
growfiles(gf28): 49 growfiles.c/2624: data mismatch at offset 3739647, exp:0(zerofilled), act:0167 in file /tmp/ltp-glibc/gfsparse-2-4917842841707740301804289383.0
growfiles(gf28): 49 growfiles.c/2624: data mismatch at offset 3805183, exp:0(zerofilled), act:0167 in file /tmp/ltp-glibc/gfsparse-2-4917842841707740301804289383.0
growfiles(gf28): 49 growfiles.c/2624: data mismatch at offset 3870719, exp:0(zerofilled), act:0167 in file /tmp/ltp-glibc/gfsparse-2-4917842841707740301804289383.0
growfiles(gf28): 49 growfiles.c/2624: data mismatch at offset 3936255, exp:0(zerofilled), act:0167 in file /tmp/ltp-glibc/gfsparse-2-4917842841707740301804289383.0
growfiles(gf28): 49 growfiles.c/2624: data mismatch at offset 4001791, exp:0(zerofilled), act:0167 in file /tmp/ltp-glibc/gfsparse-2-4917842841707740301804289383.0
growfiles(gf28): 49 growfiles.c/2624: data mismatch at offset 4067327, exp:0(zerofilled), act:0167 in file /tmp/ltp-glibc/gfsparse-2-4917842841707740301804289383.0
growfiles(gf28): 49 growfiles.c/2624: data mismatch at offset 4132863, exp:0(zerofilled), act:0167 in file /tmp/ltp-glibc/gfsparse-2-4917842841707740301804289383.0
growfiles(gf28): 49 growfiles.c/2624: data mismatch at offset 4198399, exp:0(zerofilled), act:0167 in file /tmp/ltp-glibc/gfsparse-2-4917842841707740301804289383.0
growfiles(gf28): 49 growfiles.c/2624: data mismatch at offset 4263935, exp:0(zerofilled), act:0167 in file /tmp/ltp-glibc/gfsparse-2-4917842841707740301804289383.0
growfiles(gf28): 49 growfiles.c/2624: data mismatch at offset 4329471, exp:0(zerofilled), act:0167 in file /tmp/ltp-glibc/gfsparse-2-4917842841707740301804289383.0
growfiles(gf28): 49 growfiles.c/2624: data mismatch at offset 4395007, exp:0(zerofilled), act:0167 in file /tmp/ltp-glibc/gfsparse-2-4917842841707740301804289383.0
growfiles(gf28): 49 growfiles.c/2624: data mismatch at offset 4460543, exp:0(zerofilled), act:0167 in file /tmp/ltp-glibc/gfsparse-2-4917842841707740301804289383.0
growfiles(gf28): 49 growfiles.c/2624: data mismatch at offset 4526079, exp:0(zerofilled), act:0167 in file /tmp/ltp-glibc/gfsparse-2-4917842841707740301804289383.0
growfiles(gf28): 49 growfiles.c/2624: data mismatch at offset 4591615, exp:0(zerofilled), act:0167 in file /tmp/ltp-glibc/gfsparse-2-4917842841707740301804289383.0
growfiles(gf28): 49 growfiles.c/2624: data mismatch at offset 4657151, exp:0(zerofilled), act:0167 in file /tmp/ltp-glibc/gfsparse-2-4917842841707740301804289383.0
growfiles(gf28): 49 growfiles.c/2624: data mismatch at offset 4722687, exp:0(zerofilled), act:0167 in file /tmp/ltp-glibc/gfsparse-2-4917842841707740301804289383.0
growfiles(gf28): 49 growfiles.c/2624: data mismatch at offset 4788223, exp:0(zerofilled), act:0167 in file /tmp/ltp-glibc/gfsparse-2-4917842841707740301804289383.0
growfiles(gf28): 49 growfiles.c/2624: data mismatch at offset 4853759, exp:0(zerofilled), act:0167 in file /tmp/ltp-glibc/gfsparse-2-4917842841707740301804289383.0
growfiles(gf28): 49 growfiles.c/2624: data mismatch at offset 4919295, exp:0(zerofilled), act:0167 in file /tmp/ltp-glibc/gfsparse-2-4917842841707740301804289383.0
growfiles(gf28): 49 growfiles.c/2624: data mismatch at offset 4984831, exp:0(zerofilled), act:0167 in file /tmp/ltp-glibc/gfsparse-2-4917842841707740301804289383.0
growfiles(gf28): 49 growfiles.c/2624: data mismatch at offset 5050367, exp:0(zerofilled), act:0167 in file /tmp/ltp-glibc/gfsparse-2-4917842841707740301804289383.0
growfiles(gf28): 49 growfiles.c/2624: data mismatch at offset 5115903, exp:0(zerofilled), act:0167 in file /tmp/ltp-glibc/gfsparse-2-4917842841707740301804289383.0
growfiles(gf28): 49 growfiles.c/2624: data mismatch at offset 5181439, exp:0(zerofilled), act:0167 in file /tmp/ltp-glibc/gfsparse-2-4917842841707740301804289383.0
growfiles(gf28): 49 growfiles.c/2624: data mismatch at offset 5246975, exp:0(zerofilled), act:0167 in file /tmp/ltp-glibc/gfsparse-2-4917842841707740301804289383.0
growfiles(gf28): 49 growfiles.c/2624: data mismatch at offset 5312511, exp:0(zerofilled), act:0167 in file /tmp/ltp-glibc/gfsparse-2-4917842841707740301804289383.0
growfiles(gf28): 49 growfiles.c/2624: data mismatch at offset 5378047, exp:0(zerofilled), act:0167 in file /tmp/ltp-glibc/gfsparse-2-4917842841707740301804289383.0
growfiles(gf28): 49 growfiles.c/2624: data mismatch at offset 5443583, exp:0(zerofilled), act:0167 in file /tmp/ltp-glibc/gfsparse-2-4917842841707740301804289383.0
growfiles(gf28): 49 growfiles.c/2624: data mismatch at offset 5509119, exp:0(zerofilled), act:0167 in file /tmp/ltp-glibc/gfsparse-2-4917842841707740301804289383.0
growfiles(gf28): 49 growfiles.c/2624: data mismatch at offset 5574655, exp:0(zerofilled), act:0167 in file /tmp/ltp-glibc/gfsparse-2-4917842841707740301804289383.0
growfiles(gf28): 49 growfiles.c/2624: data mismatch at offset 5640191, exp:0(zerofilled), act:0167 in file /tmp/ltp-glibc/gfsparse-2-4917842841707740301804289383.0
growfiles(gf28): 49 growfiles.c/2624: data mismatch at offset 5705727, exp:0(zerofilled), act:0167 in file /tmp/ltp-glibc/gfsparse-2-4917842841707740301804289383.0
growfiles(gf28): 49 growfiles.c/2624: data mismatch at offset 5771263, exp:0(zerofilled), act:0167 in file /tmp/ltp-glibc/gfsparse-2-4917842841707740301804289383.0
growfiles(gf28): 49 growfiles.c/2624: data mismatch at offset 5836799, exp:0(zerofilled), act:0167 in file /tmp/ltp-glibc/gfsparse-2-4917842841707740301804289383.0
growfiles(gf28): 49 growfiles.c/2624: data mismatch at offset 5902335, exp:0(zerofilled), act:0167 in file /tmp/ltp-glibc/gfsparse-2-4917842841707740301804289383.0
growfiles(gf28): 49 growfiles.c/2624: data mismatch at offset 5967871, exp:0(zerofilled), act:0167 in file /tmp/ltp-glibc/gfsparse-2-4917842841707740301804289383.0
growfiles(gf28): 49 growfiles.c/2624: data mismatch at offset 6033407, exp:0(zerofilled), act:0167 in file /tmp/ltp-glibc/gfsparse-2-4917842841707740301804289383.0
growfiles(gf28): 49 growfiles.c/2624: data mismatch at offset 6098943, exp:0(zerofilled), act:0167 in file /tmp/ltp-glibc/gfsparse-2-4917842841707740301804289383.0
growfiles(gf28): 49 growfiles.c/2624: data mismatch at offset 6164479, exp:0(zerofilled), act:0167 in file /tmp/ltp-glibc/gfsparse-2-4917842841707740301804289383.0
growfiles(gf28): 49 growfiles.c/2624: data mismatch at offset 6230015, exp:0(zerofilled), act:0167 in file /tmp/ltp-glibc/gfsparse-2-4917842841707740301804289383.0
growfiles(gf28): 49 growfiles.c/2624: data mismatch at offset 6295551, exp:0(zerofilled), act:0167 in file /tmp/ltp-glibc/gfsparse-2-4917842841707740301804289383.0
growfiles(gf28): 49 growfiles.c/2624: data mismatch at offset 6361087, exp:0(zerofilled), act:0167 in file /tmp/ltp-glibc/gfsparse-2-4917842841707740301804289383.0
growfiles(gf28): 49 growfiles.c/2624: data mismatch at offset 6426623, exp:0(zerofilled), act:0167 in file /tmp/ltp-glibc/gfsparse-2-4917842841707740301804289383.0
growfiles(gf28): 49 growfiles.c/2624: data mismatch at offset 6492159, exp:0(zerofilled), act:0167 in file /tmp/ltp-glibc/gfsparse-2-4917842841707740301804289383.0
growfiles(gf28): 49 growfiles.c/2624: data mismatch at offset 6557695, exp:0(zerofilled), act:0167 in file /tmp/ltp-glibc/gfsparse-2-4917842841707740301804289383.0
growfiles(gf28): 49 growfiles.c/1765: 100 Hit max errors value of 100
gf28        1  [1;31mTFAIL[0m  :  growfiles.c:134: Test failed
FAIL LTP CASE gf28 : 1
LTP CASE RESULT gf28 : FAIL (1)
[ltprunner] done. executed=4 passed=1 failed=3 skipped=0 total_ms=21710 rate=11 cases/min
#### OS COMP TEST GROUP END ltp-glibc ####
[initproc] done ltprunner (libc=glibc) exit_code=0
[timer] group ltprunner (libc=glibc) took 21s
[initproc] sleep 1s before next group
[initproc] skip cpython (mask bit12 not set)
[initproc] skip unixbench (mask bit5 not set)
[initproc] run_selected_groups done
make[1]: Leaving directory '/app/os'
make: Leaving directory '/app/os'
