cp ./src/lang_items.rs.la ./src/lang_items.rs
cp ../user/src/lang_items.rs.la ../user/src/lang_items.rs
make -f make/la64.mk build BLK_MODE=virt_pci MODE=release LOG= \
	EXTRA_FEATURES=""
make[1]: Entering directory '/app/os'
(rustup target list | grep "loongarch64-unknown-linux-gnu (installed)") || rustup target add loongarch64-unknown-linux-gnu
loongarch64-unknown-linux-gnu (installed)
rustup component add rust-src
make[2]: Entering directory '/app/user'
(rustup target list | grep "loongarch64-unknown-linux-gnu (installed)") || rustup target add loongarch64-unknown-linux-gnu
loongarch64-unknown-linux-gnu (installed)
rustup component add rust-src
rustup component add llvm-tools-preview
cargo build --target=loongarch64-unknown-linux-gnu --release
make[2]: Leaving directory '/app/user'
CURL_RUNTIME=0 APK_RUNTIME=0 \
	INET_TEST_RUNTIME=0 \
	RNG_TEST_RUNTIME=0 \
	./build_initramfs.sh la64 release ../fs-img-dir/initramfs-la.cpio
[initramfs] Building initramfs for la64 (release)...
[initramfs] installed /init from ../user/target/loongarch64-unknown-linux-gnu/release/init
[initramfs] installed /rescue/sh from ../user/tools/loongarch64/bin/busybox
[initramfs] installed current CPython wrapper at /rescue/python3-wrapper
[initramfs] installed P4 Python console-entry wrapper at /rescue/python-entry
[initramfs] installed P4 Python verification gate
[initramfs] installed reviewed smolagents 1.26.0 action-type patch
[initramfs] generated /app/os/../fs-img-dir/initramfs-la.cpio (3.1M)
Platform: laqemu
# 在调用 rustc 前直接失败，避免继续使用过期的 linker.ld 编译。
cp -f target/loongarch64-unknown-linux-gnu/release/os ../kernel-la
make[1]: Leaving directory '/app/os'
