docker run --rm --user "$(id -u):$(id -g)" \
		-v "/Users/luzimo/dev/MangoCore:/app" -w /app zhouzhouyi/os-contest:20260104 \
		./scripts/build_cpython_runtime_la64_strict.sh
WARNING: The requested image's platform (linux/amd64) does not match the detected host platform (linux/arm64/v8) and no specific platform was requested
[strict-cpython] fetching and verifying pinned sources
checking build system type... x86_64-pc-linux-gnu
checking host system type... loongarch64-unknown-linux-musl
checking for loongarch64-linux-musl-gcc... /app/target/cpython-strict/cross/loongarch64-linux-musl-gcc
checking whether the C compiler works... yes
checking for C compiler default output file name... a.out
checking for suffix of executables... 
checking whether we are cross compiling... yes
checking for suffix of object files... o
checking whether the compiler supports GNU C... yes
checking whether /app/target/cpython-strict/cross/loongarch64-linux-musl-gcc accepts -g... yes
checking for /app/target/cpython-strict/cross/loongarch64-linux-musl-gcc option to enable C11 features... none needed
checking whether /app/target/cpython-strict/cross/loongarch64-linux-musl-gcc understands -c and -o together... yes
checking for stdio.h... yes
checking for stdlib.h... yes
checking for string.h... yes
checking for inttypes.h... yes
checking for stdint.h... yes
checking for strings.h... yes
checking for sys/stat.h... yes
checking for sys/types.h... yes
checking for unistd.h... yes
checking for wchar.h... yes
checking for minix/config.h... no
checking whether it is safe to define __EXTENSIONS__... yes
checking whether _XOPEN_SOURCE should be defined... no
checking for a BSD-compatible install... /usr/bin/install -c
checking whether build environment is sane... yes
checking for loongarch64-linux-musl-strip... /app/target/cpython-strict/toolchain/full-gcc-15.2.0-musl-20250911/loongarch64-unknown-linux-musl/bin/loongarch64-unknown-linux-musl-strip
checking for a race-free mkdir -p... /usr/bin/mkdir -p
checking for gawk... gawk
checking whether make sets $(MAKE)... yes
checking whether make supports the include directive... yes (GNU style)
checking whether make supports nested variables... yes
checking dependency style of /app/target/cpython-strict/cross/loongarch64-linux-musl-gcc... gcc3
checking whether to enable maintainer-specific portions of Makefiles... yes
checking whether make supports nested variables... (cached) yes
checking for loongarch64-linux-musl-gcc... (cached) /app/target/cpython-strict/cross/loongarch64-linux-musl-gcc
checking whether the compiler supports GNU C... (cached) yes
checking whether /app/target/cpython-strict/cross/loongarch64-linux-musl-gcc accepts -g... (cached) yes
checking for /app/target/cpython-strict/cross/loongarch64-linux-musl-gcc option to enable C11 features... (cached) none needed
checking whether /app/target/cpython-strict/cross/loongarch64-linux-musl-gcc understands -c and -o together... (cached) yes
checking how to run the C preprocessor... /app/target/cpython-strict/cross/loongarch64-linux-musl-gcc -E
checking for xmllint... /usr/bin/xmllint
checking for xsltproc... /usr/bin/xsltproc
checking for loongarch64-linux-musl-pkg-config... no
checking for pkg-config... /usr/bin/pkg-config
configure: WARNING: using cross tools not prefixed with host triplet
checking pkg-config is at least version 0.9.0... yes
checking how to print strings... printf
checking for a sed that does not truncate output... /usr/bin/sed
checking for grep that handles long lines and -e... /usr/bin/grep
checking for egrep... /usr/bin/grep -E
checking for fgrep... /usr/bin/grep -F
checking for ld used by /app/target/cpython-strict/cross/loongarch64-linux-musl-gcc... /app/target/cpython-strict/toolchain/full-gcc-15.2.0-musl-20250911/loongarch64-unknown-linux-musl/loongarch64-unknown-linux-musl/bin/ld
checking if the linker (/app/target/cpython-strict/toolchain/full-gcc-15.2.0-musl-20250911/loongarch64-unknown-linux-musl/loongarch64-unknown-linux-musl/bin/ld) is GNU ld... yes
checking for BSD- or MS-compatible name lister (nm)... /opt/loongarch64-linux-musl-cross/bin/loongarch64-linux-musl-nm -B
checking the name lister (/opt/loongarch64-linux-musl-cross/bin/loongarch64-linux-musl-nm -B) interface... BSD nm
checking whether ln -s works... yes
checking the maximum length of command line arguments... 1572864
checking how to convert x86_64-pc-linux-gnu file names to loongarch64-unknown-linux-musl format... func_convert_file_noop
checking how to convert x86_64-pc-linux-gnu file names to toolchain format... func_convert_file_noop
checking for /app/target/cpython-strict/toolchain/full-gcc-15.2.0-musl-20250911/loongarch64-unknown-linux-musl/loongarch64-unknown-linux-musl/bin/ld option to reload object files... -r
checking for loongarch64-linux-musl-file... no
checking for file... file
checking for loongarch64-linux-musl-objdump... loongarch64-linux-musl-objdump
checking how to recognize dependent libraries... pass_all
checking for loongarch64-linux-musl-dlltool... no
checking for dlltool... no
checking how to associate runtime and link libraries... printf %s\n
checking for loongarch64-linux-musl-ar... /app/target/cpython-strict/toolchain/full-gcc-15.2.0-musl-20250911/loongarch64-unknown-linux-musl/bin/loongarch64-unknown-linux-musl-gcc-ar
checking for archiver @FILE support... @
checking for loongarch64-linux-musl-strip... (cached) /app/target/cpython-strict/toolchain/full-gcc-15.2.0-musl-20250911/loongarch64-unknown-linux-musl/bin/loongarch64-unknown-linux-musl-strip
checking for loongarch64-linux-musl-ranlib... /app/target/cpython-strict/toolchain/full-gcc-15.2.0-musl-20250911/loongarch64-unknown-linux-musl/bin/loongarch64-unknown-linux-musl-gcc-ranlib
checking command to parse /opt/loongarch64-linux-musl-cross/bin/loongarch64-linux-musl-nm -B output from /app/target/cpython-strict/cross/loongarch64-linux-musl-gcc object... ok
checking for sysroot... no
checking for a working dd... /usr/bin/dd
checking how to truncate binary pipes... /usr/bin/dd bs=4096 count=1
checking for loongarch64-linux-musl-mt... no
checking for mt... mt
checking if mt is a manifest tool... no
checking for dlfcn.h... yes
checking for objdir... .libs
checking if /app/target/cpython-strict/cross/loongarch64-linux-musl-gcc supports -fno-rtti -fno-exceptions... no
checking for /app/target/cpython-strict/cross/loongarch64-linux-musl-gcc option to produce PIC... -fPIC -DPIC
checking if /app/target/cpython-strict/cross/loongarch64-linux-musl-gcc PIC flag -fPIC -DPIC works... yes
checking if /app/target/cpython-strict/cross/loongarch64-linux-musl-gcc static flag -static works... yes
checking if /app/target/cpython-strict/cross/loongarch64-linux-musl-gcc supports -c -o file.o... yes
checking if /app/target/cpython-strict/cross/loongarch64-linux-musl-gcc supports -c -o file.o... (cached) yes
checking whether the /app/target/cpython-strict/cross/loongarch64-linux-musl-gcc linker (/app/target/cpython-strict/toolchain/full-gcc-15.2.0-musl-20250911/loongarch64-unknown-linux-musl/loongarch64-unknown-linux-musl/bin/ld) supports shared libraries... yes
checking whether -lc should be explicitly linked in... no
checking dynamic linker characteristics... GNU/Linux ld.so
checking how to hardcode library paths into programs... immediate
checking whether stripping libraries is possible... yes
checking if libtool supports shared libraries... yes
checking whether to build shared libraries... yes
checking whether to build static libraries... yes
checking for cos in -lm... yes
checking for sys/types.h... (cached) yes
checking for sys/time.h... yes
checking for unistd.h... (cached) yes
checking how to pass version script to the linker (/app/target/cpython-strict/toolchain/full-gcc-15.2.0-musl-20250911/loongarch64-unknown-linux-musl/loongarch64-unknown-linux-musl/bin/ld)... checking whether the linker accepts -Wl,--undefined-version... yes
 -Wl,--undefined-version -Wl,--version-script=
checking for pthread.h... yes
checking for pthread_join in -lpthread... yes
checking for locale.h... yes
checking for xlocale.h... no
checking for strxfrm_l... yes
checking for sys/timeb.h... yes
checking for sys/stat.h... (cached) yes
checking for sys/select.h... yes
checking for stat... yes
checking for _stat... no
checking for gettimeofday... yes
checking for localtime_r... yes
checking for gmtime_r... yes
checking for ftime... yes
checking for snprintf... yes
checking for vsnprintf... yes
checking for clock_gettime... yes
checking for perl... perl
Enabling profiler
checking for loongarch64-linux-musl-xml2-config... no
checking for xml2-config... /app/target/cpython-strict/sysroot/usr/bin/xml2-config
checking for libxml libraries >= 2.6.27... 2.14.6 found
checking whether shared libraries will be built (required for plugins)... yes
checking that generated files are newer than configure... done
configure: creating ./config.status
config.status: creating Makefile
config.status: creating libxslt.pc
config.status: creating libexslt.pc
config.status: creating libxslt-config.cmake
config.status: creating libxslt/Makefile
config.status: creating libxslt/xsltconfig.h
config.status: creating libexslt/Makefile
config.status: creating libexslt/exsltconfig.h
config.status: creating xsltproc/Makefile
config.status: creating python/Makefile
config.status: creating python/setup.py
config.status: creating python/tests/Makefile
config.status: creating tests/Makefile
config.status: creating tests/xmlspec/Makefile
config.status: creating tests/multiple/Makefile
config.status: creating tests/xinclude/Makefile
config.status: creating tests/XSLTMark/Makefile
config.status: creating tests/docbook/Makefile
config.status: creating tests/fuzz/Makefile
config.status: creating doc/Makefile
config.status: creating doc/devhelp/Makefile
config.status: creating doc/EXSLT/devhelp/Makefile
config.status: creating xslt-config
config.status: creating config.h
config.status: executing depfiles commands
config.status: executing libtool commands
make  all-recursive
make[1]: Entering directory '/app/target/cpython-strict/build/libxslt-1.1.43'
Making all in libxslt
make[2]: Entering directory '/app/target/cpython-strict/build/libxslt-1.1.43/libxslt'
/bin/bash ../libtool  --tag=CC   --mode=compile /app/target/cpython-strict/cross/loongarch64-linux-musl-gcc -DHAVE_CONFIG_H -I. -I..  -I.. -I../libxslt -I/app/target/cpython-strict/sysroot/usr/include -I/app/target/cpython-strict/sysroot/usr/include/libxml2 -Wall -Wextra -Wshadow -Wpointer-arith -Wcast-align -Wwrite-strings -Waggregate-return -Wstrict-prototypes -Wmissing-prototypes -Wnested-externs -Winline -Wredundant-decls -I/usr/include/libxml2 -Os -fstack-clash-protection -Wformat -Werror=format-security -fno-plt -march=loongarch64 -mabi=lp64d -mstrict-align -MT attrvt.lo -MD -MP -MF .deps/attrvt.Tpo -c -o attrvt.lo attrvt.c
/bin/bash ../libtool  --tag=CC   --mode=compile /app/target/cpython-strict/cross/loongarch64-linux-musl-gcc -DHAVE_CONFIG_H -I. -I..  -I.. -I../libxslt -I/app/target/cpython-strict/sysroot/usr/include -I/app/target/cpython-strict/sysroot/usr/include/libxml2 -Wall -Wextra -Wshadow -Wpointer-arith -Wcast-align -Wwrite-strings -Waggregate-return -Wstrict-prototypes -Wmissing-prototypes -Wnested-externs -Winline -Wredundant-decls -I/usr/include/libxml2 -Os -fstack-clash-protection -Wformat -Werror=format-security -fno-plt -march=loongarch64 -mabi=lp64d -mstrict-align -MT xslt.lo -MD -MP -MF .deps/xslt.Tpo -c -o xslt.lo xslt.c
/bin/bash ../libtool  --tag=CC   --mode=compile /app/target/cpython-strict/cross/loongarch64-linux-musl-gcc -DHAVE_CONFIG_H -I. -I..  -I.. -I../libxslt -I/app/target/cpython-strict/sysroot/usr/include -I/app/target/cpython-strict/sysroot/usr/include/libxml2 -Wall -Wextra -Wshadow -Wpointer-arith -Wcast-align -Wwrite-strings -Waggregate-return -Wstrict-prototypes -Wmissing-prototypes -Wnested-externs -Winline -Wredundant-decls -I/usr/include/libxml2 -Os -fstack-clash-protection -Wformat -Werror=format-security -fno-plt -march=loongarch64 -mabi=lp64d -mstrict-align -MT xsltlocale.lo -MD -MP -MF .deps/xsltlocale.Tpo -c -o xsltlocale.lo xsltlocale.c
/bin/bash ../libtool  --tag=CC   --mode=compile /app/target/cpython-strict/cross/loongarch64-linux-musl-gcc -DHAVE_CONFIG_H -I. -I..  -I.. -I../libxslt -I/app/target/cpython-strict/sysroot/usr/include -I/app/target/cpython-strict/sysroot/usr/include/libxml2 -Wall -Wextra -Wshadow -Wpointer-arith -Wcast-align -Wwrite-strings -Waggregate-return -Wstrict-prototypes -Wmissing-prototypes -Wnested-externs -Winline -Wredundant-decls -I/usr/include/libxml2 -Os -fstack-clash-protection -Wformat -Werror=format-security -fno-plt -march=loongarch64 -mabi=lp64d -mstrict-align -MT xsltutils.lo -MD -MP -MF .deps/xsltutils.Tpo -c -o xsltutils.lo xsltutils.c
libtool: compile:  /app/target/cpython-strict/cross/loongarch64-linux-musl-gcc -DHAVE_CONFIG_H -I. -I.. -I.. -I../libxslt -I/app/target/cpython-strict/sysroot/usr/include -I/app/target/cpython-strict/sysroot/usr/include/libxml2 -Wall -Wextra -Wshadow -Wpointer-arith -Wcast-align -Wwrite-strings -Waggregate-return -Wstrict-prototypes -Wmissing-prototypes -Wnested-externs -Winline -Wredundant-decls -I/usr/include/libxml2 -Os -fstack-clash-protection -Wformat -Werror=format-security -fno-plt -march=loongarch64 -mabi=lp64d -mstrict-align -MT attrvt.lo -MD -MP -MF .deps/attrvt.Tpo -c attrvt.c  -fPIC -DPIC -o .libs/attrvt.o
libtool: compile:  /app/target/cpython-strict/cross/loongarch64-linux-musl-gcc -DHAVE_CONFIG_H -I. -I.. -I.. -I../libxslt -I/app/target/cpython-strict/sysroot/usr/include -I/app/target/cpython-strict/sysroot/usr/include/libxml2 -Wall -Wextra -Wshadow -Wpointer-arith -Wcast-align -Wwrite-strings -Waggregate-return -Wstrict-prototypes -Wmissing-prototypes -Wnested-externs -Winline -Wredundant-decls -I/usr/include/libxml2 -Os -fstack-clash-protection -Wformat -Werror=format-security -fno-plt -march=loongarch64 -mabi=lp64d -mstrict-align -MT xslt.lo -MD -MP -MF .deps/xslt.Tpo -c xslt.c  -fPIC -DPIC -o .libs/xslt.o
libtool: compile:  /app/target/cpython-strict/cross/loongarch64-linux-musl-gcc -DHAVE_CONFIG_H -I. -I.. -I.. -I../libxslt -I/app/target/cpython-strict/sysroot/usr/include -I/app/target/cpython-strict/sysroot/usr/include/libxml2 -Wall -Wextra -Wshadow -Wpointer-arith -Wcast-align -Wwrite-strings -Waggregate-return -Wstrict-prototypes -Wmissing-prototypes -Wnested-externs -Winline -Wredundant-decls -I/usr/include/libxml2 -Os -fstack-clash-protection -Wformat -Werror=format-security -fno-plt -march=loongarch64 -mabi=lp64d -mstrict-align -MT xsltutils.lo -MD -MP -MF .deps/xsltutils.Tpo -c xsltutils.c  -fPIC -DPIC -o .libs/xsltutils.o
libtool: compile:  /app/target/cpython-strict/cross/loongarch64-linux-musl-gcc -DHAVE_CONFIG_H -I. -I.. -I.. -I../libxslt -I/app/target/cpython-strict/sysroot/usr/include -I/app/target/cpython-strict/sysroot/usr/include/libxml2 -Wall -Wextra -Wshadow -Wpointer-arith -Wcast-align -Wwrite-strings -Waggregate-return -Wstrict-prototypes -Wmissing-prototypes -Wnested-externs -Winline -Wredundant-decls -I/usr/include/libxml2 -Os -fstack-clash-protection -Wformat -Werror=format-security -fno-plt -march=loongarch64 -mabi=lp64d -mstrict-align -MT xsltlocale.lo -MD -MP -MF .deps/xsltlocale.Tpo -c xsltlocale.c  -fPIC -DPIC -o .libs/xsltlocale.o
libtool: compile:  /app/target/cpython-strict/cross/loongarch64-linux-musl-gcc -DHAVE_CONFIG_H -I. -I.. -I.. -I../libxslt -I/app/target/cpython-strict/sysroot/usr/include -I/app/target/cpython-strict/sysroot/usr/include/libxml2 -Wall -Wextra -Wshadow -Wpointer-arith -Wcast-align -Wwrite-strings -Waggregate-return -Wstrict-prototypes -Wmissing-prototypes -Wnested-externs -Winline -Wredundant-decls -I/usr/include/libxml2 -Os -fstack-clash-protection -Wformat -Werror=format-security -fno-plt -march=loongarch64 -mabi=lp64d -mstrict-align -MT xsltlocale.lo -MD -MP -MF .deps/xsltlocale.Tpo -c xsltlocale.c -o xsltlocale.o >/dev/null 2>&1
libtool: compile:  /app/target/cpython-strict/cross/loongarch64-linux-musl-gcc -DHAVE_CONFIG_H -I. -I.. -I.. -I../libxslt -I/app/target/cpython-strict/sysroot/usr/include -I/app/target/cpython-strict/sysroot/usr/include/libxml2 -Wall -Wextra -Wshadow -Wpointer-arith -Wcast-align -Wwrite-strings -Waggregate-return -Wstrict-prototypes -Wmissing-prototypes -Wnested-externs -Winline -Wredundant-decls -I/usr/include/libxml2 -Os -fstack-clash-protection -Wformat -Werror=format-security -fno-plt -march=loongarch64 -mabi=lp64d -mstrict-align -MT attrvt.lo -MD -MP -MF .deps/attrvt.Tpo -c attrvt.c -o attrvt.o >/dev/null 2>&1
libtool: compile:  /app/target/cpython-strict/cross/loongarch64-linux-musl-gcc -DHAVE_CONFIG_H -I. -I.. -I.. -I../libxslt -I/app/target/cpython-strict/sysroot/usr/include -I/app/target/cpython-strict/sysroot/usr/include/libxml2 -Wall -Wextra -Wshadow -Wpointer-arith -Wcast-align -Wwrite-strings -Waggregate-return -Wstrict-prototypes -Wmissing-prototypes -Wnested-externs -Winline -Wredundant-decls -I/usr/include/libxml2 -Os -fstack-clash-protection -Wformat -Werror=format-security -fno-plt -march=loongarch64 -mabi=lp64d -mstrict-align -MT xslt.lo -MD -MP -MF .deps/xslt.Tpo -c xslt.c -o xslt.o >/dev/null 2>&1
libtool: compile:  /app/target/cpython-strict/cross/loongarch64-linux-musl-gcc -DHAVE_CONFIG_H -I. -I.. -I.. -I../libxslt -I/app/target/cpython-strict/sysroot/usr/include -I/app/target/cpython-strict/sysroot/usr/include/libxml2 -Wall -Wextra -Wshadow -Wpointer-arith -Wcast-align -Wwrite-strings -Waggregate-return -Wstrict-prototypes -Wmissing-prototypes -Wnested-externs -Winline -Wredundant-decls -I/usr/include/libxml2 -Os -fstack-clash-protection -Wformat -Werror=format-security -fno-plt -march=loongarch64 -mabi=lp64d -mstrict-align -MT xsltutils.lo -MD -MP -MF .deps/xsltutils.Tpo -c xsltutils.c -o xsltutils.o >/dev/null 2>&1
mv -f .deps/xsltlocale.Tpo .deps/xsltlocale.Plo
mv -f .deps/attrvt.Tpo .deps/attrvt.Plo
/bin/bash ../libtool  --tag=CC   --mode=compile /app/target/cpython-strict/cross/loongarch64-linux-musl-gcc -DHAVE_CONFIG_H -I. -I..  -I.. -I../libxslt -I/app/target/cpython-strict/sysroot/usr/include -I/app/target/cpython-strict/sysroot/usr/include/libxml2 -Wall -Wextra -Wshadow -Wpointer-arith -Wcast-align -Wwrite-strings -Waggregate-return -Wstrict-prototypes -Wmissing-prototypes -Wnested-externs -Winline -Wredundant-decls -I/usr/include/libxml2 -Os -fstack-clash-protection -Wformat -Werror=format-security -fno-plt -march=loongarch64 -mabi=lp64d -mstrict-align -MT pattern.lo -MD -MP -MF .deps/pattern.Tpo -c -o pattern.lo pattern.c
/bin/bash ../libtool  --tag=CC   --mode=compile /app/target/cpython-strict/cross/loongarch64-linux-musl-gcc -DHAVE_CONFIG_H -I. -I..  -I.. -I../libxslt -I/app/target/cpython-strict/sysroot/usr/include -I/app/target/cpython-strict/sysroot/usr/include/libxml2 -Wall -Wextra -Wshadow -Wpointer-arith -Wcast-align -Wwrite-strings -Waggregate-return -Wstrict-prototypes -Wmissing-prototypes -Wnested-externs -Winline -Wredundant-decls -I/usr/include/libxml2 -Os -fstack-clash-protection -Wformat -Werror=format-security -fno-plt -march=loongarch64 -mabi=lp64d -mstrict-align -MT templates.lo -MD -MP -MF .deps/templates.Tpo -c -o templates.lo templates.c
libtool: compile:  /app/target/cpython-strict/cross/loongarch64-linux-musl-gcc -DHAVE_CONFIG_H -I. -I.. -I.. -I../libxslt -I/app/target/cpython-strict/sysroot/usr/include -I/app/target/cpython-strict/sysroot/usr/include/libxml2 -Wall -Wextra -Wshadow -Wpointer-arith -Wcast-align -Wwrite-strings -Waggregate-return -Wstrict-prototypes -Wmissing-prototypes -Wnested-externs -Winline -Wredundant-decls -I/usr/include/libxml2 -Os -fstack-clash-protection -Wformat -Werror=format-security -fno-plt -march=loongarch64 -mabi=lp64d -mstrict-align -MT pattern.lo -MD -MP -MF .deps/pattern.Tpo -c pattern.c  -fPIC -DPIC -o .libs/pattern.o
libtool: compile:  /app/target/cpython-strict/cross/loongarch64-linux-musl-gcc -DHAVE_CONFIG_H -I. -I.. -I.. -I../libxslt -I/app/target/cpython-strict/sysroot/usr/include -I/app/target/cpython-strict/sysroot/usr/include/libxml2 -Wall -Wextra -Wshadow -Wpointer-arith -Wcast-align -Wwrite-strings -Waggregate-return -Wstrict-prototypes -Wmissing-prototypes -Wnested-externs -Winline -Wredundant-decls -I/usr/include/libxml2 -Os -fstack-clash-protection -Wformat -Werror=format-security -fno-plt -march=loongarch64 -mabi=lp64d -mstrict-align -MT templates.lo -MD -MP -MF .deps/templates.Tpo -c templates.c  -fPIC -DPIC -o .libs/templates.o
mv -f .deps/xslt.Tpo .deps/xslt.Plo
libtool: compile:  /app/target/cpython-strict/cross/loongarch64-linux-musl-gcc -DHAVE_CONFIG_H -I. -I.. -I.. -I../libxslt -I/app/target/cpython-strict/sysroot/usr/include -I/app/target/cpython-strict/sysroot/usr/include/libxml2 -Wall -Wextra -Wshadow -Wpointer-arith -Wcast-align -Wwrite-strings -Waggregate-return -Wstrict-prototypes -Wmissing-prototypes -Wnested-externs -Winline -Wredundant-decls -I/usr/include/libxml2 -Os -fstack-clash-protection -Wformat -Werror=format-security -fno-plt -march=loongarch64 -mabi=lp64d -mstrict-align -MT templates.lo -MD -MP -MF .deps/templates.Tpo -c templates.c -o templates.o >/dev/null 2>&1
/bin/bash ../libtool  --tag=CC   --mode=compile /app/target/cpython-strict/cross/loongarch64-linux-musl-gcc -DHAVE_CONFIG_H -I. -I..  -I.. -I../libxslt -I/app/target/cpython-strict/sysroot/usr/include -I/app/target/cpython-strict/sysroot/usr/include/libxml2 -Wall -Wextra -Wshadow -Wpointer-arith -Wcast-align -Wwrite-strings -Waggregate-return -Wstrict-prototypes -Wmissing-prototypes -Wnested-externs -Winline -Wredundant-decls -I/usr/include/libxml2 -Os -fstack-clash-protection -Wformat -Werror=format-security -fno-plt -march=loongarch64 -mabi=lp64d -mstrict-align -MT variables.lo -MD -MP -MF .deps/variables.Tpo -c -o variables.lo variables.c
mv -f .deps/xsltutils.Tpo .deps/xsltutils.Plo
/bin/bash ../libtool  --tag=CC   --mode=compile /app/target/cpython-strict/cross/loongarch64-linux-musl-gcc -DHAVE_CONFIG_H -I. -I..  -I.. -I../libxslt -I/app/target/cpython-strict/sysroot/usr/include -I/app/target/cpython-strict/sysroot/usr/include/libxml2 -Wall -Wextra -Wshadow -Wpointer-arith -Wcast-align -Wwrite-strings -Waggregate-return -Wstrict-prototypes -Wmissing-prototypes -Wnested-externs -Winline -Wredundant-decls -I/usr/include/libxml2 -Os -fstack-clash-protection -Wformat -Werror=format-security -fno-plt -march=loongarch64 -mabi=lp64d -mstrict-align -MT keys.lo -MD -MP -MF .deps/keys.Tpo -c -o keys.lo keys.c
libtool: compile:  /app/target/cpython-strict/cross/loongarch64-linux-musl-gcc -DHAVE_CONFIG_H -I. -I.. -I.. -I../libxslt -I/app/target/cpython-strict/sysroot/usr/include -I/app/target/cpython-strict/sysroot/usr/include/libxml2 -Wall -Wextra -Wshadow -Wpointer-arith -Wcast-align -Wwrite-strings -Waggregate-return -Wstrict-prototypes -Wmissing-prototypes -Wnested-externs -Winline -Wredundant-decls -I/usr/include/libxml2 -Os -fstack-clash-protection -Wformat -Werror=format-security -fno-plt -march=loongarch64 -mabi=lp64d -mstrict-align -MT variables.lo -MD -MP -MF .deps/variables.Tpo -c variables.c  -fPIC -DPIC -o .libs/variables.o
libtool: compile:  /app/target/cpython-strict/cross/loongarch64-linux-musl-gcc -DHAVE_CONFIG_H -I. -I.. -I.. -I../libxslt -I/app/target/cpython-strict/sysroot/usr/include -I/app/target/cpython-strict/sysroot/usr/include/libxml2 -Wall -Wextra -Wshadow -Wpointer-arith -Wcast-align -Wwrite-strings -Waggregate-return -Wstrict-prototypes -Wmissing-prototypes -Wnested-externs -Winline -Wredundant-decls -I/usr/include/libxml2 -Os -fstack-clash-protection -Wformat -Werror=format-security -fno-plt -march=loongarch64 -mabi=lp64d -mstrict-align -MT keys.lo -MD -MP -MF .deps/keys.Tpo -c keys.c  -fPIC -DPIC -o .libs/keys.o
libtool: compile:  /app/target/cpython-strict/cross/loongarch64-linux-musl-gcc -DHAVE_CONFIG_H -I. -I.. -I.. -I../libxslt -I/app/target/cpython-strict/sysroot/usr/include -I/app/target/cpython-strict/sysroot/usr/include/libxml2 -Wall -Wextra -Wshadow -Wpointer-arith -Wcast-align -Wwrite-strings -Waggregate-return -Wstrict-prototypes -Wmissing-prototypes -Wnested-externs -Winline -Wredundant-decls -I/usr/include/libxml2 -Os -fstack-clash-protection -Wformat -Werror=format-security -fno-plt -march=loongarch64 -mabi=lp64d -mstrict-align -MT pattern.lo -MD -MP -MF .deps/pattern.Tpo -c pattern.c -o pattern.o >/dev/null 2>&1
mv -f .deps/templates.Tpo .deps/templates.Plo
/bin/bash ../libtool  --tag=CC   --mode=compile /app/target/cpython-strict/cross/loongarch64-linux-musl-gcc -DHAVE_CONFIG_H -I. -I..  -I.. -I../libxslt -I/app/target/cpython-strict/sysroot/usr/include -I/app/target/cpython-strict/sysroot/usr/include/libxml2 -Wall -Wextra -Wshadow -Wpointer-arith -Wcast-align -Wwrite-strings -Waggregate-return -Wstrict-prototypes -Wmissing-prototypes -Wnested-externs -Winline -Wredundant-decls -I/usr/include/libxml2 -Os -fstack-clash-protection -Wformat -Werror=format-security -fno-plt -march=loongarch64 -mabi=lp64d -mstrict-align -MT numbers.lo -MD -MP -MF .deps/numbers.Tpo -c -o numbers.lo numbers.c
libtool: compile:  /app/target/cpython-strict/cross/loongarch64-linux-musl-gcc -DHAVE_CONFIG_H -I. -I.. -I.. -I../libxslt -I/app/target/cpython-strict/sysroot/usr/include -I/app/target/cpython-strict/sysroot/usr/include/libxml2 -Wall -Wextra -Wshadow -Wpointer-arith -Wcast-align -Wwrite-strings -Waggregate-return -Wstrict-prototypes -Wmissing-prototypes -Wnested-externs -Winline -Wredundant-decls -I/usr/include/libxml2 -Os -fstack-clash-protection -Wformat -Werror=format-security -fno-plt -march=loongarch64 -mabi=lp64d -mstrict-align -MT numbers.lo -MD -MP -MF .deps/numbers.Tpo -c numbers.c  -fPIC -DPIC -o .libs/numbers.o
libtool: compile:  /app/target/cpython-strict/cross/loongarch64-linux-musl-gcc -DHAVE_CONFIG_H -I. -I.. -I.. -I../libxslt -I/app/target/cpython-strict/sysroot/usr/include -I/app/target/cpython-strict/sysroot/usr/include/libxml2 -Wall -Wextra -Wshadow -Wpointer-arith -Wcast-align -Wwrite-strings -Waggregate-return -Wstrict-prototypes -Wmissing-prototypes -Wnested-externs -Winline -Wredundant-decls -I/usr/include/libxml2 -Os -fstack-clash-protection -Wformat -Werror=format-security -fno-plt -march=loongarch64 -mabi=lp64d -mstrict-align -MT keys.lo -MD -MP -MF .deps/keys.Tpo -c keys.c -o keys.o >/dev/null 2>&1
libtool: compile:  /app/target/cpython-strict/cross/loongarch64-linux-musl-gcc -DHAVE_CONFIG_H -I. -I.. -I.. -I../libxslt -I/app/target/cpython-strict/sysroot/usr/include -I/app/target/cpython-strict/sysroot/usr/include/libxml2 -Wall -Wextra -Wshadow -Wpointer-arith -Wcast-align -Wwrite-strings -Waggregate-return -Wstrict-prototypes -Wmissing-prototypes -Wnested-externs -Winline -Wredundant-decls -I/usr/include/libxml2 -Os -fstack-clash-protection -Wformat -Werror=format-security -fno-plt -march=loongarch64 -mabi=lp64d -mstrict-align -MT variables.lo -MD -MP -MF .deps/variables.Tpo -c variables.c -o variables.o >/dev/null 2>&1
mv -f .deps/pattern.Tpo .deps/pattern.Plo
/bin/bash ../libtool  --tag=CC   --mode=compile /app/target/cpython-strict/cross/loongarch64-linux-musl-gcc -DHAVE_CONFIG_H -I. -I..  -I.. -I../libxslt -I/app/target/cpython-strict/sysroot/usr/include -I/app/target/cpython-strict/sysroot/usr/include/libxml2 -Wall -Wextra -Wshadow -Wpointer-arith -Wcast-align -Wwrite-strings -Waggregate-return -Wstrict-prototypes -Wmissing-prototypes -Wnested-externs -Winline -Wredundant-decls -I/usr/include/libxml2 -Os -fstack-clash-protection -Wformat -Werror=format-security -fno-plt -march=loongarch64 -mabi=lp64d -mstrict-align -MT extensions.lo -MD -MP -MF .deps/extensions.Tpo -c -o extensions.lo extensions.c
mv -f .deps/keys.Tpo .deps/keys.Plo
/bin/bash ../libtool  --tag=CC   --mode=compile /app/target/cpython-strict/cross/loongarch64-linux-musl-gcc -DHAVE_CONFIG_H -I. -I..  -I.. -I../libxslt -I/app/target/cpython-strict/sysroot/usr/include -I/app/target/cpython-strict/sysroot/usr/include/libxml2 -Wall -Wextra -Wshadow -Wpointer-arith -Wcast-align -Wwrite-strings -Waggregate-return -Wstrict-prototypes -Wmissing-prototypes -Wnested-externs -Winline -Wredundant-decls -I/usr/include/libxml2 -Os -fstack-clash-protection -Wformat -Werror=format-security -fno-plt -march=loongarch64 -mabi=lp64d -mstrict-align -MT extra.lo -MD -MP -MF .deps/extra.Tpo -c -o extra.lo extra.c
libtool: compile:  /app/target/cpython-strict/cross/loongarch64-linux-musl-gcc -DHAVE_CONFIG_H -I. -I.. -I.. -I../libxslt -I/app/target/cpython-strict/sysroot/usr/include -I/app/target/cpython-strict/sysroot/usr/include/libxml2 -Wall -Wextra -Wshadow -Wpointer-arith -Wcast-align -Wwrite-strings -Waggregate-return -Wstrict-prototypes -Wmissing-prototypes -Wnested-externs -Winline -Wredundant-decls -I/usr/include/libxml2 -Os -fstack-clash-protection -Wformat -Werror=format-security -fno-plt -march=loongarch64 -mabi=lp64d -mstrict-align -MT extensions.lo -MD -MP -MF .deps/extensions.Tpo -c extensions.c  -fPIC -DPIC -o .libs/extensions.o
libtool: compile:  /app/target/cpython-strict/cross/loongarch64-linux-musl-gcc -DHAVE_CONFIG_H -I. -I.. -I.. -I../libxslt -I/app/target/cpython-strict/sysroot/usr/include -I/app/target/cpython-strict/sysroot/usr/include/libxml2 -Wall -Wextra -Wshadow -Wpointer-arith -Wcast-align -Wwrite-strings -Waggregate-return -Wstrict-prototypes -Wmissing-prototypes -Wnested-externs -Winline -Wredundant-decls -I/usr/include/libxml2 -Os -fstack-clash-protection -Wformat -Werror=format-security -fno-plt -march=loongarch64 -mabi=lp64d -mstrict-align -MT numbers.lo -MD -MP -MF .deps/numbers.Tpo -c numbers.c -o numbers.o >/dev/null 2>&1
mv -f .deps/variables.Tpo .deps/variables.Plo
/bin/bash ../libtool  --tag=CC   --mode=compile /app/target/cpython-strict/cross/loongarch64-linux-musl-gcc -DHAVE_CONFIG_H -I. -I..  -I.. -I../libxslt -I/app/target/cpython-strict/sysroot/usr/include -I/app/target/cpython-strict/sysroot/usr/include/libxml2 -Wall -Wextra -Wshadow -Wpointer-arith -Wcast-align -Wwrite-strings -Waggregate-return -Wstrict-prototypes -Wmissing-prototypes -Wnested-externs -Winline -Wredundant-decls -I/usr/include/libxml2 -Os -fstack-clash-protection -Wformat -Werror=format-security -fno-plt -march=loongarch64 -mabi=lp64d -mstrict-align -MT functions.lo -MD -MP -MF .deps/functions.Tpo -c -o functions.lo functions.c
libtool: compile:  /app/target/cpython-strict/cross/loongarch64-linux-musl-gcc -DHAVE_CONFIG_H -I. -I.. -I.. -I../libxslt -I/app/target/cpython-strict/sysroot/usr/include -I/app/target/cpython-strict/sysroot/usr/include/libxml2 -Wall -Wextra -Wshadow -Wpointer-arith -Wcast-align -Wwrite-strings -Waggregate-return -Wstrict-prototypes -Wmissing-prototypes -Wnested-externs -Winline -Wredundant-decls -I/usr/include/libxml2 -Os -fstack-clash-protection -Wformat -Werror=format-security -fno-plt -march=loongarch64 -mabi=lp64d -mstrict-align -MT extra.lo -MD -MP -MF .deps/extra.Tpo -c extra.c  -fPIC -DPIC -o .libs/extra.o
libtool: compile:  /app/target/cpython-strict/cross/loongarch64-linux-musl-gcc -DHAVE_CONFIG_H -I. -I.. -I.. -I../libxslt -I/app/target/cpython-strict/sysroot/usr/include -I/app/target/cpython-strict/sysroot/usr/include/libxml2 -Wall -Wextra -Wshadow -Wpointer-arith -Wcast-align -Wwrite-strings -Waggregate-return -Wstrict-prototypes -Wmissing-prototypes -Wnested-externs -Winline -Wredundant-decls -I/usr/include/libxml2 -Os -fstack-clash-protection -Wformat -Werror=format-security -fno-plt -march=loongarch64 -mabi=lp64d -mstrict-align -MT functions.lo -MD -MP -MF .deps/functions.Tpo -c functions.c  -fPIC -DPIC -o .libs/functions.o
libtool: compile:  /app/target/cpython-strict/cross/loongarch64-linux-musl-gcc -DHAVE_CONFIG_H -I. -I.. -I.. -I../libxslt -I/app/target/cpython-strict/sysroot/usr/include -I/app/target/cpython-strict/sysroot/usr/include/libxml2 -Wall -Wextra -Wshadow -Wpointer-arith -Wcast-align -Wwrite-strings -Waggregate-return -Wstrict-prototypes -Wmissing-prototypes -Wnested-externs -Winline -Wredundant-decls -I/usr/include/libxml2 -Os -fstack-clash-protection -Wformat -Werror=format-security -fno-plt -march=loongarch64 -mabi=lp64d -mstrict-align -MT extra.lo -MD -MP -MF .deps/extra.Tpo -c extra.c -o extra.o >/dev/null 2>&1
libtool: compile:  /app/target/cpython-strict/cross/loongarch64-linux-musl-gcc -DHAVE_CONFIG_H -I. -I.. -I.. -I../libxslt -I/app/target/cpython-strict/sysroot/usr/include -I/app/target/cpython-strict/sysroot/usr/include/libxml2 -Wall -Wextra -Wshadow -Wpointer-arith -Wcast-align -Wwrite-strings -Waggregate-return -Wstrict-prototypes -Wmissing-prototypes -Wnested-externs -Winline -Wredundant-decls -I/usr/include/libxml2 -Os -fstack-clash-protection -Wformat -Werror=format-security -fno-plt -march=loongarch64 -mabi=lp64d -mstrict-align -MT extensions.lo -MD -MP -MF .deps/extensions.Tpo -c extensions.c -o extensions.o >/dev/null 2>&1
mv -f .deps/numbers.Tpo .deps/numbers.Plo
/bin/bash ../libtool  --tag=CC   --mode=compile /app/target/cpython-strict/cross/loongarch64-linux-musl-gcc -DHAVE_CONFIG_H -I. -I..  -I.. -I../libxslt -I/app/target/cpython-strict/sysroot/usr/include -I/app/target/cpython-strict/sysroot/usr/include/libxml2 -Wall -Wextra -Wshadow -Wpointer-arith -Wcast-align -Wwrite-strings -Waggregate-return -Wstrict-prototypes -Wmissing-prototypes -Wnested-externs -Winline -Wredundant-decls -I/usr/include/libxml2 -Os -fstack-clash-protection -Wformat -Werror=format-security -fno-plt -march=loongarch64 -mabi=lp64d -mstrict-align -MT namespaces.lo -MD -MP -MF .deps/namespaces.Tpo -c -o namespaces.lo namespaces.c
libtool: compile:  /app/target/cpython-strict/cross/loongarch64-linux-musl-gcc -DHAVE_CONFIG_H -I. -I.. -I.. -I../libxslt -I/app/target/cpython-strict/sysroot/usr/include -I/app/target/cpython-strict/sysroot/usr/include/libxml2 -Wall -Wextra -Wshadow -Wpointer-arith -Wcast-align -Wwrite-strings -Waggregate-return -Wstrict-prototypes -Wmissing-prototypes -Wnested-externs -Winline -Wredundant-decls -I/usr/include/libxml2 -Os -fstack-clash-protection -Wformat -Werror=format-security -fno-plt -march=loongarch64 -mabi=lp64d -mstrict-align -MT functions.lo -MD -MP -MF .deps/functions.Tpo -c functions.c -o functions.o >/dev/null 2>&1
libtool: compile:  /app/target/cpython-strict/cross/loongarch64-linux-musl-gcc -DHAVE_CONFIG_H -I. -I.. -I.. -I../libxslt -I/app/target/cpython-strict/sysroot/usr/include -I/app/target/cpython-strict/sysroot/usr/include/libxml2 -Wall -Wextra -Wshadow -Wpointer-arith -Wcast-align -Wwrite-strings -Waggregate-return -Wstrict-prototypes -Wmissing-prototypes -Wnested-externs -Winline -Wredundant-decls -I/usr/include/libxml2 -Os -fstack-clash-protection -Wformat -Werror=format-security -fno-plt -march=loongarch64 -mabi=lp64d -mstrict-align -MT namespaces.lo -MD -MP -MF .deps/namespaces.Tpo -c namespaces.c  -fPIC -DPIC -o .libs/namespaces.o
mv -f .deps/extra.Tpo .deps/extra.Plo
/bin/bash ../libtool  --tag=CC   --mode=compile /app/target/cpython-strict/cross/loongarch64-linux-musl-gcc -DHAVE_CONFIG_H -I. -I..  -I.. -I../libxslt -I/app/target/cpython-strict/sysroot/usr/include -I/app/target/cpython-strict/sysroot/usr/include/libxml2 -Wall -Wextra -Wshadow -Wpointer-arith -Wcast-align -Wwrite-strings -Waggregate-return -Wstrict-prototypes -Wmissing-prototypes -Wnested-externs -Winline -Wredundant-decls -I/usr/include/libxml2 -Os -fstack-clash-protection -Wformat -Werror=format-security -fno-plt -march=loongarch64 -mabi=lp64d -mstrict-align -MT imports.lo -MD -MP -MF .deps/imports.Tpo -c -o imports.lo imports.c
mv -f .deps/extensions.Tpo .deps/extensions.Plo
libtool: compile:  /app/target/cpython-strict/cross/loongarch64-linux-musl-gcc -DHAVE_CONFIG_H -I. -I.. -I.. -I../libxslt -I/app/target/cpython-strict/sysroot/usr/include -I/app/target/cpython-strict/sysroot/usr/include/libxml2 -Wall -Wextra -Wshadow -Wpointer-arith -Wcast-align -Wwrite-strings -Waggregate-return -Wstrict-prototypes -Wmissing-prototypes -Wnested-externs -Winline -Wredundant-decls -I/usr/include/libxml2 -Os -fstack-clash-protection -Wformat -Werror=format-security -fno-plt -march=loongarch64 -mabi=lp64d -mstrict-align -MT imports.lo -MD -MP -MF .deps/imports.Tpo -c imports.c  -fPIC -DPIC -o .libs/imports.o
/bin/bash ../libtool  --tag=CC   --mode=compile /app/target/cpython-strict/cross/loongarch64-linux-musl-gcc -DHAVE_CONFIG_H -I. -I..  -I.. -I../libxslt -I/app/target/cpython-strict/sysroot/usr/include -I/app/target/cpython-strict/sysroot/usr/include/libxml2 -Wall -Wextra -Wshadow -Wpointer-arith -Wcast-align -Wwrite-strings -Waggregate-return -Wstrict-prototypes -Wmissing-prototypes -Wnested-externs -Winline -Wredundant-decls -I/usr/include/libxml2 -Os -fstack-clash-protection -Wformat -Werror=format-security -fno-plt -march=loongarch64 -mabi=lp64d -mstrict-align -MT attributes.lo -MD -MP -MF .deps/attributes.Tpo -c -o attributes.lo attributes.c
libtool: compile:  /app/target/cpython-strict/cross/loongarch64-linux-musl-gcc -DHAVE_CONFIG_H -I. -I.. -I.. -I../libxslt -I/app/target/cpython-strict/sysroot/usr/include -I/app/target/cpython-strict/sysroot/usr/include/libxml2 -Wall -Wextra -Wshadow -Wpointer-arith -Wcast-align -Wwrite-strings -Waggregate-return -Wstrict-prototypes -Wmissing-prototypes -Wnested-externs -Winline -Wredundant-decls -I/usr/include/libxml2 -Os -fstack-clash-protection -Wformat -Werror=format-security -fno-plt -march=loongarch64 -mabi=lp64d -mstrict-align -MT namespaces.lo -MD -MP -MF .deps/namespaces.Tpo -c namespaces.c -o namespaces.o >/dev/null 2>&1
mv -f .deps/functions.Tpo .deps/functions.Plo
libtool: compile:  /app/target/cpython-strict/cross/loongarch64-linux-musl-gcc -DHAVE_CONFIG_H -I. -I.. -I.. -I../libxslt -I/app/target/cpython-strict/sysroot/usr/include -I/app/target/cpython-strict/sysroot/usr/include/libxml2 -Wall -Wextra -Wshadow -Wpointer-arith -Wcast-align -Wwrite-strings -Waggregate-return -Wstrict-prototypes -Wmissing-prototypes -Wnested-externs -Winline -Wredundant-decls -I/usr/include/libxml2 -Os -fstack-clash-protection -Wformat -Werror=format-security -fno-plt -march=loongarch64 -mabi=lp64d -mstrict-align -MT attributes.lo -MD -MP -MF .deps/attributes.Tpo -c attributes.c  -fPIC -DPIC -o .libs/attributes.o
/bin/bash ../libtool  --tag=CC   --mode=compile /app/target/cpython-strict/cross/loongarch64-linux-musl-gcc -DHAVE_CONFIG_H -I. -I..  -I.. -I../libxslt -I/app/target/cpython-strict/sysroot/usr/include -I/app/target/cpython-strict/sysroot/usr/include/libxml2 -Wall -Wextra -Wshadow -Wpointer-arith -Wcast-align -Wwrite-strings -Waggregate-return -Wstrict-prototypes -Wmissing-prototypes -Wnested-externs -Winline -Wredundant-decls -I/usr/include/libxml2 -Os -fstack-clash-protection -Wformat -Werror=format-security -fno-plt -march=loongarch64 -mabi=lp64d -mstrict-align -MT documents.lo -MD -MP -MF .deps/documents.Tpo -c -o documents.lo documents.c
libtool: compile:  /app/target/cpython-strict/cross/loongarch64-linux-musl-gcc -DHAVE_CONFIG_H -I. -I.. -I.. -I../libxslt -I/app/target/cpython-strict/sysroot/usr/include -I/app/target/cpython-strict/sysroot/usr/include/libxml2 -Wall -Wextra -Wshadow -Wpointer-arith -Wcast-align -Wwrite-strings -Waggregate-return -Wstrict-prototypes -Wmissing-prototypes -Wnested-externs -Winline -Wredundant-decls -I/usr/include/libxml2 -Os -fstack-clash-protection -Wformat -Werror=format-security -fno-plt -march=loongarch64 -mabi=lp64d -mstrict-align -MT documents.lo -MD -MP -MF .deps/documents.Tpo -c documents.c  -fPIC -DPIC -o .libs/documents.o
libtool: compile:  /app/target/cpython-strict/cross/loongarch64-linux-musl-gcc -DHAVE_CONFIG_H -I. -I.. -I.. -I../libxslt -I/app/target/cpython-strict/sysroot/usr/include -I/app/target/cpython-strict/sysroot/usr/include/libxml2 -Wall -Wextra -Wshadow -Wpointer-arith -Wcast-align -Wwrite-strings -Waggregate-return -Wstrict-prototypes -Wmissing-prototypes -Wnested-externs -Winline -Wredundant-decls -I/usr/include/libxml2 -Os -fstack-clash-protection -Wformat -Werror=format-security -fno-plt -march=loongarch64 -mabi=lp64d -mstrict-align -MT imports.lo -MD -MP -MF .deps/imports.Tpo -c imports.c -o imports.o >/dev/null 2>&1
mv -f .deps/namespaces.Tpo .deps/namespaces.Plo
/bin/bash ../libtool  --tag=CC   --mode=compile /app/target/cpython-strict/cross/loongarch64-linux-musl-gcc -DHAVE_CONFIG_H -I. -I..  -I.. -I../libxslt -I/app/target/cpython-strict/sysroot/usr/include -I/app/target/cpython-strict/sysroot/usr/include/libxml2 -Wall -Wextra -Wshadow -Wpointer-arith -Wcast-align -Wwrite-strings -Waggregate-return -Wstrict-prototypes -Wmissing-prototypes -Wnested-externs -Winline -Wredundant-decls -I/usr/include/libxml2 -Os -fstack-clash-protection -Wformat -Werror=format-security -fno-plt -march=loongarch64 -mabi=lp64d -mstrict-align -MT preproc.lo -MD -MP -MF .deps/preproc.Tpo -c -o preproc.lo preproc.c
libtool: compile:  /app/target/cpython-strict/cross/loongarch64-linux-musl-gcc -DHAVE_CONFIG_H -I. -I.. -I.. -I../libxslt -I/app/target/cpython-strict/sysroot/usr/include -I/app/target/cpython-strict/sysroot/usr/include/libxml2 -Wall -Wextra -Wshadow -Wpointer-arith -Wcast-align -Wwrite-strings -Waggregate-return -Wstrict-prototypes -Wmissing-prototypes -Wnested-externs -Winline -Wredundant-decls -I/usr/include/libxml2 -Os -fstack-clash-protection -Wformat -Werror=format-security -fno-plt -march=loongarch64 -mabi=lp64d -mstrict-align -MT attributes.lo -MD -MP -MF .deps/attributes.Tpo -c attributes.c -o attributes.o >/dev/null 2>&1
libtool: compile:  /app/target/cpython-strict/cross/loongarch64-linux-musl-gcc -DHAVE_CONFIG_H -I. -I.. -I.. -I../libxslt -I/app/target/cpython-strict/sysroot/usr/include -I/app/target/cpython-strict/sysroot/usr/include/libxml2 -Wall -Wextra -Wshadow -Wpointer-arith -Wcast-align -Wwrite-strings -Waggregate-return -Wstrict-prototypes -Wmissing-prototypes -Wnested-externs -Winline -Wredundant-decls -I/usr/include/libxml2 -Os -fstack-clash-protection -Wformat -Werror=format-security -fno-plt -march=loongarch64 -mabi=lp64d -mstrict-align -MT preproc.lo -MD -MP -MF .deps/preproc.Tpo -c preproc.c  -fPIC -DPIC -o .libs/preproc.o
libtool: compile:  /app/target/cpython-strict/cross/loongarch64-linux-musl-gcc -DHAVE_CONFIG_H -I. -I.. -I.. -I../libxslt -I/app/target/cpython-strict/sysroot/usr/include -I/app/target/cpython-strict/sysroot/usr/include/libxml2 -Wall -Wextra -Wshadow -Wpointer-arith -Wcast-align -Wwrite-strings -Waggregate-return -Wstrict-prototypes -Wmissing-prototypes -Wnested-externs -Winline -Wredundant-decls -I/usr/include/libxml2 -Os -fstack-clash-protection -Wformat -Werror=format-security -fno-plt -march=loongarch64 -mabi=lp64d -mstrict-align -MT documents.lo -MD -MP -MF .deps/documents.Tpo -c documents.c -o documents.o >/dev/null 2>&1
mv -f .deps/imports.Tpo .deps/imports.Plo
/bin/bash ../libtool  --tag=CC   --mode=compile /app/target/cpython-strict/cross/loongarch64-linux-musl-gcc -DHAVE_CONFIG_H -I. -I..  -I.. -I../libxslt -I/app/target/cpython-strict/sysroot/usr/include -I/app/target/cpython-strict/sysroot/usr/include/libxml2 -Wall -Wextra -Wshadow -Wpointer-arith -Wcast-align -Wwrite-strings -Waggregate-return -Wstrict-prototypes -Wmissing-prototypes -Wnested-externs -Winline -Wredundant-decls -I/usr/include/libxml2 -Os -fstack-clash-protection -Wformat -Werror=format-security -fno-plt -march=loongarch64 -mabi=lp64d -mstrict-align -MT transform.lo -MD -MP -MF .deps/transform.Tpo -c -o transform.lo transform.c
libtool: compile:  /app/target/cpython-strict/cross/loongarch64-linux-musl-gcc -DHAVE_CONFIG_H -I. -I.. -I.. -I../libxslt -I/app/target/cpython-strict/sysroot/usr/include -I/app/target/cpython-strict/sysroot/usr/include/libxml2 -Wall -Wextra -Wshadow -Wpointer-arith -Wcast-align -Wwrite-strings -Waggregate-return -Wstrict-prototypes -Wmissing-prototypes -Wnested-externs -Winline -Wredundant-decls -I/usr/include/libxml2 -Os -fstack-clash-protection -Wformat -Werror=format-security -fno-plt -march=loongarch64 -mabi=lp64d -mstrict-align -MT transform.lo -MD -MP -MF .deps/transform.Tpo -c transform.c  -fPIC -DPIC -o .libs/transform.o
mv -f .deps/documents.Tpo .deps/documents.Plo
mv -f .deps/attributes.Tpo .deps/attributes.Plo
/bin/bash ../libtool  --tag=CC   --mode=compile /app/target/cpython-strict/cross/loongarch64-linux-musl-gcc -DHAVE_CONFIG_H -I. -I..  -I.. -I../libxslt -I/app/target/cpython-strict/sysroot/usr/include -I/app/target/cpython-strict/sysroot/usr/include/libxml2 -Wall -Wextra -Wshadow -Wpointer-arith -Wcast-align -Wwrite-strings -Waggregate-return -Wstrict-prototypes -Wmissing-prototypes -Wnested-externs -Winline -Wredundant-decls -I/usr/include/libxml2 -Os -fstack-clash-protection -Wformat -Werror=format-security -fno-plt -march=loongarch64 -mabi=lp64d -mstrict-align -MT security.lo -MD -MP -MF .deps/security.Tpo -c -o security.lo security.c
libtool: compile:  /app/target/cpython-strict/cross/loongarch64-linux-musl-gcc -DHAVE_CONFIG_H -I. -I.. -I.. -I../libxslt -I/app/target/cpython-strict/sysroot/usr/include -I/app/target/cpython-strict/sysroot/usr/include/libxml2 -Wall -Wextra -Wshadow -Wpointer-arith -Wcast-align -Wwrite-strings -Waggregate-return -Wstrict-prototypes -Wmissing-prototypes -Wnested-externs -Winline -Wredundant-decls -I/usr/include/libxml2 -Os -fstack-clash-protection -Wformat -Werror=format-security -fno-plt -march=loongarch64 -mabi=lp64d -mstrict-align -MT preproc.lo -MD -MP -MF .deps/preproc.Tpo -c preproc.c -o preproc.o >/dev/null 2>&1
libtool: compile:  /app/target/cpython-strict/cross/loongarch64-linux-musl-gcc -DHAVE_CONFIG_H -I. -I.. -I.. -I../libxslt -I/app/target/cpython-strict/sysroot/usr/include -I/app/target/cpython-strict/sysroot/usr/include/libxml2 -Wall -Wextra -Wshadow -Wpointer-arith -Wcast-align -Wwrite-strings -Waggregate-return -Wstrict-prototypes -Wmissing-prototypes -Wnested-externs -Winline -Wredundant-decls -I/usr/include/libxml2 -Os -fstack-clash-protection -Wformat -Werror=format-security -fno-plt -march=loongarch64 -mabi=lp64d -mstrict-align -MT security.lo -MD -MP -MF .deps/security.Tpo -c security.c  -fPIC -DPIC -o .libs/security.o
libtool: compile:  /app/target/cpython-strict/cross/loongarch64-linux-musl-gcc -DHAVE_CONFIG_H -I. -I.. -I.. -I../libxslt -I/app/target/cpython-strict/sysroot/usr/include -I/app/target/cpython-strict/sysroot/usr/include/libxml2 -Wall -Wextra -Wshadow -Wpointer-arith -Wcast-align -Wwrite-strings -Waggregate-return -Wstrict-prototypes -Wmissing-prototypes -Wnested-externs -Winline -Wredundant-decls -I/usr/include/libxml2 -Os -fstack-clash-protection -Wformat -Werror=format-security -fno-plt -march=loongarch64 -mabi=lp64d -mstrict-align -MT security.lo -MD -MP -MF .deps/security.Tpo -c security.c -o security.o >/dev/null 2>&1
mv -f .deps/preproc.Tpo .deps/preproc.Plo
libtool: compile:  /app/target/cpython-strict/cross/loongarch64-linux-musl-gcc -DHAVE_CONFIG_H -I. -I.. -I.. -I../libxslt -I/app/target/cpython-strict/sysroot/usr/include -I/app/target/cpython-strict/sysroot/usr/include/libxml2 -Wall -Wextra -Wshadow -Wpointer-arith -Wcast-align -Wwrite-strings -Waggregate-return -Wstrict-prototypes -Wmissing-prototypes -Wnested-externs -Winline -Wredundant-decls -I/usr/include/libxml2 -Os -fstack-clash-protection -Wformat -Werror=format-security -fno-plt -march=loongarch64 -mabi=lp64d -mstrict-align -MT transform.lo -MD -MP -MF .deps/transform.Tpo -c transform.c -o transform.o >/dev/null 2>&1
mv -f .deps/security.Tpo .deps/security.Plo
mv -f .deps/transform.Tpo .deps/transform.Plo
/bin/bash ../libtool  --tag=CC   --mode=link /app/target/cpython-strict/cross/loongarch64-linux-musl-gcc -Wall -Wextra -Wshadow -Wpointer-arith -Wcast-align -Wwrite-strings -Waggregate-return -Wstrict-prototypes -Wmissing-prototypes -Wnested-externs -Winline -Wredundant-decls -I/usr/include/libxml2 -Os -fstack-clash-protection -Wformat -Werror=format-security -fno-plt -march=loongarch64 -mabi=lp64d -mstrict-align  -no-undefined -Wl,--undefined-version -Wl,--version-script=./libxslt.syms -version-info 2:43:1 -L/app/target/cpython-strict/sysroot/usr/lib -L/app/target/cpython-strict/sysroot/lib -Wl,-rpath-link,/app/target/cpython-strict/sysroot/usr/lib -Wl,-rpath-link,/app/target/cpython-strict/sysroot/lib -Wl,--as-needed -Wl,-O1 -Wl,--sort-common -o libxslt.la -rpath /usr/lib attrvt.lo xslt.lo xsltlocale.lo xsltutils.lo pattern.lo templates.lo variables.lo keys.lo numbers.lo extensions.lo extra.lo functions.lo namespaces.lo imports.lo attributes.lo documents.lo preproc.lo transform.lo security.lo -lxml2 -L/app/target/cpython-strict/sysroot/usr/lib -lz -L/app/target/cpython-strict/sysroot/usr/lib -llzma -lm  -lm 
libtool: warning: library '/app/target/cpython-strict/sysroot/usr/lib/libxml2.la' was moved.
libtool: warning: library '/app/target/cpython-strict/sysroot/usr/lib/liblzma.la' was moved.
libtool: link: /app/target/cpython-strict/cross/loongarch64-linux-musl-gcc -shared  -fPIC -DPIC  .libs/attrvt.o .libs/xslt.o .libs/xsltlocale.o .libs/xsltutils.o .libs/pattern.o .libs/templates.o .libs/variables.o .libs/keys.o .libs/numbers.o .libs/extensions.o .libs/extra.o .libs/functions.o .libs/namespaces.o .libs/imports.o .libs/attributes.o .libs/documents.o .libs/preproc.o .libs/transform.o .libs/security.o   -Wl,-rpath -Wl,/app/target/cpython-strict/sysroot/usr/lib -Wl,-rpath -Wl,/app/target/cpython-strict/sysroot/usr/lib -L/app/target/cpython-strict/sysroot/usr/lib -L/app/target/cpython-strict/sysroot/lib /app/target/cpython-strict/sysroot/usr/lib/libxml2.so -lz /app/target/cpython-strict/sysroot/usr/lib/liblzma.so -lm  -Os -march=loongarch64 -mabi=lp64d -mstrict-align -Wl,--undefined-version -Wl,--version-script=./libxslt.syms -Wl,-rpath-link -Wl,/app/target/cpython-strict/sysroot/usr/lib -Wl,-rpath-link -Wl,/app/target/cpython-strict/sysroot/lib -Wl,--as-needed -Wl,-O1 -Wl,--sort-common   -pthread -Wl,-soname -Wl,libxslt.so.1 -o .libs/libxslt.so.1.1.43
libtool: link: (cd ".libs" && rm -f "libxslt.so.1" && ln -s "libxslt.so.1.1.43" "libxslt.so.1")
libtool: link: (cd ".libs" && rm -f "libxslt.so" && ln -s "libxslt.so.1.1.43" "libxslt.so")
libtool: link: /app/target/cpython-strict/toolchain/full-gcc-15.2.0-musl-20250911/loongarch64-unknown-linux-musl/bin/loongarch64-unknown-linux-musl-gcc-ar cr .libs/libxslt.a  attrvt.o xslt.o xsltlocale.o xsltutils.o pattern.o templates.o variables.o keys.o numbers.o extensions.o extra.o functions.o namespaces.o imports.o attributes.o documents.o preproc.o transform.o security.o
libtool: link: /app/target/cpython-strict/toolchain/full-gcc-15.2.0-musl-20250911/loongarch64-unknown-linux-musl/bin/loongarch64-unknown-linux-musl-gcc-ranlib .libs/libxslt.a
/usr/bin/sed: can't read /usr/lib/liblzma.la: No such file or directory
libtool:   error: '/usr/lib/liblzma.la' is not a valid libtool archive
make[2]: *** [Makefile:549: libxslt.la] Error 1
make[2]: Leaving directory '/app/target/cpython-strict/build/libxslt-1.1.43/libxslt'
make[1]: *** [Makefile:647: all-recursive] Error 1
make[1]: Leaving directory '/app/target/cpython-strict/build/libxslt-1.1.43'
make: *** [Makefile:452: all] Error 2
make: *** [cpython-la64-runtime-build] Error 2
