2026-07-17T05:25:10.526277Z __PERF_BEGIN_cpython_bench_fork-1-33bccb5d__
2026-07-17T05:25:11.434580Z [1m[33mMangoCore[0m:[1m[34m/[0m# __PERF_ACK_cpython_bench_fork-1-33bccb5d_TRACE_OFF__
2026-07-17T05:25:12.063050Z [1m[33mMangoCore[0m:[1m[34m/[0m# __PERF_ACK_cpython_bench_fork-1-33bccb5d_STATS_OFF__
2026-07-17T05:25:12.687972Z [1m[33mMangoCore[0m:[1m[34m/[0m# __PERF_ACK_cpython_bench_fork-1-33bccb5d_PROFILE__
2026-07-17T05:25:13.271609Z [1m[33mMangoCore[0m:[1m[34m/[0m# __PERF_ACK_cpython_bench_fork-1-33bccb5d_RESET__
2026-07-17T05:25:13.952381Z [1m[33mMangoCore[0m:[1m[34m/[0m# __PERF_STATS_BEFORE_BOOT__
2026-07-17T05:25:13.986010Z clock_freq_hz=100000000
2026-07-17T05:25:13.988572Z boot_console_ticks=1187996205
2026-07-17T05:25:13.991446Z boot_mm_ticks=1215127604
2026-07-17T05:25:13.994166Z boot_drivers_ticks=1215533788
2026-07-17T05:25:13.996924Z boot_net_ticks=1226121614
2026-07-17T05:25:13.999828Z boot_fs_ticks=1238201751
2026-07-17T05:25:14.002483Z boot_initproc_ticks=1240403467
2026-07-17T05:25:14.003442Z boot_scheduler_ticks=1240403496
2026-07-17T05:25:14.008035Z __PERF_STATS_BEFORE_BOOT_END__
2026-07-17T05:25:14.699062Z [1m[33mMangoCore[0m:[1m[34m/[0m# __PERF_STATS_BEFORE_TASKQ__
2026-07-17T05:25:14.732169Z ready_len_max=0
2026-07-17T05:25:14.734764Z interruptible_len_max=0
2026-07-17T05:25:14.734845Z ready_zombie_max=0
2026-07-17T05:25:14.737634Z interruptible_zombie_max=0
2026-07-17T05:25:14.740423Z dup_enqueue_total=0
2026-07-17T05:25:14.743128Z add_ready_total=0
2026-07-17T05:25:14.743210Z add_interruptible_total=0
2026-07-17T05:25:14.745844Z wake_interruptible_total=0
2026-07-17T05:25:14.748665Z fair_pick_calls=0
2026-07-17T05:25:14.748728Z fast_path_calls=0
2026-07-17T05:25:14.751308Z fair_scan_max=0
2026-07-17T05:25:14.754417Z zombie_drain_scan_total=0
2026-07-17T05:25:14.756930Z zombie_drain_calls=0
2026-07-17T05:25:14.757011Z zombie_drain_removed=0
2026-07-17T05:25:14.758828Z ready_nonzero_nice_cur=0
2026-07-17T05:25:14.763656Z __PERF_STATS_BEFORE_TASKQ_END__
2026-07-17T05:25:15.462452Z [1m[33mMangoCore[0m:[1m[34m/[0m# __PERF_STATS_BEFORE_TIMER__
2026-07-17T05:25:15.496368Z ktimer_len_max=0
2026-07-17T05:25:15.499151Z ktimer_add_total=0
2026-07-17T05:25:15.499224Z ktimer_pop_max=0
2026-07-17T05:25:15.501797Z ktimer_pop_total=0
2026-07-17T05:25:15.504502Z ktimer_stale_waketask=0
2026-07-17T05:25:15.504588Z ktimer_real_wake=0
2026-07-17T05:25:15.507319Z ktimer_compact_calls=0
2026-07-17T05:25:15.510228Z ktimer_stale_removed=0
2026-07-17T05:25:15.512904Z wait_with_timeout_total=0
2026-07-17T05:25:15.512931Z timer_irq_ticks_total=0
2026-07-17T05:25:15.515676Z timer_irq_ticks_max=0
2026-07-17T05:25:15.518467Z timer_pop_nodes_total=0
2026-07-17T05:25:15.521161Z timer_pop_ticks_total=0
2026-07-17T05:25:15.521179Z timer_pop_ticks_max=0
2026-07-17T05:25:15.525876Z __PERF_STATS_BEFORE_TIMER_END__
2026-07-17T05:25:16.253296Z [1m[33mMangoCore[0m:[1m[34m/[0m# __PERF_STATS_BEFORE_SECCOMP__
2026-07-17T05:25:16.287216Z seccomp_check_calls=0
2026-07-17T05:25:16.289818Z seccomp_check_ticks_total=0
2026-07-17T05:25:16.292672Z seccomp_check_ticks_max=0
2026-07-17T05:25:16.293587Z seccomp_disabled_bypass=0
2026-07-17T05:25:16.298621Z __PERF_STATS_BEFORE_SECCOMP_END__
2026-07-17T05:25:17.028379Z [1m[33mMangoCore[0m:[1m[34m/[0m# __PERF_STATS_BEFORE_SYSCALL__
2026-07-17T05:25:17.062552Z syscall_total=0
2026-07-17T05:25:17.065189Z syscall_getppid_total=0
2026-07-17T05:25:17.067963Z syscall_cost_max_ticks=0
2026-07-17T05:25:17.067998Z syscall_cost_ticks_total=0
2026-07-17T05:25:17.070753Z getppid_cost_ticks_total=0
2026-07-17T05:25:17.073507Z getppid_cost_ticks_max=0
2026-07-17T05:25:17.076290Z ecall_trap_cost_ticks_total=0
2026-07-17T05:25:17.079180Z ecall_trap_cost_ticks_max=0
2026-07-17T05:25:17.081864Z user_unaligned_traps=0
2026-07-17T05:25:17.084710Z user_unaligned_ticks_total=0
2026-07-17T05:25:17.087502Z user_unaligned_ticks_max=0
2026-07-17T05:25:17.087527Z user_unaligned_load_2=0
2026-07-17T05:25:17.090217Z user_unaligned_load_4=0
2026-07-17T05:25:17.093020Z user_unaligned_load_8=0
2026-07-17T05:25:17.095773Z user_unaligned_store_2=0
2026-07-17T05:25:17.098586Z user_unaligned_store_4=0
2026-07-17T05:25:17.098611Z user_unaligned_store_8=0
2026-07-17T05:25:17.101483Z user_unaligned_float_loads=0
2026-07-17T05:25:17.103879Z user_unaligned_float_stores=0
2026-07-17T05:25:17.108696Z __PERF_STATS_BEFORE_SYSCALL_END__
2026-07-17T05:25:17.801830Z [1m[33mMangoCore[0m:[1m[34m/[0m# __PERF_STATS_BEFORE_CTXSW__
2026-07-17T05:25:17.835239Z context_switch_total=0
2026-07-17T05:25:17.839631Z __PERF_STATS_BEFORE_CTXSW_END__
2026-07-17T05:25:18.462049Z [1m[33mMangoCore[0m:[1m[34m/[0m# __PERF_ACK_cpython_bench_fork-1-33bccb5d_STATS_ON__
2026-07-17T05:25:20.193759Z [1m[33mMangoCore[0m:[1m[34m/[0m# __PERF_WORK_BEGIN_cpython_bench_fork-1-33bccb5d__
2026-07-17T05:25:20.927799Z [CPYTHON BENCH START] bm_fork tmp=/persist/pyperf/w-sa-20260717a/run-455
2026-07-17T05:25:33.626439Z CPYTHON_BENCH_JSON {"machine":"la64","perf_counter_monotonic":true,"perf_counter_resolution_seconds":1e-08,"pycache_prefix":"","pyperformance_revision":"216cbeb5f828b8ee5864f9bb52f3563d2d1a4846","python_executable":"/persist/pyperf/r/s-abbc714ce59f/usr/bin/python3","python_version":"3.14.5 (main, Jul 17 2026, 04:01:01) [GCC 15.2.0]","runs":1,"schema":1,"source_repository":"Mango-Iced-Americano/cpython-tests","source_revision":"c50669c2b59a7d6d979fb12aea42c1b508ed3765","suite_sha256":"6a4c6a1896cbbe1ae55be8fe1149c679bacdbf4a05759b7db3280593c10e0ce1","target_stats":true,"tmpdir":"/persist/pyperf/w-sa-20260717a/run-455/tmp","type":"environment","warmups":1}
2026-07-17T05:25:33.639858Z CPYTHON_BENCH_JSON {"benchmark":"bm_fork","schema":1,"type":"start"}
2026-07-17T05:26:12.917141Z CPYTHON_BENCH_JSON {"benchmark":"bm_fork","schema":1,"type":"warmup","warmup":1}
2026-07-17T05:26:51.033842Z CPYTHON_BENCH_JSON {"benchmark":"bm_fork","elapsed_ns":38012917230,"elapsed_seconds":38.01291723,"max_rss":18208,"phase_metrics":{"child_process_count":65,"pipe_roundtrip_20_ns":11800445420,"spawn_40_ns":23300674620,"wait_status_stderr_env_ns":2911066750},"result":null,"sample":1,"schema":1,"sys_seconds":0.7803000000000004,"type":"sample","user_seconds":0.5541039999999988}
2026-07-17T05:26:51.058204Z CPYTHON_BENCH_JSON {"benchmark":"bm_fork","cv_percent":0.0,"max_ns":38012917230,"mean_ns":38012917230,"median_ns":38012917230,"min_ns":38012917230,"samples":1,"schema":1,"status":"pass","type":"summary","warmups":1}
2026-07-17T05:26:51.071450Z CPYTHON_BENCH_JSON {"benchmarks":1,"failed":0,"passed":1,"schema":1,"status":"pass","type":"suite_summary"}
2026-07-17T05:26:51.478951Z [CPYTHON BENCH END] bm_fork PASS rc=0
2026-07-17T05:26:51.537938Z __PERF_WORK_END_cpython_bench_fork-1-33bccb5d__
2026-07-17T05:26:51.542295Z __PERF_ACK_cpython_bench_fork-1-33bccb5d_WORK__
2026-07-17T05:26:52.175855Z [1m[33mMangoCore[0m:[1m[34m/[0m# __PERF_ACK_cpython_bench_fork-1-33bccb5d_STATS_DONE__
2026-07-17T05:26:52.841008Z [1m[33mMangoCore[0m:[1m[34m/[0m# __PERF_STATS_AFTER_BOOT__
2026-07-17T05:26:52.876162Z clock_freq_hz=100000000
2026-07-17T05:26:52.878746Z boot_console_ticks=1187996205
2026-07-17T05:26:52.881558Z boot_mm_ticks=1215127604
2026-07-17T05:26:52.884213Z boot_drivers_ticks=1215533788
2026-07-17T05:26:52.886963Z boot_net_ticks=1226121614
2026-07-17T05:26:52.889760Z boot_fs_ticks=1238201751
2026-07-17T05:26:52.892549Z boot_initproc_ticks=1240403467
2026-07-17T05:26:52.893366Z boot_scheduler_ticks=1240403496
2026-07-17T05:26:52.898441Z __PERF_STATS_AFTER_BOOT_END__
2026-07-17T05:26:53.584534Z [1m[33mMangoCore[0m:[1m[34m/[0m# __PERF_STATS_AFTER_TASKQ__
2026-07-17T05:26:53.618559Z ready_len_max=3
2026-07-17T05:26:53.621058Z interruptible_len_max=6
2026-07-17T05:26:53.621142Z ready_zombie_max=0
2026-07-17T05:26:53.623785Z interruptible_zombie_max=0
2026-07-17T05:26:53.626565Z dup_enqueue_total=0
2026-07-17T05:26:53.629349Z add_ready_total=3716
2026-07-17T05:26:53.632201Z add_interruptible_total=165
2026-07-17T05:26:53.632312Z wake_interruptible_total=103
2026-07-17T05:26:53.634888Z fair_pick_calls=0
2026-07-17T05:26:53.637701Z fast_path_calls=3716
2026-07-17T05:26:53.637830Z fair_scan_max=0
2026-07-17T05:26:53.640440Z zombie_drain_scan_total=0
2026-07-17T05:26:53.643225Z zombie_drain_calls=65
2026-07-17T05:26:53.646193Z zombie_drain_removed=65
2026-07-17T05:26:53.646246Z ready_nonzero_nice_cur=0
2026-07-17T05:26:53.650669Z __PERF_STATS_AFTER_TASKQ_END__
2026-07-17T05:26:54.334896Z [1m[33mMangoCore[0m:[1m[34m/[0m# __PERF_STATS_AFTER_TIMER__
2026-07-17T05:26:54.368215Z ktimer_len_max=104
2026-07-17T05:26:54.371025Z ktimer_add_total=165
2026-07-17T05:26:54.371119Z ktimer_pop_max=3
2026-07-17T05:26:54.373675Z ktimer_pop_total=3560
2026-07-17T05:26:54.376441Z ktimer_stale_waketask=127
2026-07-17T05:26:54.379171Z ktimer_real_wake=38
2026-07-17T05:26:54.379209Z ktimer_compact_calls=0
2026-07-17T05:26:54.382004Z ktimer_stale_removed=0
2026-07-17T05:26:54.384810Z wait_with_timeout_total=165
2026-07-17T05:26:54.387672Z timer_irq_ticks_total=18090862
2026-07-17T05:26:54.390392Z timer_irq_ticks_max=23367
2026-07-17T05:26:54.393188Z timer_pop_nodes_total=165
2026-07-17T05:26:54.396249Z timer_pop_ticks_total=1969601
2026-07-17T05:26:54.396333Z timer_pop_ticks_max=1663
2026-07-17T05:26:54.400658Z __PERF_STATS_AFTER_TIMER_END__
2026-07-17T05:26:55.113724Z [1m[33mMangoCore[0m:[1m[34m/[0m# __PERF_STATS_AFTER_SECCOMP__
2026-07-17T05:26:55.147288Z seccomp_check_calls=0
2026-07-17T05:26:55.149927Z seccomp_check_ticks_total=0
2026-07-17T05:26:55.152671Z seccomp_check_ticks_max=0
2026-07-17T05:26:55.153701Z seccomp_disabled_bypass=0
2026-07-17T05:26:55.158416Z __PERF_STATS_AFTER_SECCOMP_END__
2026-07-17T05:26:55.873838Z [1m[33mMangoCore[0m:[1m[34m/[0m# __PERF_STATS_AFTER_SYSCALL__
2026-07-17T05:26:55.907583Z syscall_total=45328
2026-07-17T05:26:55.910237Z syscall_getppid_total=0
2026-07-17T05:26:55.913095Z syscall_cost_max_ticks=101772433
2026-07-17T05:26:55.915857Z syscall_cost_ticks_total=8727188958
2026-07-17T05:26:55.918614Z getppid_cost_ticks_total=0
2026-07-17T05:26:55.921416Z getppid_cost_ticks_max=0
2026-07-17T05:26:55.924185Z ecall_trap_cost_ticks_total=8738548472
2026-07-17T05:26:55.926998Z ecall_trap_cost_ticks_max=101772738
2026-07-17T05:26:55.929740Z user_unaligned_traps=0
2026-07-17T05:26:55.932547Z user_unaligned_ticks_total=0
2026-07-17T05:26:55.935379Z user_unaligned_ticks_max=0
2026-07-17T05:26:55.938162Z user_unaligned_load_2=0
2026-07-17T05:26:55.938232Z user_unaligned_load_4=0
2026-07-17T05:26:55.940892Z user_unaligned_load_8=0
2026-07-17T05:26:55.943819Z user_unaligned_store_2=0
2026-07-17T05:26:55.946457Z user_unaligned_store_4=0
2026-07-17T05:26:55.949214Z user_unaligned_store_8=0
2026-07-17T05:26:55.951959Z user_unaligned_float_loads=0
2026-07-17T05:26:55.952026Z user_unaligned_float_stores=0
2026-07-17T05:26:55.957045Z __PERF_STATS_AFTER_SYSCALL_END__
2026-07-17T05:26:56.633357Z [1m[33mMangoCore[0m:[1m[34m/[0m# __PERF_STATS_AFTER_CTXSW__
2026-07-17T05:26:56.667814Z context_switch_total=7432
2026-07-17T05:26:56.671953Z __PERF_STATS_AFTER_CTXSW_END__
2026-07-17T05:26:57.121391Z [1m[33mMangoCore[0m:[1m[34m/[0m# __PERF_END_cpython_bench_fork-1-33bccb5d__ rc=0
