2026-07-17T05:34:10.064204Z __PERF_BEGIN_cpython_bench_richards-1-7799be4f__
2026-07-17T05:34:11.006710Z [1m[33mMangoCore[0m:[1m[34m/[0m# __PERF_ACK_cpython_bench_richards-1-7799be4f_TRACE_OFF__
2026-07-17T05:34:11.659497Z [1m[33mMangoCore[0m:[1m[34m/[0m# __PERF_ACK_cpython_bench_richards-1-7799be4f_STATS_OFF__
2026-07-17T05:34:12.312461Z [1m[33mMangoCore[0m:[1m[34m/[0m# __PERF_ACK_cpython_bench_richards-1-7799be4f_PROFILE__
2026-07-17T05:34:12.911535Z [1m[33mMangoCore[0m:[1m[34m/[0m# __PERF_ACK_cpython_bench_richards-1-7799be4f_RESET__
2026-07-17T05:34:13.583982Z [1m[33mMangoCore[0m:[1m[34m/[0m# __PERF_STATS_BEFORE_BOOT__
2026-07-17T05:34:13.617654Z clock_freq_hz=100000000
2026-07-17T05:34:13.620340Z boot_console_ticks=1187996205
2026-07-17T05:34:13.623139Z boot_mm_ticks=1215127604
2026-07-17T05:34:13.625877Z boot_drivers_ticks=1215533788
2026-07-17T05:34:13.628696Z boot_net_ticks=1226121614
2026-07-17T05:34:13.631451Z boot_fs_ticks=1238201751
2026-07-17T05:34:13.634297Z boot_initproc_ticks=1240403467
2026-07-17T05:34:13.635075Z boot_scheduler_ticks=1240403496
2026-07-17T05:34:13.639595Z __PERF_STATS_BEFORE_BOOT_END__
2026-07-17T05:34:14.332181Z [1m[33mMangoCore[0m:[1m[34m/[0m# __PERF_STATS_BEFORE_TASKQ__
2026-07-17T05:34:14.365604Z ready_len_max=0
2026-07-17T05:34:14.368402Z interruptible_len_max=0
2026-07-17T05:34:14.368451Z ready_zombie_max=0
2026-07-17T05:34:14.371072Z interruptible_zombie_max=0
2026-07-17T05:34:14.373940Z dup_enqueue_total=0
2026-07-17T05:34:14.376596Z add_ready_total=0
2026-07-17T05:34:14.376625Z add_interruptible_total=0
2026-07-17T05:34:14.379509Z wake_interruptible_total=0
2026-07-17T05:34:14.382223Z fair_pick_calls=0
2026-07-17T05:34:14.382262Z fast_path_calls=0
2026-07-17T05:34:14.385110Z fair_scan_max=0
2026-07-17T05:34:14.387820Z zombie_drain_scan_total=0
2026-07-17T05:34:14.390613Z zombie_drain_calls=0
2026-07-17T05:34:14.390707Z zombie_drain_removed=0
2026-07-17T05:34:14.392645Z ready_nonzero_nice_cur=0
2026-07-17T05:34:14.397672Z __PERF_STATS_BEFORE_TASKQ_END__
2026-07-17T05:34:15.083798Z [1m[33mMangoCore[0m:[1m[34m/[0m# __PERF_STATS_BEFORE_TIMER__
2026-07-17T05:34:15.117241Z ktimer_len_max=0
2026-07-17T05:34:15.119977Z ktimer_add_total=0
2026-07-17T05:34:15.120041Z ktimer_pop_max=0
2026-07-17T05:34:15.123021Z ktimer_pop_total=0
2026-07-17T05:34:15.125553Z ktimer_stale_waketask=0
2026-07-17T05:34:15.125610Z ktimer_real_wake=0
2026-07-17T05:34:15.128239Z ktimer_compact_calls=0
2026-07-17T05:34:15.131253Z ktimer_stale_removed=0
2026-07-17T05:34:15.133787Z wait_with_timeout_total=0
2026-07-17T05:34:15.133816Z timer_irq_ticks_total=0
2026-07-17T05:34:15.136700Z timer_irq_ticks_max=0
2026-07-17T05:34:15.139467Z timer_pop_nodes_total=0
2026-07-17T05:34:15.142185Z timer_pop_ticks_total=0
2026-07-17T05:34:15.142231Z timer_pop_ticks_max=0
2026-07-17T05:34:15.146941Z __PERF_STATS_BEFORE_TIMER_END__
2026-07-17T05:34:15.879344Z [1m[33mMangoCore[0m:[1m[34m/[0m# __PERF_STATS_BEFORE_SECCOMP__
2026-07-17T05:34:15.913470Z seccomp_check_calls=0
2026-07-17T05:34:15.916276Z seccomp_check_ticks_total=0
2026-07-17T05:34:15.919219Z seccomp_check_ticks_max=0
2026-07-17T05:34:15.920239Z seccomp_disabled_bypass=0
2026-07-17T05:34:15.925037Z __PERF_STATS_BEFORE_SECCOMP_END__
2026-07-17T05:34:16.650799Z [1m[33mMangoCore[0m:[1m[34m/[0m# __PERF_STATS_BEFORE_SYSCALL__
2026-07-17T05:34:16.684536Z syscall_total=0
2026-07-17T05:34:16.687465Z syscall_getppid_total=0
2026-07-17T05:34:16.690030Z syscall_cost_max_ticks=0
2026-07-17T05:34:16.690094Z syscall_cost_ticks_total=0
2026-07-17T05:34:16.692972Z getppid_cost_ticks_total=0
2026-07-17T05:34:16.695707Z getppid_cost_ticks_max=0
2026-07-17T05:34:16.698756Z ecall_trap_cost_ticks_total=0
2026-07-17T05:34:16.701237Z ecall_trap_cost_ticks_max=0
2026-07-17T05:34:16.704075Z user_unaligned_traps=0
2026-07-17T05:34:16.706871Z user_unaligned_ticks_total=0
2026-07-17T05:34:16.709589Z user_unaligned_ticks_max=0
2026-07-17T05:34:16.709658Z user_unaligned_load_2=0
2026-07-17T05:34:16.712572Z user_unaligned_load_4=0
2026-07-17T05:34:16.715206Z user_unaligned_load_8=0
2026-07-17T05:34:16.718071Z user_unaligned_store_2=0
2026-07-17T05:34:16.720719Z user_unaligned_store_4=0
2026-07-17T05:34:16.720780Z user_unaligned_store_8=0
2026-07-17T05:34:16.723679Z user_unaligned_float_loads=0
2026-07-17T05:34:16.725947Z user_unaligned_float_stores=0
2026-07-17T05:34:16.730992Z __PERF_STATS_BEFORE_SYSCALL_END__
2026-07-17T05:34:17.422166Z [1m[33mMangoCore[0m:[1m[34m/[0m# __PERF_STATS_BEFORE_CTXSW__
2026-07-17T05:34:17.455666Z context_switch_total=0
2026-07-17T05:34:17.460179Z __PERF_STATS_BEFORE_CTXSW_END__
2026-07-17T05:34:18.138873Z [1m[33mMangoCore[0m:[1m[34m/[0m# __PERF_ACK_cpython_bench_richards-1-7799be4f_STATS_ON__
2026-07-17T05:34:19.967573Z [1m[33mMangoCore[0m:[1m[34m/[0m# __PERF_WORK_BEGIN_cpython_bench_richards-1-7799be4f__
2026-07-17T05:34:20.701039Z [CPYTHON BENCH START] bm_richards tmp=/persist/pyperf/w-sa-20260717a/run-837
2026-07-17T05:34:33.397492Z CPYTHON_BENCH_JSON {"machine":"la64","perf_counter_monotonic":true,"perf_counter_resolution_seconds":1e-08,"pycache_prefix":"","pyperformance_revision":"216cbeb5f828b8ee5864f9bb52f3563d2d1a4846","python_executable":"/persist/pyperf/r/s-abbc714ce59f/usr/bin/python3","python_version":"3.14.5 (main, Jul 17 2026, 04:01:01) [GCC 15.2.0]","runs":1,"schema":1,"source_repository":"Mango-Iced-Americano/cpython-tests","source_revision":"c50669c2b59a7d6d979fb12aea42c1b508ed3765","suite_sha256":"6a4c6a1896cbbe1ae55be8fe1149c679bacdbf4a05759b7db3280593c10e0ce1","target_stats":true,"tmpdir":"/persist/pyperf/w-sa-20260717a/run-837/tmp","type":"environment","warmups":1}
2026-07-17T05:34:33.411677Z CPYTHON_BENCH_JSON {"benchmark":"bm_richards","schema":1,"type":"start"}
2026-07-17T05:34:36.154282Z CPYTHON_BENCH_JSON {"benchmark":"bm_richards","schema":1,"type":"warmup","warmup":1}
2026-07-17T05:34:38.756271Z CPYTHON_BENCH_JSON {"benchmark":"bm_richards","elapsed_ns":2521148840,"elapsed_seconds":2.52114884,"max_rss":17708,"result":"(9297, 23246)","sample":1,"schema":1,"sys_seconds":0.010855999999999977,"type":"sample","user_seconds":2.509644999999999}
2026-07-17T05:34:38.779787Z CPYTHON_BENCH_JSON {"benchmark":"bm_richards","cv_percent":0.0,"max_ns":2521148840,"mean_ns":2521148840,"median_ns":2521148840,"min_ns":2521148840,"samples":1,"schema":1,"status":"pass","type":"summary","warmups":1}
2026-07-17T05:34:38.793976Z CPYTHON_BENCH_JSON {"benchmarks":1,"failed":0,"passed":1,"schema":1,"status":"pass","type":"suite_summary"}
2026-07-17T05:34:39.122883Z [CPYTHON BENCH END] bm_richards PASS rc=0
2026-07-17T05:34:39.179458Z __PERF_WORK_END_cpython_bench_richards-1-7799be4f__
2026-07-17T05:34:39.184171Z __PERF_ACK_cpython_bench_richards-1-7799be4f_WORK__
2026-07-17T05:34:39.850883Z [1m[33mMangoCore[0m:[1m[34m/[0m# __PERF_ACK_cpython_bench_richards-1-7799be4f_STATS_DONE__
2026-07-17T05:34:40.519998Z [1m[33mMangoCore[0m:[1m[34m/[0m# __PERF_STATS_AFTER_BOOT__
2026-07-17T05:34:40.553868Z clock_freq_hz=100000000
2026-07-17T05:34:40.556548Z boot_console_ticks=1187996205
2026-07-17T05:34:40.559366Z boot_mm_ticks=1215127604
2026-07-17T05:34:40.562005Z boot_drivers_ticks=1215533788
2026-07-17T05:34:40.564921Z boot_net_ticks=1226121614
2026-07-17T05:34:40.567582Z boot_fs_ticks=1238201751
2026-07-17T05:34:40.570600Z boot_initproc_ticks=1240403467
2026-07-17T05:34:40.571228Z boot_scheduler_ticks=1240403496
2026-07-17T05:34:40.576217Z __PERF_STATS_AFTER_BOOT_END__
2026-07-17T05:34:41.252406Z [1m[33mMangoCore[0m:[1m[34m/[0m# __PERF_STATS_AFTER_TASKQ__
2026-07-17T05:34:41.287293Z ready_len_max=2
2026-07-17T05:34:41.290133Z interruptible_len_max=5
2026-07-17T05:34:41.290264Z ready_zombie_max=0
2026-07-17T05:34:41.292707Z interruptible_zombie_max=0
2026-07-17T05:34:41.295922Z dup_enqueue_total=0
2026-07-17T05:34:41.298191Z add_ready_total=256
2026-07-17T05:34:41.298222Z add_interruptible_total=2
2026-07-17T05:34:41.301104Z wake_interruptible_total=2
2026-07-17T05:34:41.303956Z fair_pick_calls=0
2026-07-17T05:34:41.306729Z fast_path_calls=256
2026-07-17T05:34:41.306785Z fair_scan_max=0
2026-07-17T05:34:41.309577Z zombie_drain_scan_total=0
2026-07-17T05:34:41.312248Z zombie_drain_calls=0
2026-07-17T05:34:41.312319Z zombie_drain_removed=0
2026-07-17T05:34:41.314772Z ready_nonzero_nice_cur=0
2026-07-17T05:34:41.318906Z __PERF_STATS_AFTER_TASKQ_END__
2026-07-17T05:34:42.017755Z [1m[33mMangoCore[0m:[1m[34m/[0m# __PERF_STATS_AFTER_TIMER__
2026-07-17T05:34:42.051760Z ktimer_len_max=1
2026-07-17T05:34:42.054352Z ktimer_add_total=2
2026-07-17T05:34:42.054426Z ktimer_pop_max=1
2026-07-17T05:34:42.057105Z ktimer_pop_total=254
2026-07-17T05:34:42.059944Z ktimer_stale_waketask=0
2026-07-17T05:34:42.060018Z ktimer_real_wake=2
2026-07-17T05:34:42.062687Z ktimer_compact_calls=0
2026-07-17T05:34:42.065472Z ktimer_stale_removed=0
2026-07-17T05:34:42.068212Z wait_with_timeout_total=2
2026-07-17T05:34:42.071105Z timer_irq_ticks_total=736034
2026-07-17T05:34:42.071237Z timer_irq_ticks_max=19004
2026-07-17T05:34:42.073657Z timer_pop_nodes_total=2
2026-07-17T05:34:42.076613Z timer_pop_ticks_total=32016
2026-07-17T05:34:42.077969Z timer_pop_ticks_max=287
2026-07-17T05:34:42.082660Z __PERF_STATS_AFTER_TIMER_END__
2026-07-17T05:34:42.797702Z [1m[33mMangoCore[0m:[1m[34m/[0m# __PERF_STATS_AFTER_SECCOMP__
2026-07-17T05:34:42.831690Z seccomp_check_calls=0
2026-07-17T05:34:42.834440Z seccomp_check_ticks_total=0
2026-07-17T05:34:42.837072Z seccomp_check_ticks_max=0
2026-07-17T05:34:42.838184Z seccomp_disabled_bypass=0
2026-07-17T05:34:42.843207Z __PERF_STATS_AFTER_SECCOMP_END__
2026-07-17T05:34:43.570122Z [1m[33mMangoCore[0m:[1m[34m/[0m# __PERF_STATS_AFTER_SYSCALL__
2026-07-17T05:34:43.604813Z syscall_total=16
2026-07-17T05:34:43.607494Z syscall_getppid_total=0
2026-07-17T05:34:43.610239Z syscall_cost_max_ticks=100001161
2026-07-17T05:34:43.613030Z syscall_cost_ticks_total=100091434
2026-07-17T05:34:43.615762Z getppid_cost_ticks_total=0
2026-07-17T05:34:43.618565Z getppid_cost_ticks_max=0
2026-07-17T05:34:43.621403Z ecall_trap_cost_ticks_total=100095491
2026-07-17T05:34:43.624203Z ecall_trap_cost_ticks_max=100001427
2026-07-17T05:34:43.627919Z user_unaligned_traps=0
2026-07-17T05:34:43.629725Z user_unaligned_ticks_total=0
2026-07-17T05:34:43.632568Z user_unaligned_ticks_max=0
2026-07-17T05:34:43.632607Z user_unaligned_load_2=0
2026-07-17T05:34:43.635332Z user_unaligned_load_4=0
2026-07-17T05:34:43.638022Z user_unaligned_load_8=0
2026-07-17T05:34:43.640833Z user_unaligned_store_2=0
2026-07-17T05:34:43.643694Z user_unaligned_store_4=0
2026-07-17T05:34:43.643765Z user_unaligned_store_8=0
2026-07-17T05:34:43.646538Z user_unaligned_float_loads=0
2026-07-17T05:34:43.648898Z user_unaligned_float_stores=0
2026-07-17T05:34:43.653777Z __PERF_STATS_AFTER_SYSCALL_END__
2026-07-17T05:34:44.338725Z [1m[33mMangoCore[0m:[1m[34m/[0m# __PERF_STATS_AFTER_CTXSW__
2026-07-17T05:34:44.371982Z context_switch_total=512
2026-07-17T05:34:44.376522Z __PERF_STATS_AFTER_CTXSW_END__
2026-07-17T05:34:44.853934Z [1m[33mMangoCore[0m:[1m[34m/[0m# __PERF_END_cpython_bench_richards-1-7799be4f__ rc=0
