2026-07-17T05:17:17.910744Z __PERF_BEGIN_strict_functional_l3_l9-1-bec4b123__
2026-07-17T05:17:18.857859Z [1m[33mMangoCore[0m:[1m[34m/[0m# __PERF_ACK_strict_functional_l3_l9-1-bec4b123_TRACE_OFF__
2026-07-17T05:17:20.615791Z [1m[33mMangoCore[0m:[1m[34m/[0m# __PERF_WORK_BEGIN_strict_functional_l3_l9-1-bec4b123__
2026-07-17T05:17:20.914559Z #### OS COMP TEST GROUP START cpython-isolated ####
2026-07-17T05:17:20.969450Z [CPYTHON ENV] tmpdir=/persist/pyperf/f-20260717a
2026-07-17T05:17:20.974812Z [CPYTHON L3 START] L3_check_files.sh
2026-07-17T05:17:21.023492Z [CPYTHON L3] check: python3 binary OK
2026-07-17T05:17:21.029107Z [CPYTHON L3] check: musl loader OK
2026-07-17T05:17:21.033666Z [CPYTHON L3] check: usr/lib OK
2026-07-17T05:17:21.132756Z [CPYTHON L3] check: encodings OK
2026-07-17T05:17:21.139192Z [CPYTHON L3] check: CA certs OK
2026-07-17T05:17:21.186252Z [CPYTHON L3] check: lib libpython3.14.so OK
2026-07-17T05:17:21.230662Z [CPYTHON L3] check: lib libpython3.14.so.1.0 OK
2026-07-17T05:17:21.280005Z [CPYTHON L3] check: lib libc.musl-loongarch64.so.1 OK
2026-07-17T05:17:21.323581Z [CPYTHON L3] check: lib ld-musl-loongarch64.so.1 OK
2026-07-17T05:17:21.370394Z [CPYTHON L3] check: lib libcrypto.so OK
2026-07-17T05:17:21.412984Z [CPYTHON L3] check: lib libcrypto.so.3 OK
2026-07-17T05:17:21.458705Z [CPYTHON L3] check: lib libssl.so OK
2026-07-17T05:17:21.501044Z [CPYTHON L3] check: lib libssl.so.3 OK
2026-07-17T05:17:21.504179Z [CPYTHON L3] files OK
2026-07-17T05:17:21.509617Z [CPYTHON L3 PASS] L3_check_files.sh
2026-07-17T05:17:21.514522Z [CPYTHON L4 START] L4_startup.sh
2026-07-17T05:17:21.560997Z [CPYTHON GLOBAL] test: python3/python commands
2026-07-17T05:17:21.790268Z Python 3.14.5
2026-07-17T05:17:22.455590Z global-python-command-ok
2026-07-17T05:17:22.558765Z [CPYTHON GLOBAL] python3/python commands PASS
2026-07-17T05:17:22.562921Z [CPYTHON L4] test: python3 --version
2026-07-17T05:17:22.677187Z Python 3.14.5
2026-07-17T05:17:22.684072Z [CPYTHON L4] test: python3 --version PASS
2026-07-17T05:17:22.687290Z [CPYTHON L4] test: exit code 37
2026-07-17T05:17:23.438518Z [CPYTHON L4] test: exit code 37 PASS
2026-07-17T05:17:23.443113Z [CPYTHON L4] test: import sys, encodings
2026-07-17T05:17:23.874275Z 3.14.5 (main, Jul 17 2026, 04:01:01) [GCC 15.2.0]
2026-07-17T05:17:23.942300Z [CPYTHON L4] test: import sys, encodings PASS
2026-07-17T05:17:23.947302Z [CPYTHON L4] test: sys.prefix discovery
2026-07-17T05:17:24.360551Z /persist/pyperf/r/s-abbc714ce59f/usr
2026-07-17T05:17:24.429356Z [CPYTHON L4] test: sys.prefix discovery PASS
2026-07-17T05:17:24.432583Z [CPYTHON L4] startup OK
2026-07-17T05:17:24.450888Z [CPYTHON L4 PASS] L4_startup.sh
2026-07-17T05:17:24.455657Z [CPYTHON L5 START] L5_language.py
2026-07-17T05:17:26.563687Z [CPYTHON L5] test: arithmetic
2026-07-17T05:17:26.566884Z [CPYTHON L5] test: arithmetic PASS
2026-07-17T05:17:26.570433Z [CPYTHON L5] test: strings
2026-07-17T05:17:26.573023Z [CPYTHON L5] test: strings PASS
2026-07-17T05:17:26.575879Z [CPYTHON L5] test: lists
2026-07-17T05:17:26.578748Z [CPYTHON L5] test: lists PASS
2026-07-17T05:17:26.581065Z [CPYTHON L5] test: dicts
2026-07-17T05:17:26.584073Z [CPYTHON L5] test: dicts PASS
2026-07-17T05:17:26.587320Z [CPYTHON L5] test: comprehensions
2026-07-17T05:17:26.591440Z [CPYTHON L5] test: comprehensions PASS
2026-07-17T05:17:26.596378Z [CPYTHON L5] test: exceptions
2026-07-17T05:17:26.597742Z [CPYTHON L5] test: exceptions PASS
2026-07-17T05:17:26.601187Z [CPYTHON L5] test: functions
2026-07-17T05:17:26.603814Z [CPYTHON L5] test: functions PASS
2026-07-17T05:17:26.606938Z [CPYTHON L5] test: loops
2026-07-17T05:17:26.609450Z [CPYTHON L5] test: loops PASS
2026-07-17T05:17:26.612255Z [CPYTHON L5] test: booleans
2026-07-17T05:17:26.615465Z [CPYTHON L5] test: booleans PASS
2026-07-17T05:17:26.617752Z [CPYTHON L5] test: sets
2026-07-17T05:17:26.620778Z [CPYTHON L5] test: sets PASS
2026-07-17T05:17:26.623494Z [CPYTHON L5] language core OK
2026-07-17T05:17:26.756845Z [CPYTHON L5 PASS] L5_language.py
2026-07-17T05:17:26.760913Z [CPYTHON L6 START] L6_stdlib.py
2026-07-17T05:17:28.844297Z [CPYTHON L6] test: os.getcwd
2026-07-17T05:17:28.848418Z [CPYTHON L6] test: os.getcwd PASS
2026-07-17T05:17:28.852442Z [CPYTHON L6] test: os.environ
2026-07-17T05:17:28.855191Z [CPYTHON L6] test: os.environ PASS
2026-07-17T05:17:28.859037Z [CPYTHON L6] test: os.listdir
2026-07-17T05:17:28.862969Z [CPYTHON L6] test: os.listdir PASS
2026-07-17T05:17:28.866129Z [CPYTHON L6] test: time.time
2026-07-17T05:17:28.869331Z [CPYTHON L6] test: time.time PASS
2026-07-17T05:17:28.872853Z [CPYTHON L6] test: time.monotonic
2026-07-17T05:17:28.876482Z [CPYTHON L6] test: time.monotonic PASS
2026-07-17T05:17:28.879118Z [CPYTHON L6] test: math
2026-07-17T05:17:28.891584Z [CPYTHON L6] test: math PASS
2026-07-17T05:17:28.893899Z [CPYTHON L6] test: json
2026-07-17T05:17:30.731425Z [CPYTHON L6] test: json PASS
2026-07-17T05:17:30.734113Z [CPYTHON L6] test: re.match
2026-07-17T05:17:30.739786Z [CPYTHON L6] test: re.match PASS
2026-07-17T05:17:30.743156Z [CPYTHON L6] test: random.randint
2026-07-17T05:17:31.045598Z [CPYTHON L6] test: random.randint PASS
2026-07-17T05:17:31.048918Z [CPYTHON L6] test: hashlib.sha256
2026-07-17T05:17:31.246612Z [CPYTHON L6] test: hashlib.sha256 PASS
2026-07-17T05:17:31.249174Z [CPYTHON L6] test: zlib
2026-07-17T05:17:31.267182Z [CPYTHON L6] test: zlib PASS
2026-07-17T05:17:31.270355Z [CPYTHON L6] test: select.select
2026-07-17T05:17:31.286499Z [CPYTHON L6] test: select.select PASS
2026-07-17T05:17:31.290805Z [CPYTHON L6] test: signal handler roundtrip
2026-07-17T05:17:31.360257Z [CPYTHON L6] test: signal handler roundtrip PASS
2026-07-17T05:17:31.363116Z [CPYTHON L6] test: tempfile
2026-07-17T05:17:32.954169Z [CPYTHON L6] test: tempfile PASS
2026-07-17T05:17:32.957039Z [CPYTHON L6] test: pathlib
2026-07-17T05:17:33.744233Z [CPYTHON L6] test: pathlib PASS
2026-07-17T05:17:33.747080Z [CPYTHON L6] test: struct
2026-07-17T05:17:33.773062Z [CPYTHON L6] test: struct PASS
2026-07-17T05:17:33.775875Z [CPYTHON L6] test: sqlite3
2026-07-17T05:17:33.909406Z [CPYTHON L6] test: sqlite3 PASS
2026-07-17T05:17:33.913180Z [CPYTHON L6] stdlib core OK
2026-07-17T05:17:34.146429Z [CPYTHON L6 PASS] L6_stdlib.py
2026-07-17T05:17:34.150964Z [CPYTHON L7 START] L7_filesystem.py
2026-07-17T05:17:39.737768Z [CPYTHON L7] base: /persist/pyperf/f-20260717a/cpython_l7_fs_213
2026-07-17T05:17:39.750043Z [CPYTHON L7] posix base: /persist/pyperf/f-20260717a/cpython_l7_fs_213/cpython_l7_posix_213
2026-07-17T05:17:39.754178Z [CPYTHON L7] test: open write read close
2026-07-17T05:17:39.763777Z [CPYTHON L7] test: open write read close PASS
2026-07-17T05:17:39.769018Z [CPYTHON L7] test: O_CREAT O_TRUNC O_APPEND semantics
2026-07-17T05:17:39.782081Z [CPYTHON L7] test: O_CREAT O_TRUNC O_APPEND semantics PASS
2026-07-17T05:17:39.786310Z [CPYTHON L7] test: relative path resolution
2026-07-17T05:17:39.797214Z [CPYTHON L7] test: relative path resolution PASS
2026-07-17T05:17:39.801317Z [CPYTHON L7] test: mkdir file inside rmdir
2026-07-17T05:17:39.815818Z [CPYTHON L7] test: mkdir file inside rmdir PASS
2026-07-17T05:17:39.820067Z [CPYTHON L7] test: rename over existing file
2026-07-17T05:17:40.106823Z [CPYTHON L7] test: rename over existing file PASS
2026-07-17T05:17:40.109652Z [CPYTHON L7] test: unlink file
2026-07-17T05:17:40.118873Z [CPYTHON L7] test: unlink file PASS
2026-07-17T05:17:40.124510Z [CPYTHON L7] test: symlink readlink and read through symlink
2026-07-17T05:17:40.138073Z [CPYTHON L7] test: symlink readlink and read through symlink PASS
2026-07-17T05:17:40.141475Z [CPYTHON L7] test: stat and lstat
2026-07-17T05:17:40.146274Z [CPYTHON L7] test: stat and lstat PASS
2026-07-17T05:17:40.151609Z [CPYTHON L7] test: directory iteration listdir scandir
2026-07-17T05:17:40.171892Z [CPYTHON L7] test: directory iteration listdir scandir PASS
2026-07-17T05:17:40.174653Z [CPYTHON L7] test: ftruncate
2026-07-17T05:17:40.182662Z [CPYTHON L7] test: ftruncate PASS
2026-07-17T05:17:40.186294Z [CPYTHON L7] test: flush and fsync
2026-07-17T05:17:40.239615Z [CPYTHON L7] test: flush and fsync PASS
2026-07-17T05:17:40.244200Z [CPYTHON L7] test: tempfile creation and cleanup
2026-07-17T05:17:40.265975Z [CPYTHON L7] test: tempfile creation and cleanup PASS
2026-07-17T05:17:40.271146Z [CPYTHON L7] test: open file unlink remains readable
2026-07-17T05:17:40.299621Z [CPYTHON L7] test: open file unlink remains readable PASS
2026-07-17T05:17:40.510485Z [CPYTHON L7] RESULT PASS
2026-07-17T05:17:40.730123Z [CPYTHON L7 PASS] L7_filesystem.py
2026-07-17T05:17:40.734487Z [CPYTHON L8 START] L8_thread.py
2026-07-17T05:17:43.755757Z [CPYTHON L8] test: thread start join
2026-07-17T05:17:43.764712Z [CPYTHON L8] test: thread start join PASS
2026-07-17T05:17:43.769669Z [CPYTHON L8] test: contended lock acquire release
2026-07-17T05:17:43.778963Z [CPYTHON L8] test: contended lock acquire release PASS
2026-07-17T05:17:43.782094Z [CPYTHON L8] test: queue put get
2026-07-17T05:17:43.802686Z [CPYTHON L8] test: queue put get PASS
2026-07-17T05:17:43.807278Z [CPYTHON L8] test: four threads increment counter
2026-07-17T05:17:43.821522Z [CPYTHON L8] test: four threads increment counter PASS
2026-07-17T05:17:43.825482Z [CPYTHON L8] test: daemon thread starts
2026-07-17T05:17:43.842118Z [CPYTHON L8] test: daemon thread starts PASS
2026-07-17T05:17:43.844676Z [CPYTHON L8] RESULT PASS
2026-07-17T05:17:44.011591Z [CPYTHON L8 PASS] L8_thread.py
2026-07-17T05:17:44.017124Z [CPYTHON L8-SUBPROC START] L8_subprocess.py
2026-07-17T05:17:48.800087Z [CPYTHON L8-SUBPROC] test: helper locates python subprocess command
2026-07-17T05:17:48.879210Z [CPYTHON L8-SUBPROC] python command: /persist/pyperf/r/s-abbc714ce59f/lib/ld-musl-loongarch64.so.1 --library-path /persist/pyperf/r/s-abbc714ce59f/usr/lib:/persist/pyperf/r/s-abbc714ce59f/lib /persist/pyperf/r/s-abbc714ce59f/usr/bin/python3 ...
2026-07-17T05:17:48.885720Z [CPYTHON L8-SUBPROC] test: helper locates python subprocess command PASS
2026-07-17T05:17:48.892171Z [CPYTHON L8-SUBPROC] test: subprocess.run capture_output python
2026-07-17T05:17:49.550262Z [CPYTHON L8-SUBPROC] test: subprocess.run capture_output python PASS
2026-07-17T05:17:49.556947Z [CPYTHON L8-SUBPROC] test: subprocess.Popen pipe communication
2026-07-17T05:17:50.203965Z [CPYTHON L8-SUBPROC] test: subprocess.Popen pipe communication PASS
2026-07-17T05:17:50.208820Z [CPYTHON L8-SUBPROC] test: exit code propagation
2026-07-17T05:17:50.844337Z [CPYTHON L8-SUBPROC] test: exit code propagation PASS
2026-07-17T05:17:50.848525Z [CPYTHON L8-SUBPROC] test: stderr capture
2026-07-17T05:17:51.491312Z [CPYTHON L8-SUBPROC] test: stderr capture PASS
2026-07-17T05:17:51.496437Z [CPYTHON L8-SUBPROC] test: busybox echo subprocess
2026-07-17T05:17:51.555071Z [CPYTHON L8-SUBPROC] test: busybox echo subprocess PASS
2026-07-17T05:17:51.558260Z [CPYTHON L8-SUBPROC] RESULT PASS
2026-07-17T05:17:51.774950Z [CPYTHON L8-SUBPROC PASS] L8_subprocess.py
2026-07-17T05:17:51.779321Z [CPYTHON L9 START] L9_socket.py
2026-07-17T05:18:02.599102Z [CPYTHON L9] test: layer1 socket create close
2026-07-17T05:18:02.606306Z [CPYTHON L9] test: layer1 socket create close PASS
2026-07-17T05:18:02.611928Z [CPYTHON L9] test: layer2 socketpair local communication
2026-07-17T05:18:02.620907Z [CPYTHON L9] test: layer2 socketpair local communication PASS
2026-07-17T05:18:02.625965Z [CPYTHON L9] test: layer3 DNS getaddrinfo cloudflare.com
2026-07-17T05:18:03.007190Z [CPYTHON L9] DNS addr: ('104.16.132.229', 80)
2026-07-17T05:18:03.012684Z [CPYTHON L9] test: layer3 DNS getaddrinfo cloudflare.com PASS
2026-07-17T05:18:03.017584Z [CPYTHON L9] test: layer4 TCP HTTP cloudflare.com
2026-07-17T05:18:03.421317Z [CPYTHON L9] HTTP head: b'HTTP/1.1 200 OK\r\nDate: Fri, 17 Jul 2026 05:18:03 GMT\r\nConten'
2026-07-17T05:18:03.426547Z [CPYTHON L9] test: layer4 TCP HTTP cloudflare.com PASS
2026-07-17T05:18:03.431090Z [CPYTHON L9] test: layer5 HTTPS cloudflare.com
2026-07-17T05:18:04.887045Z [CPYTHON L9] HTTPS status: 200
2026-07-17T05:18:04.891990Z [CPYTHON L9] test: layer5 HTTPS cloudflare.com PASS
2026-07-17T05:18:04.894814Z [CPYTHON L9] RESULT PASS
2026-07-17T05:18:05.246641Z [CPYTHON L9 PASS] L9_socket.py
2026-07-17T05:18:05.252971Z #### OS COMP TEST GROUP END cpython-isolated ####
2026-07-17T05:18:05.265054Z __PERF_WORK_END_strict_functional_l3_l9-1-bec4b123__
2026-07-17T05:18:05.270109Z __PERF_ACK_strict_functional_l3_l9-1-bec4b123_WORK__
2026-07-17T05:18:05.754281Z [1m[33mMangoCore[0m:[1m[34m/[0m# __PERF_END_strict_functional_l3_l9-1-bec4b123__ rc=0
