2026-07-25T08:17:09+00:00
timeout 600 qemu-system-riscv64 -machine virt -m 2G -smp 1 -kernel build/rv64/release/normal/kernel/kernel-rv -drive file=sdcard-rv.img,if=none,format=raw,id=x0 -device virtio-blk-device,drive=x0 -drive file=build/rv64/release/normal/tools/disk.img,if=none,format=raw,id=x1 -device virtio-blk-device,drive=x1 -nographic -append mango.mode=normal -serial mon:stdio

OpenSBI v1.5.1
   ____                    _____ ____ _____
  / __ \                  / ____|  _ \_   _|
 | |  | |_ __   ___ _ __ | (___ | |_) || |
 | |  | | '_ \ / _ \ '_ \ \___ \|  _ < | |
 | |__| | |_) |  __/ | | |____) | |_) || |_
  \____/| .__/ \___|_| |_|_____/|____/_____|
        | |
        |_|

Platform Name             : riscv-virtio,qemu
Platform Features         : medeleg
Platform HART Count       : 1
Platform IPI Device       : aclint-mswi
Platform Timer Device     : aclint-mtimer @ 10000000Hz
Platform Console Device   : uart8250
Platform HSM Device       : ---
Platform PMU Device       : ---
Platform Reboot Device    : syscon-reboot
Platform Shutdown Device  : syscon-poweroff
Platform Suspend Device   : ---
Platform CPPC Device      : ---
Firmware Base             : 0x80000000
Firmware Size             : 327 KB
Firmware RW Offset        : 0x40000
Firmware RW Size          : 71 KB
Firmware Heap Offset      : 0x49000
Firmware Heap Size        : 35 KB (total), 2 KB (reserved), 11 KB (used), 21 KB (free)
Firmware Scratch Size     : 4096 B (total), 416 B (used), 3680 B (free)
Runtime SBI Version       : 2.0

Domain0 Name              : root
Domain0 Boot HART         : 0
Domain0 HARTs             : 0*
Domain0 Region00          : 0x0000000000100000-0x0000000000100fff M: (I,R,W) S/U: (R,W)
Domain0 Region01          : 0x0000000010000000-0x0000000010000fff M: (I,R,W) S/U: (R,W)
Domain0 Region02          : 0x0000000002000000-0x000000000200ffff M: (I,R,W) S/U: ()
Domain0 Region03          : 0x0000000080040000-0x000000008005ffff M: (R,W) S/U: ()
Domain0 Region04          : 0x0000000080000000-0x000000008003ffff M: (R,X) S/U: ()
Domain0 Region05          : 0x000000000c400000-0x000000000c5fffff M: (I,R,W) S/U: (R,W)
Domain0 Region06          : 0x000000000c000000-0x000000000c3fffff M: (I,R,W) S/U: (R,W)
Domain0 Region07          : 0x0000000000000000-0xffffffffffffffff M: () S/U: (R,W,X)
Domain0 Next Address      : 0x0000000080200000
Domain0 Next Arg1         : 0x00000000ffe00000
Domain0 Next Mode         : S-mode
Domain0 SysReset          : yes
Domain0 SysSuspend        : yes

Boot HART ID              : 0
Boot HART Domain          : root
Boot HART Priv Version    : v1.12
Boot HART Base ISA        : rv64imafdch
Boot HART ISA Extensions  : sstc,zicntr,zihpm,zicboz,zicbom,sdtrig,svadu
Boot HART PMP Count       : 16
Boot HART PMP Granularity : 2 bits
Boot HART PMP Address Bits: 54
Boot HART MHPM Info       : 16 (0x0007fff8)
Boot HART Debug Triggers  : 2 triggers
Boot HART MIDELEG         : 0x0000000000001666
Boot HART MEDELEG         : 0x0000000000f0b509
[kernel] logger inited, level= Off
[kernel] Console initialized.
[memory] 194462 usable physical frames across 1 region(s)
[memory] region0: [0x90862000, 0xc0000000) frames=194462
.text [0x80200000, 0x8040f000)
.rodata [0x8040f000, 0x80444000)
.data [0x80444000, 0x80800000)
.bss [0x80800000, 0x90862000)
mapping .text section
mapping .rodata section
mapping .data section
mapping .bss section
mapping physical memory region
mapping memory-mapped registers
[kernel] Hello, world!
[kernel] PRNG init warning: Entropy(DeviceUnavailable)
[memory] reclaimed linker frames: [0x80444000, 0x807fe000) frames=954
[initramfs] unpacked: files=39 dirs=23 symlinks=1 bytes=3902071
[initramfs] VFS_ROOT initialized (ramfs + cpio unpack + dev/proc/tmp)
[kernel] VirtIO net device not found, skipping network init
[kernel] No net device, using null device (loopback only)
[kernel] net interface initialized (loopback only, no NIC)
[kernel] block device 0: official fs (MMIO 0x10008000)
[kernel] block device 1: tools disk (MMIO 0x10007000)
[ext4] backend: another_ext4
[kernel] official fs (x0) mounted at sdcard
[mbr] registered /dev/vdb1 (type=0x83, size=2048M)
[mbr] registered /dev/vdb2 (type=0xc, size=1280M)
[ext4] backend: another_ext4
[kernel] tools disk (vdb1) mounted at tools
[init] pseudo-fs mount framework ready
[init] mount proc at /proc failed: -16
[init] mount sysfs at /sys failed: -16
[init] mount tmpfs at /dev/shm failed: -16
[init] /tmp is bind-mounted from ext4 /sdcard/tmp
[init] /etc is bind-mounted from tools disk
[init] bind mount /tools/bin -> /bin
[init] bind mount /tools/sbin -> /sbin
[init] bind mount /tools/lib -> /lib
[init] bind mount /tools/usr -> /usr
[init] bind mount /tools/root -> /root: skipped (errno=2)
[init] PID1 profile=normal runner=/test-runner
[test-runner] synchronizing clock
[initproc] config source=/sdcard/os_test.conf mode=run mask=0x800 timer_smoke=false skip_apk=false
[initproc] ensuring base directories...
[initproc] runtime layout ready
[initproc] linking musl/glibc libs to /lib ...
[initproc] lib linking done, exit=0
[initproc] prepare lmbench compatibility ...
[initproc] lmbench compatibility done, exit=0
[initproc] install libgcc_s: already exists, skipping
[initproc] apk add e2fsprogs ...
7[fetch https://dl-cdn.alpinelinux.org/alpine/edge/main/riscv64/APKINDEX.ta...]8[0KWARNING: updating and opening https://dl-cdn.alpinelinux.org/alpine/edge/main/riscv64/APKINDEX.tar.gz: DNS: transient error (try again later)
(1/6) Installing libeconf (0.8.3-r0)
7  0%                                                                           8[0KERROR: libeconf-0.8.3-r0: package mentioned in index not found (try 'apk update')
7  0%                                                                           8[0K7  2% ██                                                                        8[0K(2/6) Installing libblkid (2.42-r0)
7  2% ██                                                                        8[0K7  9% ███████                                                                   8[0KERROR: libblkid-2.42-r0: package mentioned in index not found (try 'apk update')
7  9% ███████                                                                   8[0K7 20% ███████████████                                                           8[0K(3/6) Installing libcom_err (1.47.4-r0)
7 20% ███████████████                                                           8[0K7 27% ████████████████████                                                      8[0KERROR: libcom_err-1.47.4-r0: package mentioned in index not found (try 'apk update')
7 27% ████████████████████                                                      8[0K7 28% █████████████████████                                                     8[0K(4/6) Installing e2fsprogs-libs (1.47.4-r0)
7 28% █████████████████████                                                     8[0K7 35% ██████████████████████████                                                8[0KERROR: e2fsprogs-libs-1.47.4-r0: package mentioned in index not found (try 'apk update')
7 35% ██████████████████████████                                                8[0K7 58% ██████████████████████████████████████████                                8[0K(5/6) Installing libuuid (2.42-r0)
7 58% ██████████████████████████████████████████                                8[0K7 64% ████████████████████████████████████████████████                          8[0KERROR: libuuid-2.42-r0: package mentioned in index not found (try 'apk update')
7 64% ████████████████████████████████████████████████                          8[0K7 66% █████████████████████████████████████████████████                         8[0K(6/6) Installing e2fsprogs (1.47.4-r0)
7 66% █████████████████████████████████████████████████                         8[0K7 73% ██████████████████████████████████████████████████████                    8[0KERROR: e2fsprogs-1.47.4-r0: package mentioned in index not found (try 'apk update')
7 73% ██████████████████████████████████████████████████████                    8[0K7 93% ████████████████████████████████████████████████████████████████████      8[0K7100% ██████████████████████████████████████████████████████████████████████████8[0K6 errors; 598 KiB in 1 packages
[initproc] run_selected_groups start mask=0x800
[initproc] skip basic (mask bit0 not set)
[initproc] skip busybox (mask bit1 not set)
[initproc] skip lua (mask bit2 not set)
[initproc] skip lmbench (mask bit8 not set)
[initproc] skip iozone (mask bit4 not set)
[initproc] skip libcbench (mask bit7 not set)
[initproc] skip netperf (mask bit9 not set)
[initproc] skip iperf (mask bit6 not set)
[initproc] skip libctest (mask bit3 not set)
[initproc] skip cyclictest (mask bit10 not set)
#### OS COMP TEST GROUP START ltp-musl ####
[ltprunner] suite 'fs': parsed 68 cases
[ltprunner] suite 'fs_perms_simple': parsed 18 cases
[ltprunner] libc=musl
[ltprunner] ltproot=/musl/ltp
[ltprunner] suites=fs,fs_perms_simple
[ltprunner] raw cases=86
[ltprunner] include=none
[ltprunner] exclude=rt_sigtimedwait01,timerfd04,timerfd_settime02,acct01,acct02,acct02_helper,cacheflush01,clock_gettime03,clock_nanosleep03,clone303,eventfd06,fork13,fork14,futex_waitv01,futex_waitv02,futex_waitv03,futex_wake04,get_mempolicy01,get_mempolicy02,kill13,madvise06,madvise07,madvise08,madvise09,madvise11,memfd_create03,memfd_create04,msgctl05,msgstress01,process_madvise01,prctl06,prctl06_execve,prctl07,prctl10,rt_tgsigqueueinfo01,semctl08,set_thread_area01,sgetmask01,signal06,ssetmask01,sysinfo03,timer_create01,timer_create02,userfaultfd01,ustat01,ustat02,clone04,profil01,sigtimedwait01,sigwaitinfo01,nice04,epoll_create02,atof01,fptest01,fptest02
[ltprunner] filtered=86 start_idx=0
[ltprunner] group_timeout_secs=23950
[ltprunner] case_timeout_secs=150
=== LTP SUITE fs ===
[ltprunner] #0 suite=fs case=gf01
RUN LTP CASE gf01
gf01        1  [1;32mTPASS[0m  :  Test passed
PASS LTP CASE gf01 : 0
LTP CASE RESULT gf01 : PASS (0)
[ltprunner] #1 suite=fs case=gf02
RUN LTP CASE gf02
gf02        1  [1;32mTPASS[0m  :  Test passed
PASS LTP CASE gf02 : 0
LTP CASE RESULT gf02 : PASS (0)
[ltprunner] #2 suite=fs case=gf03
RUN LTP CASE gf03
gf03        1  [1;32mTPASS[0m  :  Test passed
PASS LTP CASE gf03 : 0
LTP CASE RESULT gf03 : PASS (0)
[ltprunner] #3 suite=fs case=gf04
RUN LTP CASE gf04
gf04        1  [1;32mTPASS[0m  :  Test passed
PASS LTP CASE gf04 : 0
LTP CASE RESULT gf04 : PASS (0)
[ltprunner] #4 suite=fs case=gf05
RUN LTP CASE gf05
gf05        1  [1;32mTPASS[0m  :  Test passed
PASS LTP CASE gf05 : 0
LTP CASE RESULT gf05 : PASS (0)
[ltprunner] #5 suite=fs case=gf06
RUN LTP CASE gf06
gf06        1  [1;32mTPASS[0m  :  Test passed
PASS LTP CASE gf06 : 0
LTP CASE RESULT gf06 : PASS (0)
[ltprunner] #6 suite=fs case=gf07
RUN LTP CASE gf07
gf07        1  [1;32mTPASS[0m  :  Test passed
PASS LTP CASE gf07 : 0
LTP CASE RESULT gf07 : PASS (0)
[ltprunner] #7 suite=fs case=gf08
RUN LTP CASE gf08
gf08        1  [1;32mTPASS[0m  :  Test passed
PASS LTP CASE gf08 : 0
LTP CASE RESULT gf08 : PASS (0)
[ltprunner] #8 suite=fs case=gf09
RUN LTP CASE gf09
gf09        1  [1;32mTPASS[0m  :  Test passed
PASS LTP CASE gf09 : 0
LTP CASE RESULT gf09 : PASS (0)
[ltprunner] #9 suite=fs case=gf10
RUN LTP CASE gf10
gf10        1  [1;32mTPASS[0m  :  Test passed
PASS LTP CASE gf10 : 0
LTP CASE RESULT gf10 : PASS (0)
[ltprunner] #10 suite=fs case=gf11
RUN LTP CASE gf11
gf11        1  [1;32mTPASS[0m  :  Test passed
PASS LTP CASE gf11 : 0
LTP CASE RESULT gf11 : PASS (0)
[ltprunner] #11 suite=fs case=gf12
RUN LTP CASE gf12
mkfifo: /tmp/gffifo17: Invalid argument
gf12        1  [1;32mTPASS[0m  :  Test passed
PASS LTP CASE gf12 : 0
LTP CASE RESULT gf12 : PASS (0)
[ltprunner] #12 suite=fs case=gf13
RUN LTP CASE gf13
mkfifo: /tmp/gffifo18: Invalid argument
gf13        1  [1;32mTPASS[0m  :  Test passed
PASS LTP CASE gf13 : 0
LTP CASE RESULT gf13 : PASS (0)
[ltprunner] #13 suite=fs case=gf14
RUN LTP CASE gf14
gf14        1  [1;32mTPASS[0m  :  Test passed
PASS LTP CASE gf14 : 0
LTP CASE RESULT gf14 : PASS (0)
[ltprunner] #14 suite=fs case=gf15
RUN LTP CASE gf15
qemu-system-riscv64: terminating on signal 15 from pid 25699 (timeout)
exit_status=124
