Rust toolchain preflight passed: nightly-2026-05-10
make ARCH=rv64 PROFILE=normal -f make/rv64.mk ktest-run MODE=release LOG= INITRAMFS_PROFILE=normal PRODUCT_ROOT="/app/build/rv64/release/normal" KERNEL_OUTPUT_ROOT="/app/build/rv64/release/normal/kernel" USER_OUTPUT_ROOT="/app/build/rv64/release/normal/user" KTEST_FIXTURE=""
make[1]: Entering directory '/app/os'
Rust toolchain preflight passed: nightly-2026-05-10
make[2]: Entering directory '/app/user'
Rust toolchain preflight passed: nightly-2026-05-10
CARGO_TARGET_DIR="/app/build/rv64/release/normal/user" cargo build --target=riscv64gc-unknown-none-elf --release
make[2]: Leaving directory '/app/user'
USER_OUTPUT_ROOT="/app/build/rv64/release/normal/user" ../scripts/build_initramfs.sh rv64 release /app/build/rv64/release/normal/initramfs/initramfs-rv.cpio
[initramfs] Building initramfs for rv64 (release)...
[initramfs] installed /init from /app/build/rv64/release/normal/user/riscv64gc-unknown-none-elf/release/init
[initramfs] installed /ltprunner from /app/build/rv64/release/normal/user/riscv64gc-unknown-none-elf/release/ltprunner
[initramfs] installed /sbin/init and test runner
[initramfs] installed /rescue/sh from /app/user/tools/riscv64/bin/busybox
[initramfs] installed /regression from /app/build/rv64/release/normal/user/riscv64gc-unknown-none-elf/release/regression
[initramfs] installed os_test.conf
[initramfs] generated /app/build/rv64/release/normal/initramfs/initramfs-rv.cpio (2.5M)
[ktest] Rebuilding kernel with: mango.mode=ktest mango.test=smp mango.test.repeat=1 mango.test.timeout_ms=5000 mango.test.failfast=0
[ktest] Launching QEMU (timeout: 30s)...

OpenSBI v1.0
   ____                    _____ ____ _____
  / __ \                  / ____|  _ \_   _|
 | |  | |_ __   ___ _ __ | (___ | |_) || |
 | |  | | '_ \ / _ \ '_ \ \___ \|  _ < | |
 | |__| | |_) |  __/ | | |____) | |_) || |_
  \____/| .__/ \___|_| |_|_____/|____/_____|
        | |
        |_|

Platform Name             : riscv-virtio,qemu
Platform Features         : medeleg
Platform HART Count       : 8
Platform IPI Device       : aclint-mswi
Platform Timer Device     : aclint-mtimer @ 10000000Hz
Platform Console Device   : uart8250
Platform HSM Device       : ---
Platform Reboot Device    : sifive_test
Platform Shutdown Device  : sifive_test
Firmware Base             : 0x80000000
Firmware Size             : 308 KB
Runtime SBI Version       : 0.3

Domain0 Name              : root
Domain0 Boot HART         : 6
Domain0 HARTs             : 0*,1*,2*,3*,4*,5*,6*,7*
Domain0 Region00          : 0x0000000002000000-0x000000000200ffff (I)
Domain0 Region01          : 0x0000000080000000-0x000000008007ffff ()
Domain0 Region02          : 0x0000000000000000-0xffffffffffffffff (R,W,X)
Domain0 Next Address      : 0x0000000080200000
Domain0 Next Arg1         : 0x0000000082200000
Domain0 Next Mode         : S-mode
Domain0 SysReset          : yes

Boot HART ID              : 6
Boot HART Domain          : root
Boot HART ISA             : rv64imafdcsuh
Boot HART Features        : scounteren,mcounteren,mcountinhibit,time
Boot HART PMP Count       : 16
Boot HART PMP Granularity : 4
Boot HART PMP Address Bits: 54
Boot HART MHPM Count      : 16
Boot HART MIDELEG         : 0x0000000000001666
Boot HART MEDELEG         : 0x0000000000f0b509
[kernel] logger inited, level= Off
[kernel] Console initialized.
[memory] 194247 usable physical frames across 1 region(s)
[memory] region0: [0x90939000, 0xc0000000) frames=194247
.text [0x80200000, 0x803f3000)
.rodata [0x803f3000, 0x80427000)
.data [0x80427000, 0x80691000)
.bss [0x80691000, 0x90939000)
mapping .text section
mapping .rodata section
mapping .data section
mapping .bss section
mapping physical memory region
mapping memory-mapped registers
[kernel] Hello, world!
[kernel] PRNG init warning: Entropy(DeviceUnavailable)
[smp] minimal boot ready: configured=8 boot_hw_id=6 online_mask=0xff
[memory] reclaimed linker frames: [0x80427000, 0x8068f000) frames=616
[initramfs] unpacked: files=38 dirs=23 symlinks=1 bytes=2516151
[initramfs] VFS_ROOT initialized (ramfs + cpio unpack + devfs bootstrap)
[kernel] VirtIO net device not found, skipping network init
[kernel] No net device, using null device (loopback only)
[kernel] net interface initialized (loopback only, no NIC)
[kernel] Entering kernel test mode (ktest) — tests: ["smp"], repeat: 1
TAP version 13
# arch: riscv64
# mode: ktest
# repeat: 1
# timeout_ms: 5000
# failfast: false
1..3
[32mok[0m 1 smp::configured_cpus_are_online
[32mok[0m 2 smp::legacy_scheduler_stays_on_boot_cpu
[32mok[0m 3 smp::secondary_cpus_enter_idle_context
[32m# results: 3 passed, 0 failed, 3 total[0m
# ktest: tests passed; committing filesystems before shutdown.
[32m[KTEST RESULT: PASS][0m
# ktest: all tests and filesystem teardown passed. shutting down.
make[1]: Leaving directory '/app/os'
