Rust toolchain preflight passed: nightly-2026-05-10
make ARCH=la64 PROFILE=normal -f make/la64.mk ktest-run MODE=release LOG= INITRAMFS_PROFILE=normal PRODUCT_ROOT="/app/build/la64/release/normal" KERNEL_OUTPUT_ROOT="/app/build/la64/release/normal/kernel" USER_OUTPUT_ROOT="/app/build/la64/release/normal/user" KTEST_FIXTURE=""
make[1]: Entering directory '/app/os'
Rust toolchain preflight passed: nightly-2026-05-10
make[2]: Entering directory '/app/user'
Rust toolchain preflight passed: nightly-2026-05-10
CARGO_TARGET_DIR="/app/build/la64/release/normal/user" cargo build --target=loongarch64-unknown-linux-gnu --release
make[2]: Leaving directory '/app/user'
USER_OUTPUT_ROOT="/app/build/la64/release/normal/user" ../scripts/build_initramfs.sh la64 release /app/build/la64/release/normal/initramfs/initramfs-la.cpio
[initramfs] Building initramfs for la64 (release)...
[initramfs] installed /init from /app/build/la64/release/normal/user/loongarch64-unknown-linux-gnu/release/init
[initramfs] installed /ltprunner from /app/build/la64/release/normal/user/loongarch64-unknown-linux-gnu/release/ltprunner
[initramfs] installed /sbin/init and test runner
[initramfs] installed /rescue/sh from /app/user/tools/loongarch64/bin/busybox
[initramfs] installed /regression from /app/build/la64/release/normal/user/loongarch64-unknown-linux-gnu/release/regression
[initramfs] installed os_test.conf
[initramfs] generated /app/build/la64/release/normal/initramfs/initramfs-la.cpio (6.8M)
[ktest] Rebuilding kernel with: mango.mode=ktest mango.test=smp mango.test.repeat=1 mango.test.timeout_ms=5000 mango.test.failfast=0
[ktest] Launching QEMU (timeout: 30s)...
[kernel] UART address: 0x1fe001e0
[bootstrap_init] address bits: hardware VALEN=48 PALEN=48, build VALEN=48 PALEN=48
[bootstrap_init] PRCfg1 { SAVE reg. number: 8, Timer bits: 48, max vector entry spacing: 7 }
[kernel] logger inited, level= Off
[kernel] Console initialized.
[memory] 127551 usable physical frames across 1 region(s)
[memory] region0: [0x90dc1000, 0xb0000000) frames=127551
.text [0x80000000, 0x802a4000)
.rodata [0x802a4000, 0x802c2000)
.data [0x80313000, 0x809ea000)
.bss [0x809ea000, 0x90dc1000)
mapping .text section
mapping .rodata section
mapping .data section
mapping .bss section
mapping physical memory region
mapping memory-mapped registers
[kernel] Hello, world!
[get_timer_freq_first_time] clk freq: 100000000(from CPUCFG)
[machine_init] address bits: hardware VALEN=48 PALEN=48, build VALEN=48 PALEN=48
[CPUCFG 0x0] 1359888
[CPUCFG 0x1] 66253566
[CPUCFG 0x2] 6340815
[CPUCFG 0x3] 0
[CPUCFG 0x4] 100000000
[CPUCFG 0x5] 65537
[CPUCFG 0x6] 0
[CPUCFG 0x10] 11325
[CPUCFG 0x11] 101187587
[CPUCFG 0x12] 101187587
[CPUCFG 0x13] 101187599
[CPUCFG 0x14] 101580815
Misc { 32-bit addr plv(1,2,3):: false,false,false, rdtime allowed for plv(1,2,3):: false,false,false, Disable dirty bit check for plv(0,1,2):: false,false,false, Misalignment check for plv(0,1,2,4):: false,false,false,false }
RVACfg { rbits: 0 }
[machine_init] MMAP_BASE: 0xffffff8000000000
[PCI] ECAM base: 0x20000000
[PCI] Device DeviceFunction { bus: 0, device: 0, function: 0 }: vendor=0x1b36 device=0x8
[PCI] Device DeviceFunction { bus: 0, device: 1, function: 0 }: vendor=0x1af4 device=0x1000
[PCI] VirtIO device: Network
[kernel] PRNG init warning: Entropy(DeviceUnavailable)
[smp] minimal boot ready: configured=8 boot_hw_id=0 online_mask=0xff
[memory] reclaimed linker frames: [0x80313000, 0x809d5000) frames=1730
[initramfs] unpacked: files=38 dirs=23 symlinks=1 bytes=7078855
[initramfs] VFS_ROOT initialized (ramfs + cpio unpack + devfs bootstrap)
[PCI] ECAM base: 0x20000000
[PCI] Device DeviceFunction { bus: 0, device: 0, function: 0 }: vendor=0x1b36 device=0x8
[PCI] Device DeviceFunction { bus: 0, device: 1, function: 0 }: vendor=0x1af4 device=0x1000
[PCI] VirtIO device: Network
[PCI] Configuring BARs...
[PCI] BAR1: Width32, addr=0x0, size=0x1000
[PCI] BAR4: Width64, addr=0x0, size=0x4000
[PCI] BAR4 is 64-bit
[PCI] Device enabled.
[kernel] net interface initialized (RoutingDevice: lo + eth)
[PCI] ECAM base: 0x20000000
[PCI] Device DeviceFunction { bus: 0, device: 0, function: 0 }: vendor=0x1b36 device=0x8
[PCI] Device DeviceFunction { bus: 0, device: 1, function: 0 }: vendor=0x1af4 device=0x1000
[PCI] VirtIO device: Network
[kernel] Entering kernel test mode (ktest) — tests: ["smp"], repeat: 1
TAP version 13
# arch: loongarch64
# mode: ktest
# repeat: 1
# timeout_ms: 5000
# failfast: false
1..3
[32mok[0m 1 smp::configured_cpus_are_online
[32mok[0m 2 smp::legacy_scheduler_stays_on_boot_cpu
[32mok[0m 3 smp::secondary_cpus_enter_idle_context
[32m# results: 3 passed, 0 failed, 3 total[0m
# ktest: tests passed; committing filesystems before shutdown.
[32m[KTEST RESULT: PASS][0m
# ktest: all tests and filesystem teardown passed. shutting down.
make[1]: Leaving directory '/app/os'
