
OpenSBI v1.0
   ____                    _____ ____ _____
  / __ \                  / ____|  _ \_   _|
 | |  | |_ __   ___ _ __ | (___ | |_) || |
 | |  | | '_ \ / _ \ '_ \ \___ \|  _ < | |
 | |__| | |_) |  __/ | | |____) | |_) || |_
  \____/| .__/ \___|_| |_|_____/|____/_____|
        | |
        |_|

Platform Name             : riscv-virtio,qemu
Platform Features         : medeleg
Platform HART Count       : 1
Platform IPI Device       : aclint-mswi
Platform Timer Device     : aclint-mtimer @ 10000000Hz
Platform Console Device   : uart8250
Platform HSM Device       : ---
Platform Reboot Device    : sifive_test
Platform Shutdown Device  : sifive_test
Firmware Base             : 0x80000000
Firmware Size             : 252 KB
Runtime SBI Version       : 0.3

Domain0 Name              : root
Domain0 Boot HART         : 0
Domain0 HARTs             : 0*
Domain0 Region00          : 0x0000000002000000-0x000000000200ffff (I)
Domain0 Region01          : 0x0000000080000000-0x000000008003ffff ()
Domain0 Region02          : 0x0000000000000000-0xffffffffffffffff (R,W,X)
Domain0 Next Address      : 0x0000000080200000
Domain0 Next Arg1         : 0x0000000082200000
Domain0 Next Mode         : S-mode
Domain0 SysReset          : yes

Boot HART ID              : 0
Boot HART Domain          : root
Boot HART ISA             : rv64imafdcsuh
Boot HART Features        : scounteren,mcounteren,mcountinhibit,time
Boot HART PMP Count       : 16
Boot HART PMP Granularity : 4
Boot HART PMP Address Bits: 54
Boot HART MHPM Count      : 16
Boot HART MIDELEG         : 0x0000000000001666
Boot HART MEDELEG         : 0x0000000000f0b509
[kernel] logger inited, level= Off
[kernel] Console initialized.
last 194322 Physical Frames.
.text [0x80200000, 0x803f1000)
.rodata [0x803f1000, 0x80424000)
.data [0x80424000, 0x8088b000)
.bss [0x8088b000, 0x908ee000)
mapping .text section
mapping .rodata section
mapping .data section
mapping .bss section
mapping physical memory
mapping memory-mapped registers
[kernel] Hello, world!
[kernel] PRNG initialized.
[initramfs] unpacked: files=29 dirs=19 symlinks=1 bytes=643741
[initramfs] VFS_ROOT initialized (ramfs + cpio unpack + dev/proc/tmp)
[kernel] block device 0: official fs (MMIO 0x10001000)
[kernel] official fs (x0) mounted at sdcard
[initramfs] tools disk (x1) not found, skipping /tools mount
[kernel] Regression mode — skipping net/init
[regression_init] starting regression suite
TAP version 13
1..6
[regression_usercopy_pipe] start
  pipe created: rfd=3 wfd=4
  wrote 8 bytes to pipe
  read(null, 8) returned -14 (expect -14)
  second read returned 8 bytes
[regression_usercopy_pipe] PASS
ok 1 usercopy_pipe
[regression_mmap_edge_cases] start
  mmap(len=0) returned -22 (expect -22)
  allocated page at 0x20000000
  mprotect(0x20000800, 2048, PROT_READ) returned -22
FAIL: mprotect on partial page failed
not ok 2 mmap_edge_cases
[regression_timer_realtime_jump] start
  timerfd created: fd=3
  timerfd armed: 500ms relative
  clock jumped +2s: 1798761604 -> 1798761606
  read(timerfd) returned 8 (expirations=1)
  timer fired 1 time(s) — OK
  monotonic timerfd armed: 100ms
  monotonic timerfd fired after 100ms (expirations=1)
[regression_timer_realtime_jump] PASS
ok 3 timer_realtime_jump
[regression_rename_long_name] start
  creating file with 255 byte name
  255-byte file created OK
  rename(255-byte → short) returned -18
  rename failed with -18 — acceptable
  attempting file with 256 byte name
  openat(256-byte name) returned -36 — name rejected, OK
  rename(short → 4096-byte) returned 0 (must not panic)
[regression_rename_long_name] PASS
ok 4 rename_long_name
[regression_lwext4_trunc_hole] start: 8 pages, cold-reopen sparse-hole + batch read_pages + post-write persist
  phase 1: wrote 8 pages 0xa0..0xa7
  phase 1: synced and closed
  phase 2: truncated to 1 page
  phase 2: synced and closed
  phase 3: extended back to 8 pages (cold reopen)
  phase 3a: page-0 (within eof): 4096 bytes all 0xa0 OK
  phase 3b: page-1 single (read_page): 4096 bytes all 0x00 OK
  phase 3c: pages-1-2 batch (read_pages): 8192 bytes all 0x00 OK
  phase 3d: wrote marker 0xbb to page 3
  phase 3: synced and closed
  phase 4a: page-3 marker persist: 4096 bytes all 0xbb OK
  phase 4b: page-2 adj hole: 4096 bytes all 0x00 OK
  phase 4c: page-4 adj hole: 4096 bytes all 0x00 OK
  phase 4d: page-0 intact: 4096 bytes all 0xa0 OK
  phase 4: verified, closed
  cleanup: test file removed
[regression_lwext4_trunc_hole] PASS
ok 5 lwext4_truncate_hole
[regression_lwext4_multi_read] start
  phase 1: file created
  vfs b0: 0xCC=true
  vfs b1: zeros=true, first=0x00
  vfs b2: zeros=true, first=0x00
  raw: 12288 bytes
  raw b1: zeros OK
  raw b2: zeros OK
  cleanup: removed
[regression_lwext4_multi_read] PASS
ok 6 lwext4_multiblock_read
# results: 5 passed, 1 failed, 6 total
qemu-system-riscv64: terminating on signal 15 from pid 41292 (timeout)
