2026-07-16T14:25:36.144962Z __PERF_BEGIN_adjacent_diag_float_core-1-530741d6__
2026-07-16T14:25:37.109288Z [1m[33mMangoCore[0m:[1m[34m/persist/pyperf/s[0m# __PERF_ACK_adjacent_diag_float_core-1-530741d6_TRACE_OFF__
2026-07-16T14:25:37.776568Z [1m[33mMangoCore[0m:[1m[34m/persist/pyperf/s[0m# __PERF_ACK_adjacent_diag_float_core-1-530741d6_STATS_OFF__
2026-07-16T14:25:38.446175Z [1m[33mMangoCore[0m:[1m[34m/persist/pyperf/s[0m# __PERF_ACK_adjacent_diag_float_core-1-530741d6_PROFILE__
2026-07-16T14:25:39.068174Z [1m[33mMangoCore[0m:[1m[34m/persist/pyperf/s[0m# __PERF_ACK_adjacent_diag_float_core-1-530741d6_RESET__
2026-07-16T14:25:39.751782Z [1m[33mMangoCore[0m:[1m[34m/persist/pyperf/s[0m# __PERF_STATS_BEFORE_BOOT__
2026-07-16T14:25:39.784982Z clock_freq_hz=100000000
2026-07-16T14:25:39.787630Z boot_console_ticks=49365573446
2026-07-16T14:25:39.790469Z boot_mm_ticks=49392704580
2026-07-16T14:25:39.793243Z boot_drivers_ticks=49393110875
2026-07-16T14:25:39.796067Z boot_net_ticks=49403697430
2026-07-16T14:25:39.798821Z boot_fs_ticks=49415808834
2026-07-16T14:25:39.801715Z boot_initproc_ticks=49418010863
2026-07-16T14:25:39.802980Z boot_scheduler_ticks=49418010887
2026-07-16T14:25:39.807578Z __PERF_STATS_BEFORE_BOOT_END__
2026-07-16T14:25:40.505622Z [1m[33mMangoCore[0m:[1m[34m/persist/pyperf/s[0m# __PERF_STATS_BEFORE_TASKQ__
2026-07-16T14:25:40.539238Z ready_len_max=0
2026-07-16T14:25:40.541854Z interruptible_len_max=0
2026-07-16T14:25:40.541877Z ready_zombie_max=0
2026-07-16T14:25:40.544605Z interruptible_zombie_max=0
2026-07-16T14:25:40.547419Z dup_enqueue_total=0
2026-07-16T14:25:40.550182Z add_ready_total=0
2026-07-16T14:25:40.550205Z add_interruptible_total=0
2026-07-16T14:25:40.552960Z wake_interruptible_total=0
2026-07-16T14:25:40.555690Z fair_pick_calls=0
2026-07-16T14:25:40.555702Z fast_path_calls=0
2026-07-16T14:25:40.558489Z fair_scan_max=0
2026-07-16T14:25:40.561373Z zombie_drain_scan_total=0
2026-07-16T14:25:40.564126Z zombie_drain_calls=0
2026-07-16T14:25:40.564182Z zombie_drain_removed=0
2026-07-16T14:25:40.565976Z ready_nonzero_nice_cur=0
2026-07-16T14:25:40.570785Z __PERF_STATS_BEFORE_TASKQ_END__
2026-07-16T14:25:41.276830Z [1m[33mMangoCore[0m:[1m[34m/persist/pyperf/s[0m# __PERF_STATS_BEFORE_TIMER__
2026-07-16T14:25:41.310496Z ktimer_len_max=0
2026-07-16T14:25:41.313186Z ktimer_add_total=0
2026-07-16T14:25:41.313216Z ktimer_pop_max=0
2026-07-16T14:25:41.315883Z ktimer_pop_total=0
2026-07-16T14:25:41.318651Z ktimer_stale_waketask=0
2026-07-16T14:25:41.318665Z ktimer_real_wake=0
2026-07-16T14:25:41.321456Z ktimer_compact_calls=0
2026-07-16T14:25:41.324334Z ktimer_stale_removed=0
2026-07-16T14:25:41.327101Z wait_with_timeout_total=0
2026-07-16T14:25:41.327123Z timer_irq_ticks_total=0
2026-07-16T14:25:41.329909Z timer_irq_ticks_max=0
2026-07-16T14:25:41.332643Z timer_pop_nodes_total=0
2026-07-16T14:25:41.335608Z timer_pop_ticks_total=0
2026-07-16T14:25:41.335662Z timer_pop_ticks_max=0
2026-07-16T14:25:41.340030Z __PERF_STATS_BEFORE_TIMER_END__
2026-07-16T14:25:42.074867Z [1m[33mMangoCore[0m:[1m[34m/persist/pyperf/s[0m# __PERF_STATS_BEFORE_SECCOMP__
2026-07-16T14:25:42.108471Z seccomp_check_calls=0
2026-07-16T14:25:42.111057Z seccomp_check_ticks_total=0
2026-07-16T14:25:42.113846Z seccomp_check_ticks_max=0
2026-07-16T14:25:42.114882Z seccomp_disabled_bypass=0
2026-07-16T14:25:42.119637Z __PERF_STATS_BEFORE_SECCOMP_END__
2026-07-16T14:25:42.858154Z [1m[33mMangoCore[0m:[1m[34m/persist/pyperf/s[0m# __PERF_STATS_BEFORE_SYSCALL__
2026-07-16T14:25:42.891736Z syscall_total=0
2026-07-16T14:25:42.894424Z syscall_getppid_total=0
2026-07-16T14:25:42.897145Z syscall_cost_max_ticks=0
2026-07-16T14:25:42.897170Z syscall_cost_ticks_total=0
2026-07-16T14:25:42.899968Z getppid_cost_ticks_total=0
2026-07-16T14:25:42.902739Z getppid_cost_ticks_max=0
2026-07-16T14:25:42.905517Z ecall_trap_cost_ticks_total=0
2026-07-16T14:25:42.908276Z ecall_trap_cost_ticks_max=0
2026-07-16T14:25:42.911162Z user_unaligned_traps=0
2026-07-16T14:25:42.913925Z user_unaligned_ticks_total=0
2026-07-16T14:25:42.916718Z user_unaligned_ticks_max=0
2026-07-16T14:25:42.916761Z user_unaligned_load_2=0
2026-07-16T14:25:42.919425Z user_unaligned_load_4=0
2026-07-16T14:25:42.922266Z user_unaligned_load_8=0
2026-07-16T14:25:42.925090Z user_unaligned_store_2=0
2026-07-16T14:25:42.927966Z user_unaligned_store_4=0
2026-07-16T14:25:42.928030Z user_unaligned_store_8=0
2026-07-16T14:25:42.930566Z user_unaligned_float_loads=0
2026-07-16T14:25:42.933132Z user_unaligned_float_stores=0
2026-07-16T14:25:42.937901Z __PERF_STATS_BEFORE_SYSCALL_END__
2026-07-16T14:25:43.639475Z [1m[33mMangoCore[0m:[1m[34m/persist/pyperf/s[0m# __PERF_STATS_BEFORE_CTXSW__
2026-07-16T14:25:43.672256Z context_switch_total=0
2026-07-16T14:25:43.676943Z __PERF_STATS_BEFORE_CTXSW_END__
2026-07-16T14:25:44.340311Z [1m[33mMangoCore[0m:[1m[34m/persist/pyperf/s[0m# __PERF_ACK_adjacent_diag_float_core-1-530741d6_STATS_ON__
2026-07-16T14:25:47.044685Z [1m[33mMangoCore[0m:[1m[34m/persist/pyperf/s[0m# __PERF_WORK_BEGIN_adjacent_diag_float_core-1-530741d6__
2026-07-16T14:25:47.341953Z [CPYTHON BENCH START] bm_float tmp=/persist/pyperf/w/run-180
2026-07-16T14:26:13.020918Z CPYTHON_BENCH_JSON {"machine":"la64","perf_counter_monotonic":true,"perf_counter_resolution_seconds":1e-08,"pycache_prefix":"","pyperformance_revision":"216cbeb5f828b8ee5864f9bb52f3563d2d1a4846","python_executable":"/tools/tests/cpython/usr/bin/python3","python_version":"3.14.5 (main, Jun 20 2026, 00:29:39) [GCC 15.2.0]","runs":1,"schema":1,"source_repository":"Mango-Iced-Americano/cpython-tests","source_revision":"c50669c2b59a7d6d979fb12aea42c1b508ed3765","suite_sha256":"6a4c6a1896cbbe1ae55be8fe1149c679bacdbf4a05759b7db3280593c10e0ce1","target_stats":true,"tmpdir":"/persist/pyperf/w/run-180/tmp","type":"environment","warmups":0}
2026-07-16T14:26:13.028801Z CPYTHON_BENCH_JSON {"benchmark":"bm_float","schema":1,"type":"start"}
2026-07-16T14:27:25.282582Z CPYTHON_BENCH_JSON {"benchmark":"bm_float","elapsed_ns":72080174800,"elapsed_seconds":72.0801748,"max_rss":16704,"result":"9559531.70473361","sample":1,"schema":1,"sys_seconds":50.070068000000006,"type":"sample","user_seconds":21.895004}
2026-07-16T14:27:25.304054Z CPYTHON_BENCH_JSON {"benchmark":"bm_float","cv_percent":0.0,"max_ns":72080174800,"mean_ns":72080174800,"median_ns":72080174800,"min_ns":72080174800,"samples":1,"schema":1,"status":"pass","type":"summary","warmups":0}
2026-07-16T14:27:25.314766Z CPYTHON_BENCH_JSON {"benchmarks":1,"failed":0,"passed":1,"schema":1,"status":"pass","type":"suite_summary"}
2026-07-16T14:27:25.639931Z [CPYTHON BENCH END] bm_float PASS rc=0
2026-07-16T14:27:25.694184Z __PERF_WORK_END_adjacent_diag_float_core-1-530741d6__
2026-07-16T14:27:25.698438Z __PERF_ACK_adjacent_diag_float_core-1-530741d6_WORK__
2026-07-16T14:27:26.375060Z [1m[33mMangoCore[0m:[1m[34m/persist/pyperf/s[0m# __PERF_ACK_adjacent_diag_float_core-1-530741d6_STATS_DONE__
2026-07-16T14:27:27.042503Z [1m[33mMangoCore[0m:[1m[34m/persist/pyperf/s[0m# __PERF_STATS_AFTER_BOOT__
2026-07-16T14:27:27.075979Z clock_freq_hz=100000000
2026-07-16T14:27:27.078592Z boot_console_ticks=49365573446
2026-07-16T14:27:27.081423Z boot_mm_ticks=49392704580
2026-07-16T14:27:27.084208Z boot_drivers_ticks=49393110875
2026-07-16T14:27:27.086966Z boot_net_ticks=49403697430
2026-07-16T14:27:27.089790Z boot_fs_ticks=49415808834
2026-07-16T14:27:27.092494Z boot_initproc_ticks=49418010863
2026-07-16T14:27:27.093918Z boot_scheduler_ticks=49418010887
2026-07-16T14:27:27.098682Z __PERF_STATS_AFTER_BOOT_END__
2026-07-16T14:27:27.786978Z [1m[33mMangoCore[0m:[1m[34m/persist/pyperf/s[0m# __PERF_STATS_AFTER_TASKQ__
2026-07-16T14:27:27.820569Z ready_len_max=2
2026-07-16T14:27:27.823283Z interruptible_len_max=5
2026-07-16T14:27:27.823304Z ready_zombie_max=0
2026-07-16T14:27:27.826196Z interruptible_zombie_max=0
2026-07-16T14:27:27.828917Z dup_enqueue_total=0
2026-07-16T14:27:27.831714Z add_ready_total=7352
2026-07-16T14:27:27.834485Z add_interruptible_total=72
2026-07-16T14:27:27.834524Z wake_interruptible_total=72
2026-07-16T14:27:27.837255Z fair_pick_calls=0
2026-07-16T14:27:27.840053Z fast_path_calls=7352
2026-07-16T14:27:27.840078Z fair_scan_max=0
2026-07-16T14:27:27.842812Z zombie_drain_scan_total=0
2026-07-16T14:27:27.845573Z zombie_drain_calls=0
2026-07-16T14:27:27.848127Z zombie_drain_removed=0
2026-07-16T14:27:27.848152Z ready_nonzero_nice_cur=0
2026-07-16T14:27:27.852731Z __PERF_STATS_AFTER_TASKQ_END__
2026-07-16T14:27:28.534741Z [1m[33mMangoCore[0m:[1m[34m/persist/pyperf/s[0m# __PERF_STATS_AFTER_TIMER__
2026-07-16T14:27:28.568146Z ktimer_len_max=1
2026-07-16T14:27:28.570859Z ktimer_add_total=72
2026-07-16T14:27:28.570883Z ktimer_pop_max=1
2026-07-16T14:27:28.573610Z ktimer_pop_total=7280
2026-07-16T14:27:28.576352Z ktimer_stale_waketask=0
2026-07-16T14:27:28.576380Z ktimer_real_wake=72
2026-07-16T14:27:28.579125Z ktimer_compact_calls=0
2026-07-16T14:27:28.581923Z ktimer_stale_removed=0
2026-07-16T14:27:28.584747Z wait_with_timeout_total=72
2026-07-16T14:27:28.587481Z timer_irq_ticks_total=17596658
2026-07-16T14:27:28.590354Z timer_irq_ticks_max=18545
2026-07-16T14:27:28.590381Z timer_pop_nodes_total=72
2026-07-16T14:27:28.593080Z timer_pop_ticks_total=707471
2026-07-16T14:27:28.595299Z timer_pop_ticks_max=250
2026-07-16T14:27:28.599697Z __PERF_STATS_AFTER_TIMER_END__
2026-07-16T14:27:29.322832Z [1m[33mMangoCore[0m:[1m[34m/persist/pyperf/s[0m# __PERF_STATS_AFTER_SECCOMP__
2026-07-16T14:27:29.356078Z seccomp_check_calls=0
2026-07-16T14:27:29.358895Z seccomp_check_ticks_total=0
2026-07-16T14:27:29.361576Z seccomp_check_ticks_max=0
2026-07-16T14:27:29.362615Z seccomp_disabled_bypass=0
2026-07-16T14:27:29.367461Z __PERF_STATS_AFTER_SECCOMP_END__
2026-07-16T14:27:30.087387Z [1m[33mMangoCore[0m:[1m[34m/persist/pyperf/s[0m# __PERF_STATS_AFTER_SYSCALL__
2026-07-16T14:27:30.121064Z syscall_total=156
2026-07-16T14:27:30.123762Z syscall_getppid_total=0
2026-07-16T14:27:30.126593Z syscall_cost_max_ticks=100000894
2026-07-16T14:27:30.129362Z syscall_cost_ticks_total=7200138523
2026-07-16T14:27:30.132149Z getppid_cost_ticks_total=0
2026-07-16T14:27:30.134951Z getppid_cost_ticks_max=0
2026-07-16T14:27:30.137725Z ecall_trap_cost_ticks_total=7200170887
2026-07-16T14:27:30.140499Z ecall_trap_cost_ticks_max=100001233
2026-07-16T14:27:30.143293Z user_unaligned_traps=3000039
2026-07-16T14:27:30.146044Z user_unaligned_ticks_total=4767941219
2026-07-16T14:27:30.148829Z user_unaligned_ticks_max=4228
2026-07-16T14:27:30.151643Z user_unaligned_load_2=9
2026-07-16T14:27:30.154507Z user_unaligned_load_4=1800008
2026-07-16T14:27:30.157299Z user_unaligned_load_8=1200003
2026-07-16T14:27:30.160034Z user_unaligned_store_2=3
2026-07-16T14:27:30.162752Z user_unaligned_store_4=11
2026-07-16T14:27:30.162768Z user_unaligned_store_8=5
2026-07-16T14:27:30.165564Z user_unaligned_float_loads=0
2026-07-16T14:27:30.168511Z user_unaligned_float_stores=0
2026-07-16T14:27:30.173122Z __PERF_STATS_AFTER_SYSCALL_END__
2026-07-16T14:27:30.860594Z [1m[33mMangoCore[0m:[1m[34m/persist/pyperf/s[0m# __PERF_STATS_AFTER_CTXSW__
2026-07-16T14:27:30.893770Z context_switch_total=14704
2026-07-16T14:27:30.897975Z __PERF_STATS_AFTER_CTXSW_END__
2026-07-16T14:27:31.392952Z [1m[33mMangoCore[0m:[1m[34m/persist/pyperf/s[0m# __PERF_END_adjacent_diag_float_core-1-530741d6__ rc=0
