2026-07-17T08:26:43.143828Z WARNING: The requested image's platform (linux/amd64) does not match the detected host platform (linux/arm64/v8) and no specific platform was requested
2026-07-17T08:26:43.705815Z 
2026-07-17T08:26:43.705853Z 
2026-07-17T08:26:43.706050Z OpenSBI v1.5.1
2026-07-17T08:26:43.706087Z 
2026-07-17T08:26:43.707328Z    ____                    _____ ____ _____
2026-07-17T08:26:43.707392Z 
2026-07-17T08:26:43.707416Z   / __ \                  / ____|  _ \_   _|
2026-07-17T08:26:43.707434Z 
2026-07-17T08:26:43.707456Z  | |  | |_ __   ___ _ __ | (___ | |_) || |
2026-07-17T08:26:43.707470Z 
2026-07-17T08:26:43.707492Z  | |  | | '_ \ / _ \ '_ \ \___ \|  _ < | |
2026-07-17T08:26:43.707506Z 
2026-07-17T08:26:43.707529Z  | |__| | |_) |  __/ | | |____) | |_) || |_
2026-07-17T08:26:43.707549Z 
2026-07-17T08:26:43.707773Z   \____/| .__/ \___|_| |_|_____/|____/_____|
2026-07-17T08:26:43.707813Z 
2026-07-17T08:26:43.707875Z         | |
2026-07-17T08:26:43.707900Z 
2026-07-17T08:26:43.707917Z         |_|
2026-07-17T08:26:43.707932Z 
2026-07-17T08:26:43.707947Z 
2026-07-17T08:26:43.707962Z 
2026-07-17T08:26:43.747234Z Platform Name             : riscv-virtio,qemu
2026-07-17T08:26:43.747279Z 
2026-07-17T08:26:43.747850Z Platform Features         : medeleg
2026-07-17T08:26:43.747876Z 
2026-07-17T08:26:43.748258Z Platform HART Count       : 1
2026-07-17T08:26:43.748297Z 
2026-07-17T08:26:43.748475Z Platform IPI Device       : aclint-mswi
2026-07-17T08:26:43.748526Z 
2026-07-17T08:26:43.749270Z Platform Timer Device     : aclint-mtimer @ 10000000Hz
2026-07-17T08:26:43.749286Z 
2026-07-17T08:26:43.749295Z Platform Console Device   : uart8250
2026-07-17T08:26:43.749302Z 
2026-07-17T08:26:43.749451Z Platform HSM Device       : ---
2026-07-17T08:26:43.749503Z 
2026-07-17T08:26:43.749647Z Platform PMU Device       : ---
2026-07-17T08:26:43.749674Z 
2026-07-17T08:26:43.750540Z Platform Reboot Device    : syscon-reboot
2026-07-17T08:26:43.750602Z 
2026-07-17T08:26:43.750847Z Platform Shutdown Device  : syscon-poweroff
2026-07-17T08:26:43.750883Z 
2026-07-17T08:26:43.751015Z Platform Suspend Device   : ---
2026-07-17T08:26:43.751039Z 
2026-07-17T08:26:43.751057Z Platform CPPC Device      : ---
2026-07-17T08:26:43.751073Z 
2026-07-17T08:26:43.751246Z Firmware Base             : 0x80000000
2026-07-17T08:26:43.751291Z 
2026-07-17T08:26:43.751382Z Firmware Size             : 327 KB
2026-07-17T08:26:43.751408Z 
2026-07-17T08:26:43.751418Z Firmware RW Offset        : 0x40000
2026-07-17T08:26:43.751425Z 
2026-07-17T08:26:43.751521Z Firmware RW Size          : 71 KB
2026-07-17T08:26:43.751534Z 
2026-07-17T08:26:43.751731Z Firmware Heap Offset      : 0x49000
2026-07-17T08:26:43.751749Z 
2026-07-17T08:26:43.752235Z Firmware Heap Size        : 35 KB (total), 2 KB (reserved), 11 KB (used), 21 KB (free)
2026-07-17T08:26:43.752247Z 
2026-07-17T08:26:43.752441Z Firmware Scratch Size     : 4096 B (total), 416 B (used), 3680 B (free)
2026-07-17T08:26:43.752453Z 
2026-07-17T08:26:43.752584Z Runtime SBI Version       : 2.0
2026-07-17T08:26:43.752594Z 
2026-07-17T08:26:43.752744Z 
2026-07-17T08:26:43.752755Z 
2026-07-17T08:26:43.753320Z Domain0 Name              : root
2026-07-17T08:26:43.753393Z 
2026-07-17T08:26:43.753467Z Domain0 Boot HART         : 0
2026-07-17T08:26:43.753481Z 
2026-07-17T08:26:43.754277Z Domain0 HARTs             : 0*
2026-07-17T08:26:43.754294Z 
2026-07-17T08:26:43.757566Z Domain0 Region00          : 0x0000000000100000-0x0000000000100fff M: (I,R,W) S/U: (R,W)
2026-07-17T08:26:43.757640Z 
2026-07-17T08:26:43.758241Z Domain0 Region01          : 0x0000000010000000-0x0000000010000fff M: (I,R,W) S/U: (R,W)
2026-07-17T08:26:43.758331Z 
2026-07-17T08:26:43.758436Z Domain0 Region02          : 0x0000000002000000-0x000000000200ffff M: (I,R,W) S/U: ()
2026-07-17T08:26:43.758458Z 
2026-07-17T08:26:43.758479Z Domain0 Region03          : 0x0000000080040000-0x000000008005ffff M: (R,W) S/U: ()
2026-07-17T08:26:43.758496Z 
2026-07-17T08:26:43.758944Z Domain0 Region04          : 0x0000000080000000-0x000000008003ffff M: (R,X) S/U: ()
2026-07-17T08:26:43.758987Z 
2026-07-17T08:26:43.759476Z Domain0 Region05          : 0x000000000c400000-0x000000000c5fffff M: (I,R,W) S/U: (R,W)
2026-07-17T08:26:43.759492Z 
2026-07-17T08:26:43.759502Z Domain0 Region06          : 0x000000000c000000-0x000000000c3fffff M: (I,R,W) S/U: (R,W)
2026-07-17T08:26:43.759508Z 
2026-07-17T08:26:43.760053Z Domain0 Region07          : 0x0000000000000000-0xffffffffffffffff M: () S/U: (R,W,X)
2026-07-17T08:26:43.760081Z 
2026-07-17T08:26:43.760356Z Domain0 Next Address      : 0x0000000080200000
2026-07-17T08:26:43.760386Z 
2026-07-17T08:26:43.760526Z Domain0 Next Arg1         : 0x00000000bfe00000
2026-07-17T08:26:43.760550Z 
2026-07-17T08:26:43.760958Z Domain0 Next Mode         : S-mode
2026-07-17T08:26:43.760990Z 
2026-07-17T08:26:43.761376Z Domain0 SysReset          : yes
2026-07-17T08:26:43.761422Z 
2026-07-17T08:26:43.761536Z Domain0 SysSuspend        : yes
2026-07-17T08:26:43.761551Z 
2026-07-17T08:26:43.761733Z 
2026-07-17T08:26:43.761742Z 
2026-07-17T08:26:43.762338Z Boot HART ID              : 0
2026-07-17T08:26:43.762361Z 
2026-07-17T08:26:43.762371Z Boot HART Domain          : root
2026-07-17T08:26:43.762419Z 
2026-07-17T08:26:43.763085Z Boot HART Priv Version    : v1.12
2026-07-17T08:26:43.763155Z 
2026-07-17T08:26:43.764431Z Boot HART Base ISA        : rv64imafdch
2026-07-17T08:26:43.764458Z 
2026-07-17T08:26:43.765892Z Boot HART ISA Extensions  : sstc,zicntr,zihpm,zicboz,zicbom,sdtrig,svadu
2026-07-17T08:26:43.765950Z 
2026-07-17T08:26:43.765962Z Boot HART PMP Count       : 16
2026-07-17T08:26:43.765969Z 
2026-07-17T08:26:43.766027Z Boot HART PMP Granularity : 2 bits
2026-07-17T08:26:43.766058Z 
2026-07-17T08:26:43.766456Z Boot HART PMP Address Bits: 54
2026-07-17T08:26:43.766468Z 
2026-07-17T08:26:43.767201Z Boot HART MHPM Info       : 16 (0x0007fff8)
2026-07-17T08:26:43.767230Z 
2026-07-17T08:26:43.767248Z Boot HART Debug Triggers  : 2 triggers
2026-07-17T08:26:43.767262Z 
2026-07-17T08:26:43.767283Z Boot HART MIDELEG         : 0x0000000000001666
2026-07-17T08:26:43.767297Z 
2026-07-17T08:26:43.767461Z Boot HART MEDELEG         : 0x0000000000f0b509
2026-07-17T08:26:43.767475Z 
2026-07-17T08:26:43.867199Z [kernel] logger inited, level= Off
2026-07-17T08:26:43.867240Z 
2026-07-17T08:26:43.867257Z 
2026-07-17T08:26:43.867588Z [kernel] Console initialized.
2026-07-17T08:26:43.867631Z 
2026-07-17T08:26:43.867652Z 
2026-07-17T08:26:43.898543Z [memory] 194085 usable physical frames across 1 region(s)
2026-07-17T08:26:43.898586Z 
2026-07-17T08:26:43.898605Z 
2026-07-17T08:26:43.901687Z [memory] region0: [0x909db000, 0xc0000000) frames=194085
2026-07-17T08:26:43.901728Z 
2026-07-17T08:26:43.901738Z 
2026-07-17T08:26:43.904809Z .text [0x80200000, 0x803dd000)
2026-07-17T08:26:43.904844Z 
2026-07-17T08:26:43.904865Z 
2026-07-17T08:26:43.905351Z .rodata [0x803dd000, 0x80410000)
2026-07-17T08:26:43.905377Z 
2026-07-17T08:26:43.905386Z 
2026-07-17T08:26:43.905753Z .data [0x80410000, 0x80979000)
2026-07-17T08:26:43.905767Z 
2026-07-17T08:26:43.905775Z 
2026-07-17T08:26:43.906092Z .bss [0x80979000, 0x909db000)
2026-07-17T08:26:43.906128Z 
2026-07-17T08:26:43.906152Z 
2026-07-17T08:26:43.906873Z mapping .text section
2026-07-17T08:26:43.906907Z 
2026-07-17T08:26:43.906916Z 
2026-07-17T08:26:43.908655Z mapping .rodata section
2026-07-17T08:26:43.908676Z 
2026-07-17T08:26:43.908684Z 
2026-07-17T08:26:43.909281Z mapping .data section
2026-07-17T08:26:43.909300Z 
2026-07-17T08:26:43.909308Z 
2026-07-17T08:26:43.912606Z mapping .bss section
2026-07-17T08:26:43.912641Z 
2026-07-17T08:26:43.912649Z 
2026-07-17T08:26:44.018282Z mapping physical memory region
2026-07-17T08:26:44.018316Z 
2026-07-17T08:26:44.018326Z 
2026-07-17T08:26:44.293323Z mapping memory-mapped registers
2026-07-17T08:26:44.293383Z 
2026-07-17T08:26:44.293401Z 
2026-07-17T08:26:44.296340Z [kernel] Hello, world!
2026-07-17T08:26:44.296369Z 
2026-07-17T08:26:44.296379Z 
2026-07-17T08:26:44.323731Z [kernel] random: initialized from virtio-rng
2026-07-17T08:26:44.323792Z 
2026-07-17T08:26:44.323812Z 
2026-07-17T08:26:44.397403Z [memory] reclaimed linker frames: [0x80410000, 0x805c7000) frames=439
2026-07-17T08:26:44.397458Z 
2026-07-17T08:26:44.397474Z 
2026-07-17T08:26:44.398869Z [initramfs] unpacked: files=33 dirs=21 symlinks=1 bytes=1790913
2026-07-17T08:26:44.398895Z 
2026-07-17T08:26:44.398905Z 
2026-07-17T08:26:44.432956Z [kernel] perf_diag features: perf_stats=true perf_diag=true
2026-07-17T08:26:44.432999Z 
2026-07-17T08:26:44.433016Z 
2026-07-17T08:26:44.442555Z [initramfs] VFS_ROOT initialized (ramfs + cpio unpack + dev/proc/tmp)
2026-07-17T08:26:44.442584Z 
2026-07-17T08:26:44.442593Z 
2026-07-17T08:26:44.443121Z [kernel] VirtIO net device not found, skipping network init
2026-07-17T08:26:44.443141Z 
2026-07-17T08:26:44.443149Z 
2026-07-17T08:26:44.448633Z [kernel] No net device, using null device (loopback only)
2026-07-17T08:26:44.448659Z 
2026-07-17T08:26:44.448666Z 
2026-07-17T08:26:44.453916Z [kernel] net interface initialized (loopback only, no NIC)
2026-07-17T08:26:44.453969Z 
2026-07-17T08:26:44.453988Z 
2026-07-17T08:26:44.460754Z [kernel] block device 0: official fs (MMIO 0x10001000)
2026-07-17T08:26:44.460789Z 
2026-07-17T08:26:44.460798Z 
2026-07-17T08:26:44.464709Z [kernel] block device 1: tools disk (MMIO 0x10002000)
2026-07-17T08:26:44.464756Z 
2026-07-17T08:26:44.464772Z 
2026-07-17T08:26:44.473199Z [block] /dev/vda contains raw Ext4
2026-07-17T08:26:44.473230Z 
2026-07-17T08:26:44.473240Z 
2026-07-17T08:26:44.489854Z [fs] official fs (/dev/vda) root directory readable: 25 entries
2026-07-17T08:26:44.489882Z 
2026-07-17T08:26:44.489893Z 
2026-07-17T08:26:44.493657Z [kernel] official fs (/dev/vda) (Ext4) mounted at sdcard flags=(empty)
2026-07-17T08:26:44.493684Z 
2026-07-17T08:26:44.493693Z 
2026-07-17T08:26:44.497592Z [mbr] valid MBR with 2 usable partition(s)
2026-07-17T08:26:44.497621Z 
2026-07-17T08:26:44.497630Z 
2026-07-17T08:26:44.502255Z [mbr] /dev/vdb1 type=0x83 start_lba=2048 sectors=1572864 size=768MiB fs=Ext4
2026-07-17T08:26:44.502284Z 
2026-07-17T08:26:44.502292Z 
2026-07-17T08:26:44.506558Z [mbr] /dev/vdb2 type=0x0c start_lba=1574912 sectors=2621440 size=1280MiB fs=Fat32
2026-07-17T08:26:44.506588Z 
2026-07-17T08:26:44.506596Z 
2026-07-17T08:26:44.513684Z [fs] tools fs (/dev/vdb1) root directory readable: 9 entries
2026-07-17T08:26:44.513715Z 
2026-07-17T08:26:44.513723Z 
2026-07-17T08:26:44.515180Z [kernel] tools fs (/dev/vdb1) (Ext4) mounted at tools flags=(empty)
2026-07-17T08:26:44.515216Z 
2026-07-17T08:26:44.515225Z 
2026-07-17T08:26:44.517249Z sinitproc: 805C7000, einitproc: 80665F98, sbash: 80666000, ebash: 8077E378, sbusybox: 8077F000, ebusybox: 808D1C28, sosconfig: 808D2000, eosconfig: 808D218E
2026-07-17T08:26:44.517287Z 
2026-07-17T08:26:44.517303Z 
2026-07-17T08:26:44.524386Z [memory] reclaimed linker frames: [0x805c7000, 0x80665000) frames=158
2026-07-17T08:26:44.524441Z 
2026-07-17T08:26:44.524453Z 
2026-07-17T08:26:44.529841Z [memory] reclaimed linker frames: [0x80666000, 0x8077e000) frames=280
2026-07-17T08:26:44.529882Z 
2026-07-17T08:26:44.529899Z 
2026-07-17T08:26:44.540613Z [memory] reclaimed linker frames: [0x8077f000, 0x808d1000) frames=338
2026-07-17T08:26:44.540645Z 
2026-07-17T08:26:44.540654Z 
2026-07-17T08:26:44.545067Z [memory] reclaimed linker frames: [0x808d3000, 0x8092f000) frames=92
2026-07-17T08:26:44.545101Z 
2026-07-17T08:26:44.545110Z 
2026-07-17T08:26:44.546366Z [memory] reclaimed linker frames: [0x80930000, 0x80932000) frames=2
2026-07-17T08:26:44.546390Z 
2026-07-17T08:26:44.546398Z 
2026-07-17T08:26:44.547831Z [memory] reclaimed linker frames: [0x80933000, 0x80977000) frames=68
2026-07-17T08:26:44.547870Z 
2026-07-17T08:26:44.547886Z 
2026-07-17T08:26:44.639050Z [init] MangoCore stage-1 boot (initramfs mode)
2026-07-17T08:26:44.639086Z 
2026-07-17T08:26:44.648925Z [scratch-smoke] /scratch absent, skipping
2026-07-17T08:26:44.648959Z 
2026-07-17T08:26:48.446142Z [init] ntpd pid=2 timed out after 3000ms, killing
2026-07-17T08:26:48.446172Z 
2026-07-17T08:26:48.487500Z [init] ntpd attempt 0 failed (status=9)
2026-07-17T08:26:48.487532Z 
2026-07-17T08:26:52.516245Z [init] ntpd pid=3 timed out after 3000ms, killing
2026-07-17T08:26:52.516286Z 
2026-07-17T08:26:52.532547Z [init] ntpd attempt 1 failed (status=9)
2026-07-17T08:26:52.532601Z 
2026-07-17T08:26:52.535106Z [init] ntpd all attempts failed: fallback to image build epoch 1784276535
2026-07-17T08:26:52.535129Z 
2026-07-17T08:26:52.538996Z [init] /dev /proc /tmp mounted by kernel, setting up bind mounts...
2026-07-17T08:26:52.539025Z 
2026-07-17T08:26:52.562197Z [init] bind /tools/bin -> /bin
2026-07-17T08:26:52.562237Z 
2026-07-17T08:26:52.568969Z [init] bind /tools/sbin -> /sbin: skipped (errno=2)
2026-07-17T08:26:52.569022Z 
2026-07-17T08:26:52.582745Z [init] bind /tools/lib -> /lib
2026-07-17T08:26:52.582895Z 
2026-07-17T08:26:52.585392Z [init] bind /tools/usr -> /usr
2026-07-17T08:26:52.585441Z 
2026-07-17T08:26:52.587851Z [init] bind /tools/tests -> /tests
2026-07-17T08:26:52.587883Z 
2026-07-17T08:26:52.589840Z [init] bind /sdcard/musl -> /musl
2026-07-17T08:26:52.589876Z 
2026-07-17T08:26:52.593020Z [init] bind /sdcard/glibc -> /glibc
2026-07-17T08:26:52.593068Z 
2026-07-17T08:26:52.616302Z [initproc] ensuring base directories...
2026-07-17T08:26:52.616367Z 
2026-07-17T08:26:52.868331Z base dirs already exist, skipping mkdir
2026-07-17T08:26:52.868365Z 
2026-07-17T08:26:53.023757Z [initproc] attempting bind mount /tools/bin -> /bin...
2026-07-17T08:26:53.023809Z 
2026-07-17T08:26:53.031493Z [initproc] bind mount tools/bin -> bin
2026-07-17T08:26:53.031530Z 
2026-07-17T08:26:53.032163Z [initproc] installing busybox applets to /bin ...
2026-07-17T08:26:53.032186Z 
2026-07-17T08:26:53.248390Z busybox applets already installed, skipping --install
2026-07-17T08:26:53.248449Z 
2026-07-17T08:26:53.288537Z [initproc] busybox --install -s /bin -> exit=0
2026-07-17T08:26:53.288571Z 
2026-07-17T08:26:53.569478Z [initproc] preparing /etc account/network files ...
2026-07-17T08:26:53.569552Z 
2026-07-17T08:26:54.008110Z [initproc] minimal account files done, exit=0
2026-07-17T08:26:54.008207Z 
2026-07-17T08:26:54.009903Z [initproc] install libgcc_s: already exists, skipping
2026-07-17T08:26:54.009932Z 
2026-07-17T08:26:54.010250Z [initproc] linking musl/glibc libs to /lib ...
2026-07-17T08:26:54.010272Z 
2026-07-17T08:26:56.002355Z [initproc] lib linking done, exit=0
2026-07-17T08:26:56.002410Z 
2026-07-17T08:26:56.002547Z prepare lmbench compatibility ...
2026-07-17T08:26:56.002578Z 
2026-07-17T08:26:56.329597Z [initproc] lmbench compatibility done, exit=0
2026-07-17T08:26:56.329635Z 
2026-07-17T08:26:56.561545Z ln: /musl/cyclictest: File exists
2026-07-17T08:26:56.561577Z 
2026-07-17T08:26:56.594836Z [initproc] cyclictest musl compatibility done, exit=0
2026-07-17T08:26:56.594871Z 
2026-07-17T08:26:56.595367Z [initproc] fixing +x permissions on writable test sources ...
2026-07-17T08:26:56.595411Z 
2026-07-17T08:26:56.953527Z [initproc] chmod test scripts done, exit=0
2026-07-17T08:26:56.953561Z 
2026-07-17T08:26:57.325296Z CPython launchers installed: /usr/bin/python3, /usr/bin/python
2026-07-17T08:26:57.325342Z 
2026-07-17T08:26:57.335366Z [initproc] CPython launcher setup done, exit=0
2026-07-17T08:26:57.335400Z 
2026-07-17T08:26:57.786650Z BIN_BASH_OK
2026-07-17T08:26:57.786768Z 
2026-07-17T08:26:57.804780Z [initproc] post-prepare /bin/bash check exit=0 has_bin_bash=true
2026-07-17T08:26:57.804817Z 
2026-07-17T08:26:57.831197Z [initproc] config source=/sdcard/os_test.conf mode=run mask=0x800 ltp_runner=suite timer_smoke=false ext4_profile=false reclaim_profile=false
2026-07-17T08:26:57.831235Z 
2026-07-17T08:26:57.843641Z [initproc] LTP exclude list: ["rt_sigtimedwait01", "timer_create01", "timer_create02", "memfd_create03", "memfd_create04", "eventfd06", "fork13", "fork14", "futex_wake04", "sysinfo03", "madvise06", "madvise07", "madvise08", "madvise09", "madvise11", "msgctl05", "msgstress01", "rt_tgsigqueueinfo01", "signal06", "semctl08", "kill13", "timerfd04", "timerfd_settime02"]
2026-07-17T08:26:57.843682Z 
2026-07-17T08:26:57.847698Z [initproc] LTP exclude musl: ["clone04", "profil01", "sigtimedwait01", "sigwaitinfo01", "nice04"], glibc: []
2026-07-17T08:26:57.847782Z 
2026-07-17T08:26:57.851881Z [initproc] LTP exclude arch musl: ["epoll_create02", "atof01", "fptest01", "fptest02"], glibc: ["nice05"]
2026-07-17T08:26:57.851953Z 
2026-07-17T08:26:57.853206Z [initproc] board shell mode enabled
2026-07-17T08:26:57.853246Z 
2026-07-17T08:26:57.854795Z [initproc] entering shell mode
2026-07-17T08:26:57.854832Z 
2026-07-17T08:26:58.193525Z [1m[33mMangoCore[0m:[1m[34m/[0m# sh /sdcard/diag_smoke_test.sh
2026-07-17T08:26:58.193560Z 
2026-07-17T08:26:58.413593Z === DIAG SMOKE TEST ===
2026-07-17T08:26:58.413634Z 
2026-07-17T08:26:58.420616Z [1/7] Checking /sys/kernel/ exists...
2026-07-17T08:26:58.420648Z 
2026-07-17T08:26:58.501793Z [1;34mstats[m    [1;34mtracing[m
2026-07-17T08:26:58.501848Z 
2026-07-17T08:26:58.520350Z [2/7] Checking stats files...
2026-07-17T08:26:58.520381Z 
2026-07-17T08:26:58.598509Z [0;0manon_unmap[m  [0;0mctxsw[m       [0;0mpagecache[m   [0;0mresource[m    [0;0mtaskq[m
2026-07-17T08:26:58.598539Z 
2026-07-17T08:26:58.599808Z [0;0mblockio[m     [0;0mfeatures[m    [0;0mprofile[m     [0;0mseccomp[m     [0;0mtimer[m
2026-07-17T08:26:58.599850Z 
2026-07-17T08:26:58.600743Z [0;0mboot[m        [0;0mheap[m        [0;0mreclaim[m     [0;0mstats_on[m    [0;0mtlb[m
2026-07-17T08:26:58.600770Z 
2026-07-17T08:26:58.601023Z [0;0mbuddyinfo[m   [0;0mnet[m         [0;0mreset[m       [0;0msyscall[m     [0;0mzombies[m
2026-07-17T08:26:58.601042Z 
2026-07-17T08:26:58.639007Z 0
2026-07-17T08:26:58.639037Z 
2026-07-17T08:26:58.669716Z core 1
2026-07-17T08:26:58.669748Z 
2026-07-17T08:26:58.696297Z clock_freq_hz=12500000
2026-07-17T08:26:58.696346Z 
2026-07-17T08:26:58.696365Z boot_console_ticks=2573425
2026-07-17T08:26:58.696380Z 
2026-07-17T08:26:58.696394Z boot_mm_ticks=6856992
2026-07-17T08:26:58.696408Z 
2026-07-17T08:26:58.696426Z boot_drivers_ticks=7138791
2026-07-17T08:26:58.696441Z 
2026-07-17T08:26:58.696519Z boot_net_ticks=8440125
2026-07-17T08:26:58.696536Z 
2026-07-17T08:26:58.696621Z boot_fs_ticks=9421673
2026-07-17T08:26:58.696643Z 
2026-07-17T08:26:58.696830Z boot_initproc_ticks=9996524
2026-07-17T08:26:58.696877Z 
2026-07-17T08:26:58.696978Z boot_scheduler_ticks=9996784
2026-07-17T08:26:58.696991Z 
2026-07-17T08:26:58.726821Z anon_unmap_calls_total=0
2026-07-17T08:26:58.726968Z 
2026-07-17T08:26:58.727000Z anon_unmap_range_calls=0
2026-07-17T08:26:58.727018Z 
2026-07-17T08:26:58.727042Z anon_unmap_area_calls=0
2026-07-17T08:26:58.727057Z 
2026-07-17T08:26:58.727074Z anon_unmap_requested_pages_total=0
2026-07-17T08:26:58.727089Z 
2026-07-17T08:26:58.727829Z anon_unmap_resident_pages_total=0
2026-07-17T08:26:58.727868Z 
2026-07-17T08:26:58.728051Z anon_unmap_active_before_total=0
2026-07-17T08:26:58.728075Z 
2026-07-17T08:26:58.728200Z anon_unmap_active_before_max=0
2026-07-17T08:26:58.728222Z 
2026-07-17T08:26:58.728585Z anon_unmap_retain_scan_steps_total=0
2026-07-17T08:26:58.728614Z 
2026-07-17T08:26:58.728699Z anon_unmap_ticks_total=0
2026-07-17T08:26:58.728714Z 
2026-07-17T08:26:58.729070Z anon_unmap_ticks_max=0
2026-07-17T08:26:58.729102Z 
2026-07-17T08:26:58.729120Z anon_unmap_errors_total=0
2026-07-17T08:26:58.729134Z 
2026-07-17T08:26:58.729149Z anon_unmap_pages_le_16=0
2026-07-17T08:26:58.729162Z 
2026-07-17T08:26:58.729229Z anon_unmap_pages_le_256=0
2026-07-17T08:26:58.729251Z 
2026-07-17T08:26:58.729407Z anon_unmap_pages_le_4096=0
2026-07-17T08:26:58.729425Z 
2026-07-17T08:26:58.729434Z anon_unmap_pages_gt_4096=0
2026-07-17T08:26:58.729441Z 
2026-07-17T08:26:58.735230Z [3/7] Enable core profile and run workload...
2026-07-17T08:26:58.735261Z 
2026-07-17T08:26:58.984967Z [4/7] Read stats...
2026-07-17T08:26:58.985023Z 
2026-07-17T08:26:58.985504Z --- taskq ---
2026-07-17T08:26:58.985536Z 
2026-07-17T08:26:59.011542Z ready_len_max=1
2026-07-17T08:26:59.011595Z 
2026-07-17T08:26:59.011717Z interruptible_len_max=4
2026-07-17T08:26:59.011758Z 
2026-07-17T08:26:59.011776Z ready_zombie_max=0
2026-07-17T08:26:59.011790Z 
2026-07-17T08:26:59.011810Z interruptible_zombie_max=0
2026-07-17T08:26:59.011825Z 
2026-07-17T08:26:59.011867Z dup_enqueue_total=0
2026-07-17T08:26:59.011883Z 
2026-07-17T08:26:59.011898Z add_ready_total=27
2026-07-17T08:26:59.011912Z 
2026-07-17T08:26:59.012348Z add_interruptible_total=4
2026-07-17T08:26:59.012385Z 
2026-07-17T08:26:59.012509Z wake_interruptible_total=0
2026-07-17T08:26:59.012523Z 
2026-07-17T08:26:59.012652Z fair_pick_calls=0
2026-07-17T08:26:59.012664Z 
2026-07-17T08:26:59.012671Z fast_path_calls=27
2026-07-17T08:26:59.012677Z 
2026-07-17T08:26:59.012684Z fair_scan_max=0
2026-07-17T08:26:59.012689Z 
2026-07-17T08:26:59.012965Z zombie_drain_scan_total=0
2026-07-17T08:26:59.012983Z 
2026-07-17T08:26:59.012991Z zombie_drain_calls=3
2026-07-17T08:26:59.012998Z 
2026-07-17T08:26:59.013170Z zombie_drain_removed=3
2026-07-17T08:26:59.013207Z 
2026-07-17T08:26:59.013301Z ready_nonzero_nice_cur=0
2026-07-17T08:26:59.013326Z 
2026-07-17T08:26:59.018539Z --- timer ---
2026-07-17T08:26:59.018565Z 
2026-07-17T08:26:59.044529Z ktimer_len_max=0
2026-07-17T08:26:59.044576Z 
2026-07-17T08:26:59.044596Z ktimer_add_total=0
2026-07-17T08:26:59.044612Z 
2026-07-17T08:26:59.044629Z ktimer_pop_max=0
2026-07-17T08:26:59.044643Z 
2026-07-17T08:26:59.044658Z ktimer_pop_total=22
2026-07-17T08:26:59.044673Z 
2026-07-17T08:26:59.044688Z ktimer_stale_waketask=0
2026-07-17T08:26:59.044702Z 
2026-07-17T08:26:59.044717Z ktimer_real_wake=0
2026-07-17T08:26:59.044730Z 
2026-07-17T08:26:59.044746Z ktimer_compact_calls=0
2026-07-17T08:26:59.044759Z 
2026-07-17T08:26:59.044780Z ktimer_stale_removed=0
2026-07-17T08:26:59.044796Z 
2026-07-17T08:26:59.044910Z wait_with_timeout_total=0
2026-07-17T08:26:59.044937Z 
2026-07-17T08:26:59.045082Z timer_irq_ticks_total=2360793
2026-07-17T08:26:59.045129Z 
2026-07-17T08:26:59.045592Z timer_irq_ticks_max=441000
2026-07-17T08:26:59.045651Z 
2026-07-17T08:26:59.045674Z timer_pop_nodes_total=0
2026-07-17T08:26:59.045690Z 
2026-07-17T08:26:59.045762Z timer_pop_ticks_total=384458
2026-07-17T08:26:59.045790Z 
2026-07-17T08:26:59.045811Z timer_pop_ticks_max=165042
2026-07-17T08:26:59.045825Z 
2026-07-17T08:26:59.051690Z --- syscall ---
2026-07-17T08:26:59.051743Z 
2026-07-17T08:26:59.077818Z syscall_total=332
2026-07-17T08:26:59.077865Z 
2026-07-17T08:26:59.077885Z syscall_getppid_total=0
2026-07-17T08:26:59.077903Z 
2026-07-17T08:26:59.078002Z syscall_cost_max_ticks=97286333
2026-07-17T08:26:59.078028Z 
2026-07-17T08:26:59.078083Z syscall_cost_ticks_total=401256042
2026-07-17T08:26:59.078104Z 
2026-07-17T08:26:59.078122Z getppid_cost_ticks_total=0
2026-07-17T08:26:59.078140Z 
2026-07-17T08:26:59.078156Z getppid_cost_ticks_max=0
2026-07-17T08:26:59.078169Z 
2026-07-17T08:26:59.078350Z ecall_trap_cost_ticks_total=403355006
2026-07-17T08:26:59.078374Z 
2026-07-17T08:26:59.078529Z ecall_trap_cost_ticks_max=97291375
2026-07-17T08:26:59.078549Z 
2026-07-17T08:26:59.078559Z user_unaligned_traps=0
2026-07-17T08:26:59.078566Z 
2026-07-17T08:26:59.078688Z user_unaligned_ticks_total=0
2026-07-17T08:26:59.078708Z 
2026-07-17T08:26:59.078717Z user_unaligned_ticks_max=0
2026-07-17T08:26:59.078724Z 
2026-07-17T08:26:59.078852Z user_unaligned_load_2=0
2026-07-17T08:26:59.078873Z 
2026-07-17T08:26:59.079017Z user_unaligned_load_4=0
2026-07-17T08:26:59.079028Z 
2026-07-17T08:26:59.079173Z user_unaligned_load_8=0
2026-07-17T08:26:59.079202Z 
2026-07-17T08:26:59.079328Z user_unaligned_store_2=0
2026-07-17T08:26:59.079342Z 
2026-07-17T08:26:59.079621Z user_unaligned_store_4=0
2026-07-17T08:26:59.079633Z 
2026-07-17T08:26:59.079890Z user_unaligned_store_8=0
2026-07-17T08:26:59.079902Z 
2026-07-17T08:26:59.080061Z user_unaligned_float_loads=0
2026-07-17T08:26:59.080073Z 
2026-07-17T08:26:59.080387Z user_unaligned_float_stores=0
2026-07-17T08:26:59.080397Z 
2026-07-17T08:26:59.085515Z [5/7] Verify counters are non-zero...
2026-07-17T08:26:59.085540Z 
2026-07-17T08:26:59.278185Z PASS: syscall_total=485 (non-zero, stats working!)
2026-07-17T08:26:59.278219Z 
2026-07-17T08:26:59.279451Z [6/7] Verify stats_on=0 freezes counters...
2026-07-17T08:26:59.279475Z 
2026-07-17T08:26:59.682931Z PASS: counters frozen at syscall_total=545
2026-07-17T08:26:59.683002Z 
2026-07-17T08:26:59.683586Z [7/7] Verify bounded profile selection and runtime counters...
2026-07-17T08:26:59.683602Z 
2026-07-17T08:26:59.786259Z net_poll_calls=7
2026-07-17T08:26:59.786304Z 
2026-07-17T08:26:59.786321Z net_poll_progress=0
2026-07-17T08:26:59.786336Z 
2026-07-17T08:26:59.786351Z net_poll_lock_busy=0
2026-07-17T08:26:59.786365Z 
2026-07-17T08:26:59.786379Z net_rx_packets=0
2026-07-17T08:26:59.786393Z 
2026-07-17T08:26:59.786407Z net_rx_bytes=0
2026-07-17T08:26:59.786457Z 
2026-07-17T08:26:59.787190Z net_rx_drops=0
2026-07-17T08:26:59.787237Z 
2026-07-17T08:26:59.787303Z net_tx_submit_packets=0
2026-07-17T08:26:59.787457Z 
2026-07-17T08:26:59.787493Z net_tx_submit_bytes=0
2026-07-17T08:26:59.787510Z 
2026-07-17T08:26:59.787556Z net_tx_drops=0
2026-07-17T08:26:59.787565Z 
2026-07-17T08:26:59.787583Z runtime_exec_calls=3
2026-07-17T08:26:59.787610Z 
2026-07-17T08:26:59.787634Z runtime_exec_ticks_total=37019334
2026-07-17T08:26:59.787650Z 
2026-07-17T08:26:59.787664Z runtime_openat_calls=3
2026-07-17T08:26:59.787677Z 
2026-07-17T08:26:59.787691Z runtime_read_calls=2
2026-07-17T08:26:59.787705Z 
2026-07-17T08:26:59.787720Z runtime_mmap_calls=0
2026-07-17T08:26:59.787735Z 
2026-07-17T08:26:59.936345Z === DIAG SMOKE TEST DONE ===
2026-07-17T08:26:59.936384Z 
2026-07-17T08:26:59.995510Z [1m[33mMangoCore[0m:[1m[34m/[0m# exit
2026-07-17T08:26:59.995557Z 
2026-07-17T08:27:00.008421Z exit
2026-07-17T08:27:00.008450Z 
