2026-07-17T08:27:13.444608Z WARNING: The requested image's platform (linux/amd64) does not match the detected host platform (linux/arm64/v8) and no specific platform was requested
2026-07-17T08:27:13.967076Z [kernel] UART address: 0x1fe001e0
2026-07-17T08:27:13.967372Z 
2026-07-17T08:27:13.967404Z 
2026-07-17T08:27:13.969970Z [bootstrap_init] address bits: hardware VALEN=48 PALEN=48, build VALEN=48 PALEN=48
2026-07-17T08:27:13.969997Z 
2026-07-17T08:27:13.970007Z 
2026-07-17T08:27:13.971783Z [bootstrap_init] PRCfg1 { SAVE reg. number: 8, Timer bits: 48, max vector entry spacing: 7 }
2026-07-17T08:27:13.971810Z 
2026-07-17T08:27:13.971820Z 
2026-07-17T08:27:14.765079Z [kernel] logger inited, level= Off
2026-07-17T08:27:14.765148Z 
2026-07-17T08:27:14.765160Z 
2026-07-17T08:27:14.765936Z [kernel] Console initialized.
2026-07-17T08:27:14.766001Z 
2026-07-17T08:27:14.766063Z 
2026-07-17T08:27:14.985413Z [memory] 127792 usable physical frames across 1 region(s)
2026-07-17T08:27:14.985490Z 
2026-07-17T08:27:14.985501Z 
2026-07-17T08:27:14.986506Z [memory] region0: [0x90cd0000, 0xb0000000) frames=127792
2026-07-17T08:27:14.986551Z 
2026-07-17T08:27:14.986571Z 
2026-07-17T08:27:14.989380Z .text [0x80000000, 0x80292000)
2026-07-17T08:27:14.989479Z 
2026-07-17T08:27:14.989499Z 
2026-07-17T08:27:14.989517Z .rodata [0x80292000, 0x802c4000)
2026-07-17T08:27:14.989531Z 
2026-07-17T08:27:14.989544Z 
2026-07-17T08:27:14.989566Z .data [0x802f3000, 0x80bbe000)
2026-07-17T08:27:14.989581Z 
2026-07-17T08:27:14.989595Z 
2026-07-17T08:27:14.989987Z .bss [0x80bbe000, 0x90cd0000)
2026-07-17T08:27:14.990028Z 
2026-07-17T08:27:14.990039Z 
2026-07-17T08:27:14.990262Z mapping .text section
2026-07-17T08:27:14.990277Z 
2026-07-17T08:27:14.990284Z 
2026-07-17T08:27:14.990678Z mapping .rodata section
2026-07-17T08:27:14.990715Z 
2026-07-17T08:27:14.990731Z 
2026-07-17T08:27:14.990892Z mapping .data section
2026-07-17T08:27:14.990915Z 
2026-07-17T08:27:14.990934Z 
2026-07-17T08:27:14.991168Z mapping .bss section
2026-07-17T08:27:14.991214Z 
2026-07-17T08:27:14.991227Z 
2026-07-17T08:27:14.992258Z mapping physical memory region
2026-07-17T08:27:14.992315Z 
2026-07-17T08:27:14.992386Z 
2026-07-17T08:27:14.994057Z mapping memory-mapped registers
2026-07-17T08:27:14.994131Z 
2026-07-17T08:27:14.994141Z 
2026-07-17T08:27:14.995024Z [kernel] Hello, world!
2026-07-17T08:27:14.995064Z 
2026-07-17T08:27:14.995074Z 
2026-07-17T08:27:14.995867Z [get_timer_freq_first_time] clk freq: 100000000(from CPUCFG)
2026-07-17T08:27:14.995888Z 
2026-07-17T08:27:14.995897Z 
2026-07-17T08:27:14.996331Z [machine_init] address bits: hardware VALEN=48 PALEN=48, build VALEN=48 PALEN=48
2026-07-17T08:27:14.996347Z 
2026-07-17T08:27:14.996355Z 
2026-07-17T08:27:14.997173Z [CPUCFG 0x0] 1359888
2026-07-17T08:27:14.997186Z 
2026-07-17T08:27:14.997194Z 
2026-07-17T08:27:14.997353Z [CPUCFG 0x1] 66253566
2026-07-17T08:27:14.997391Z 
2026-07-17T08:27:14.997415Z 
2026-07-17T08:27:14.997666Z [CPUCFG 0x2] 6340815
2026-07-17T08:27:14.997714Z 
2026-07-17T08:27:14.997733Z 
2026-07-17T08:27:14.997813Z [CPUCFG 0x3] 0
2026-07-17T08:27:14.997825Z 
2026-07-17T08:27:14.997832Z 
2026-07-17T08:27:14.998027Z [CPUCFG 0x4] 100000000
2026-07-17T08:27:14.998041Z 
2026-07-17T08:27:14.998049Z 
2026-07-17T08:27:14.998227Z [CPUCFG 0x5] 65537
2026-07-17T08:27:14.998238Z 
2026-07-17T08:27:14.998244Z 
2026-07-17T08:27:14.998545Z [CPUCFG 0x6] 0
2026-07-17T08:27:14.998560Z 
2026-07-17T08:27:14.998568Z 
2026-07-17T08:27:14.999160Z [CPUCFG 0x10] 11325
2026-07-17T08:27:14.999182Z 
2026-07-17T08:27:14.999190Z 
2026-07-17T08:27:15.000160Z [CPUCFG 0x11] 101187587
2026-07-17T08:27:15.000227Z 
2026-07-17T08:27:15.000236Z 
2026-07-17T08:27:15.000744Z [CPUCFG 0x12] 101187587
2026-07-17T08:27:15.000804Z 
2026-07-17T08:27:15.000822Z 
2026-07-17T08:27:15.000904Z [CPUCFG 0x13] 101187599
2026-07-17T08:27:15.000935Z 
2026-07-17T08:27:15.000955Z 
2026-07-17T08:27:15.001300Z [CPUCFG 0x14] 101580815
2026-07-17T08:27:15.001327Z 
2026-07-17T08:27:15.001367Z 
2026-07-17T08:27:15.003845Z Misc { 32-bit addr plv(1,2,3):: false,false,false, rdtime allowed for plv(1,2,3):: false,false,false, Disable dirty bit check for plv(0,1,2):: false,false,false, Misalignment check for plv(0,1,2,4):: false,false,false,false }
2026-07-17T08:27:15.003894Z 
2026-07-17T08:27:15.003902Z 
2026-07-17T08:27:15.004572Z RVACfg { rbits: 0 }
2026-07-17T08:27:15.004614Z 
2026-07-17T08:27:15.004630Z 
2026-07-17T08:27:15.004914Z [machine_init] MMAP_BASE: 0xffffff8000000000
2026-07-17T08:27:15.004938Z 
2026-07-17T08:27:15.004954Z 
2026-07-17T08:27:15.007909Z [PCI] ECAM base: 0x20000000
2026-07-17T08:27:15.007963Z 
2026-07-17T08:27:15.007987Z 
2026-07-17T08:27:15.010371Z [PCI] Device DeviceFunction { bus: 0, device: 0, function: 0 }: vendor=0x1b36 device=0x8
2026-07-17T08:27:15.010393Z 
2026-07-17T08:27:15.010400Z 
2026-07-17T08:27:15.012004Z [PCI] Device DeviceFunction { bus: 0, device: 1, function: 0 }: vendor=0x1af4 device=0x1000
2026-07-17T08:27:15.012029Z 
2026-07-17T08:27:15.012037Z 
2026-07-17T08:27:15.012944Z [PCI] VirtIO device: Network
2026-07-17T08:27:15.012986Z 
2026-07-17T08:27:15.012995Z 
2026-07-17T08:27:15.013621Z [PCI] Device DeviceFunction { bus: 0, device: 2, function: 0 }: vendor=0x1af4 device=0x1001
2026-07-17T08:27:15.013653Z 
2026-07-17T08:27:15.013661Z 
2026-07-17T08:27:15.014008Z [PCI] VirtIO device: Block
2026-07-17T08:27:15.014020Z 
2026-07-17T08:27:15.014028Z 
2026-07-17T08:27:15.014745Z [PCI] Device DeviceFunction { bus: 0, device: 3, function: 0 }: vendor=0x1af4 device=0x1001
2026-07-17T08:27:15.014794Z 
2026-07-17T08:27:15.014812Z 
2026-07-17T08:27:15.014834Z [PCI] VirtIO device: Block
2026-07-17T08:27:15.014851Z 
2026-07-17T08:27:15.014866Z 
2026-07-17T08:27:15.015045Z [PCI] Device DeviceFunction { bus: 0, device: 4, function: 0 }: vendor=0x1af4 device=0x1005
2026-07-17T08:27:15.015065Z 
2026-07-17T08:27:15.015079Z 
2026-07-17T08:27:15.015204Z [PCI] VirtIO device: EntropySource
2026-07-17T08:27:15.015232Z 
2026-07-17T08:27:15.015250Z 
2026-07-17T08:27:15.015362Z [PCI] Configuring BARs...
2026-07-17T08:27:15.015378Z 
2026-07-17T08:27:15.015384Z 
2026-07-17T08:27:15.019464Z [PCI] BAR1: Width32, addr=0x0, size=0x1000
2026-07-17T08:27:15.019514Z 
2026-07-17T08:27:15.019523Z 
2026-07-17T08:27:15.021126Z [PCI] BAR4: Width64, addr=0x0, size=0x4000
2026-07-17T08:27:15.021171Z 
2026-07-17T08:27:15.021179Z 
2026-07-17T08:27:15.021839Z [PCI] BAR4 is 64-bit
2026-07-17T08:27:15.021891Z 
2026-07-17T08:27:15.021914Z 
2026-07-17T08:27:15.024132Z [PCI] Device enabled.
2026-07-17T08:27:15.024198Z 
2026-07-17T08:27:15.024233Z 
2026-07-17T08:27:15.073450Z [kernel] random: initialized from virtio-rng
2026-07-17T08:27:15.073523Z 
2026-07-17T08:27:15.073579Z 
2026-07-17T08:27:15.150019Z [memory] reclaimed linker frames: [0x802f3000, 0x8052d000) frames=570
2026-07-17T08:27:15.150060Z 
2026-07-17T08:27:15.150069Z 
2026-07-17T08:27:15.150475Z [initramfs] unpacked: files=33 dirs=21 symlinks=1 bytes=2327977
2026-07-17T08:27:15.150489Z 
2026-07-17T08:27:15.150496Z 
2026-07-17T08:27:15.184566Z [kernel] perf_diag features: perf_stats=true perf_diag=true
2026-07-17T08:27:15.184606Z 
2026-07-17T08:27:15.184619Z 
2026-07-17T08:27:15.194264Z [initramfs] VFS_ROOT initialized (ramfs + cpio unpack + dev/proc/tmp)
2026-07-17T08:27:15.194404Z 
2026-07-17T08:27:15.194425Z 
2026-07-17T08:27:15.194622Z [PCI] ECAM base: 0x20000000
2026-07-17T08:27:15.194661Z 
2026-07-17T08:27:15.194677Z 
2026-07-17T08:27:15.195092Z [PCI] Device DeviceFunction { bus: 0, device: 0, function: 0 }: vendor=0x1b36 device=0x8
2026-07-17T08:27:15.195111Z 
2026-07-17T08:27:15.195119Z 
2026-07-17T08:27:15.195264Z [PCI] Device DeviceFunction { bus: 0, device: 1, function: 0 }: vendor=0x1af4 device=0x1000
2026-07-17T08:27:15.195292Z 
2026-07-17T08:27:15.195312Z 
2026-07-17T08:27:15.195373Z [PCI] VirtIO device: Network
2026-07-17T08:27:15.195389Z 
2026-07-17T08:27:15.195398Z 
2026-07-17T08:27:15.195410Z [PCI] Configuring BARs...
2026-07-17T08:27:15.195419Z 
2026-07-17T08:27:15.195426Z 
2026-07-17T08:27:15.195552Z [PCI] BAR1: Width32, addr=0x0, size=0x1000
2026-07-17T08:27:15.195566Z 
2026-07-17T08:27:15.195574Z 
2026-07-17T08:27:15.195743Z [PCI] BAR4: Width64, addr=0x0, size=0x4000
2026-07-17T08:27:15.195762Z 
2026-07-17T08:27:15.195770Z 
2026-07-17T08:27:15.195984Z [PCI] BAR4 is 64-bit
2026-07-17T08:27:15.195994Z 
2026-07-17T08:27:15.196001Z 
2026-07-17T08:27:15.196899Z [PCI] Device enabled.
2026-07-17T08:27:15.196913Z 
2026-07-17T08:27:15.196920Z 
2026-07-17T08:27:15.207805Z [PCI] Device DeviceFunction { bus: 0, device: 2, function: 0 }: vendor=0x1af4 device=0x1001
2026-07-17T08:27:15.207835Z 
2026-07-17T08:27:15.207843Z 
2026-07-17T08:27:15.207852Z [PCI] VirtIO device: Block
2026-07-17T08:27:15.207859Z 
2026-07-17T08:27:15.207864Z 
2026-07-17T08:27:15.207873Z [PCI] Device DeviceFunction { bus: 0, device: 3, function: 0 }: vendor=0x1af4 device=0x1001
2026-07-17T08:27:15.207878Z 
2026-07-17T08:27:15.207886Z 
2026-07-17T08:27:15.207892Z [PCI] VirtIO device: Block
2026-07-17T08:27:15.207897Z 
2026-07-17T08:27:15.207902Z 
2026-07-17T08:27:15.207962Z [PCI] Device DeviceFunction { bus: 0, device: 4, function: 0 }: vendor=0x1af4 device=0x1005
2026-07-17T08:27:15.207977Z 
2026-07-17T08:27:15.207985Z 
2026-07-17T08:27:15.207993Z [PCI] VirtIO device: EntropySource
2026-07-17T08:27:15.208000Z 
2026-07-17T08:27:15.208061Z 
2026-07-17T08:27:15.259815Z [kernel] net interface initialized (RoutingDevice: lo + eth)
2026-07-17T08:27:15.259859Z 
2026-07-17T08:27:15.259868Z 
2026-07-17T08:27:15.260196Z [PCI] ECAM base: 0x20000000
2026-07-17T08:27:15.260214Z 
2026-07-17T08:27:15.260222Z 
2026-07-17T08:27:15.260364Z [PCI] Device DeviceFunction { bus: 0, device: 0, function: 0 }: vendor=0x1b36 device=0x8
2026-07-17T08:27:15.260382Z 
2026-07-17T08:27:15.260390Z 
2026-07-17T08:27:15.260565Z [PCI] Device DeviceFunction { bus: 0, device: 1, function: 0 }: vendor=0x1af4 device=0x1000
2026-07-17T08:27:15.260604Z 
2026-07-17T08:27:15.260621Z 
2026-07-17T08:27:15.260638Z [PCI] VirtIO device: Network
2026-07-17T08:27:15.260652Z 
2026-07-17T08:27:15.260669Z 
2026-07-17T08:27:15.260857Z [PCI] Device DeviceFunction { bus: 0, device: 2, function: 0 }: vendor=0x1af4 device=0x1001
2026-07-17T08:27:15.260878Z 
2026-07-17T08:27:15.260887Z 
2026-07-17T08:27:15.260895Z [PCI] VirtIO device: Block
2026-07-17T08:27:15.260902Z 
2026-07-17T08:27:15.260907Z 
2026-07-17T08:27:15.260913Z [PCI] Configuring BARs...
2026-07-17T08:27:15.260919Z 
2026-07-17T08:27:15.260925Z 
2026-07-17T08:27:15.261027Z [PCI] BAR1: Width32, addr=0x0, size=0x1000
2026-07-17T08:27:15.261070Z 
2026-07-17T08:27:15.261088Z 
2026-07-17T08:27:15.261153Z [PCI] BAR4: Width64, addr=0x0, size=0x4000
2026-07-17T08:27:15.261164Z 
2026-07-17T08:27:15.261170Z 
2026-07-17T08:27:15.261176Z [PCI] BAR4 is 64-bit
2026-07-17T08:27:15.261181Z 
2026-07-17T08:27:15.261188Z 
2026-07-17T08:27:15.265031Z [PCI] Device enabled.
2026-07-17T08:27:15.265062Z 
2026-07-17T08:27:15.265071Z 
2026-07-17T08:27:15.267303Z [PCI] Device DeviceFunction { bus: 0, device: 3, function: 0 }: vendor=0x1af4 device=0x1001
2026-07-17T08:27:15.267328Z 
2026-07-17T08:27:15.267335Z 
2026-07-17T08:27:15.267343Z [PCI] VirtIO device: Block
2026-07-17T08:27:15.267349Z 
2026-07-17T08:27:15.267354Z 
2026-07-17T08:27:15.267361Z [PCI] Configuring BARs...
2026-07-17T08:27:15.267366Z 
2026-07-17T08:27:15.267372Z 
2026-07-17T08:27:15.267378Z [PCI] BAR1: Width32, addr=0x0, size=0x1000
2026-07-17T08:27:15.267386Z 
2026-07-17T08:27:15.267391Z 
2026-07-17T08:27:15.267397Z [PCI] BAR4: Width64, addr=0x0, size=0x4000
2026-07-17T08:27:15.267402Z 
2026-07-17T08:27:15.267407Z 
2026-07-17T08:27:15.267415Z [PCI] BAR4 is 64-bit
2026-07-17T08:27:15.267420Z 
2026-07-17T08:27:15.267425Z 
2026-07-17T08:27:15.268291Z [PCI] Device enabled.
2026-07-17T08:27:15.268308Z 
2026-07-17T08:27:15.268315Z 
2026-07-17T08:27:15.276372Z [PCI] Device DeviceFunction { bus: 0, device: 4, function: 0 }: vendor=0x1af4 device=0x1005
2026-07-17T08:27:15.276403Z 
2026-07-17T08:27:15.276412Z 
2026-07-17T08:27:15.276420Z [PCI] VirtIO device: EntropySource
2026-07-17T08:27:15.276426Z 
2026-07-17T08:27:15.276432Z 
2026-07-17T08:27:15.279488Z [kernel] block device 0: official fs (DeviceFunction { bus: 0, device: 2, function: 0 })
2026-07-17T08:27:15.279548Z 
2026-07-17T08:27:15.279557Z 
2026-07-17T08:27:15.280561Z [kernel] block device 1: tools disk (DeviceFunction { bus: 0, device: 3, function: 0 })
2026-07-17T08:27:15.280581Z 
2026-07-17T08:27:15.280588Z 
2026-07-17T08:27:15.288456Z [block] /dev/vda contains raw Ext4
2026-07-17T08:27:15.288491Z 
2026-07-17T08:27:15.288499Z 
2026-07-17T08:27:15.305200Z [fs] official fs (/dev/vda) root directory readable: 25 entries
2026-07-17T08:27:15.305234Z 
2026-07-17T08:27:15.305243Z 
2026-07-17T08:27:15.308759Z [kernel] official fs (/dev/vda) (Ext4) mounted at sdcard flags=(empty)
2026-07-17T08:27:15.308785Z 
2026-07-17T08:27:15.308792Z 
2026-07-17T08:27:15.312191Z [mbr] valid MBR with 2 usable partition(s)
2026-07-17T08:27:15.312223Z 
2026-07-17T08:27:15.312232Z 
2026-07-17T08:27:15.315444Z [mbr] /dev/vdb1 type=0x83 start_lba=2048 sectors=1572864 size=768MiB fs=Ext4
2026-07-17T08:27:15.315465Z 
2026-07-17T08:27:15.315473Z 
2026-07-17T08:27:15.319219Z [mbr] /dev/vdb2 type=0x0c start_lba=1574912 sectors=2621440 size=1280MiB fs=Fat32
2026-07-17T08:27:15.319245Z 
2026-07-17T08:27:15.319254Z 
2026-07-17T08:27:15.325715Z [fs] tools fs (/dev/vdb1) root directory readable: 9 entries
2026-07-17T08:27:15.325740Z 
2026-07-17T08:27:15.325748Z 
2026-07-17T08:27:15.327089Z [kernel] tools fs (/dev/vdb1) (Ext4) mounted at tools flags=(empty)
2026-07-17T08:27:15.327105Z 
2026-07-17T08:27:15.327112Z 
2026-07-17T08:27:15.328247Z sinitproc: 8052E000, einitproc: 808143C0, sbash: 80815000, ebash: 80966878, sbusybox: 80967000, ebusybox: 80B5F5F8, sosconfig: 80B60000, eosconfig: 80B6018E
2026-07-17T08:27:15.328267Z 
2026-07-17T08:27:15.328276Z 
2026-07-17T08:27:15.352276Z [memory] reclaimed linker frames: [0x8052e000, 0x80814000) frames=742
2026-07-17T08:27:15.352313Z 
2026-07-17T08:27:15.352321Z 
2026-07-17T08:27:15.362947Z [memory] reclaimed linker frames: [0x80815000, 0x80966000) frames=337
2026-07-17T08:27:15.362976Z 
2026-07-17T08:27:15.362985Z 
2026-07-17T08:27:15.393656Z [memory] reclaimed linker frames: [0x80967000, 0x80b5f000) frames=504
2026-07-17T08:27:15.393716Z 
2026-07-17T08:27:15.393726Z 
2026-07-17T08:27:15.398063Z [memory] reclaimed linker frames: [0x80b61000, 0x80b85000) frames=36
2026-07-17T08:27:15.398112Z 
2026-07-17T08:27:15.398121Z 
2026-07-17T08:27:15.398971Z [memory] reclaimed linker frames: [0x80b86000, 0x80b8a000) frames=4
2026-07-17T08:27:15.399024Z 
2026-07-17T08:27:15.399034Z 
2026-07-17T08:27:15.400314Z [memory] reclaimed linker frames: [0x80b8b000, 0x80ba5000) frames=26
2026-07-17T08:27:15.400333Z 
2026-07-17T08:27:15.400341Z 
2026-07-17T08:27:15.497586Z [init] MangoCore stage-1 boot (initramfs mode)
2026-07-17T08:27:15.497627Z 
2026-07-17T08:27:15.506612Z [scratch-smoke] /scratch absent, skipping
2026-07-17T08:27:15.506640Z 
2026-07-17T08:27:18.667152Z [init] ntpd pid=2 timed out after 3000ms, killing
2026-07-17T08:27:18.667209Z 
2026-07-17T08:27:18.703380Z [init] ntpd attempt 0 failed (status=9)
2026-07-17T08:27:18.703413Z 
2026-07-17T08:27:20.457814Z ntpd: setting time to 2026-07-17 08:27:20.636251 (offset -14484765.852367s)
2026-07-17T08:27:20.457933Z 
2026-07-17T08:27:20.487790Z [init] ntpd time sync ok
2026-07-17T08:27:20.487836Z 
2026-07-17T08:27:20.487889Z [init] /dev /proc /tmp mounted by kernel, setting up bind mounts...
2026-07-17T08:27:20.487931Z 
2026-07-17T08:27:20.510586Z [init] bind /tools/bin -> /bin
2026-07-17T08:27:20.510631Z 
2026-07-17T08:27:20.516902Z [init] bind /tools/sbin -> /sbin: skipped (errno=2)
2026-07-17T08:27:20.516949Z 
2026-07-17T08:27:20.526177Z [init] bind /tools/lib -> /lib
2026-07-17T08:27:20.526230Z 
2026-07-17T08:27:20.529039Z [init] bind /tools/usr -> /usr
2026-07-17T08:27:20.529079Z 
2026-07-17T08:27:20.532033Z [init] bind /tools/tests -> /tests
2026-07-17T08:27:20.532103Z 
2026-07-17T08:27:20.533163Z [init] bind /sdcard/musl -> /musl
2026-07-17T08:27:20.533182Z 
2026-07-17T08:27:20.535618Z [init] bind /sdcard/glibc -> /glibc
2026-07-17T08:27:20.535649Z 
2026-07-17T08:27:20.689942Z [initproc] ensuring base directories...
2026-07-17T08:27:20.690010Z 
2026-07-17T08:27:20.957523Z base dirs already exist, skipping mkdir
2026-07-17T08:27:20.957568Z 
2026-07-17T08:27:21.119893Z [initproc] attempting bind mount /tools/bin -> /bin...
2026-07-17T08:27:21.119955Z 
2026-07-17T08:27:21.125578Z [initproc] bind mount tools/bin -> bin
2026-07-17T08:27:21.125621Z 
2026-07-17T08:27:21.126109Z [initproc] installing busybox applets to /bin ...
2026-07-17T08:27:21.126145Z 
2026-07-17T08:27:21.441440Z busybox applets already installed, skipping --install
2026-07-17T08:27:21.441480Z 
2026-07-17T08:27:21.489344Z [initproc] busybox --install -s /bin -> exit=0
2026-07-17T08:27:21.489387Z 
2026-07-17T08:27:21.896167Z [initproc] preparing /etc account/network files ...
2026-07-17T08:27:21.896202Z 
2026-07-17T08:27:22.600842Z [initproc] minimal account files done, exit=0
2026-07-17T08:27:22.600973Z 
2026-07-17T08:27:22.602449Z [initproc] install libgcc_s: already exists, skipping
2026-07-17T08:27:22.602481Z 
2026-07-17T08:27:22.602591Z [initproc] linking musl/glibc libs to /lib ...
2026-07-17T08:27:22.602609Z 
2026-07-17T08:27:25.555271Z [initproc] lib linking done, exit=0
2026-07-17T08:27:25.555317Z 
2026-07-17T08:27:25.555428Z prepare lmbench compatibility ...
2026-07-17T08:27:25.555441Z 
2026-07-17T08:27:26.069135Z [initproc] lmbench compatibility done, exit=0
2026-07-17T08:27:26.069195Z 
2026-07-17T08:27:26.389253Z ln: /musl/cyclictest: File exists
2026-07-17T08:27:26.389310Z 
2026-07-17T08:27:26.413168Z [initproc] cyclictest musl compatibility done, exit=0
2026-07-17T08:27:26.413228Z 
2026-07-17T08:27:26.413249Z [initproc] fixing +x permissions on writable test sources ...
2026-07-17T08:27:26.413265Z 
2026-07-17T08:27:26.947039Z [initproc] chmod test scripts done, exit=0
2026-07-17T08:27:26.947093Z 
2026-07-17T08:27:27.412021Z CPython launchers installed: /usr/bin/python3, /usr/bin/python
2026-07-17T08:27:27.412092Z 
2026-07-17T08:27:27.426181Z [initproc] CPython launcher setup done, exit=0
2026-07-17T08:27:27.426229Z 
2026-07-17T08:27:28.033226Z BIN_BASH_OK
2026-07-17T08:27:28.033441Z 
2026-07-17T08:27:28.040274Z [initproc] post-prepare /bin/bash check exit=0 has_bin_bash=true
2026-07-17T08:27:28.040329Z 
2026-07-17T08:27:28.061652Z [initproc] config source=/sdcard/os_test.conf mode=run mask=0x800 ltp_runner=suite timer_smoke=false ext4_profile=false reclaim_profile=false
2026-07-17T08:27:28.061723Z 
2026-07-17T08:27:28.064944Z [initproc] LTP exclude list: ["rt_sigtimedwait01", "timer_create01", "timer_create02", "memfd_create03", "memfd_create04", "eventfd06", "fork13", "fork14", "futex_wake04", "sysinfo03", "madvise06", "madvise07", "madvise08", "madvise09", "madvise11", "msgctl05", "msgstress01", "rt_tgsigqueueinfo01", "signal06", "semctl08", "kill13", "timerfd04", "timerfd_settime02"]
2026-07-17T08:27:28.065010Z 
2026-07-17T08:27:28.065636Z [initproc] LTP exclude musl: ["clone04", "profil01", "sigtimedwait01", "sigwaitinfo01", "nice04"], glibc: []
2026-07-17T08:27:28.065668Z 
2026-07-17T08:27:28.066377Z [initproc] LTP exclude arch musl: ["clone08"], glibc: []
2026-07-17T08:27:28.066403Z 
2026-07-17T08:27:28.066608Z [initproc] board shell mode enabled
2026-07-17T08:27:28.066643Z 
2026-07-17T08:27:28.066766Z [initproc] entering shell mode
2026-07-17T08:27:28.066792Z 
2026-07-17T08:27:28.392359Z [1m[33mMangoCore[0m:[1m[34m/[0m# sh /sdcard/diag_smoke_test.sh
2026-07-17T08:27:28.392419Z 
2026-07-17T08:27:28.588420Z === DIAG SMOKE TEST ===
2026-07-17T08:27:28.588555Z 
2026-07-17T08:27:28.592893Z [1/7] Checking /sys/kernel/ exists...
2026-07-17T08:27:28.592945Z 
2026-07-17T08:27:28.686787Z [1;34mstats[m    [1;34mtracing[m
2026-07-17T08:27:28.686833Z 
2026-07-17T08:27:28.703215Z [2/7] Checking stats files...
2026-07-17T08:27:28.703248Z 
2026-07-17T08:27:28.813902Z [0;0manon_unmap[m  [0;0mctxsw[m       [0;0mpagecache[m   [0;0mresource[m    [0;0mtaskq[m
2026-07-17T08:27:28.814026Z 
2026-07-17T08:27:28.814455Z [0;0mblockio[m     [0;0mfeatures[m    [0;0mprofile[m     [0;0mseccomp[m     [0;0mtimer[m
2026-07-17T08:27:28.814471Z 
2026-07-17T08:27:28.814699Z [0;0mboot[m        [0;0mheap[m        [0;0mreclaim[m     [0;0mstats_on[m    [0;0mtlb[m
2026-07-17T08:27:28.814730Z 
2026-07-17T08:27:28.814994Z [0;0mbuddyinfo[m   [0;0mnet[m         [0;0mreset[m       [0;0msyscall[m     [0;0mzombies[m
2026-07-17T08:27:28.815005Z 
2026-07-17T08:27:28.889491Z 0
2026-07-17T08:27:28.889535Z 
2026-07-17T08:27:28.941308Z core 1
2026-07-17T08:27:28.941355Z 
2026-07-17T08:27:28.993104Z clock_freq_hz=100000000
2026-07-17T08:27:28.993145Z 
2026-07-17T08:27:28.993159Z boot_console_ticks=81367158
2026-07-17T08:27:28.993167Z 
2026-07-17T08:27:28.993173Z boot_mm_ticks=104307429
2026-07-17T08:27:28.993180Z 
2026-07-17T08:27:28.993187Z boot_drivers_ticks=112155595
2026-07-17T08:27:28.993194Z 
2026-07-17T08:27:28.993202Z boot_net_ticks=130810566
2026-07-17T08:27:28.993208Z 
2026-07-17T08:27:28.993214Z boot_fs_ticks=145352137
2026-07-17T08:27:28.993219Z 
2026-07-17T08:27:28.993225Z boot_initproc_ticks=151784275
2026-07-17T08:27:28.993231Z 
2026-07-17T08:27:28.993241Z boot_scheduler_ticks=151786216
2026-07-17T08:27:28.993248Z 
2026-07-17T08:27:29.044271Z anon_unmap_calls_total=0
2026-07-17T08:27:29.044333Z 
2026-07-17T08:27:29.044351Z anon_unmap_range_calls=0
2026-07-17T08:27:29.044365Z 
2026-07-17T08:27:29.044379Z anon_unmap_area_calls=0
2026-07-17T08:27:29.044394Z 
2026-07-17T08:27:29.044410Z anon_unmap_requested_pages_total=0
2026-07-17T08:27:29.044424Z 
2026-07-17T08:27:29.044439Z anon_unmap_resident_pages_total=0
2026-07-17T08:27:29.044453Z 
2026-07-17T08:27:29.044468Z anon_unmap_active_before_total=0
2026-07-17T08:27:29.044482Z 
2026-07-17T08:27:29.044496Z anon_unmap_active_before_max=0
2026-07-17T08:27:29.044509Z 
2026-07-17T08:27:29.044525Z anon_unmap_retain_scan_steps_total=0
2026-07-17T08:27:29.044538Z 
2026-07-17T08:27:29.044553Z anon_unmap_ticks_total=0
2026-07-17T08:27:29.044566Z 
2026-07-17T08:27:29.044594Z anon_unmap_ticks_max=0
2026-07-17T08:27:29.044610Z 
2026-07-17T08:27:29.044626Z anon_unmap_errors_total=0
2026-07-17T08:27:29.044640Z 
2026-07-17T08:27:29.044653Z anon_unmap_pages_le_16=0
2026-07-17T08:27:29.044667Z 
2026-07-17T08:27:29.044682Z anon_unmap_pages_le_256=0
2026-07-17T08:27:29.044694Z 
2026-07-17T08:27:29.044710Z anon_unmap_pages_le_4096=0
2026-07-17T08:27:29.044723Z 
2026-07-17T08:27:29.044738Z anon_unmap_pages_gt_4096=0
2026-07-17T08:27:29.044750Z 
2026-07-17T08:27:29.048962Z [3/7] Enable core profile and run workload...
2026-07-17T08:27:29.049017Z 
2026-07-17T08:27:29.375988Z [4/7] Read stats...
2026-07-17T08:27:29.376049Z 
2026-07-17T08:27:29.376188Z --- taskq ---
2026-07-17T08:27:29.376219Z 
2026-07-17T08:27:29.426007Z ready_len_max=2
2026-07-17T08:27:29.426071Z 
2026-07-17T08:27:29.426091Z interruptible_len_max=4
2026-07-17T08:27:29.426109Z 
2026-07-17T08:27:29.426124Z ready_zombie_max=0
2026-07-17T08:27:29.426137Z 
2026-07-17T08:27:29.426153Z interruptible_zombie_max=0
2026-07-17T08:27:29.426168Z 
2026-07-17T08:27:29.426183Z dup_enqueue_total=0
2026-07-17T08:27:29.426198Z 
2026-07-17T08:27:29.426212Z add_ready_total=26
2026-07-17T08:27:29.426226Z 
2026-07-17T08:27:29.426242Z add_interruptible_total=4
2026-07-17T08:27:29.426256Z 
2026-07-17T08:27:29.426272Z wake_interruptible_total=0
2026-07-17T08:27:29.426285Z 
2026-07-17T08:27:29.426301Z fair_pick_calls=0
2026-07-17T08:27:29.426316Z 
2026-07-17T08:27:29.426330Z fast_path_calls=26
2026-07-17T08:27:29.426343Z 
2026-07-17T08:27:29.426358Z fair_scan_max=0
2026-07-17T08:27:29.426373Z 
2026-07-17T08:27:29.426389Z zombie_drain_scan_total=0
2026-07-17T08:27:29.426403Z 
2026-07-17T08:27:29.426417Z zombie_drain_calls=3
2026-07-17T08:27:29.426430Z 
2026-07-17T08:27:29.426445Z zombie_drain_removed=3
2026-07-17T08:27:29.426460Z 
2026-07-17T08:27:29.426484Z ready_nonzero_nice_cur=0
2026-07-17T08:27:29.426499Z 
2026-07-17T08:27:29.429662Z --- timer ---
2026-07-17T08:27:29.429734Z 
2026-07-17T08:27:29.503231Z ktimer_len_max=0
2026-07-17T08:27:29.503287Z 
2026-07-17T08:27:29.503306Z ktimer_add_total=0
2026-07-17T08:27:29.503321Z 
2026-07-17T08:27:29.503334Z ktimer_pop_max=0
2026-07-17T08:27:29.503348Z 
2026-07-17T08:27:29.503363Z ktimer_pop_total=22
2026-07-17T08:27:29.503388Z 
2026-07-17T08:27:29.503402Z ktimer_stale_waketask=0
2026-07-17T08:27:29.503414Z 
2026-07-17T08:27:29.503427Z ktimer_real_wake=0
2026-07-17T08:27:29.503439Z 
2026-07-17T08:27:29.503453Z ktimer_compact_calls=0
2026-07-17T08:27:29.503467Z 
2026-07-17T08:27:29.503490Z ktimer_stale_removed=0
2026-07-17T08:27:29.503505Z 
2026-07-17T08:27:29.503519Z wait_with_timeout_total=0
2026-07-17T08:27:29.503531Z 
2026-07-17T08:27:29.503545Z timer_irq_ticks_total=156572
2026-07-17T08:27:29.503558Z 
2026-07-17T08:27:29.503866Z timer_irq_ticks_max=40183
2026-07-17T08:27:29.503920Z 
2026-07-17T08:27:29.503950Z timer_pop_nodes_total=0
2026-07-17T08:27:29.503998Z 
2026-07-17T08:27:29.504013Z timer_pop_ticks_total=32593
2026-07-17T08:27:29.504021Z 
2026-07-17T08:27:29.504034Z timer_pop_ticks_max=17146
2026-07-17T08:27:29.504088Z 
2026-07-17T08:27:29.508202Z --- syscall ---
2026-07-17T08:27:29.508279Z 
2026-07-17T08:27:29.559028Z syscall_total=330
2026-07-17T08:27:29.559078Z 
2026-07-17T08:27:29.559089Z syscall_getppid_total=0
2026-07-17T08:27:29.559096Z 
2026-07-17T08:27:29.559103Z syscall_cost_max_ticks=9420641
2026-07-17T08:27:29.559109Z 
2026-07-17T08:27:29.559117Z syscall_cost_ticks_total=61722783
2026-07-17T08:27:29.559123Z 
2026-07-17T08:27:29.559131Z getppid_cost_ticks_total=0
2026-07-17T08:27:29.559137Z 
2026-07-17T08:27:29.559144Z getppid_cost_ticks_max=0
2026-07-17T08:27:29.559149Z 
2026-07-17T08:27:29.559156Z ecall_trap_cost_ticks_total=61829224
2026-07-17T08:27:29.559161Z 
2026-07-17T08:27:29.559166Z ecall_trap_cost_ticks_max=9420988
2026-07-17T08:27:29.559171Z 
2026-07-17T08:27:29.559179Z user_unaligned_traps=0
2026-07-17T08:27:29.559184Z 
2026-07-17T08:27:29.559190Z user_unaligned_ticks_total=0
2026-07-17T08:27:29.559195Z 
2026-07-17T08:27:29.559208Z user_unaligned_ticks_max=0
2026-07-17T08:27:29.559216Z 
2026-07-17T08:27:29.559221Z user_unaligned_load_2=0
2026-07-17T08:27:29.559226Z 
2026-07-17T08:27:29.559235Z user_unaligned_load_4=0
2026-07-17T08:27:29.559241Z 
2026-07-17T08:27:29.559246Z user_unaligned_load_8=0
2026-07-17T08:27:29.559251Z 
2026-07-17T08:27:29.559257Z user_unaligned_store_2=0
2026-07-17T08:27:29.559262Z 
2026-07-17T08:27:29.559267Z user_unaligned_store_4=0
2026-07-17T08:27:29.559273Z 
2026-07-17T08:27:29.559278Z user_unaligned_store_8=0
2026-07-17T08:27:29.559283Z 
2026-07-17T08:27:29.559289Z user_unaligned_float_loads=0
2026-07-17T08:27:29.559295Z 
2026-07-17T08:27:29.559302Z user_unaligned_float_stores=0
2026-07-17T08:27:29.559307Z 
2026-07-17T08:27:29.563496Z [5/7] Verify counters are non-zero...
2026-07-17T08:27:29.563521Z 
2026-07-17T08:27:29.819030Z PASS: syscall_total=430 (non-zero, stats working!)
2026-07-17T08:27:29.819105Z 
2026-07-17T08:27:29.819628Z [6/7] Verify stats_on=0 freezes counters...
2026-07-17T08:27:29.819664Z 
2026-07-17T08:27:30.439672Z PASS: counters frozen at syscall_total=560
2026-07-17T08:27:30.439784Z 
2026-07-17T08:27:30.439916Z [7/7] Verify bounded profile selection and runtime counters...
2026-07-17T08:27:30.439964Z 
2026-07-17T08:27:30.597799Z net_poll_calls=7
2026-07-17T08:27:30.597851Z 
2026-07-17T08:27:30.597868Z net_poll_progress=0
2026-07-17T08:27:30.597883Z 
2026-07-17T08:27:30.597900Z net_poll_lock_busy=0
2026-07-17T08:27:30.597916Z 
2026-07-17T08:27:30.597933Z net_rx_packets=0
2026-07-17T08:27:30.597951Z 
2026-07-17T08:27:30.597969Z net_rx_bytes=0
2026-07-17T08:27:30.597985Z 
2026-07-17T08:27:30.597999Z net_rx_drops=0
2026-07-17T08:27:30.598013Z 
2026-07-17T08:27:30.598029Z net_tx_submit_packets=0
2026-07-17T08:27:30.598044Z 
2026-07-17T08:27:30.598064Z net_tx_submit_bytes=0
2026-07-17T08:27:30.598079Z 
2026-07-17T08:27:30.598093Z net_tx_drops=0
2026-07-17T08:27:30.598108Z 
2026-07-17T08:27:30.598122Z runtime_exec_calls=3
2026-07-17T08:27:30.598138Z 
2026-07-17T08:27:30.598170Z runtime_exec_ticks_total=10790980
2026-07-17T08:27:30.598203Z 
2026-07-17T08:27:30.598226Z runtime_openat_calls=3
2026-07-17T08:27:30.598243Z 
2026-07-17T08:27:30.598258Z runtime_read_calls=2
2026-07-17T08:27:30.598273Z 
2026-07-17T08:27:30.598297Z runtime_mmap_calls=0
2026-07-17T08:27:30.598331Z 
2026-07-17T08:27:30.786669Z === DIAG SMOKE TEST DONE ===
2026-07-17T08:27:30.786723Z 
2026-07-17T08:27:30.844945Z [1m[33mMangoCore[0m:[1m[34m/[0m# exit
2026-07-17T08:27:30.845014Z 
2026-07-17T08:27:30.853420Z exit
2026-07-17T08:27:30.853469Z 
