make: Entering directory '/app/os'
info: override toolchain for '/app/os' set to 'nightly-2025-01-18-x86_64-unknown-linux-gnu'
cp ./src/lang_items.rs.rv ./src/lang_items.rs
cp ../user/src/lang_items.rs.rv ../user/src/lang_items.rs
make -f make/rv64.mk comp
make[1]: Entering directory '/app/os'

OpenSBI v1.5.1
   ____                    _____ ____ _____
  / __ \                  / ____|  _ \_   _|
 | |  | |_ __   ___ _ __ | (___ | |_) || |
 | |  | | '_ \ / _ \ '_ \ \___ \|  _ < | |
 | |__| | |_) |  __/ | | |____) | |_) || |_
  \____/| .__/ \___|_| |_|_____/|____/_____|
        | |
        |_|

Platform Name             : riscv-virtio,qemu
Platform Features         : medeleg
Platform HART Count       : 1
Platform IPI Device       : aclint-mswi
Platform Timer Device     : aclint-mtimer @ 10000000Hz
Platform Console Device   : uart8250
Platform HSM Device       : ---
Platform PMU Device       : ---
Platform Reboot Device    : syscon-reboot
Platform Shutdown Device  : syscon-poweroff
Platform Suspend Device   : ---
Platform CPPC Device      : ---
Firmware Base             : 0x80000000
Firmware Size             : 327 KB
Firmware RW Offset        : 0x40000
Firmware RW Size          : 71 KB
Firmware Heap Offset      : 0x49000
Firmware Heap Size        : 35 KB (total), 2 KB (reserved), 11 KB (used), 21 KB (free)
Firmware Scratch Size     : 4096 B (total), 416 B (used), 3680 B (free)
Runtime SBI Version       : 2.0

Domain0 Name              : root
Domain0 Boot HART         : 0
Domain0 HARTs             : 0*
Domain0 Region00          : 0x0000000000100000-0x0000000000100fff M: (I,R,W) S/U: (R,W)
Domain0 Region01          : 0x0000000010000000-0x0000000010000fff M: (I,R,W) S/U: (R,W)
Domain0 Region02          : 0x0000000002000000-0x000000000200ffff M: (I,R,W) S/U: ()
Domain0 Region03          : 0x0000000080040000-0x000000008005ffff M: (R,W) S/U: ()
Domain0 Region04          : 0x0000000080000000-0x000000008003ffff M: (R,X) S/U: ()
Domain0 Region05          : 0x000000000c400000-0x000000000c5fffff M: (I,R,W) S/U: (R,W)
Domain0 Region06          : 0x000000000c000000-0x000000000c3fffff M: (I,R,W) S/U: (R,W)
Domain0 Region07          : 0x0000000000000000-0xffffffffffffffff M: () S/U: (R,W,X)
Domain0 Next Address      : 0x0000000080200000
Domain0 Next Arg1         : 0x00000000bfe00000
Domain0 Next Mode         : S-mode
Domain0 SysReset          : yes
Domain0 SysSuspend        : yes

Boot HART ID              : 0
Boot HART Domain          : root
Boot HART Priv Version    : v1.12
Boot HART Base ISA        : rv64imafdch
Boot HART ISA Extensions  : sstc,zicntr,zihpm,zicboz,zicbom,sdtrig,svadu
Boot HART PMP Count       : 16
Boot HART PMP Granularity : 2 bits
Boot HART PMP Address Bits: 54
Boot HART MHPM Info       : 16 (0x0007fff8)
Boot HART Debug Triggers  : 2 triggers
Boot HART MIDELEG         : 0x0000000000001666
Boot HART MEDELEG         : 0x0000000000f0b509
[kernel] logger inited, level= Off
[kernel] Console initialized.
last 193950 Physical Frames.
.text [0x80200000, 0x80402000)
.rodata [0x80402000, 0x80439000)
.data [0x80439000, 0x809fd000)
.bss [0x809fd000, 0x90a62000)
mapping .text section
mapping .rodata section
mapping .data section
mapping .bss section
mapping physical memory
mapping memory-mapped registers
[kernel] Hello, world!
[kernel] PRNG initialized.
[initramfs] unpacked: files=32 dirs=21 symlinks=1 bytes=2051014
[kernel] perf_diag features: perf_stats=true perf_diag=true
[initramfs] VFS_ROOT initialized (ramfs + cpio unpack + dev/proc/tmp)
[kernel] net interface initialized (RoutingDevice: lo + eth)
[kernel] block device 0: official fs (MMIO 0x10001000)
[kernel] block device 1: tools disk (MMIO 0x10002000)
[kernel] official fs (x0) mounted at sdcard
[mbr] registered /dev/vdb1 (type=0x83, size=2048M)
[mbr] registered /dev/vdb2 (type=0xc, size=1280M)
[kernel] tools disk (vdb1) mounted at tools
sinitproc: 80630000, einitproc: 806BEAB8, sbash: 806BF000, ebash: 807D7378, sbusybox: 807D8000, ebusybox: 8092AC28, sosconfig: 8092B000, eosconfig: 8092BF29
[init] MangoCore stage-1 boot (initramfs mode)
[init] ntpd pid=2 timed out after 3000ms, killing
[init] ntpd attempt 0 failed (status=9)
ntpd: setting time to 2026-07-17 11:26:52.264535 (offset -14473997.487455s)
[init] ntpd time sync ok
[init] /dev /proc /tmp mounted by kernel, setting up bind mounts...
[init] bind /tools/tmp -> /tmp
[init] bind /tools/bin -> /bin
[init] bind /tools/sbin -> /sbin
[init] bind /tools/lib -> /lib
[init] bind /tools/usr -> /usr
[init] bind /tools/root -> /root
[init] bind /tools/tests -> /tests
[init] bind /sdcard/musl -> /musl
[init] bind /sdcard/glibc -> /glibc
[initproc] config source=/sdcard/os_test.conf mode=run mask=0x800 ltp_runner=suite timer_smoke=false ext4_profile=false reclaim_profile=false skip_apk=true
[initproc] LTP exclude list: []
[initproc] LTP include list: ["gf14", "gf18", "gf27", "gf28"]
[initproc] LTP exclude musl: [], glibc: []
[initproc] LTP exclude arch musl: [], glibc: []
[initproc] ensuring base directories...
base dirs already exist, skipping mkdir
[initproc] attempting bind mount /tools/bin -> /bin...
[initproc] bind mount tools/bin -> bin
[initproc] installing busybox applets to /bin ...
busybox applets already installed, skipping --install
[initproc] busybox --install -s /bin -> exit=0
[initproc] preparing /etc account/network files ...
[initproc] minimal account files done, exit=0
[initproc] install libgcc_s: already exists, skipping
[initproc] linking musl/glibc libs to /lib ...
[initproc] lib linking done, exit=0
prepare lmbench compatibility ...
[initproc] lmbench compatibility done, exit=0
ln: /musl/cyclictest: No such file or directory
[initproc] cyclictest musl compatibility done, exit=0
[initproc] fixing +x permissions on test scripts ...
[initproc] chmod test scripts done, exit=0
[initproc] skip_apk=true: skipping install_apk_packages
BIN_BASH_OK
[initproc] post-prepare /bin/bash check exit=0 has_bin_bash=true
[initproc] run_selected_groups start mask=0x800 order=["basic", "busybox", "lua", "lmbench", "iozone", "libcbench", "netperf", "iperf", "libctest", "cyclictest", "ltp", "cpython", "unixbench"]
[initproc] skip basic (mask bit0 not set)
[initproc] skip busybox (mask bit1 not set)
[initproc] skip lua (mask bit2 not set)
[initproc] skip lmbench (mask bit8 not set)
[initproc] skip iozone (mask bit4 not set)
[initproc] skip libcbench (mask bit7 not set)
[initproc] skip netperf (mask bit9 not set)
[initproc] skip iperf (mask bit6 not set)
[initproc] skip libctest (mask bit3 not set)
[initproc] skip cyclictest (mask bit10 not set)
[initproc] select group=ltp timeout=24000s
#### OS COMP TEST GROUP START ltp-glibc ####
[ltprunner] suite 'fs': parsed 68 cases
[ltprunner] libc=glibc
[ltprunner] ltproot=/glibc/ltp
[ltprunner] suites=fs
[ltprunner] raw cases=68
[ltprunner] include=gf14,gf18,gf27,gf28
[ltprunner] exclude=none
[ltprunner] filtered=4 start_idx=13
[ltprunner] group_timeout_secs=23950
[ltprunner] case_timeout_secs=120
=== LTP SUITE fs ===
[ltprunner] #13 suite=fs case=gf14
RUN LTP CASE gf14
gf14        1  [1;32mTPASS[0m  :  Test passed
[ltprunner] lwext4-perf case_index=13 exit_status=0 deltas=5,7935798,0,0,0,0,0,0,228794,0,0,0,0,0,0,0,0,0,19839,33622156,19942,0,5,5
FAIL LTP CASE gf14 : 0
LTP CASE RESULT gf14 : PASS (0)
[ltprunner] #17 suite=fs case=gf18
RUN LTP CASE gf18
gf18        1  [1;32mTPASS[0m  :  Test passed
[ltprunner] lwext4-perf case_index=17 exit_status=0 deltas=2,1243616,0,0,0,0,0,0,202344,0,0,0,0,0,0,0,0,0,17539,45101200,17642,0,2,2
FAIL LTP CASE gf18 : 0
LTP CASE RESULT gf18 : PASS (0)
[ltprunner] #26 suite=fs case=gf27
RUN LTP CASE gf27
gf27        1  [1;32mTPASS[0m  :  Test passed
[ltprunner] lwext4-perf case_index=26 exit_status=0 deltas=1,606296,0,0,0,0,0,0,23691,0,0,0,0,0,0,0,0,0,2014,5137176,2116,0,1,1
FAIL LTP CASE gf27 : 0
LTP CASE RESULT gf27 : PASS (0)
[ltprunner] #27 suite=fs case=gf28
RUN LTP CASE gf28
gf28        1  [1;32mTPASS[0m  :  Test passed
[ltprunner] lwext4-perf case_index=27 exit_status=0 deltas=1,622596,0,0,0,0,0,0,23691,0,0,0,0,0,0,0,0,0,2022,5169896,2124,0,1,1
FAIL LTP CASE gf28 : 0
LTP CASE RESULT gf28 : PASS (0)
[ltprunner] done. executed=4 passed=4 failed=0 skipped=0 total_ms=172521 rate=1 cases/min
#### OS COMP TEST GROUP END ltp-glibc ####
[initproc] done ltprunner (libc=glibc) exit_code=0
[timer] group ltprunner (libc=glibc) took 172s
[initproc] sleep 1s before next group
[initproc] skip cpython (mask bit12 not set)
[initproc] skip unixbench (mask bit5 not set)
[initproc] run_selected_groups done
make[1]: Leaving directory '/app/os'
make: Leaving directory '/app/os'
