make: Entering directory '/app/os'
info: override toolchain for '/app/os' set to 'nightly-2025-01-18-x86_64-unknown-linux-gnu'
cp ./src/lang_items.rs.rv ./src/lang_items.rs
cp ../user/src/lang_items.rs.rv ../user/src/lang_items.rs
make -f make/rv64.mk comp
make[1]: Entering directory '/app/os'

OpenSBI v1.5.1
   ____                    _____ ____ _____
  / __ \                  / ____|  _ \_   _|
 | |  | |_ __   ___ _ __ | (___ | |_) || |
 | |  | | '_ \ / _ \ '_ \ \___ \|  _ < | |
 | |__| | |_) |  __/ | | |____) | |_) || |_
  \____/| .__/ \___|_| |_|_____/|____/_____|
        | |
        |_|

Platform Name             : riscv-virtio,qemu
Platform Features         : medeleg
Platform HART Count       : 1
Platform IPI Device       : aclint-mswi
Platform Timer Device     : aclint-mtimer @ 10000000Hz
Platform Console Device   : uart8250
Platform HSM Device       : ---
Platform PMU Device       : ---
Platform Reboot Device    : syscon-reboot
Platform Shutdown Device  : syscon-poweroff
Platform Suspend Device   : ---
Platform CPPC Device      : ---
Firmware Base             : 0x80000000
Firmware Size             : 327 KB
Firmware RW Offset        : 0x40000
Firmware RW Size          : 71 KB
Firmware Heap Offset      : 0x49000
Firmware Heap Size        : 35 KB (total), 2 KB (reserved), 11 KB (used), 21 KB (free)
Firmware Scratch Size     : 4096 B (total), 416 B (used), 3680 B (free)
Runtime SBI Version       : 2.0

Domain0 Name              : root
Domain0 Boot HART         : 0
Domain0 HARTs             : 0*
Domain0 Region00          : 0x0000000000100000-0x0000000000100fff M: (I,R,W) S/U: (R,W)
Domain0 Region01          : 0x0000000010000000-0x0000000010000fff M: (I,R,W) S/U: (R,W)
Domain0 Region02          : 0x0000000002000000-0x000000000200ffff M: (I,R,W) S/U: ()
Domain0 Region03          : 0x0000000080040000-0x000000008005ffff M: (R,W) S/U: ()
Domain0 Region04          : 0x0000000080000000-0x000000008003ffff M: (R,X) S/U: ()
Domain0 Region05          : 0x000000000c400000-0x000000000c5fffff M: (I,R,W) S/U: (R,W)
Domain0 Region06          : 0x000000000c000000-0x000000000c3fffff M: (I,R,W) S/U: (R,W)
Domain0 Region07          : 0x0000000000000000-0xffffffffffffffff M: () S/U: (R,W,X)
Domain0 Next Address      : 0x0000000080200000
Domain0 Next Arg1         : 0x00000000bfe00000
Domain0 Next Mode         : S-mode
Domain0 SysReset          : yes
Domain0 SysSuspend        : yes

Boot HART ID              : 0
Boot HART Domain          : root
Boot HART Priv Version    : v1.12
Boot HART Base ISA        : rv64imafdch
Boot HART ISA Extensions  : sstc,zicntr,zihpm,zicboz,zicbom,sdtrig,svadu
Boot HART PMP Count       : 16
Boot HART PMP Granularity : 2 bits
Boot HART PMP Address Bits: 54
Boot HART MHPM Info       : 16 (0x0007fff8)
Boot HART Debug Triggers  : 2 triggers
Boot HART MIDELEG         : 0x0000000000001666
Boot HART MEDELEG         : 0x0000000000f0b509
[kernel] logger inited, level= Warn
[kernel] Console initialized.
last 193951 Physical Frames.
.text [0x80200000, 0x80404000)
.rodata [0x80404000, 0x8043e000)
.data [0x8043e000, 0x809fe000)
.bss [0x809fe000, 0x90a61000)
mapping .text section
mapping .rodata section
mapping .data section
mapping .bss section
mapping physical memory
mapping memory-mapped registers
[kernel] Hello, world!
[kernel] PRNG initialized.
[initramfs] unpacked: files=32 dirs=21 symlinks=1 bytes=2051014
[93m[4.272] kernel: [sysfs] register_all: /sys/class/net hooks installed
[0m[93m[4.274] kernel: [sysfs] register_all: /sys/block created
[0m[initramfs] VFS_ROOT initialized (ramfs + cpio unpack + dev/proc/tmp)
[kernel] net interface initialized (RoutingDevice: lo + eth)
[kernel] block device 0: official fs (MMIO 0x10001000)
[kernel] block device 1: tools disk (MMIO 0x10002000)
[kernel] official fs (x0) mounted at sdcard
[mbr] registered /dev/vdb1 (type=0x83, size=2048M)
[mbr] registered /dev/vdb2 (type=0xc, size=1280M)
[kernel] tools disk (vdb1) mounted at tools
sinitproc: 80635000, einitproc: 806C3AB8, sbash: 806C4000, ebash: 807DC378, sbusybox: 807DD000, ebusybox: 8092FC28, sosconfig: 80930000, eosconfig: 80930F29
[init] MangoCore stage-1 boot (initramfs mode)
[93m[4.886] tid 2 pid 2: [sys_setsockopt] level: 0, optname: 1 not supported
[0m[init] ntpd pid=2 timed out after 3000ms, killing
[93m[7.799] tid 1 pid 1: [sigkill_diag] sys_kill sender tid=1 pid=1 syscall=<none> target_raw=2
[0m[93m[7.802] tid 2 pid 2: [do_signal] process terminated due to SIGKILL
[0m[init] ntpd attempt 0 failed (status=9)
[93m[8.045] tid 3 pid 3: [sys_setsockopt] level: 0, optname: 1 not supported
[0m[93m[9.227] tid 3 pid 3: [sys_setsockopt] level: 0, optname: 1 not supported
[0mntpd: setting time to 2026-07-17 07:31:12.101337 (offset -14488137.295108s)
[init] ntpd time sync ok
[init] /dev /proc /tmp mounted by kernel, setting up bind mounts...
[31m[9.431] tid 1 pid 1: ext4_fopen: /e2/, rc = 2
[0m[init] bind /tools/tmp -> /tmp
[init] bind /tools/bin -> /bin
[init] bind /tools/sbin -> /sbin
[init] bind /tools/lib -> /lib
[init] bind /tools/usr -> /usr
[init] bind /tools/root -> /root
[init] bind /tools/tests -> /tests
[31m[9.452] tid 1 pid 1: ext4_fopen: /e1/, rc = 2
[0m[init] bind /sdcard/musl -> /musl
[init] bind /sdcard/glibc -> /glibc
[initproc] config source=/sdcard/os_test.conf mode=run mask=0x800 ltp_runner=suite timer_smoke=false ext4_profile=false reclaim_profile=false skip_apk=true
[initproc] LTP exclude list: ["rt_sigtimedwait01", "timer_create01", "timer_create02", "memfd_create03", "memfd_create04", "eventfd06", "fork13", "fork14", "futex_wake04", "sysinfo03", "madvise06", "madvise07", "madvise08", "madvise09", "madvise11", "msgctl05", "msgstress01", "rt_tgsigqueueinfo01", "signal06", "semctl08", "kill13", "timerfd04", "timerfd_settime02"]
[initproc] LTP include list: ["gf27"]
[initproc] LTP exclude musl: ["clone04", "profil01", "sigtimedwait01", "sigwaitinfo01", "nice04"], glibc: []
[initproc] LTP exclude arch musl: ["epoll_create02", "atof01", "fptest01", "fptest02"], glibc: ["nice05"]
[initproc] ensuring base directories...
base dirs already exist, skipping mkdir
[initproc] attempting bind mount /tools/bin -> /bin...
[initproc] bind mount tools/bin -> bin
[initproc] installing busybox applets to /bin ...
busybox: /bin/ip: No such file or directory
[initproc] busybox --install -s /bin -> exit=0
[initproc] preparing /etc account/network files ...
[initproc] minimal account files done, exit=0
[initproc] install libgcc_s: already exists, skipping
[initproc] linking musl/glibc libs to /lib ...
[initproc] lib linking done, exit=0
prepare lmbench compatibility ...
[initproc] lmbench compatibility done, exit=0
ln: /musl/cyclictest: No such file or directory
[initproc] cyclictest musl compatibility done, exit=0
[initproc] fixing +x permissions on test scripts ...
[initproc] chmod test scripts done, exit=0
[initproc] skip_apk=true: skipping install_apk_packages
BIN_BASH_OK
[initproc] post-prepare /bin/bash check exit=0 has_bin_bash=true
[initproc] run_selected_groups start mask=0x800 order=["basic", "busybox", "lua", "lmbench", "iozone", "libcbench", "netperf", "iperf", "libctest", "cyclictest", "ltp", "cpython", "unixbench"]
[initproc] skip basic (mask bit0 not set)
[initproc] skip busybox (mask bit1 not set)
[initproc] skip lua (mask bit2 not set)
[initproc] skip lmbench (mask bit8 not set)
[initproc] skip iozone (mask bit4 not set)
[initproc] skip libcbench (mask bit7 not set)
[initproc] skip netperf (mask bit9 not set)
[initproc] skip iperf (mask bit6 not set)
[initproc] skip libctest (mask bit3 not set)
[initproc] skip cyclictest (mask bit10 not set)
[initproc] select group=ltp timeout=24000s
#### OS COMP TEST GROUP START ltp-glibc ####
[ltprunner] suite 'fs': parsed 68 cases
[ltprunner] libc=glibc
[ltprunner] ltproot=/glibc/ltp
[ltprunner] suites=fs
[ltprunner] raw cases=68
[ltprunner] include=gf27
[ltprunner] exclude=rt_sigtimedwait01,timerfd04,timerfd_settime02,acct01,acct02,acct02_helper,cacheflush01,clock_gettime03,clock_nanosleep03,clone303,eventfd06,fork13,fork14,futex_waitv01,futex_waitv02,futex_waitv03,futex_wake04,get_mempolicy01,get_mempolicy02,kill13,madvise06,madvise07,madvise08,madvise09,madvise11,memfd_create03,memfd_create04,msgctl05,msgstress01,process_madvise01,prctl06,prctl06_execve,prctl07,prctl10,rt_tgsigqueueinfo01,semctl08,set_thread_area01,sgetmask01,signal06,ssetmask01,sysinfo03,timer_create01,timer_create02,userfaultfd01,ustat01,ustat02,nice05
[ltprunner] filtered=1 start_idx=26
[ltprunner] group_timeout_secs=23950
[ltprunner] case_timeout_secs=150
=== LTP SUITE fs ===
[ltprunner] #26 suite=fs case=gf27
RUN LTP CASE gf27
[93m[12.868] tid 51 pid 51: [dealloc_user_res] slot 2, user stack is not allocated
[0m[93m[12.950] tid 51 pid 51: [mprotect] addr: 20127000, len: 1000, prot: U
[0m[93m[12.982] tid 51 pid 51: [mprotect] addr: 20128000, len: 3000, prot: R | U
[0m[93m[12.984] tid 51 pid 51: [mprotect] addr: 20002000, len: 1000, prot: R | U
[0m[93m[12.986] tid 51 pid 51: [mprotect] addr: 433000, len: 2000, prot: R | U
[0m[93m[12.989] tid 51 pid 51: [mprotect] addr: 8001F000, len: 2000, prot: R | U
[0mgf27        1  [1;32mTPASS[0m  :  Test passed
[93m[15.424] tid 50 pid 50: [sigkill_diag] sys_kill sender tid=50 pid=50 syscall=<none> target_raw=-53
[0mFAIL LTP CASE gf27 : 0
LTP CASE RESULT gf27 : PASS (0)
[ltprunner] done. executed=1 passed=1 failed=0 skipped=0 total_ms=2581 rate=23 cases/min
#### OS COMP TEST GROUP END ltp-glibc ####
[initproc] done ltprunner (libc=glibc) exit_code=0
[timer] group ltprunner (libc=glibc) took 2s
[initproc] sleep 1s before next group
[initproc] skip cpython (mask bit12 not set)
[initproc] skip unixbench (mask bit5 not set)
[initproc] run_selected_groups done
[31m[16.459] tid 1 pid 1: ext4_fopen: /e2/tmp/ltp-glibc/gfsparse-1-5117842734757442501804289383.0, rc = 2
[0m[31m[16.463] tid 1 pid 1: ext4_fseek: rc = 22
[0mmake[1]: Leaving directory '/app/os'
make: Leaving directory '/app/os'
