e2fsck 1.47.0 (5-Feb-2023)
starry-rootfs: recovering journal
Pass 1: Checking inodes, blocks, and sizes
Pass 2: Checking directory structure
Directory inode 23222, block #1: directory passes checks but fails checksum.
Fix? yes

Directory inode 23224, block #1: directory passes checks but fails checksum.
Fix? yes

Directory inode 23230, block #1: directory passes checks but fails checksum.
Fix? yes

Directory inode 23231, block #1: directory passes checks but fails checksum.
Fix? yes

Directory inode 23149, block #1: directory passes checks but fails checksum.
Fix? yes

Directory inode 23150, block #1: directory passes checks but fails checksum.
Fix? yes

Pass 3: Checking directory connectivity
Pass 4: Checking reference counts
Pass 5: Checking group summary information
Free blocks count wrong for group #16 (18227, counted=18326).
Fix? yes

Free blocks count wrong (2435554, counted=2435550).
Fix? yes

Free inodes count wrong for group #2 (1351, counted=1350).
Fix? yes

Directories count wrong for group #2 (865, counted=868).
Fix? yes

Free inodes count wrong (823994, counted=823992).
Fix? yes

Inode bitmap differences: Group 2 inode bitmap does not match checksum.
FIXED.
Block bitmap differences: Group 16 block bitmap does not match checksum.
FIXED.

starry-rootfs: ***** FILE SYSTEM WAS MODIFIED *****
starry-rootfs: 93512/917504 files (0.3% non-contiguous), 1234466/3670016 blocks
